Component: ARM Compiler 5.06 update 2 (build 183) Tool: armlink [4d35b7]

==============================================================================

Section Cross References

    ucos_task.o(.text) refers to leg.o(.text) for leg_init
    ucos_task.o(.text) refers to time.o(.text) for Get_Cycle_T
    ucos_task.o(.text) refers to mpu6050.o(.text) for MPU6050_Read
    ucos_task.o(.text) refers to hml5833l.o(.text) for ANO_AK8975_Read_Mag_Data
    ucos_task.o(.text) refers to dflt_clz.o(x$fpl$dfltu) for __aeabi_ui2d
    ucos_task.o(.text) refers to drleqf.o(x$fpl$drleqf) for __aeabi_cdrcmple
    ucos_task.o(.text) refers to imu.o(.text) for IMUupdate
    ucos_task.o(.text) refers to f2d.o(x$fpl$f2d) for __aeabi_f2d
    ucos_task.o(.text) refers to ddiv.o(x$fpl$ddiv) for __aeabi_ddiv
    ucos_task.o(.text) refers to d2f.o(x$fpl$d2f) for __aeabi_d2f
    ucos_task.o(.text) refers to fliter.o(.text) for firstOrderFilter
    ucos_task.o(.text) refers to dmul.o(x$fpl$dmul) for __aeabi_dmul
    ucos_task.o(.text) refers to delay.o(.text) for delay_ms
    ucos_task.o(.text) refers to leg.o(.bss) for leg
    ucos_task.o(.text) refers to ucos_task.o(.bss) for leg_dt
    ucos_task.o(.text) refers to ucos_task.o(.data) for cnt_init
    ucos_task.o(.text) refers to mpu6050.o(.bss) for mpu6050_fc
    ucos_task.o(.text) refers to imu.o(.data) for Yaw
    ucos_task.o(.text) refers to imu.o(.bss) for reference_vr
    ucos_task.o(.text) refers to fliter.o(.bss) for firstOrderFilters
    ucos_task.o(.text) refers to usart_fc.o(.bss) for Rc_Get_SBUS
    ucos_task.o(.text) refers to flash.o(.data) for SBUS_MAX
    ucos_task.o(.text) refers to sbus.o(.data) for channels
    ucos_task.o(.text) refers to my_math.o(.text) for my_deathzoom_rc
    ucos_task.o(.text) refers to dflt_clz.o(x$fpl$dflt) for __aeabi_i2d
    ucos_task.o(.text) refers to pow.o(i.__hardfp_pow) for __hardfp_pow
    ucos_task.o(.text) refers to daddsub_clz.o(x$fpl$dadd) for __aeabi_dadd
    ucos_task.o(.text) refers to sqrt.o(i.__hardfp_sqrt) for __hardfp_sqrt
    ucos_task.o(.text) refers to dleqf.o(x$fpl$dleqf) for __aeabi_cdcmple
    ucos_task.o(.text) refers to brain.o(.text) for leg_task1
    ucos_task.o(.text) refers to usart_fc.o(.text) for Send_LEG
    ucos_task.o(.text) refers to os_core.o(.data) for OSCPUUsage
    main.o(.text) refers to os_mbox.o(.text) for OSMboxCreate
    main.o(.text) refers to os_q.o(.text) for OSQCreate
    main.o(.text) refers to os_flag.o(.text) for OSFlagCreate
    main.o(.text) refers to os_core.o(.text) for OSStatInit
    main.o(.text) refers to os_tmr.o(.text) for OSTmrCreate
    main.o(.text) refers to os_cpu_a.o(.text) for OS_CPU_SR_Save
    main.o(.text) refers to os_task.o(.text) for OSTaskCreate
    main.o(.text) refers to misc.o(.text) for NVIC_PriorityGroupConfig
    main.o(.text) refers to delay.o(.text) for delay_init
    main.o(.text) refers to time.o(.text) for Initial_Timer_SYS
    main.o(.text) refers to rng.o(.text) for RNG_Init
    main.o(.text) refers to flash.o(.text) for READ_PARM
    main.o(.text) refers to usart_fc.o(.text) for Usart1_Init
    main.o(.text) refers to dma.o(.text) for MYDMA_Config
    main.o(.text) refers to stm32f4xx_usart.o(.text) for USART_DMACmd
    main.o(.text) refers to led_fc.o(.text) for LED_Init
    main.o(.text) refers to spi_nrf.o(.text) for SPI2_Init1
    main.o(.text) refers to mpu9250.o(.text) for Mpu9250_Init
    main.o(.text) refers to main.o(.data) for msg_key
    main.o(.text) refers to main.o(.bss) for MsgGrp
    main.o(.text) refers to ucos_task.o(.text) for tmr1_callback
    main.o(.text) refers to ucos_task.o(.data) for tmr1
    main.o(.text) refers to ucos_task.o(.bss) for BRAIN_TASK_STK
    main.o(.text) refers to usart_fc.o(.bss) for SendBuff1
    stm32f4xx_it.o(.text) refers to stm32f4xx_it.o(.data) for hard_fall
    system_stm32f4xx.o(.text) refers to system_stm32f4xx.o(.data) for SystemCoreClock
    startup_stm32f40_41xxx.o(STACK) refers (Special) to heapauxi.o(.text) for __use_two_region_memory
    startup_stm32f40_41xxx.o(HEAP) refers (Special) to heapauxi.o(.text) for __use_two_region_memory
    startup_stm32f40_41xxx.o(RESET) refers (Special) to heapauxi.o(.text) for __use_two_region_memory
    startup_stm32f40_41xxx.o(RESET) refers to startup_stm32f40_41xxx.o(STACK) for __initial_sp
    startup_stm32f40_41xxx.o(RESET) refers to startup_stm32f40_41xxx.o(.text) for Reset_Handler
    startup_stm32f40_41xxx.o(RESET) refers to stm32f4xx_it.o(.text) for NMI_Handler
    startup_stm32f40_41xxx.o(RESET) refers to os_cpu_a.o(.text) for PendSV_Handler
    startup_stm32f40_41xxx.o(RESET) refers to delay.o(.text) for SysTick_Handler
    startup_stm32f40_41xxx.o(RESET) refers to usart_fc.o(.text) for USART1_IRQHandler
    startup_stm32f40_41xxx.o(.text) refers (Special) to heapauxi.o(.text) for __use_two_region_memory
    startup_stm32f40_41xxx.o(.text) refers to system_stm32f4xx.o(.text) for SystemInit
[...]
    SPI_GetCRCPolynomial                     0x08002d19   Thumb Code     6  stm32f4xx_spi.o(.text)
    SPI_I2S_DMACmd                           0x08002d1f   Thumb Code    18  stm32f4xx_spi.o(.text)
    SPI_I2S_ITConfig                         0x08002d31   Thumb Code    68  stm32f4xx_spi.o(.text)
    SPI_I2S_GetFlagStatus                    0x08002d75   Thumb Code    18  stm32f4xx_spi.o(.text)
    SPI_I2S_ClearFlag                        0x08002d87   Thumb Code     6  stm32f4xx_spi.o(.text)
    SPI_I2S_GetITStatus                      0x08002d8d   Thumb Code    52  stm32f4xx_spi.o(.text)
    SPI_I2S_ClearITPendingBit                0x08002dc1   Thumb Code    20  stm32f4xx_spi.o(.text)
    DMA_DeInit                               0x08002dd5   Thumb Code   324  stm32f4xx_dma.o(.text)
    DMA_Init                                 0x08002f19   Thumb Code    82  stm32f4xx_dma.o(.text)
    DMA_StructInit                           0x08002f6b   Thumb Code    34  stm32f4xx_dma.o(.text)
    DMA_Cmd                                  0x08002f8d   Thumb Code    22  stm32f4xx_dma.o(.text)
    DMA_PeriphIncOffsetSizeConfig            0x08002fa3   Thumb Code    22  stm32f4xx_dma.o(.text)
    DMA_FlowControllerConfig                 0x08002fb9   Thumb Code    22  stm32f4xx_dma.o(.text)
    DMA_SetCurrDataCounter                   0x08002fcf   Thumb Code     4  stm32f4xx_dma.o(.text)
    DMA_GetCurrDataCounter                   0x08002fd3   Thumb Code     8  stm32f4xx_dma.o(.text)
    DMA_DoubleBufferModeConfig               0x08002fdb   Thumb Code    24  stm32f4xx_dma.o(.text)
    DMA_DoubleBufferModeCmd                  0x08002ff3   Thumb Code    22  stm32f4xx_dma.o(.text)
    DMA_MemoryTargetConfig                   0x08003009   Thumb Code    10  stm32f4xx_dma.o(.text)
    DMA_GetCurrentMemoryTarget               0x08003013   Thumb Code    20  stm32f4xx_dma.o(.text)
    DMA_GetCmdStatus                         0x08003027   Thumb Code    20  stm32f4xx_dma.o(.text)
    DMA_GetFIFOStatus                        0x0800303b   Thumb Code    12  stm32f4xx_dma.o(.text)
    DMA_GetFlagStatus                        0x08003047   Thumb Code    56  stm32f4xx_dma.o(.text)
    DMA_ClearFlag                            0x0800307f   Thumb Code    40  stm32f4xx_dma.o(.text)
    DMA_ITConfig                             0x080030a7   Thumb Code    58  stm32f4xx_dma.o(.text)
    DMA_GetITStatus                          0x080030e1   Thumb Code    84  stm32f4xx_dma.o(.text)
    DMA_ClearITPendingBit                    0x08003135   Thumb Code    40  stm32f4xx_dma.o(.text)
    RNG_DeInit                               0x0800317d   Thumb Code    20  stm32f4xx_rng.o(.text)
    RNG_Cmd                                  0x08003191   Thumb Code    30  stm32f4xx_rng.o(.text)
    RNG_GetRandomNumber                      0x080031af   Thumb Code     8  stm32f4xx_rng.o(.text)
    RNG_ITConfig                             0x080031b7   Thumb Code    30  stm32f4xx_rng.o(.text)
    RNG_GetFlagStatus                        0x080031d5   Thumb Code    22  stm32f4xx_rng.o(.text)
    RNG_ClearFlag                            0x080031eb   Thumb Code    12  stm32f4xx_rng.o(.text)
    RNG_GetITStatus                          0x080031f7   Thumb Code    22  stm32f4xx_rng.o(.text)
    RNG_ClearITPendingBit                    0x0800320d   Thumb Code    12  stm32f4xx_rng.o(.text)
    OS_TaskStatStkChk                        0x0800321d   Thumb Code    54  os_core.o(.text)
    OS_TaskStat                              0x08003253   Thumb Code   116  os_core.o(.text)
    OS_TaskIdle                              0x080032fb   Thumb Code    34  os_core.o(.text)
    OS_MemClr                                0x08003351   Thumb Code    18  os_core.o(.text)
    OSInit                                   0x0800346f   Thumb Code    48  os_core.o(.text)
    OSIntEnter                               0x0800349f   Thumb Code    28  os_core.o(.text)
    OSIntExit                                0x080034d5   Thumb Code   112  os_core.o(.text)
    OSSchedLock                              0x08003545   Thumb Code    50  os_core.o(.text)
    OS_Sched                                 0x08003577   Thumb Code    88  os_core.o(.text)
    OSSchedUnlock                            0x080035cf   Thumb Code   238  os_core.o(.text)
    OSStart                                  0x080036bd   Thumb Code    48  os_core.o(.text)
    OSStatInit                               0x080036ed   Thumb Code    62  os_core.o(.text)
    OSTimeTick                               0x0800372b   Thumb Code   210  os_core.o(.text)
    OSVersion                                0x080037fd   Thumb Code     6  os_core.o(.text)
    OS_Dummy                                 0x08003803   Thumb Code     2  os_core.o(.text)
    OS_EventTaskRemove                       0x08003805   Thumb Code    42  os_core.o(.text)
    OS_EventTaskRdy                          0x0800382f   Thumb Code   114  os_core.o(.text)
    OS_EventTaskWait                         0x080038a1   Thumb Code   112  os_core.o(.text)
    OS_EventWaitListInit                     0x08003911   Thumb Code    28  os_core.o(.text)
    OS_MemCopy                               0x0800392d   Thumb Code    20  os_core.o(.text)
    OS_StrLen                                0x08003941   Thumb Code    20  os_core.o(.text)
    OS_TCBInit                               0x08003955   Thumb Code   280  os_core.o(.text)
    OSFlagAccept                             0x08003ab1   Thumb Code   252  os_flag.o(.text)
    OSFlagCreate                             0x08003bad   Thumb Code    86  os_flag.o(.text)
    OS_FlagUnlink                            0x08003c03   Thumb Code    36  os_flag.o(.text)
    OSFlagDel                                0x08003c79   Thumb Code   214  os_flag.o(.text)
    OSFlagNameGet                            0x08003d4f   Thumb Code    80  os_flag.o(.text)
    OSFlagNameSet                            0x08003d9f   Thumb Code    66  os_flag.o(.text)
    OSFlagPend                               0x08003e79   Thumb Code   614  os_flag.o(.text)
    OSFlagPendGetFlagsRdy                    0x080040df   Thumb Code    26  os_flag.o(.text)
    OSFlagPost                               0x080040f9   Thumb Code   312  os_flag.o(.text)
    OSFlagQuery                              0x08004231   Thumb Code    48  os_flag.o(.text)
    OS_FlagInit                              0x08004261   Thumb Code    78  os_flag.o(.text)
    OSMboxAccept                             0x080042bd   Thumb Code    38  os_mbox.o(.text)
    OSMboxCreate                             0x080042e3   Thumb Code    68  os_mbox.o(.text)
    OSMboxDel                                0x08004327   Thumb Code   200  os_mbox.o(.text)
    OSMboxPend                               0x080043ef   Thumb Code   246  os_mbox.o(.text)
    OSMboxPendAbort                          0x080044e5   Thumb Code   128  os_mbox.o(.text)
    OSMboxPost                               0x08004565   Thumb Code    80  os_mbox.o(.text)
    OSMboxPostOpt                            0x080045b5   Thumb Code   120  os_mbox.o(.text)
    OSMboxQuery                              0x0800462d   Thumb Code    76  os_mbox.o(.text)
    OSQAccept                                0x08004689   Thumb Code    88  os_q.o(.text)
    OSQCreate                                0x080046e1   Thumb Code   140  os_q.o(.text)
    OSQDel                                   0x0800476d   Thumb Code   236  os_q.o(.text)
    OSQFlush                                 0x08004859   Thumb Code    36  os_q.o(.text)
    OSQPend                                  0x0800487d   Thumb Code   272  os_q.o(.text)
    OSQPendAbort                             0x0800498d   Thumb Code   128  os_q.o(.text)
    OSQPost                                  0x08004a0d   Thumb Code   114  os_q.o(.text)
    OSQPostFront                             0x08004a7f   Thumb Code   136  os_q.o(.text)
    OSQPostOpt                               0x08004b07   Thumb Code   182  os_q.o(.text)
    OSQQuery                                 0x08004bbd   Thumb Code    98  os_q.o(.text)
    OS_QInit                                 0x08004c1f   Thumb Code    72  os_q.o(.text)
    OSSemAccept                              0x08004c71   Thumb Code    42  os_sem.o(.text)
    OSSemCreate                              0x08004c9b   Thumb Code    68  os_sem.o(.text)
    OSSemDel                                 0x08004cdf   Thumb Code   200  os_sem.o(.text)
    OSSemPend                                0x08004da7   Thumb Code   222  os_sem.o(.text)
    OSSemPendAbort                           0x08004e85   Thumb Code   128  os_sem.o(.text)
    OSSemPost                                0x08004f05   Thumb Code    88  os_sem.o(.text)
    OSSemQuery                               0x08004f5d   Thumb Code    76  os_sem.o(.text)
    OSSemSet                                 0x08004fa9   Thumb Code    66  os_sem.o(.text)
    OSTaskChangePrio                         0x08004ffd   Thumb Code   308  os_task.o(.text)
    OSTaskCreate                             0x08005131   Thumb Code   148  os_task.o(.text)
    OS_TaskStkClr                            0x080051c5   Thumb Code    26  os_task.o(.text)
    OSTaskCreateExt                          0x080051df   Thumb Code   170  os_task.o(.text)
    OSTaskDel                                0x08005289   Thumb Code   294  os_task.o(.text)
    OSTaskDelReq                             0x080053af   Thumb Code   144  os_task.o(.text)
    OSTaskNameGet                            0x0800543f   Thumb Code   114  os_task.o(.text)
    OSTaskNameSet                            0x080054b1   Thumb Code    98  os_task.o(.text)
    OSTaskResume                             0x08005513   Thumb Code   154  os_task.o(.text)
    OSTaskStkChk                             0x080055ad   Thumb Code   132  os_task.o(.text)
    OSTaskSuspend                            0x08005631   Thumb Code   152  os_task.o(.text)
    OSTaskQuery                              0x080056c9   Thumb Code    82  os_task.o(.text)
    OSTaskRegGet                             0x0800571b   Thumb Code    60  os_task.o(.text)
    OSTaskRegSet                             0x08005757   Thumb Code    62  os_task.o(.text)
    OS_TaskReturn                            0x08005795   Thumb Code    18  os_task.o(.text)
    OSTimeDly                                0x080057c1   Thumb Code   100  os_time.o(.text)
    OSTimeDlyHMSM                            0x08005825   Thumb Code    86  os_time.o(.text)
    OSTimeDlyResume                          0x0800587b   Thumb Code   168  os_time.o(.text)
    OSTimeGet                                0x08005923   Thumb Code    24  os_time.o(.text)
    OSTimeSet                                0x0800593b   Thumb Code    24  os_time.o(.text)
    OSTmrCreate                              0x080059a3   Thumb Code    96  os_tmr.o(.text)
    OSTmrDel                                 0x08005a7b   Thumb Code   124  os_tmr.o(.text)
    OSTmrNameGet                             0x08005af7   Thumb Code   114  os_tmr.o(.text)
    OSTmrRemainGet                           0x08005b69   Thumb Code   164  os_tmr.o(.text)
    OSTmrStateGet                            0x08005c0d   Thumb Code    86  os_tmr.o(.text)
    OSTmrStart                               0x08005cc7   Thumb Code   128  os_tmr.o(.text)
    OSTmrStop                                0x08005d47   Thumb Code   210  os_tmr.o(.text)
    OSTmrSignal                              0x08005e19   Thumb Code    16  os_tmr.o(.text)
    OSTmr_Init                               0x08005ecd   Thumb Code   152  os_tmr.o(.text)
    OS_CPU_SR_Save                           0x08005fa5   Thumb Code     0  os_cpu_a.o(.text)
    OS_CPU_SR_Restore                        0x08005fad   Thumb Code     0  os_cpu_a.o(.text)
    OSStartHighRdy                           0x08005fb3   Thumb Code     0  os_cpu_a.o(.text)
    OSCtxSw                                  0x08005fd7   Thumb Code     0  os_cpu_a.o(.text)
    OSIntCtxSw                               0x08005fe5   Thumb Code     0  os_cpu_a.o(.text)
    PendSV_Handler                           0x08005ff5   Thumb Code     0  os_cpu_a.o(.text)
    OSInitHookBegin                          0x0800606d   Thumb Code     8  os_cpu_c.o(.text)
    OSInitHookEnd                            0x08006075   Thumb Code     2  os_cpu_c.o(.text)
    OSTaskCreateHook                         0x08006077   Thumb Code     2  os_cpu_c.o(.text)
    OSTaskDelHook                            0x08006079   Thumb Code     2  os_cpu_c.o(.text)
    OSTaskIdleHook                           0x0800607b   Thumb Code     2  os_cpu_c.o(.text)
    OSTaskStatHook                           0x0800607d   Thumb Code     2  os_cpu_c.o(.text)
    OSTaskStkInit                            0x0800607f   Thumb Code   426  os_cpu_c.o(.text)
    OSTaskSwHook                             0x08006229   Thumb Code     2  os_cpu_c.o(.text)
    OSTCBInitHook                            0x0800622b   Thumb Code     2  os_cpu_c.o(.text)
    OSTimeTickHook                           0x0800622d   Thumb Code    30  os_cpu_c.o(.text)
    OSTaskReturnHook                         0x0800624b   Thumb Code     2  os_cpu_c.o(.text)
    STMFLASH_ReadWord                        0x08006255   Thumb Code     6  flash.o(.text)
    STMFLASH_GetFlashSector                  0x0800625b   Thumb Code   116  flash.o(.text)
    STMFLASH_Write                           0x080062cf   Thumb Code   146  flash.o(.text)
    STMFLASH_Read                            0x08006361   Thumb Code    32  flash.o(.text)
    WRITE_PARM                               0x08006381   Thumb Code  1688  flash.o(.text)
    READ_PARM                                0x08006a19   Thumb Code  1812  flash.o(.text)
    LED_Init                                 0x0800715d   Thumb Code    42  led_fc.o(.text)
    LEDRGB                                   0x08007187   Thumb Code   116  led_fc.o(.text)
    LEDRGB_STATE                             0x080071fb   Thumb Code    42  led_fc.o(.text)
    SysTick_Configuration                    0x0800722d   Thumb Code    98  time.o(.text)
    micros                                   0x0800728f   Thumb Code    10  time.o(.text)
    GetSysTime_us                            0x08007299   Thumb Code     8  time.o(.text)
    Delay_us                                 0x080072a1   Thumb Code    12  time.o(.text)
    Delay_ms                                 0x080072ad   Thumb Code    24  time.o(.text)
    Get_Cycle_T                              0x080072c5   Thumb Code   118  time.o(.text)
    Cycle_Time_Init                          0x0800733b   Thumb Code    22  time.o(.text)
    Initial_Timer_SYS                        0x08007351   Thumb Code    46  time.o(.text)
    MYDMA_Config                             0x08007391   Thumb Code   184  dma.o(.text)
    MYDMA_Enable                             0x08007449   Thumb Code    44  dma.o(.text)
    RNG_Init                                 0x08007479   Thumb Code    62  rng.o(.text)
    RNG_Get_RandomNum                        0x080074b7   Thumb Code    20  rng.o(.text)
    RNG_Get_RandomRange                      0x080074cb   Thumb Code    26  rng.o(.text)
    SPI_CS                                   0x080074e5   Thumb Code   124  spi_nrf.o(.text)
    SPI2_Init1                               0x08007561   Thumb Code   388  spi_nrf.o(.text)
    Spi_RW                                   0x080076e5   Thumb Code    50  spi_nrf.o(.text)
    Usart1_Init                              0x08007725   Thumb Code   218  usart_fc.o(.text)
    Usart2_Init                              0x080077ff   Thumb Code   210  usart_fc.o(.text)
    Usart3_Init                              0x080078d1   Thumb Code   218  usart_fc.o(.text)
    Usart4_Init                              0x080079ab   Thumb Code   218  usart_fc.o(.text)
    Uart5_Init                               0x08007a85   Thumb Code   244  usart_fc.o(.text)
    Uart6_Init                               0x08007b79   Thumb Code   196  usart_fc.o(.text)
    UsartSend_LEG_DJ                         0x08007c3d   Thumb Code    28  usart_fc.o(.text)
    UsartSend_LEG4                           0x08007c59   Thumb Code    28  usart_fc.o(.text)
    UsartSend_LEG3                           0x08007c75   Thumb Code    28  usart_fc.o(.text)
    UsartSend_LEG2                           0x08007c91   Thumb Code    28  usart_fc.o(.text)
    UsartSend_LEG1                           0x08007cad   Thumb Code    28  usart_fc.o(.text)
    Send_IMU_TO_FLOW                         0x08007ce3   Thumb Code   118  usart_fc.o(.text)
    Send_IMU_PARM                            0x08007d59   Thumb Code   250  usart_fc.o(.text)
    GOL_LINK_TASK                            0x08007e53   Thumb Code    34  usart_fc.o(.text)
    my_itoa                                  0x08007e95   Thumb Code   136  usart_fc.o(.text)
    UsartSend_LEG_BUF_BUF                    0x08007f1d   Thumb Code   454  usart_fc.o(.text)
    UsartSend_LEG_BUF_BUF_2                  0x080080e3   Thumb Code   400  usart_fc.o(.text)
    LEG_POWER_OFF                            0x08008273   Thumb Code   144  usart_fc.o(.text)
    Send_LEG                                 0x08008303   Thumb Code    28  usart_fc.o(.text)
    Data_LEG_CMD                             0x0800831f   Thumb Code   742  usart_fc.o(.text)
    Data_Receive_Anl1_RC                     0x08008605   Thumb Code    74  usart_fc.o(.text)
    USART1_IRQHandler                        0x0800864f   Thumb Code   344  usart_fc.o(.text)
    Data_Receive_Anl                         0x080087a7   Thumb Code   560  usart_fc.o(.text)
    Data_LEG                                 0x080089d7   Thumb Code  1048  usart_fc.o(.text)
    USART2_IRQHandler                        0x08008def   Thumb Code   338  usart_fc.o(.text)
    USART3_IRQHandler                        0x08008f41   Thumb Code   340  usart_fc.o(.text)
    UART4_IRQHandler                         0x08009095   Thumb Code   414  usart_fc.o(.text)
    UART5_IRQHandler                         0x08009233   Thumb Code   404  usart_fc.o(.text)
    data_per_uart1                           0x080093c7   Thumb Code  1360  usart_fc.o(.text)
    GOL_LINK_TASK_DMA                        0x08009917   Thumb Code    28  usart_fc.o(.text)
    clear_leg_uart                           0x08009933   Thumb Code    42  usart_fc.o(.text)
    MPU6050_Read                             0x0800995d   Thumb Code     8  mpu6050.o(.text)
    MPU6050_Data_Offset                      0x08009965   Thumb Code  1470  mpu6050.o(.text)
    Transform                                0x08009f23   Thumb Code    14  mpu6050.o(.text)
    MPU6050_Data_Prepare                     0x08009f31   Thumb Code  1344  mpu6050.o(.text)
    MPU9250_Write_Reg                        0x0800a489   Thumb Code    38  mpu9250.o(.text)
    Mpu9250_Init                             0x0800a4af   Thumb Code   202  mpu9250.o(.text)
    MPU9250_Read_Reg                         0x0800a579   Thumb Code    38  mpu9250.o(.text)
    MPU92_Mag_WriteReg                       0x0800a59f   Thumb Code    86  mpu9250.o(.text)
    MPU92_Mag_ReadReg                        0x0800a5f5   Thumb Code    84  mpu9250.o(.text)
    MPU9250_ReadValue                        0x0800a649   Thumb Code   204  mpu9250.o(.text)
    ANO_AK8975_CalOffset_Mag                 0x0800a72d   Thumb Code   808  hml5833l.o(.text)
    ANO_AK8975_Read_Mag_Data                 0x0800aa55   Thumb Code   414  hml5833l.o(.text)
    AHRSupdate                               0x0800ac01   Thumb Code  1994  imu.o(.text)
    IMUupdate                                0x0800b3cb   Thumb Code  3344  imu.o(.text)
    conver_legpos_to_barin                   0x0800c115   Thumb Code   174  leg_lib.o(.text)
    cal_dis_of_points                        0x0800c1c3   Thumb Code   160  leg_lib.o(.text)
    check_leg_near_init                      0x0800c263   Thumb Code   190  leg_lib.o(.text)
    leg_repeat_protect                       0x0800c321   Thumb Code   514  leg_lib.o(.text)
    leg_repeat_protect1                      0x0800c523   Thumb Code   122  leg_lib.o(.text)
    cross_point_of_lines                     0x0800c59d   Thumb Code   246  leg_lib.o(.text)
    line_function90_from_arrow               0x0800c693   Thumb Code   168  leg_lib.o(.text)
    line_function_from_arrow                 0x0800c73b   Thumb Code   152  leg_lib.o(.text)
    resize_point_with_arrow                  0x0800c7d3   Thumb Code   172  leg_lib.o(.text)
    line_function_from_two_point             0x0800c87f   Thumb Code   126  leg_lib.o(.text)
    check_point_on_line                      0x0800c8fd   Thumb Code    54  leg_lib.o(.text)
    check_point_front_arrow                  0x0800c933   Thumb Code   492  leg_lib.o(.text)
    check_points_same_side                   0x0800cb1f   Thumb Code    60  leg_lib.o(.text)
    check_cross_arrow_line                   0x0800cb5b   Thumb Code   342  leg_lib.o(.text)
    check_cross_arrow90_line                 0x0800ccb1   Thumb Code   276  leg_lib.o(.text)
    cal_center_of_trig                       0x0800cdc5   Thumb Code     2  leg_lib.o(.text)
    in_circle                                0x0800cdc7   Thumb Code   278  leg_lib.o(.text)
    dis_point_to_line                        0x0800cedd   Thumb Code   180  leg_lib.o(.text)
    conver_body_to_global                    0x0800cf91   Thumb Code    68  leg_lib.o(.text)
    limit_move_range_tangle                  0x0800cfd5   Thumb Code   382  leg_lib.o(.text)
    segmentsIntr                             0x0800d153   Thumb Code   492  leg_lib.o(.text)
    inTrig                                   0x0800d33f   Thumb Code   372  leg_lib.o(.text)
    inTrig2                                  0x0800d4b3   Thumb Code   368  leg_lib.o(.text)
    check_in_move_range_tangle               0x0800d623   Thumb Code   410  leg_lib.o(.text)
    check_in_move_range                      0x0800d7bd   Thumb Code   334  leg_lib.o(.text)
    check_point_to_tangle                    0x0800d90b   Thumb Code   854  leg_lib.o(.text)
    cal_jiao_of_tuo_and_line                 0x0800dc61   Thumb Code   520  leg_lib.o(.text)
    cal_jiao_of_range_and_line               0x0800de69   Thumb Code   962  leg_lib.o(.text)
    cal_jiao_of_range_and_line_tangle        0x0800e22b   Thumb Code   490  leg_lib.o(.text)
    check_point_to_trig                      0x0800e415   Thumb Code   640  leg_lib.o(.text)
    cal_area_trig                            0x0800e6b3   Thumb Code   378  leg_lib.o(.text)
    cal_steady_s                             0x0800e82d   Thumb Code   394  leg_lib.o(.text)
    cal_steady_s4                            0x0800e9b7   Thumb Code   284  leg_lib.o(.text)
    find_closet_point                        0x0800ead3   Thumb Code   754  leg_lib.o(.text)
    READ_LEG_ID                              0x0800edc5   Thumb Code     8  leg.o(.text)
    leg_init                                 0x0800edcd   Thumb Code  1256  leg.o(.text)
    pos_range_check                          0x0800f2b5   Thumb Code   170  leg.o(.text)
    cal_sita_from_pos                        0x0800f35f   Thumb Code  3460  leg.o(.text)
    cal_pos_from_sita                        0x080100e3   Thumb Code  1764  leg.o(.text)
    cal_pwm_from_sita                        0x080107c7   Thumb Code   728  leg.o(.text)
    curve_cal                                0x08010a9f   Thumb Code   404  leg.o(.text)
    cal_curve_from_pos                       0x08010c33   Thumb Code  1500  leg.o(.text)
    cal_pos_tar_from_curve                   0x0801120f   Thumb Code   150  leg.o(.text)
    leg_follow_curve                         0x080112a5   Thumb Code   546  leg.o(.text)
    cal_pos_tar_for_deng                     0x080114c7   Thumb Code   836  leg.o(.text)
    leg_ground_check                         0x0801180b   Thumb Code    60  leg.o(.text)
    leg_publish                              0x08011847   Thumb Code   768  leg.o(.text)
    leg_drive                                0x08011b47   Thumb Code   532  leg.o(.text)
    barin_init                               0x08011d75   Thumb Code   878  brain.o(.text)
    find_leg_need_move                       0x080120e3   Thumb Code   918  brain.o(.text)
    att_control                              0x08012479   Thumb Code  1696  brain.o(.text)
    cal_center_of_leg_ground                 0x08012b19   Thumb Code  1872  brain.o(.text)
    fall_reset                               0x08013269   Thumb Code  1302  brain.o(.text)
    estimate_center                          0x0801377f   Thumb Code   522  brain.o(.text)
    leg_task1                                0x08013989   Thumb Code   254  brain.o(.text)
    get_leg_tar_trig                         0x08013a87   Thumb Code   958  brain.o(.text)
    check_leg_need_move                      0x08013e45   Thumb Code  3040  brain.o(.text)
    cal_target_of_center_move                0x08014a25   Thumb Code   750  brain.o(.text)
    center_control                           0x08014d13   Thumb Code  1526  brain.o(.text)
    cal_deng_from_spd                        0x08015309   Thumb Code   692  brain.o(.text)
    leg_tar_est                              0x080155bd   Thumb Code  4782  brain.o(.text)
    state_clear                              0x08016885   Thumb Code   168  brain_g.o(.text)
    cal_pos_global                           0x0801692d   Thumb Code  3900  brain_g.o(.text)
    center_control_global                    0x08017869   Thumb Code  8522  brain_g.o(.text)
    leg_tar_est_global                       0x080199b3   Thumb Code  4494  brain_g.o(.text)
    check_leg_need_move_global               0x0801ab41   Thumb Code  2568  brain_g.o(.text)
    planner_leg                              0x0801b549   Thumb Code  1256  brain_g.o(.text)
    Moving_Average                           0x0801ba35   Thumb Code    94  fliter.o(.text)
    Moving_Median                            0x0801ba93   Thumb Code   228  fliter.o(.text)
    IIR_I_Filter                             0x0801bb77   Thumb Code   294  fliter.o(.text)
    KalmanFilter                             0x0801bc9d   Thumb Code   272  fliter.o(.text)
    LPF_1st                                  0x0801bdad   Thumb Code    22  fliter.o(.text)
    simple_3d_trans                          0x0801bdc3   Thumb Code   316  fliter.o(.text)
    initFirstOrderFilter                     0x0801beff   Thumb Code   524  fliter.o(.text)
    firstOrderFilter                         0x0801c10b   Thumb Code    82  fliter.o(.text)
    my_abs                                   0x0801c1ad   Thumb Code    26  my_math.o(.text)
    fast_atan2                               0x0801c1c7   Thumb Code   350  my_math.o(.text)
    my_atan                                  0x0801c325   Thumb Code    24  my_math.o(.text)
    my_pow                                   0x0801c33d   Thumb Code    10  my_math.o(.text)
    my_sqrt                                  0x0801c347   Thumb Code    88  my_math.o(.text)
    mx_sin                                   0x0801c39f   Thumb Code   292  my_math.o(.text)
    my_sin                                   0x0801c4c3   Thumb Code   108  my_math.o(.text)
    my_cos                                   0x0801c52f   Thumb Code   136  my_math.o(.text)
    my_deathzoom                             0x0801c5b7   Thumb Code   158  my_math.o(.text)
    my_deathzoom_2                           0x0801c655   Thumb Code    40  my_math.o(.text)
    my_deathzoom_21                          0x0801c67d   Thumb Code    40  my_math.o(.text)
    my_deathzoom_rc                          0x0801c6a5   Thumb Code   216  my_math.o(.text)
    limit_mine                               0x0801c77d   Thumb Code    40  my_math.o(.text)
    limit_mine2                              0x0801c7a5   Thumb Code    36  my_math.o(.text)
    To_180_degrees                           0x0801c7c9   Thumb Code    58  my_math.o(.text)
    my_pow_2_curve                           0x0801c803   Thumb Code    80  my_math.o(.text)
    sbus_anal_oldx                           0x0801c86d   Thumb Code   462  sbus.o(.text)
    oldx_sbus_rx                             0x0801ca3b   Thumb Code   120  sbus.o(.text)
    cycle_init_oldx                          0x0801cacd   Thumb Code   184  cycle_cal_oldx.o(.text)
    cycle_data_add_oldx                      0x0801cb85   Thumb Code   420  cycle_cal_oldx.o(.text)
    cycle_cal_oldx                           0x0801cd29   Thumb Code  1980  cycle_cal_oldx.o(.text)
    __aeabi_memcpy4                          0x0801d4e5   Thumb Code     0  rt_memcpy_w.o(.text)
    __aeabi_memcpy8                          0x0801d4e5   Thumb Code     0  rt_memcpy_w.o(.text)
    __rt_memcpy_w                            0x0801d4e5   Thumb Code   100  rt_memcpy_w.o(.text)
    _memcpy_lastbytes_aligned                0x0801d52d   Thumb Code     0  rt_memcpy_w.o(.text)
    __aeabi_memclr4                          0x0801d549   Thumb Code     0  rt_memclr_w.o(.text)
    __aeabi_memclr8                          0x0801d549   Thumb Code     0  rt_memclr_w.o(.text)
    __rt_memclr_w                            0x0801d549   Thumb Code    78  rt_memclr_w.o(.text)
    _memset_w                                0x0801d54d   Thumb Code     0  rt_memclr_w.o(.text)
    __use_two_region_memory                  0x0801d597   Thumb Code     2  heapauxi.o(.text)
    __rt_heap_escrow$2region                 0x0801d599   Thumb Code     2  heapauxi.o(.text)
    __rt_heap_expand$2region                 0x0801d59b   Thumb Code     2  heapauxi.o(.text)
    __read_errno                             0x0801d59d   Thumb Code    10  _rserrno.o(.text)
    __set_errno                              0x0801d5a7   Thumb Code    12  _rserrno.o(.text)
    __aeabi_errno_addr                       0x0801d5b5   Thumb Code     8  rt_errno_addr_intlibspace.o(.text)
    __errno$intlibspace                      0x0801d5b5   Thumb Code     0  rt_errno_addr_intlibspace.o(.text)
    __rt_errno_addr$intlibspace              0x0801d5b5   Thumb Code     0  rt_errno_addr_intlibspace.o(.text)
    __user_libspace                          0x0801d5bd   Thumb Code     8  libspace.o(.text)
    __user_perproc_libspace                  0x0801d5bd   Thumb Code     0  libspace.o(.text)
    __user_perthread_libspace                0x0801d5bd   Thumb Code     0  libspace.o(.text)
    __user_setup_stackheap                   0x0801d5c5   Thumb Code    74  sys_stackheap_outer.o(.text)
    exit                                     0x0801d60f   Thumb Code    18  exit.o(.text)
    _sys_exit                                0x0801d621   Thumb Code     8  sys_exit.o(.text)
    __I$use$semihosting                      0x0801d62d   Thumb Code     0  use_no_semi.o(.text)
    __use_no_semihosting_swi                 0x0801d62d   Thumb Code     2  use_no_semi.o(.text)
    __ARM_fpclassify                         0x0801d62f   Thumb Code    48  fpclassify.o(i.__ARM_fpclassify)
    __semihosting_library_function           0x0801d62f   Thumb Code     0  indicate_semi.o(.text)
    __hardfp_acos                            0x0801d661   Thumb Code   738  acos.o(i.__hardfp_acos)
    __hardfp_asin                            0x0801d9b9   Thumb Code   770  asin.o(i.__hardfp_asin)
    __hardfp_atan                            0x0801dd19   Thumb Code   622  atan.o(i.__hardfp_atan)
    __hardfp_atan2                           0x0801dff1   Thumb Code   432  atan2.o(i.__hardfp_atan2)
    __hardfp_cos                             0x0801e1e1   Thumb Code   180  cos.o(i.__hardfp_cos)
    __hardfp_fabs                            0x0801e2a9   Thumb Code    20  fabs.o(i.__hardfp_fabs)
    __hardfp_pow                             0x0801e2c1   Thumb Code  3072  pow.o(i.__hardfp_pow)
    __hardfp_sin                             0x0801ef11   Thumb Code   180  sin.o(i.__hardfp_sin)
    __hardfp_sqrt                            0x0801efd9   Thumb Code   122  sqrt.o(i.__hardfp_sqrt)
    __hardfp_tan                             0x0801f059   Thumb Code   108  tan.o(i.__hardfp_tan)
    __ieee754_rem_pio2                       0x0801f0d9   Thumb Code   938  rred.o(i.__ieee754_rem_pio2)
    __kernel_cos                             0x0801f511   Thumb Code   322  cos_i.o(i.__kernel_cos)
    __kernel_poly                            0x0801f681   Thumb Code   248  poly.o(i.__kernel_poly)
    __kernel_sin                             0x0801f779   Thumb Code   280  sin_i.o(i.__kernel_sin)
    __kernel_tan                             0x0801f8a9   Thumb Code   764  tan_i.o(i.__kernel_tan)
    __mathlib_dbl_divzero                    0x0801fbf9   Thumb Code    28  dunder.o(i.__mathlib_dbl_divzero)
    __mathlib_dbl_infnan                     0x0801fc29   Thumb Code    20  dunder.o(i.__mathlib_dbl_infnan)
    __mathlib_dbl_infnan2                    0x0801fc3d   Thumb Code    20  dunder.o(i.__mathlib_dbl_infnan2)
    __mathlib_dbl_invalid                    0x0801fc51   Thumb Code    24  dunder.o(i.__mathlib_dbl_invalid)
    __mathlib_dbl_overflow                   0x0801fc71   Thumb Code    24  dunder.o(i.__mathlib_dbl_overflow)
    __mathlib_dbl_underflow                  0x0801fc91   Thumb Code    24  dunder.o(i.__mathlib_dbl_underflow)
    atan                                     0x0801fcb1   Thumb Code    16  atan.o(i.atan)
    fabs                                     0x0801fcc1   Thumb Code    24  fabs.o(i.fabs)
    sqrt                                     0x0801fcd9   Thumb Code   110  sqrt.o(i.sqrt)
    __aeabi_dneg                             0x0801fd47   Thumb Code     0  basic.o(x$fpl$basic)
    _dneg                                    0x0801fd47   Thumb Code     6  basic.o(x$fpl$basic)
    __aeabi_fneg                             0x0801fd4d   Thumb Code     0  basic.o(x$fpl$basic)
    _fneg                                    0x0801fd4d   Thumb Code     6  basic.o(x$fpl$basic)
    _dabs                                    0x0801fd53   Thumb Code     6  basic.o(x$fpl$basic)
    _fabs                                    0x0801fd59   Thumb Code     6  basic.o(x$fpl$basic)
    __aeabi_d2f                              0x0801fd61   Thumb Code     0  d2f.o(x$fpl$d2f)
    _d2f                                     0x0801fd61   Thumb Code    98  d2f.o(x$fpl$d2f)
    __aeabi_dadd                             0x0801fdc5   Thumb Code     0  daddsub_clz.o(x$fpl$dadd)
    _dadd                                    0x0801fdc5   Thumb Code   332  daddsub_clz.o(x$fpl$dadd)
    __fpl_dcheck_NaN1                        0x0801ff15   Thumb Code    10  dcheck1.o(x$fpl$dcheck1)
    __fpl_dcmp_Inf                           0x0801ff25   Thumb Code    24  dcmpi.o(x$fpl$dcmpinf)
    __aeabi_ddiv                             0x0801ff3d   Thumb Code     0  ddiv.o(x$fpl$ddiv)
    _ddiv                                    0x0801ff3d   Thumb Code   552  ddiv.o(x$fpl$ddiv)
    __aeabi_d2iz                             0x080201ed   Thumb Code     0  dfix.o(x$fpl$dfix)
    _dfix                                    0x080201ed   Thumb Code    94  dfix.o(x$fpl$dfix)
    __aeabi_i2d                              0x0802024b   Thumb Code     0  dflt_clz.o(x$fpl$dflt)
    _dflt                                    0x0802024b   Thumb Code    46  dflt_clz.o(x$fpl$dflt)
    __aeabi_ui2d                             0x08020279   Thumb Code     0  dflt_clz.o(x$fpl$dfltu)
    _dfltu                                   0x08020279   Thumb Code    38  dflt_clz.o(x$fpl$dfltu)
    __aeabi_cdcmple                          0x080202a1   Thumb Code     0  dleqf.o(x$fpl$dleqf)
    _dcmple                                  0x080202a1   Thumb Code   120  dleqf.o(x$fpl$dleqf)
    __fpl_dcmple_InfNaN                      0x08020303   Thumb Code     0  dleqf.o(x$fpl$dleqf)
    __aeabi_dmul                             0x08020319   Thumb Code     0  dmul.o(x$fpl$dmul)
    _dmul                                    0x08020319   Thumb Code   332  dmul.o(x$fpl$dmul)
    __fpl_dnaninf                            0x0802046d   Thumb Code   156  dnaninf.o(x$fpl$dnaninf)
    __fpl_dretinf                            0x08020509   Thumb Code    12  dretinf.o(x$fpl$dretinf)
    __aeabi_cdrcmple                         0x08020515   Thumb Code     0  drleqf.o(x$fpl$drleqf)
    _drcmple                                 0x08020515   Thumb Code   108  drleqf.o(x$fpl$drleqf)
    __aeabi_drsub                            0x08020581   Thumb Code     0  daddsub_clz.o(x$fpl$drsb)
    _drsb                                    0x08020581   Thumb Code    22  daddsub_clz.o(x$fpl$drsb)
    _dsqrt                                   0x08020599   Thumb Code   404  dsqrt_umaal.o(x$fpl$dsqrt)
    __aeabi_dsub                             0x08020731   Thumb Code     0  daddsub_clz.o(x$fpl$dsub)
    _dsub                                    0x08020731   Thumb Code   464  daddsub_clz.o(x$fpl$dsub)
    __aeabi_f2d                              0x08020905   Thumb Code     0  f2d.o(x$fpl$f2d)
    _f2d                                     0x08020905   Thumb Code    86  f2d.o(x$fpl$f2d)
    __fpl_fnaninf                            0x0802095b   Thumb Code   140  fnaninf.o(x$fpl$fnaninf)
    _fp_init                                 0x080209e7   Thumb Code    10  fpinit.o(x$fpl$fpinit)
    __fplib_config_fpu_vfp                   0x080209ef   Thumb Code     0  fpinit.o(x$fpl$fpinit)
    __fplib_config_pureend_doubles           0x080209ef   Thumb Code     0  fpinit.o(x$fpl$fpinit)
    __fpl_fretinf                            0x080209f1   Thumb Code    10  fretinf.o(x$fpl$fretinf)
    __fpl_return_NaN                         0x080209fb   Thumb Code   100  retnan.o(x$fpl$retnan)
    __ARM_scalbn                             0x08020a5f   Thumb Code    92  scalbn.o(x$fpl$scalbn)
    __fpl_cmpreturn                          0x08020abb   Thumb Code    48  trapv.o(x$fpl$trapveneer)
    OSUnMapTbl                               0x08020aea   Data         256  os_core.o(.constdata)
    __I$use$fp                               0x08020aea   Number         0  usenofp.o(x$fpl$usenofp)
    __mathlib_zero                           0x08020ea0   Data           8  qnan.o(.constdata)
    Region$$Table$$Base                      0x08020ff8   Number         0  anon$$obj.o(Region$$Table)
    Region$$Table$$Limit                     0x08021018   Number         0  anon$$obj.o(Region$$Table)
    k_rc_spd                                 0x20000000   Data           4  ucos_task.o(.data)
    test                                     0x20000004   Data          20  ucos_task.o(.data)
    k_rc                                     0x20000018   Data           8  ucos_task.o(.data)
    UART_UP_LOAD_SEL                         0x20000020   Data           1  ucos_task.o(.data)
    state_v_test                             0x20000021   Data           1  ucos_task.o(.data)
    num_need_to_check                        0x20000022   Data           1  ucos_task.o(.data)
    tmr1                                     0x20000024   Data           4  ucos_task.o(.data)
    tmr2                                     0x20000028   Data           4  ucos_task.o(.data)
    tmr3                                     0x2000002c   Data           4  ucos_task.o(.data)
    cpuusage                                 0x20000030   Data           2  ucos_task.o(.data)
    msg_key                                  0x20000050   Data           4  main.o(.data)
    q_msg                                    0x20000054   Data           4  main.o(.data)
    flags_key                                0x20000058   Data           4  main.o(.data)
    en_read                                  0x2000005c   Data           1  main.o(.data)
    hard_fall                                0x2000005d   Data           1  stm32f4xx_it.o(.data)
    SystemCoreClock                          0x20000060   Data           4  system_stm32f4xx.o(.data)
    AHBPrescTable                            0x20000064   Data          16  system_stm32f4xx.o(.data)
    OSCtxSwCtr                               0x20000088   Data           4  os_core.o(.data)
    OSEventFreeList                          0x2000008c   Data           4  os_core.o(.data)
    OSFlagFreeList                           0x20000090   Data           4  os_core.o(.data)
    OSCPUUsage                               0x20000094   Data           1  os_core.o(.data)
    OSIdleCtrMax                             0x20000098   Data           4  os_core.o(.data)
    OSIdleCtrRun                             0x2000009c   Data           4  os_core.o(.data)
    OSStatRdy                                0x200000a0   Data           1  os_core.o(.data)
    OSIntNesting                             0x200000a1   Data           1  os_core.o(.data)
    OSLockNesting                            0x200000a2   Data           1  os_core.o(.data)
    OSPrioCur                                0x200000a3   Data           1  os_core.o(.data)
    OSPrioHighRdy                            0x200000a4   Data           1  os_core.o(.data)
    OSRdyGrp                                 0x200000a5   Data           1  os_core.o(.data)
    OSRdyTbl                                 0x200000a6   Data           8  os_core.o(.data)
    OSRunning                                0x200000ae   Data           1  os_core.o(.data)
    OSTaskCtr                                0x200000af   Data           1  os_core.o(.data)
    OSIdleCtr                                0x200000b0   Data           4  os_core.o(.data)
    OSTCBCur                                 0x200000b4   Data           4  os_core.o(.data)
    OSTCBFreeList                            0x200000b8   Data           4  os_core.o(.data)
    OSTCBHighRdy                             0x200000bc   Data           4  os_core.o(.data)
    OSTCBList                                0x200000c0   Data           4  os_core.o(.data)
    OSTickStepState                          0x200000c4   Data           1  os_core.o(.data)
    OSQFreeList                              0x200000c8   Data           4  os_core.o(.data)
    OSTime                                   0x200000cc   Data           4  os_core.o(.data)
    OSTmrFree                                0x200000d0   Data           2  os_core.o(.data)
    OSTmrUsed                                0x200000d2   Data           2  os_core.o(.data)
    OSTmrTime                                0x200000d4   Data           4  os_core.o(.data)
    OSTmrSem                                 0x200000d8   Data           4  os_core.o(.data)
    OSTmrSemSignal                           0x200000dc   Data           4  os_core.o(.data)
    OSTmrFreeList                            0x200000e0   Data           4  os_core.o(.data)
    OSInterrputSum                           0x200000e4   Data           4  os_cpu_c.o(.data)
    k_sensitivity                            0x200000ec   Data          12  flash.o(.data)
    FLASH_SIZE                               0x200000f8   Data           4  flash.o(.data)
    LENGTH_OF_DRONE                          0x200000fc   Data           2  flash.o(.data)
    H_INT                                    0x20000100   Data           4  flash.o(.data)
    SONAR_HEIGHT                             0x20000104   Data           4  flash.o(.data)
    need_init_mems                           0x20000108   Data           1  flash.o(.data)
    SBUS_MIN                                 0x2000010a   Data           2  flash.o(.data)
    SBUS_MAX                                 0x2000010c   Data           2  flash.o(.data)
    SBUS_MID                                 0x2000010e   Data           2  flash.o(.data)
    SBUS_MIN_A                               0x20000110   Data           2  flash.o(.data)
    SBUS_MAX_A                               0x20000112   Data           2  flash.o(.data)
    SBUS_MID_A                               0x20000114   Data           2  flash.o(.data)
    feed_imu_dog                             0x2000011a   Data           1  usart_fc.o(.data)
    test_leg                                 0x2000011c   Data           6  usart_fc.o(.data)
    TxCounter1                               0x20000122   Data           1  usart_fc.o(.data)
    count1                                   0x20000123   Data           1  usart_fc.o(.data)
    RxState1                                 0x20000124   Data           1  usart_fc.o(.data)
    RxBufferNum1                             0x20000125   Data           1  usart_fc.o(.data)
    RxBufferCnt1                             0x20000126   Data           1  usart_fc.o(.data)
    RxLen1                                   0x20000127   Data           1  usart_fc.o(.data)
    set1                                     0x2000012a   Data           1  usart_fc.o(.data)
    TxCounter2                               0x2000012b   Data           1  usart_fc.o(.data)
    count2                                   0x2000012c   Data           1  usart_fc.o(.data)
    RxState2                                 0x2000012d   Data           1  usart_fc.o(.data)
    RxBufferNum2                             0x2000012e   Data           1  usart_fc.o(.data)
    RxBufferCnt2                             0x2000012f   Data           1  usart_fc.o(.data)
    RxLen2                                   0x20000130   Data           1  usart_fc.o(.data)
    TxCounter3                               0x20000133   Data           1  usart_fc.o(.data)
    count3                                   0x20000134   Data           1  usart_fc.o(.data)
    RxState3                                 0x20000135   Data           1  usart_fc.o(.data)
    RxBufferNum3                             0x20000136   Data           1  usart_fc.o(.data)
    RxBufferCnt3                             0x20000137   Data           1  usart_fc.o(.data)
    RxLen3                                   0x20000138   Data           1  usart_fc.o(.data)
    TxCounter4                               0x2000013b   Data           1  usart_fc.o(.data)
    count4                                   0x2000013c   Data           1  usart_fc.o(.data)
    RxState4                                 0x2000013d   Data           1  usart_fc.o(.data)
    RxBufferNum4                             0x2000013e   Data           1  usart_fc.o(.data)
    RxBufferCnt4                             0x2000013f   Data           1  usart_fc.o(.data)
    RxLen4                                   0x20000140   Data           1  usart_fc.o(.data)
    TxCounter5                               0x20000143   Data           1  usart_fc.o(.data)
    count5                                   0x20000144   Data           1  usart_fc.o(.data)
    RxState5                                 0x20000145   Data           1  usart_fc.o(.data)
    RxBufferNum5                             0x20000146   Data           1  usart_fc.o(.data)
    RxBufferCnt5                             0x20000147   Data           1  usart_fc.o(.data)
    RxLen5                                   0x20000148   Data           1  usart_fc.o(.data)
    leg_uart_cnt                             0x2000014c   Data           2  usart_fc.o(.data)
    acc_3d_step                              0x20000164   Data           1  mpu6050.o(.data)
    mpu6050_ok                               0x20000165   Data           1  mpu6050.o(.data)
    sum_temp_att                             0x20000168   Data           8  mpu6050.o(.data)
    acc_sum_cnt                              0x20000170   Data           2  mpu6050.o(.data)
    acc_sum_cnt_3d                           0x20000172   Data           2  mpu6050.o(.data)
    acc_smple_cnt_3d                         0x20000174   Data           2  mpu6050.o(.data)
    gyro_sum_cnt                             0x20000176   Data           2  mpu6050.o(.data)
    filter_cnt                               0x20000178   Data           1  mpu6050.o(.data)
    filter_cnt_old                           0x20000179   Data           1  mpu6050.o(.data)
    test_ang                                 0x2000017c   Data           4  mpu6050.o(.data)
    test_ang_old                             0x20000180   Data           4  mpu6050.o(.data)
    test_ang_d                               0x20000184   Data           4  mpu6050.o(.data)
    test_fli_a                               0x20000188   Data           4  mpu6050.o(.data)
    test_i                                   0x2000018c   Data           4  mpu6050.o(.data)
    rawAccel                                 0x20000192   Data           6  mpu9250.o(.data)
    rawGyro                                  0x20000198   Data           6  mpu9250.o(.data)
    rawMag                                   0x2000019e   Data           6  mpu9250.o(.data)
    rawMPU6050Temperature                    0x200001a4   Data           2  mpu9250.o(.data)
    ak8975                                   0x200001a8   Data          44  hml5833l.o(.data)
    ak8975_ok                                0x20000228   Data           1  hml5833l.o(.data)
    Mag_CALIBRATED                           0x20000229   Data           1  hml5833l.o(.data)
    Mag_CALIBRATED_R                         0x2000022a   Data           1  hml5833l.o(.data)
    fly_ready                                0x20000248   Data           1  imu.o(.data)
    Roll                                     0x2000024c   Data           4  imu.o(.data)
    Pitch                                    0x20000250   Data           4  imu.o(.data)
    Yaw                                      0x20000254   Data           4  imu.o(.data)
    ref_q                                    0x20000258   Data          16  imu.o(.data)
    norm_acc                                 0x20000268   Data           4  imu.o(.data)
    norm_q                                   0x2000026c   Data           4  imu.o(.data)
    norm_acc_lpf                             0x20000270   Data           4  imu.o(.data)
    test_flag                                0x20000274   Data          12  imu.o(.data)
    imu_sel                                  0x20000280   Data           1  imu.o(.data)
    q0                                       0x20000284   Data           4  imu.o(.data)
    q1                                       0x20000288   Data           4  imu.o(.data)
    q2                                       0x2000028c   Data           4  imu.o(.data)
    q3                                       0x20000290   Data           4  imu.o(.data)
    exInt                                    0x20000294   Data           4  imu.o(.data)
    eyInt                                    0x20000298   Data           4  imu.o(.data)
    ezInt                                    0x2000029c   Data           4  imu.o(.data)
    Yaw1                                     0x200002a0   Data           4  imu.o(.data)
    Pitch1                                   0x200002a4   Data           4  imu.o(.data)
    Roll1                                    0x200002a8   Data           4  imu.o(.data)
    mag_norm                                 0x200002ac   Data           4  imu.o(.data)
    mag_norm_xyz                             0x200002b0   Data           4  imu.o(.data)
    off_local                                0x200002bc   Data           8  leg.o(.data)
    k_z                                      0x200002c4   Data           4  leg.o(.data)
    SET_PWM3_OFF                             0x200002c8   Data           2  leg.o(.data)
    rate_delay_kuai                          0x200002cc   Data           4  leg.o(.data)
    delay_time_kuai                          0x200002d0   Data           4  leg.o(.data)
    sita_test                                0x200002d4   Data          12  leg.o(.data)
    line_test                                0x200002e0   Data           4  leg.o(.data)
    force_test_mode                          0x200002e4   Data           1  leg.o(.data)
    stop_leg                                 0x20000300   Data           1  brain.o(.data)
    per_stop                                 0x20000301   Data           1  brain.o(.data)
    k_acc                                    0x20000304   Data           4  brain.o(.data)
    last_move_leg                            0x20000308   Data           1  brain.o(.data)
    pass_id                                  0x20000309   Data           5  brain.o(.data)
    pass_id1                                 0x2000030e   Data           5  brain.o(.data)
    kp_att                                   0x20000314   Data           4  brain.o(.data)
    ki_att                                   0x20000318   Data           4  brain.o(.data)
    kd_att                                   0x2000031c   Data           4  brain.o(.data)
    flt                                      0x20000320   Data           4  brain.o(.data)
    h_k                                      0x20000324   Data           4  brain.o(.data)
    k_band                                   0x20000328   Data           4  brain.o(.data)
    reset_deng                               0x2000032c   Data           4  brain.o(.data)
    reset_sita                               0x20000330   Data          12  brain.o(.data)
    reset_sita1                              0x2000033c   Data          12  brain.o(.data)
    reset_sita2                              0x20000348   Data          12  brain.o(.data)
    trig_list_f                              0x20000384   Data           5  brain_g.o(.data)
    trig_list_r                              0x20000389   Data           5  brain_g.o(.data)
    trig_list_b                              0x2000038e   Data           5  brain_g.o(.data)
    trig_list_l                              0x20000393   Data           5  brain_g.o(.data)
    flag_acc                                 0x20000398   Data           8  brain_g.o(.data)
    k_acc1                                   0x200003a0   Data           4  brain_g.o(.data)
    k_acc_control                            0x200003a4   Data           8  brain_g.o(.data)
    center_control_out                       0x200003ac   Data           8  brain_g.o(.data)
    last_move_id                             0x200003b4   Data           1  brain_g.o(.data)
    last_last_move_id                        0x200003b5   Data           1  brain_g.o(.data)
    en_off_trig                              0x200003b7   Data           1  brain_g.o(.data)
    h_k2                                     0x200003b8   Data           4  brain_g.o(.data)
    k_off                                    0x200003bc   Data           4  brain_g.o(.data)
    k_trig1                                  0x200003c0   Data           4  brain_g.o(.data)
    k_rad                                    0x200003c4   Data           4  brain_g.o(.data)
    ACC_HIGHPASS_TAU                         0x200003dc   Data           4  fliter.o(.data)
    ACC_LOWPASS_TAU                          0x200003e0   Data           4  fliter.o(.data)
    ACC_LOWPASS_SAMPLE_TIME                  0x200003e4   Data           4  fliter.o(.data)
    ACC_LOWPASS_A                            0x200003e8   Data           4  fliter.o(.data)
    ACC_LOWPASS_GX1                          0x200003ec   Data           4  fliter.o(.data)
    ACC_LOWPASS_GX2                          0x200003f0   Data           4  fliter.o(.data)
    ACC_LOWPASS_GX3                          0x200003f4   Data           4  fliter.o(.data)
    BARO_LOWPASS_TAU                         0x200003f8   Data           4  fliter.o(.data)
    BARO_LOWPASS_SAMPLE_TIME                 0x200003fc   Data           4  fliter.o(.data)
    BARO_LOWPASS_A                           0x20000400   Data           4  fliter.o(.data)
    BARO_LOWPASS_GX1                         0x20000404   Data           4  fliter.o(.data)
    BARO_LOWPASS_GX2                         0x20000408   Data           4  fliter.o(.data)
    BARO_LOWPASS_GX3                         0x2000040c   Data           4  fliter.o(.data)
    FLOW_LOWPASS_TAU                         0x20000410   Data           4  fliter.o(.data)
    FLOW_LOWPASS_SAMPLE_TIME                 0x20000414   Data           4  fliter.o(.data)
    FLOW_LOWPASS_A                           0x20000418   Data           4  fliter.o(.data)
    FLOW_LOWPASS_GX1                         0x2000041c   Data           4  fliter.o(.data)
    FLOW_LOWPASS_GX2                         0x20000420   Data           4  fliter.o(.data)
    FLOW_LOWPASS_GX3                         0x20000424   Data           4  fliter.o(.data)
    fast_atan_table                          0x20000438   Data        1028  my_math.o(.data)
    sbus_data_i                              0x2000083c   Data          26  sbus.o(.data)
    sbus_data                                0x20000856   Data          26  sbus.o(.data)
    channels                                 0x20000870   Data          36  sbus.o(.data)
    failsafe_status                          0x20000894   Data           1  sbus.o(.data)
    sbus_passthrough                         0x20000895   Data           1  sbus.o(.data)
    leg_dt                                   0x20000898   Data          20  ucos_task.o(.bss)
    LEG1_TASK_STK                            0x200008ac   Data        1024  ucos_task.o(.bss)
    LEG2_TASK_STK                            0x20000cac   Data        1024  ucos_task.o(.bss)
    LEG3_TASK_STK                            0x200010ac   Data        1024  ucos_task.o(.bss)
    LEG4_TASK_STK                            0x200014ac   Data        1024  ucos_task.o(.bss)
    BRAIN_TASK_STK                           0x200018ac   Data        4352  ucos_task.o(.bss)
    UART_TASK_STK                            0x200029ac   Data        1024  ucos_task.o(.bss)
    START_TASK_STK                           0x20002db8   Data         256  main.o(.bss)
    MsgGrp                                   0x20002eb8   Data        1024  main.o(.bss)
    OSEventTbl                               0x200032b8   Data         200  os_core.o(.bss)
    OSFlagTbl                                0x20003380   Data          80  os_core.o(.bss)
    OSTaskStatStk                            0x200033d0   Data         512  os_core.o(.bss)
    OSTaskIdleStk                            0x200035d0   Data         512  os_core.o(.bss)
    OSTCBPrioTbl                             0x200037d0   Data         256  os_core.o(.bss)
    OSTCBTbl                                 0x200038d0   Data        1848  os_core.o(.bss)
    OSQTbl                                   0x20004008   Data         120  os_core.o(.bss)
    OSTmrTbl                                 0x20004080   Data         640  os_core.o(.bss)
    OSTmrTaskStk                             0x20004300   Data         512  os_core.o(.bss)
    OSTmrWheelTbl                            0x20004500   Data          64  os_core.o(.bss)
    FLASH_READ_BUF                           0x20004540   Data         100  flash.o(.bss)
    FLASH_Buffer                             0x200045a4   Data         100  flash.o(.bss)
    Cycle_T                                  0x20004608   Data         180  time.o(.bss)
    TxBuffer1                                0x200046bc   Data         256  usart_fc.o(.bss)
    Rx_Buf1                                  0x200047bc   Data         256  usart_fc.o(.bss)
    RxBuffer1                                0x200048bc   Data          50  usart_fc.o(.bss)
    TxBuffer2                                0x200048ee   Data         256  usart_fc.o(.bss)
    Rx_Buf2                                  0x200049ee   Data         256  usart_fc.o(.bss)
    RxBuffer2                                0x20004aee   Data          50  usart_fc.o(.bss)
    TxBuffer3                                0x20004b20   Data         256  usart_fc.o(.bss)
    Rx_Buf3                                  0x20004c20   Data         256  usart_fc.o(.bss)
    RxBuffer3                                0x20004d20   Data          50  usart_fc.o(.bss)
    TxBuffer4                                0x20004d52   Data         256  usart_fc.o(.bss)
    Rx_Buf4                                  0x20004e52   Data         256  usart_fc.o(.bss)
    RxBuffer4                                0x20004f52   Data          50  usart_fc.o(.bss)
    Rc_Get_PWM                               0x20004f84   Data          34  usart_fc.o(.bss)
    Rc_Get_SBUS                              0x20004fa6   Data          34  usart_fc.o(.bss)
    TxBuffer5                                0x20004fc8   Data         256  usart_fc.o(.bss)
    Rx_Buf5                                  0x200050c8   Data         256  usart_fc.o(.bss)
    RxBuffer5                                0x200051c8   Data          50  usart_fc.o(.bss)
    SendBuff1                                0x200051fa   Data         256  usart_fc.o(.bss)
    SendBuff3                                0x200052fa   Data          32  usart_fc.o(.bss)
    mpu6050                                  0x20005330   Data         160  mpu6050.o(.bss)
    mpu6050_fc                               0x200053d0   Data         160  mpu6050.o(.bss)
    mpu6050_buffer                           0x20005470   Data          14  mpu6050.o(.bss)
    sum_temp                                 0x20005480   Data          28  mpu6050.o(.bss)
    sum_temp_3d                              0x2000549c   Data          28  mpu6050.o(.bss)
    FILT_BUF                                 0x200054b8   Data         154  mpu6050.o(.bss)
    mpu6050_tmp                              0x20005554   Data          28  mpu6050.o(.bss)
    mpu_fil_tmp                              0x20005570   Data          28  mpu6050.o(.bss)
    q_nav                                    0x20005694   Data          16  imu.o(.bss)
    q_nav_r                                  0x200056a4   Data          16  imu.o(.bss)
    reference_v                              0x200056b4   Data          12  imu.o(.bss)
    ref                                      0x200056c0   Data          60  imu.o(.bss)
    reference_vr                             0x200056fc   Data          12  imu.o(.bss)
    mag_sim_3d                               0x20005708   Data          12  imu.o(.bss)
    leg                                      0x20005720   Data        2460  leg.o(.bss)
    brain                                    0x200060c0   Data         880  leg.o(.bss)
    c0                                       0x20006430   Data          12  leg.o(.bss)
    c3                                       0x2000643c   Data          12  leg.o(.bss)
    c4                                       0x20006448   Data          12  leg.o(.bss)
    c5                                       0x20006454   Data          12  leg.o(.bss)
    c6                                       0x20006460   Data          12  leg.o(.bss)
    test1                                    0x200064e8   Data          12  brain.o(.bss)
    att_control_out                          0x200064f4   Data          20  brain.o(.bss)
    out_range_move                           0x2000651c   Data          10  brain_g.o(.bss)
    med_filter_tmp                           0x20006528   Data        2400  fliter.o(.bss)
    med_filter_out                           0x20006e88   Data         120  fliter.o(.bss)
    med_fil_cnt                              0x20006f00   Data          30  fliter.o(.bss)
    firstOrderFilters                        0x20006f20   Data         400  fliter.o(.bss)
    hml_lsq                                  0x200070b0   Data         168  cycle_cal_oldx.o(.bss)
    __libspace_start                         0x20007158   Data          96  libspace.o(.bss)
    __temporary_stack_top$libspace           0x200071b8   Data           0  libspace.o(.bss)



==============================================================================

Memory Map of the image

  Image Entry point : 0x08000189

  Load Region LR_IROM1 (Base: 0x08000000, Size: 0x000218b0, Max: 0x00100000, ABSOLUTE, COMPRESSED[0x00021574])

    Execution Region ER_IROM1 (Base: 0x08000000, Size: 0x00021018, Max: 0x00100000, ABSOLUTE)

    Base Addr    Size         Type   Attr      Idx    E Section Name        Object

    0x08000000   0x00000188   Data   RO          428    RESET               startup_stm32f40_41xxx.o
    0x08000188   0x00000008   Code   RO         1662  * !!!main             c_w.l(__main.o)
    0x08000190   0x00000034   Code   RO         2044    !!!scatter          c_w.l(__scatter.o)
    0x080001c4   0x0000005a   Code   RO         2042    !!dczerorl2         c_w.l(__dczerorl2.o)
    0x0800021e   0x00000002   PAD
    0x08000220   0x0000001c   Code   RO         2046    !!handler_zi        c_w.l(__scatter_zi.o)
    0x0800023c   0x00000002   Code   RO         1911    .ARM.Collect$$libinit$$00000000  c_w.l(libinit.o)
    0x0800023e   0x00000004   Code   RO         1916    .ARM.Collect$$libinit$$00000001  c_w.l(libinit2.o)
    0x08000242   0x00000000   Code   RO         1919    .ARM.Collect$$libinit$$00000004  c_w.l(libinit2.o)
    0x08000242   0x00000000   Code   RO         1922    .ARM.Collect$$libinit$$0000000A  c_w.l(libinit2.o)
    0x08000242   0x00000000   Code   RO         1924    .ARM.Collect$$libinit$$0000000C  c_w.l(libinit2.o)
    0x08000242   0x00000000   Code   RO         1926    .ARM.Collect$$libinit$$0000000E  c_w.l(libinit2.o)
    0x08000242   0x00000000   Code   RO         1929    .ARM.Collect$$libinit$$00000011  c_w.l(libinit2.o)
    0x08000242   0x00000000   Code   RO         1931    .ARM.Collect$$libinit$$00000013  c_w.l(libinit2.o)
    0x08000242   0x00000000   Code   RO         1933    .ARM.Collect$$libinit$$00000015  c_w.l(libinit2.o)
    0x08000242   0x00000000   Code   RO         1935    .ARM.Collect$$libinit$$00000017  c_w.l(libinit2.o)
    0x08000242   0x00000000   Code   RO         1937    .ARM.Collect$$libinit$$00000019  c_w.l(libinit2.o)
    0x08000242   0x00000000   Code   RO         1939    .ARM.Collect$$libinit$$0000001B  c_w.l(libinit2.o)
    0x08000242   0x00000000   Code   RO         1941    .ARM.Collect$$libinit$$0000001D  c_w.l(libinit2.o)
    0x08000242   0x00000000   Code   RO         1943    .ARM.Collect$$libinit$$0000001F  c_w.l(libinit2.o)
    0x08000242   0x00000000   Code   RO         1945    .ARM.Collect$$libinit$$00000021  c_w.l(libinit2.o)
    0x08000242   0x00000000   Code   RO         1947    .ARM.Collect$$libinit$$00000023  c_w.l(libinit2.o)
    0x08000242   0x00000000   Code   RO         1949    .ARM.Collect$$libinit$$00000025  c_w.l(libinit2.o)
    0x08000242   0x00000000   Code   RO         1953    .ARM.Collect$$libinit$$0000002C  c_w.l(libinit2.o)
    0x08000242   0x00000000   Code   RO         1955    .ARM.Collect$$libinit$$0000002E  c_w.l(libinit2.o)
    0x08000242   0x00000000   Code   RO         1957    .ARM.Collect$$libinit$$00000030  c_w.l(libinit2.o)
    0x08000242   0x00000000   Code   RO         1959    .ARM.Collect$$libinit$$00000032  c_w.l(libinit2.o)
    0x08000242   0x00000002   Code   RO         1960    .ARM.Collect$$libinit$$00000033  c_w.l(libinit2.o)
    0x08000244   0x00000002   Code   RO         1982    .ARM.Collect$$libshutdown$$00000000  c_w.l(libshutdown.o)
    0x08000246   0x00000000   Code   RO         1995    .ARM.Collect$$libshutdown$$00000002  c_w.l(libshutdown2.o)
    0x08000246   0x00000000   Code   RO         1997    .ARM.Collect$$libshutdown$$00000004  c_w.l(libshutdown2.o)
    0x08000246   0x00000000   Code   RO         2000    .ARM.Collect$$libshutdown$$00000007  c_w.l(libshutdown2.o)
    0x08000246   0x00000000   Code   RO         2003    .ARM.Collect$$libshutdown$$0000000A  c_w.l(libshutdown2.o)
    0x08000246   0x00000000   Code   RO         2005    .ARM.Collect$$libshutdown$$0000000C  c_w.l(libshutdown2.o)
    0x08000246   0x00000000   Code   RO         2008    .ARM.Collect$$libshutdown$$0000000F  c_w.l(libshutdown2.o)
    0x08000246   0x00000002   Code   RO         2009    .ARM.Collect$$libshutdown$$00000010  c_w.l(libshutdown2.o)
    0x08000248   0x00000000   Code   RO         1806    .ARM.Collect$$rtentry$$00000000  c_w.l(__rtentry.o)
    0x08000248   0x00000000   Code   RO         1878    .ARM.Collect$$rtentry$$00000002  c_w.l(__rtentry2.o)
    0x08000248   0x00000006   Code   RO         1890    .ARM.Collect$$rtentry$$00000004  c_w.l(__rtentry4.o)
    0x0800024e   0x00000000   Code   RO         1880    .ARM.Collect$$rtentry$$00000009  c_w.l(__rtentry2.o)
    0x0800024e   0x00000004   Code   RO         1881    .ARM.Collect$$rtentry$$0000000A  c_w.l(__rtentry2.o)
    0x08000252   0x00000000   Code   RO         1883    .ARM.Collect$$rtentry$$0000000C  c_w.l(__rtentry2.o)
    0x08000252   0x00000008   Code   RO         1884    .ARM.Collect$$rtentry$$0000000D  c_w.l(__rtentry2.o)
    0x0800025a   0x00000002   Code   RO         1914    .ARM.Collect$$rtexit$$00000000  c_w.l(rtexit.o)
    0x0800025c   0x00000000   Code   RO         1964    .ARM.Collect$$rtexit$$00000002  c_w.l(rtexit2.o)
    0x0800025c   0x00000004   Code   RO         1965    .ARM.Collect$$rtexit$$00000003  c_w.l(rtexit2.o)
    0x08000260   0x00000006   Code   RO         1966    .ARM.Collect$$rtexit$$00000004  c_w.l(rtexit2.o)
    0x08000266   0x00000002   PAD
    0x08000268   0x00000cbc   Code   RO            3    .text               ucos_task.o
    0x08000f24   0x00000200   Code   RO          314    .text               main.o
    0x08001124   0x00000020   Code   RO          350    .text               stm32f4xx_it.o
    0x08001144   0x00000210   Code   RO          402    .text               system_stm32f4xx.o
    0x08001354   0x00000040   Code   RO          429    .text               startup_stm32f40_41xxx.o
    0x08001394   0x00000108   Code   RO          435    .text               delay.o
    0x0800149c   0x000000e0   Code   RO          475    .text               misc.o
    0x0800157c   0x00000294   Code   RO          495    .text               stm32f4xx_gpio.o
    0x08001810   0x0000065c   Code   RO          538    .text               stm32f4xx_rcc.o
    0x08001e6c   0x00000454   Code   RO          580    .text               stm32f4xx_usart.o
    0x080022c0   0x00000694   Code   RO          620    .text               stm32f4xx_flash.o
    0x08002954   0x00000480   Code   RO          680    .text               stm32f4xx_spi.o
    0x08002dd4   0x000003a8   Code   RO          700    .text               stm32f4xx_dma.o
    0x0800317c   0x000000a0   Code   RO          720    .text               stm32f4xx_rng.o
    0x0800321c   0x00000894   Code   RO          740    .text               os_core.o
    0x08003ab0   0x0000080c   Code   RO          768    .text               os_flag.o
    0x080042bc   0x000003cc   Code   RO          788    .text               os_mbox.o
    0x08004688   0x000005e8   Code   RO          842    .text               os_q.o
    0x08004c70   0x0000038c   Code   RO          862    .text               os_sem.o
    0x08004ffc   0x000007c4   Code   RO          882    .text               os_task.o
    0x080057c0   0x000001b0   Code   RO          902    .text               os_time.o
    0x08005970   0x00000634   Code   RO          922    .text               os_tmr.o
    0x08005fa4   0x000000c8   Code   RO          940    .text               os_cpu_a.o
    0x0800606c   0x000001e8   Code   RO          945    .text               os_cpu_c.o
    0x08006254   0x00000f08   Code   RO          975    .text               flash.o
    0x0800715c   0x000000d0   Code   RO         1007    .text               led_fc.o
    0x0800722c   0x00000164   Code   RO         1058    .text               time.o
    0x08007390   0x000000e8   Code   RO         1089    .text               dma.o
    0x08007478   0x0000006c   Code   RO         1109    .text               rng.o
    0x080074e4   0x00000240   Code   RO         1129    .text               spi_nrf.o
    0x08007724   0x00002238   Code   RO         1149    .text               usart_fc.o
    0x0800995c   0x00000b2c   Code   RO         1177    .text               mpu6050.o
    0x0800a488   0x000002a4   Code   RO         1209    .text               mpu9250.o
    0x0800a72c   0x000004d4   Code   RO         1239    .text               hml5833l.o
    0x0800ac00   0x00001514   Code   RO         1267    .text               imu.o
    0x0800c114   0x00002cb0   Code   RO         1381    .text               leg_lib.o
    0x0800edc4   0x00002fb0   Code   RO         1402    .text               leg.o
    0x08011d74   0x00004b10   Code   RO         1435    .text               brain.o
    0x08016884   0x000051b0   Code   RO         1464    .text               brain_g.o
    0x0801ba34   0x00000778   Code   RO         1493    .text               fliter.o
    0x0801c1ac   0x000006c0   Code   RO         1520    .text               my_math.o
    0x0801c86c   0x00000260   Code   RO         1542    .text               sbus_oldx.lib(sbus.o)
    0x0801cacc   0x00000a18   Code   RO         1632    .text               cycle_cal_oldx.lib(cycle_cal_oldx.o)
    0x0801d4e4   0x00000064   Code   RO         1656    .text               c_w.l(rt_memcpy_w.o)
    0x0801d548   0x0000004e   Code   RO         1658    .text               c_w.l(rt_memclr_w.o)
    0x0801d596   0x00000006   Code   RO         1660    .text               c_w.l(heapauxi.o)
    0x0801d59c   0x00000016   Code   RO         1807    .text               c_w.l(_rserrno.o)
    0x0801d5b2   0x00000002   PAD
    0x0801d5b4   0x00000008   Code   RO         1895    .text               c_w.l(rt_errno_addr_intlibspace.o)
    0x0801d5bc   0x00000008   Code   RO         1899    .text               c_w.l(libspace.o)
    0x0801d5c4   0x0000004a   Code   RO         1902    .text               c_w.l(sys_stackheap_outer.o)
    0x0801d60e   0x00000012   Code   RO         1904    .text               c_w.l(exit.o)
    0x0801d620   0x0000000c   Code   RO         1974    .text               c_w.l(sys_exit.o)
    0x0801d62c   0x00000002   Code   RO         1985    .text               c_w.l(use_no_semi.o)
    0x0801d62e   0x00000000   Code   RO         1987    .text               c_w.l(indicate_semi.o)
    0x0801d62e   0x00000030   Code   RO         1855    i.__ARM_fpclassify  m_wm.l(fpclassify.o)
    0x0801d65e   0x00000002   PAD
    0x0801d660   0x00000358   Code   RO         1698    i.__hardfp_acos     m_wm.l(acos.o)
    0x0801d9b8   0x00000360   Code   RO         1712    i.__hardfp_asin     m_wm.l(asin.o)
    0x0801dd18   0x000002d8   Code   RO         1824    i.__hardfp_atan     m_wm.l(atan.o)
    0x0801dff0   0x000001f0   Code   RO         1726    i.__hardfp_atan2    m_wm.l(atan2.o)
    0x0801e1e0   0x000000c8   Code   RO         1738    i.__hardfp_cos      m_wm.l(cos.o)
    0x0801e2a8   0x00000014   Code   RO         1750    i.__hardfp_fabs     m_wm.l(fabs.o)
    0x0801e2bc   0x00000004   PAD
    0x0801e2c0   0x00000c50   Code   RO         1756    i.__hardfp_pow      m_wm.l(pow.o)
    0x0801ef10   0x000000c8   Code   RO         1770    i.__hardfp_sin      m_wm.l(sin.o)
    0x0801efd8   0x0000007a   Code   RO         1782    i.__hardfp_sqrt     m_wm.l(sqrt.o)
    0x0801f052   0x00000006   PAD
    0x0801f058   0x00000080   Code   RO         1794    i.__hardfp_tan      m_wm.l(tan.o)
    0x0801f0d8   0x00000438   Code   RO         1860    i.__ieee754_rem_pio2  m_wm.l(rred.o)
    0x0801f510   0x00000170   Code   RO         1838    i.__kernel_cos      m_wm.l(cos_i.o)
    0x0801f680   0x000000f8   Code   RO         1857    i.__kernel_poly     m_wm.l(poly.o)
    0x0801f778   0x00000130   Code   RO         1865    i.__kernel_sin      m_wm.l(sin_i.o)
    0x0801f8a8   0x00000350   Code   RO         1871    i.__kernel_tan      m_wm.l(tan_i.o)
    0x0801fbf8   0x00000030   Code   RO         1841    i.__mathlib_dbl_divzero  m_wm.l(dunder.o)
    0x0801fc28   0x00000014   Code   RO         1842    i.__mathlib_dbl_infnan  m_wm.l(dunder.o)
    0x0801fc3c   0x00000014   Code   RO         1843    i.__mathlib_dbl_infnan2  m_wm.l(dunder.o)
    0x0801fc50   0x00000020   Code   RO         1844    i.__mathlib_dbl_invalid  m_wm.l(dunder.o)
    0x0801fc70   0x00000020   Code   RO         1845    i.__mathlib_dbl_overflow  m_wm.l(dunder.o)
    0x0801fc90   0x00000020   Code   RO         1847    i.__mathlib_dbl_underflow  m_wm.l(dunder.o)
    0x0801fcb0   0x00000010   Code   RO         1826    i.atan              m_wm.l(atan.o)
    0x0801fcc0   0x00000018   Code   RO         1752    i.fabs              m_wm.l(fabs.o)
    0x0801fcd8   0x0000006e   Code   RO         1784    i.sqrt              m_wm.l(sqrt.o)
    0x0801fd46   0x00000018   Code   RO         1664    x$fpl$basic         fz_wm.l(basic.o)
    0x0801fd5e   0x00000002   PAD
    0x0801fd60   0x00000062   Code   RO         1666    x$fpl$d2f           fz_wm.l(d2f.o)
    0x0801fdc2   0x00000002   PAD
    0x0801fdc4   0x00000150   Code   RO         1668    x$fpl$dadd          fz_wm.l(daddsub_clz.o)
    0x0801ff14   0x00000010   Code   RO         1897    x$fpl$dcheck1       fz_wm.l(dcheck1.o)
    0x0801ff24   0x00000018   Code   RO         1809    x$fpl$dcmpinf       fz_wm.l(dcmpi.o)
    0x0801ff3c   0x000002b0   Code   RO         1675    x$fpl$ddiv          fz_wm.l(ddiv.o)
    0x080201ec   0x0000005e   Code   RO         1680    x$fpl$dfix          fz_wm.l(dfix.o)
    0x0802024a   0x0000002e   Code   RO         1685    x$fpl$dflt          fz_wm.l(dflt_clz.o)
    0x08020278   0x00000026   Code   RO         1684    x$fpl$dfltu         fz_wm.l(dflt_clz.o)
    0x0802029e   0x00000002   PAD
    0x080202a0   0x00000078   Code   RO         1690    x$fpl$dleqf         fz_wm.l(dleqf.o)
    0x08020318   0x00000154   Code   RO         1692    x$fpl$dmul          fz_wm.l(dmul.o)
    0x0802046c   0x0000009c   Code   RO         1811    x$fpl$dnaninf       fz_wm.l(dnaninf.o)
    0x08020508   0x0000000c   Code   RO         1813    x$fpl$dretinf       fz_wm.l(dretinf.o)
    0x08020514   0x0000006c   Code   RO         1694    x$fpl$drleqf        fz_wm.l(drleqf.o)
    0x08020580   0x00000016   Code   RO         1669    x$fpl$drsb          fz_wm.l(daddsub_clz.o)
    0x08020596   0x00000002   PAD
    0x08020598   0x00000198   Code   RO         1815    x$fpl$dsqrt         fz_wm.l(dsqrt_umaal.o)
    0x08020730   0x000001d4   Code   RO         1670    x$fpl$dsub          fz_wm.l(daddsub_clz.o)
    0x08020904   0x00000056   Code   RO         1696    x$fpl$f2d           fz_wm.l(f2d.o)
    0x0802095a   0x0000008c   Code   RO         1817    x$fpl$fnaninf       fz_wm.l(fnaninf.o)
    0x080209e6   0x0000000a   Code   RO         1972    x$fpl$fpinit        fz_wm.l(fpinit.o)
    0x080209f0   0x0000000a   Code   RO         1819    x$fpl$fretinf       fz_wm.l(fretinf.o)
    0x080209fa   0x00000064   Code   RO         1912    x$fpl$retnan        fz_wm.l(retnan.o)
    0x08020a5e   0x0000005c   Code   RO         1821    x$fpl$scalbn        fz_wm.l(scalbn.o)
    0x08020aba   0x00000030   Code   RO         1961    x$fpl$trapveneer    fz_wm.l(trapv.o)
    0x08020aea   0x00000000   Code   RO         1823    x$fpl$usenofp       fz_wm.l(usenofp.o)
    0x08020aea   0x00000100   Data   RO          742    .constdata          os_core.o
    0x08020bea   0x00000002   PAD
    0x08020bec   0x00000010   Data   RO         1382    .constdata          leg_lib.o
    0x08020bfc   0x00000008   Data   RO         1404    .constdata          leg.o
    0x08020c04   0x00000004   PAD
    0x08020c08   0x00000050   Data   RO         1437    .constdata          brain.o
    0x08020c58   0x00000058   Data   RO         1466    .constdata          brain_g.o
    0x08020cb0   0x00000050   Data   RO         1701    .constdata          m_wm.l(acos.o)
    0x08020d00   0x00000050   Data   RO         1715    .constdata          m_wm.l(asin.o)
    0x08020d50   0x00000088   Data   RO         1759    .constdata          m_wm.l(pow.o)
    0x08020dd8   0x00000098   Data   RO         1827    .constdata          m_wm.l(atan.o)
    0x08020e70   0x00000030   Data   RO         1839    .constdata          m_wm.l(cos_i.o)
    0x08020ea0   0x00000008   Data   RO         1859    .constdata          m_wm.l(qnan.o)
    0x08020ea8   0x000000c8   Data   RO         1862    .constdata          m_wm.l(rred.o)
    0x08020f70   0x00000028   Data   RO         1866    .constdata          m_wm.l(sin_i.o)
    0x08020f98   0x00000060   Data   RO         1872    .constdata          m_wm.l(tan_i.o)
    0x08020ff8   0x00000020   Data   RO         2040    Region$$Table       anon$$obj.o


    Execution Region RW_IRAM1 (Base: 0x20000000, Size: 0x000077b8, Max: 0x00020000, ABSOLUTE, COMPRESSED[0x0000055c])

    Base Addr    Size         Type   Attr      Idx    E Section Name        Object

    0x20000000   0x0000004d   Data   RW            5    .data               ucos_task.o
    0x2000004d   0x00000003   PAD
    0x20000050   0x0000000d   Data   RW          316    .data               main.o
    0x2000005d   0x00000001   Data   RW          351    .data               stm32f4xx_it.o
    0x2000005e   0x00000002   PAD
    0x20000060   0x00000014   Data   RW          403    .data               system_stm32f4xx.o
    0x20000074   0x00000004   Data   RW          436    .data               delay.o
    0x20000078   0x00000010   Data   RW          539    .data               stm32f4xx_rcc.o
    0x20000088   0x0000005c   Data   RW          743    .data               os_core.o
    0x200000e4   0x00000006   Data   RW          946    .data               os_cpu_c.o
    0x200000ea   0x00000002   PAD
    0x200000ec   0x0000002a   Data   RW          977    .data               flash.o
    0x20000116   0x00000004   Data   RW         1008    .data               led_fc.o
    0x2000011a   0x0000004a   Data   RW         1151    .data               usart_fc.o
    0x20000164   0x0000002d   Data   RW         1179    .data               mpu6050.o
    0x20000191   0x00000001   PAD
    0x20000192   0x00000014   Data   RW         1211    .data               mpu9250.o
    0x200001a6   0x00000002   PAD
    0x200001a8   0x000000a0   Data   RW         1241    .data               hml5833l.o
    0x20000248   0x00000074   Data   RW         1269    .data               imu.o
    0x200002bc   0x00000043   Data   RW         1405    .data               leg.o
    0x200002ff   0x00000001   PAD
    0x20000300   0x00000084   Data   RW         1438    .data               brain.o
    0x20000384   0x00000055   Data   RW         1467    .data               brain_g.o
    0x200003d9   0x00000003   PAD
    0x200003dc   0x00000059   Data   RW         1495    .data               fliter.o
    0x20000435   0x00000003   PAD
    0x20000438   0x00000404   Data   RW         1521    .data               my_math.o
    0x2000083c   0x0000005c   Data   RW         1543    .data               sbus_oldx.lib(sbus.o)
    0x20000898   0x00002520   Zero   RW            4    .bss                ucos_task.o
    0x20002db8   0x00000500   Zero   RW          315    .bss                main.o
    0x200032b8   0x00001288   Zero   RW          741    .bss                os_core.o
    0x20004540   0x000000c8   Zero   RW          976    .bss                flash.o
    0x20004608   0x000000b4   Zero   RW         1059    .bss                time.o
    0x200046bc   0x00000c72   Zero   RW         1150    .bss                usart_fc.o
    0x2000532e   0x00000002   PAD
    0x20005330   0x00000268   Zero   RW         1178    .bss                mpu6050.o
    0x20005598   0x000000fc   Zero   RW         1240    .bss                hml5833l.o
    0x20005694   0x0000008c   Zero   RW         1268    .bss                imu.o
    0x20005720   0x00000dc6   Zero   RW         1403    .bss                leg.o
    0x200064e6   0x00000002   PAD
    0x200064e8   0x00000034   Zero   RW         1436    .bss                brain.o
    0x2000651c   0x0000000a   Zero   RW         1465    .bss                brain_g.o
    0x20006526   0x00000002   PAD
    0x20006528   0x00000b88   Zero   RW         1494    .bss                fliter.o
    0x200070b0   0x000000a8   Zero   RW         1633    .bss                cycle_cal_oldx.lib(cycle_cal_oldx.o)
    0x20007158   0x00000060   Zero   RW         1900    .bss                c_w.l(libspace.o)
    0x200071b8   0x00000200   Zero   RW          427    HEAP                startup_stm32f40_41xxx.o
    0x200073b8   0x00000400   Zero   RW          426    STACK               startup_stm32f40_41xxx.o


==============================================================================

Image component sizes


      Code (inc. data)   RO Data    RW Data    ZI Data      Debug   Object Name

     19216        772         80        132         52      16622   brain.o
     20912        520         88         85         10      15453   brain_g.o
       264         18          0          4          0       1383   delay.o
       232          4          0          0          0       1428   dma.o
      3848        228          0         42        200       4163   flash.o
      1912        122          0         89       2952       6732   fliter.o
      1236         70          0        160        252       2735   hml5833l.o
      5396        258          0        116        140       5467   imu.o
       208          8          0          4          0        959   led_fc.o
     12208        366          8         67       3526      19494   leg.o
     11440        280         16          0          0      28510   leg_lib.o
       512         98          0         13       1280       9334   main.o
       224         20          0          0          0       1785   misc.o
      2860        182          0         45        616      14735   mpu6050.o
       676         24          0         20          0       5331   mpu9250.o
      1728        122          0       1028          0       6147   my_math.o
      2196        218        256         92       4744      15955   os_core.o
       200         32          0          0          0        308   os_cpu_a.o
       488          8          0          6          0      11743   os_cpu_c.o
      2060         42          0          0          0       7192   os_flag.o
       972         16          0          0          0       4294   os_mbox.o
      1512         30          0          0          0       5753   os_q.o
       908         18          0          0          0       4026   os_sem.o
      1988         70          0          0          0       7869   os_task.o
       432         30          0          0          0       1862   os_time.o
      1588         94          0          0          0       5713   os_tmr.o
       108          0          0          0          0        993   rng.o
       576         14          0          0          0       1283   spi_nrf.o
        64         26        392          0       1536        820   startup_stm32f40_41xxx.o
       936         32          0          0          0       6365   stm32f4xx_dma.o
      1684         28          0          0          0       9390   stm32f4xx_flash.o
       660         44          0          0          0       4129   stm32f4xx_gpio.o
        32          4          0          1          0     228787   stm32f4xx_it.o
      1628         52          0         16          0      12984   stm32f4xx_rcc.o
       160          4          0          0          0       1792   stm32f4xx_rng.o
      1152         36          0          0          0       6877   stm32f4xx_spi.o
      1108         34          0          0          0       7852   stm32f4xx_usart.o
       528         46          0         20          0       1731   system_stm32f4xx.o
       356         18          0          0        180      29341   time.o
      3260        298          0         77       9504     312575   ucos_task.o
      8760        338          0         74       3186      20970   usart_fc.o

    ----------------------------------------------------------------------
    116228       4624        878       2108      28184     850882   Object Totals
         0          0         32          0          0          0   (incl. Generated)
         0          0          6         17          6          0   (incl. Padding)

    ----------------------------------------------------------------------

      Code (inc. data)   RO Data    RW Data    ZI Data      Debug   Library Member Name

        90          0          0          0          0          0   __dczerorl2.o
         8          0          0          0          0         68   __main.o
         0          0          0          0          0          0   __rtentry.o
        12          0          0          0          0          0   __rtentry2.o
         6          0          0          0          0          0   __rtentry4.o
        52          8          0          0          0          0   __scatter.o
        28          0          0          0          0          0   __scatter_zi.o
        22          0          0          0          0        100   _rserrno.o
        18          0          0          0          0         80   exit.o
         6          0          0          0          0        152   heapauxi.o
         0          0          0          0          0          0   indicate_semi.o
         2          0          0          0          0          0   libinit.o
         6          0          0          0          0          0   libinit2.o
         2          0          0          0          0          0   libshutdown.o
         2          0          0          0          0          0   libshutdown2.o
         8          4          0          0         96         68   libspace.o
         8          4          0          0          0         68   rt_errno_addr_intlibspace.o
        78          0          0          0          0         80   rt_memclr_w.o
       100          0          0          0          0         80   rt_memcpy_w.o
         2          0          0          0          0          0   rtexit.o
        10          0          0          0          0          0   rtexit2.o
        12          4          0          0          0         68   sys_exit.o
        74          0          0          0          0         80   sys_stackheap_outer.o
         2          0          0          0          0         68   use_no_semi.o
      2584         12          0          0        168       4813   cycle_cal_oldx.o
        24          0          0          0          0        164   basic.o
        98          4          0          0          0        140   d2f.o
       826         16          0          0          0        492   daddsub_clz.o
        16          4          0          0          0        116   dcheck1.o
        24          0          0          0          0        116   dcmpi.o
       688        140          0          0          0        256   ddiv.o
        94          4          0          0          0        140   dfix.o
        84          0          0          0          0        232   dflt_clz.o
       120          4          0          0          0        140   dleqf.o
       340         12          0          0          0        152   dmul.o
       156          4          0          0          0        140   dnaninf.o
        12          0          0          0          0        116   dretinf.o
       108          0          0          0          0        128   drleqf.o
       408         56          0          0          0        168   dsqrt_umaal.o
        86          4          0          0          0        132   f2d.o
       140          4          0          0          0        132   fnaninf.o
        10          0          0          0          0        116   fpinit.o
        10          0          0          0          0        116   fretinf.o
       100          0          0          0          0        116   retnan.o
        92          0          0          0          0        116   scalbn.o
        48          0          0          0          0        116   trapv.o
         0          0          0          0          0          0   usenofp.o
       856        118         80          0          0        288   acos.o
       864         94         80          0          0        280   asin.o
       744        106        152          0          0        352   atan.o
       496         64          0          0          0        192   atan2.o
       200         20          0          0          0        164   cos.o
       368         46         48          0          0        200   cos_i.o
       184         44          0          0          0        744   dunder.o
        44          0          0          0          0        248   fabs.o
        48          0          0          0          0        124   fpclassify.o
       248          0          0          0          0        152   poly.o
      3152        296        136          0          0        352   pow.o
         0          0          8          0          0          0   qnan.o
      1080        142        200          0          0        188   rred.o
       200         20          0          0          0        164   sin.o
       304         24         40          0          0        208   sin_i.o
       232          0          0          0          0        296   sqrt.o
       128         20          0          0          0        144   tan.o
       848         84         96          0          0        196   tan_i.o
       608         26          0         92          0     217216   sbus.o

    ----------------------------------------------------------------------
     17246       1388        840         92        264     230577   Library Totals
        26          0          0          0          0          0   (incl. Padding)

    ----------------------------------------------------------------------

      Code (inc. data)   RO Data    RW Data    ZI Data      Debug   Library Name

       548         20          0          0         96        912   c_w.l
      2584         12          0          0        168       4813   cycle_cal_oldx.lib
      3484        252          0          0          0       3344   fz_wm.l
      9996       1078        840          0          0       4292   m_wm.l
       608         26          0         92          0     217216   sbus_oldx.lib

    ----------------------------------------------------------------------
     17246       1388        840         92        264     230577   Library Totals

    ----------------------------------------------------------------------

==============================================================================


      Code (inc. data)   RO Data    RW Data    ZI Data      Debug   

    133474       6012       1718       2200      28448    1067795   Grand Totals
    133474       6012       1718       1372      28448    1067795   ELF Image Totals (compressed)
    133474       6012       1718       1372          0          0   ROM Totals

==============================================================================

    Total RO  Size (Code + RO Data)               135192 ( 132.02kB)
    Total RW  Size (RW Data + ZI Data)             30648 (  29.93kB)
    Total ROM Size (Code + RO Data + RW Data)     136564 ( 133.36kB)

==============================================================================

