Component: ARM Compiler 5.06 update 2 (build 183) Tool: armlink [4d35b7]

==============================================================================

Section Cross References

    ucos_task.o(.text) refers to leg.o(.text) for leg_init
    ucos_task.o(.text) refers to time.o(.text) for Get_Cycle_T
    ucos_task.o(.text) refers to mpu6050.o(.text) for MPU6050_Read
    ucos_task.o(.text) refers to hml5833l.o(.text) for ANO_AK8975_Read_Mag_Data
    ucos_task.o(.text) refers to dflt_clz.o(x$fpl$dfltu) for __aeabi_ui2d
    ucos_task.o(.text) refers to drleqf.o(x$fpl$drleqf) for __aeabi_cdrcmple
    ucos_task.o(.text) refers to imu.o(.text) for IMUupdate
    ucos_task.o(.text) refers to f2d.o(x$fpl$f2d) for __aeabi_f2d
    ucos_task.o(.text) refers to ddiv.o(x$fpl$ddiv) for __aeabi_ddiv
    ucos_task.o(.text) refers to d2f.o(x$fpl$d2f) for __aeabi_d2f
    ucos_task.o(.text) refers to fliter.o(.text) for firstOrderFilter
    ucos_task.o(.text) refers to dmul.o(x$fpl$dmul) for __aeabi_dmul
    ucos_task.o(.text) refers to delay.o(.text) for delay_ms
    ucos_task.o(.text) refers to leg.o(.bss) for leg
    ucos_task.o(.text) refers to ucos_task.o(.bss) for leg_dt
    ucos_task.o(.text) refers to ucos_task.o(.data) for cnt_init
    ucos_task.o(.text) refers to mpu6050.o(.bss) for mpu6050_fc
    ucos_task.o(.text) refers to imu.o(.data) for Yaw
    ucos_task.o(.text) refers to imu.o(.bss) for reference_vr
    ucos_task.o(.text) refers to fliter.o(.bss) for firstOrderFilters
    ucos_task.o(.text) refers to usart_fc.o(.bss) for Rc_Get_SBUS
    ucos_task.o(.text) refers to flash.o(.data) for SBUS_MAX
    ucos_task.o(.text) refers to sbus.o(.data) for channels
    ucos_task.o(.text) refers to my_math.o(.text) for my_deathzoom_rc
    ucos_task.o(.text) refers to dflt_clz.o(x$fpl$dflt) for __aeabi_i2d
    ucos_task.o(.text) refers to daddsub_clz.o(x$fpl$dadd) for __aeabi_dadd
    ucos_task.o(.text) refers to dleqf.o(x$fpl$dleqf) for __aeabi_cdcmple
    ucos_task.o(.text) refers to pow.o(i.__hardfp_pow) for __hardfp_pow
    ucos_task.o(.text) refers to sqrt.o(i.__hardfp_sqrt) for __hardfp_sqrt
    ucos_task.o(.text) refers to daddsub_clz.o(x$fpl$dsub) for __aeabi_dsub
    ucos_task.o(.text) refers to brain.o(.text) for leg_task1
    ucos_task.o(.text) refers to usart_fc.o(.text) for Send_LEG
    ucos_task.o(.text) refers to os_core.o(.data) for OSCPUUsage
    main.o(.text) refers to os_mbox.o(.text) for OSMboxCreate
    main.o(.text) refers to os_q.o(.text) for OSQCreate
    main.o(.text) refers to os_flag.o(.text) for OSFlagCreate
    main.o(.text) refers to os_core.o(.text) for OSStatInit
    main.o(.text) refers to os_tmr.o(.text) for OSTmrCreate
    main.o(.text) refers to os_cpu_a.o(.text) for OS_CPU_SR_Save
    main.o(.text) refers to os_task.o(.text) for OSTaskCreate
    main.o(.text) refers to misc.o(.text) for NVIC_PriorityGroupConfig
    main.o(.text) refers to delay.o(.text) for delay_init
    main.o(.text) refers to time.o(.text) for Initial_Timer_SYS
    main.o(.text) refers to rng.o(.text) for RNG_Init
    main.o(.text) refers to flash.o(.text) for READ_PARM
    main.o(.text) refers to usart_fc.o(.text) for Usart1_Init
    main.o(.text) refers to dma.o(.text) for MYDMA_Config
    main.o(.text) refers to stm32f4xx_usart.o(.text) for USART_DMACmd
    main.o(.text) refers to led_fc.o(.text) for LED_Init
    main.o(.text) refers to spi_nrf.o(.text) for SPI2_Init1
    main.o(.text) refers to mpu9250.o(.text) for Mpu9250_Init
    main.o(.text) refers to main.o(.data) for msg_key
    main.o(.text) refers to main.o(.bss) for MsgGrp
    main.o(.text) refers to ucos_task.o(.text) for tmr1_callback
    main.o(.text) refers to ucos_task.o(.data) for tmr1
    main.o(.text) refers to ucos_task.o(.bss) for BRAIN_TASK_STK
    main.o(.text) refers to usart_fc.o(.bss) for SendBuff1
    stm32f4xx_it.o(.text) refers to stm32f4xx_it.o(.data) for hard_fall
    system_stm32f4xx.o(.text) refers to system_stm32f4xx.o(.data) for SystemCoreClock
    startup_stm32f40_41xxx.o(STACK) refers (Special) to heapauxi.o(.text) for __use_two_region_memory
    startup_stm32f40_41xxx.o(HEAP) refers (Special) to heapauxi.o(.text) for __use_two_region_memory
    startup_stm32f40_41xxx.o(RESET) refers (Special) to heapauxi.o(.text) for __use_two_region_memory
    startup_stm32f40_41xxx.o(RESET) refers to startup_stm32f40_41xxx.o(STACK) for __initial_sp
    startup_stm32f40_41xxx.o(RESET) refers to startup_stm32f40_41xxx.o(.text) for Reset_Handler
    startup_stm32f40_41xxx.o(RESET) refers to stm32f4xx_it.o(.text) for NMI_Handler
    startup_stm32f40_41xxx.o(RESET) refers to os_cpu_a.o(.text) for PendSV_Handler
    startup_stm32f40_41xxx.o(RESET) refers to delay.o(.text) for SysTick_Handler
    startup_stm32f40_41xxx.o(RESET) refers to usart_fc.o(.text) for USART1_IRQHandler
    startup_stm32f40_41xxx.o(.text) refers (Special) to heapauxi.o(.text) for __use_two_region_memory
[...]
    DMA_StructInit                           0x080035f7   Thumb Code    34  stm32f4xx_dma.o(.text)
    DMA_Cmd                                  0x08003619   Thumb Code    22  stm32f4xx_dma.o(.text)
    DMA_PeriphIncOffsetSizeConfig            0x0800362f   Thumb Code    22  stm32f4xx_dma.o(.text)
    DMA_FlowControllerConfig                 0x08003645   Thumb Code    22  stm32f4xx_dma.o(.text)
    DMA_SetCurrDataCounter                   0x0800365b   Thumb Code     4  stm32f4xx_dma.o(.text)
    DMA_GetCurrDataCounter                   0x0800365f   Thumb Code     8  stm32f4xx_dma.o(.text)
    DMA_DoubleBufferModeConfig               0x08003667   Thumb Code    24  stm32f4xx_dma.o(.text)
    DMA_DoubleBufferModeCmd                  0x0800367f   Thumb Code    22  stm32f4xx_dma.o(.text)
    DMA_MemoryTargetConfig                   0x08003695   Thumb Code    10  stm32f4xx_dma.o(.text)
    DMA_GetCurrentMemoryTarget               0x0800369f   Thumb Code    20  stm32f4xx_dma.o(.text)
    DMA_GetCmdStatus                         0x080036b3   Thumb Code    20  stm32f4xx_dma.o(.text)
    DMA_GetFIFOStatus                        0x080036c7   Thumb Code    12  stm32f4xx_dma.o(.text)
    DMA_GetFlagStatus                        0x080036d3   Thumb Code    56  stm32f4xx_dma.o(.text)
    DMA_ClearFlag                            0x0800370b   Thumb Code    40  stm32f4xx_dma.o(.text)
    DMA_ITConfig                             0x08003733   Thumb Code    58  stm32f4xx_dma.o(.text)
    DMA_GetITStatus                          0x0800376d   Thumb Code    84  stm32f4xx_dma.o(.text)
    DMA_ClearITPendingBit                    0x080037c1   Thumb Code    40  stm32f4xx_dma.o(.text)
    RNG_DeInit                               0x08003809   Thumb Code    20  stm32f4xx_rng.o(.text)
    RNG_Cmd                                  0x0800381d   Thumb Code    30  stm32f4xx_rng.o(.text)
    RNG_GetRandomNumber                      0x0800383b   Thumb Code     8  stm32f4xx_rng.o(.text)
    RNG_ITConfig                             0x08003843   Thumb Code    30  stm32f4xx_rng.o(.text)
    RNG_GetFlagStatus                        0x08003861   Thumb Code    22  stm32f4xx_rng.o(.text)
    RNG_ClearFlag                            0x08003877   Thumb Code    12  stm32f4xx_rng.o(.text)
    RNG_GetITStatus                          0x08003883   Thumb Code    22  stm32f4xx_rng.o(.text)
    RNG_ClearITPendingBit                    0x08003899   Thumb Code    12  stm32f4xx_rng.o(.text)
    OS_TaskStatStkChk                        0x080038a9   Thumb Code    54  os_core.o(.text)
    OS_TaskStat                              0x080038df   Thumb Code   116  os_core.o(.text)
    OS_TaskIdle                              0x08003987   Thumb Code    34  os_core.o(.text)
    OS_MemClr                                0x080039dd   Thumb Code    18  os_core.o(.text)
    OSInit                                   0x08003afb   Thumb Code    48  os_core.o(.text)
    OSIntEnter                               0x08003b2b   Thumb Code    28  os_core.o(.text)
    OSIntExit                                0x08003b61   Thumb Code   112  os_core.o(.text)
    OSSchedLock                              0x08003bd1   Thumb Code    50  os_core.o(.text)
    OS_Sched                                 0x08003c03   Thumb Code    88  os_core.o(.text)
    OSSchedUnlock                            0x08003c5b   Thumb Code   238  os_core.o(.text)
    OSStart                                  0x08003d49   Thumb Code    48  os_core.o(.text)
    OSStatInit                               0x08003d79   Thumb Code    62  os_core.o(.text)
    OSTimeTick                               0x08003db7   Thumb Code   210  os_core.o(.text)
    OSVersion                                0x08003e89   Thumb Code     6  os_core.o(.text)
    OS_Dummy                                 0x08003e8f   Thumb Code     2  os_core.o(.text)
    OS_EventTaskRemove                       0x08003e91   Thumb Code    42  os_core.o(.text)
    OS_EventTaskRdy                          0x08003ebb   Thumb Code   114  os_core.o(.text)
    OS_EventTaskWait                         0x08003f2d   Thumb Code   112  os_core.o(.text)
    OS_EventWaitListInit                     0x08003f9d   Thumb Code    28  os_core.o(.text)
    OS_MemCopy                               0x08003fb9   Thumb Code    20  os_core.o(.text)
    OS_StrLen                                0x08003fcd   Thumb Code    20  os_core.o(.text)
    OS_TCBInit                               0x08003fe1   Thumb Code   280  os_core.o(.text)
    OSFlagAccept                             0x0800413d   Thumb Code   252  os_flag.o(.text)
    OSFlagCreate                             0x08004239   Thumb Code    86  os_flag.o(.text)
    OS_FlagUnlink                            0x0800428f   Thumb Code    36  os_flag.o(.text)
    OSFlagDel                                0x08004305   Thumb Code   214  os_flag.o(.text)
    OSFlagNameGet                            0x080043db   Thumb Code    80  os_flag.o(.text)
    OSFlagNameSet                            0x0800442b   Thumb Code    66  os_flag.o(.text)
    OSFlagPend                               0x08004505   Thumb Code   614  os_flag.o(.text)
    OSFlagPendGetFlagsRdy                    0x0800476b   Thumb Code    26  os_flag.o(.text)
    OSFlagPost                               0x08004785   Thumb Code   312  os_flag.o(.text)
    OSFlagQuery                              0x080048bd   Thumb Code    48  os_flag.o(.text)
    OS_FlagInit                              0x080048ed   Thumb Code    78  os_flag.o(.text)
    OSMboxAccept                             0x08004949   Thumb Code    38  os_mbox.o(.text)
    OSMboxCreate                             0x0800496f   Thumb Code    68  os_mbox.o(.text)
    OSMboxDel                                0x080049b3   Thumb Code   200  os_mbox.o(.text)
    OSMboxPend                               0x08004a7b   Thumb Code   246  os_mbox.o(.text)
    OSMboxPendAbort                          0x08004b71   Thumb Code   128  os_mbox.o(.text)
    OSMboxPost                               0x08004bf1   Thumb Code    80  os_mbox.o(.text)
    OSMboxPostOpt                            0x08004c41   Thumb Code   120  os_mbox.o(.text)
    OSMboxQuery                              0x08004cb9   Thumb Code    76  os_mbox.o(.text)
    OSQAccept                                0x08004d15   Thumb Code    88  os_q.o(.text)
    OSQCreate                                0x08004d6d   Thumb Code   140  os_q.o(.text)
    OSQDel                                   0x08004df9   Thumb Code   236  os_q.o(.text)
    OSQFlush                                 0x08004ee5   Thumb Code    36  os_q.o(.text)
    OSQPend                                  0x08004f09   Thumb Code   272  os_q.o(.text)
    OSQPendAbort                             0x08005019   Thumb Code   128  os_q.o(.text)
    OSQPost                                  0x08005099   Thumb Code   114  os_q.o(.text)
    OSQPostFront                             0x0800510b   Thumb Code   136  os_q.o(.text)
    OSQPostOpt                               0x08005193   Thumb Code   182  os_q.o(.text)
    OSQQuery                                 0x08005249   Thumb Code    98  os_q.o(.text)
    OS_QInit                                 0x080052ab   Thumb Code    72  os_q.o(.text)
    OSSemAccept                              0x080052fd   Thumb Code    42  os_sem.o(.text)
    OSSemCreate                              0x08005327   Thumb Code    68  os_sem.o(.text)
    OSSemDel                                 0x0800536b   Thumb Code   200  os_sem.o(.text)
    OSSemPend                                0x08005433   Thumb Code   222  os_sem.o(.text)
    OSSemPendAbort                           0x08005511   Thumb Code   128  os_sem.o(.text)
    OSSemPost                                0x08005591   Thumb Code    88  os_sem.o(.text)
    OSSemQuery                               0x080055e9   Thumb Code    76  os_sem.o(.text)
    OSSemSet                                 0x08005635   Thumb Code    66  os_sem.o(.text)
    OSTaskChangePrio                         0x08005689   Thumb Code   308  os_task.o(.text)
    OSTaskCreate                             0x080057bd   Thumb Code   148  os_task.o(.text)
    OS_TaskStkClr                            0x08005851   Thumb Code    26  os_task.o(.text)
    OSTaskCreateExt                          0x0800586b   Thumb Code   170  os_task.o(.text)
    OSTaskDel                                0x08005915   Thumb Code   294  os_task.o(.text)
    OSTaskDelReq                             0x08005a3b   Thumb Code   144  os_task.o(.text)
    OSTaskNameGet                            0x08005acb   Thumb Code   114  os_task.o(.text)
    OSTaskNameSet                            0x08005b3d   Thumb Code    98  os_task.o(.text)
    OSTaskResume                             0x08005b9f   Thumb Code   154  os_task.o(.text)
    OSTaskStkChk                             0x08005c39   Thumb Code   132  os_task.o(.text)
    OSTaskSuspend                            0x08005cbd   Thumb Code   152  os_task.o(.text)
    OSTaskQuery                              0x08005d55   Thumb Code    82  os_task.o(.text)
    OSTaskRegGet                             0x08005da7   Thumb Code    60  os_task.o(.text)
    OSTaskRegSet                             0x08005de3   Thumb Code    62  os_task.o(.text)
    OS_TaskReturn                            0x08005e21   Thumb Code    18  os_task.o(.text)
    OSTimeDly                                0x08005e4d   Thumb Code   100  os_time.o(.text)
    OSTimeDlyHMSM                            0x08005eb1   Thumb Code    86  os_time.o(.text)
    OSTimeDlyResume                          0x08005f07   Thumb Code   168  os_time.o(.text)
    OSTimeGet                                0x08005faf   Thumb Code    24  os_time.o(.text)
    OSTimeSet                                0x08005fc7   Thumb Code    24  os_time.o(.text)
    OSTmrCreate                              0x0800602f   Thumb Code    96  os_tmr.o(.text)
    OSTmrDel                                 0x08006107   Thumb Code   124  os_tmr.o(.text)
    OSTmrNameGet                             0x08006183   Thumb Code   114  os_tmr.o(.text)
    OSTmrRemainGet                           0x080061f5   Thumb Code   164  os_tmr.o(.text)
    OSTmrStateGet                            0x08006299   Thumb Code    86  os_tmr.o(.text)
    OSTmrStart                               0x08006353   Thumb Code   128  os_tmr.o(.text)
    OSTmrStop                                0x080063d3   Thumb Code   210  os_tmr.o(.text)
    OSTmrSignal                              0x080064a5   Thumb Code    16  os_tmr.o(.text)
    OSTmr_Init                               0x08006559   Thumb Code   152  os_tmr.o(.text)
    OS_CPU_SR_Save                           0x08006631   Thumb Code     0  os_cpu_a.o(.text)
    OS_CPU_SR_Restore                        0x08006639   Thumb Code     0  os_cpu_a.o(.text)
    OSStartHighRdy                           0x0800663f   Thumb Code     0  os_cpu_a.o(.text)
    OSCtxSw                                  0x08006663   Thumb Code     0  os_cpu_a.o(.text)
    OSIntCtxSw                               0x08006671   Thumb Code     0  os_cpu_a.o(.text)
    PendSV_Handler                           0x08006681   Thumb Code     0  os_cpu_a.o(.text)
    OSInitHookBegin                          0x080066f9   Thumb Code     8  os_cpu_c.o(.text)
    OSInitHookEnd                            0x08006701   Thumb Code     2  os_cpu_c.o(.text)
    OSTaskCreateHook                         0x08006703   Thumb Code     2  os_cpu_c.o(.text)
    OSTaskDelHook                            0x08006705   Thumb Code     2  os_cpu_c.o(.text)
    OSTaskIdleHook                           0x08006707   Thumb Code     2  os_cpu_c.o(.text)
    OSTaskStatHook                           0x08006709   Thumb Code     2  os_cpu_c.o(.text)
    OSTaskStkInit                            0x0800670b   Thumb Code   426  os_cpu_c.o(.text)
    OSTaskSwHook                             0x080068b5   Thumb Code     2  os_cpu_c.o(.text)
    OSTCBInitHook                            0x080068b7   Thumb Code     2  os_cpu_c.o(.text)
    OSTimeTickHook                           0x080068b9   Thumb Code    30  os_cpu_c.o(.text)
    OSTaskReturnHook                         0x080068d7   Thumb Code     2  os_cpu_c.o(.text)
    STMFLASH_ReadWord                        0x080068e1   Thumb Code     6  flash.o(.text)
    STMFLASH_GetFlashSector                  0x080068e7   Thumb Code   116  flash.o(.text)
    STMFLASH_Write                           0x0800695b   Thumb Code   146  flash.o(.text)
    STMFLASH_Read                            0x080069ed   Thumb Code    32  flash.o(.text)
    WRITE_PARM                               0x08006a0d   Thumb Code  1688  flash.o(.text)
    READ_PARM                                0x080070a5   Thumb Code  1812  flash.o(.text)
    LED_Init                                 0x080077e9   Thumb Code    42  led_fc.o(.text)
    LEDRGB                                   0x08007813   Thumb Code   116  led_fc.o(.text)
    LEDRGB_STATE                             0x08007887   Thumb Code    42  led_fc.o(.text)
    SysTick_Configuration                    0x080078b9   Thumb Code    98  time.o(.text)
    micros                                   0x0800791b   Thumb Code    10  time.o(.text)
    GetSysTime_us                            0x08007925   Thumb Code     8  time.o(.text)
    Delay_us                                 0x0800792d   Thumb Code    12  time.o(.text)
    Delay_ms                                 0x08007939   Thumb Code    24  time.o(.text)
    Get_Cycle_T                              0x08007951   Thumb Code   118  time.o(.text)
    Cycle_Time_Init                          0x080079c7   Thumb Code    22  time.o(.text)
    Initial_Timer_SYS                        0x080079dd   Thumb Code    46  time.o(.text)
    MYDMA_Config                             0x08007a1d   Thumb Code   184  dma.o(.text)
    MYDMA_Enable                             0x08007ad5   Thumb Code    44  dma.o(.text)
    RNG_Init                                 0x08007b05   Thumb Code    62  rng.o(.text)
    RNG_Get_RandomNum                        0x08007b43   Thumb Code    20  rng.o(.text)
    RNG_Get_RandomRange                      0x08007b57   Thumb Code    26  rng.o(.text)
    SPI_CS                                   0x08007b71   Thumb Code   124  spi_nrf.o(.text)
    SPI2_Init1                               0x08007bed   Thumb Code   388  spi_nrf.o(.text)
    Spi_RW                                   0x08007d71   Thumb Code    50  spi_nrf.o(.text)
    Usart1_Init                              0x08007db1   Thumb Code   218  usart_fc.o(.text)
    Usart2_Init                              0x08007e8b   Thumb Code   210  usart_fc.o(.text)
    Usart3_Init                              0x08007f5d   Thumb Code   218  usart_fc.o(.text)
    Usart4_Init                              0x08008037   Thumb Code   218  usart_fc.o(.text)
    Uart5_Init                               0x08008111   Thumb Code   244  usart_fc.o(.text)
    Uart6_Init                               0x08008205   Thumb Code   196  usart_fc.o(.text)
    UsartSend_LEG_DJ                         0x080082c9   Thumb Code    28  usart_fc.o(.text)
    UsartSend_LEG4                           0x080082e5   Thumb Code    28  usart_fc.o(.text)
    UsartSend_LEG3                           0x08008301   Thumb Code    28  usart_fc.o(.text)
    UsartSend_LEG2                           0x0800831d   Thumb Code    28  usart_fc.o(.text)
    UsartSend_LEG1                           0x08008339   Thumb Code    28  usart_fc.o(.text)
    Send_IMU_TO_FLOW                         0x0800836f   Thumb Code   118  usart_fc.o(.text)
    Send_IMU_PARM                            0x080083e5   Thumb Code   250  usart_fc.o(.text)
    GOL_LINK_TASK                            0x080084df   Thumb Code    34  usart_fc.o(.text)
    my_itoa                                  0x08008521   Thumb Code   136  usart_fc.o(.text)
    UsartSend_LEG_BUF_BUF                    0x080085a9   Thumb Code   454  usart_fc.o(.text)
    UsartSend_LEG_BUF_BUF_2                  0x0800876f   Thumb Code   400  usart_fc.o(.text)
    LEG_POWER_OFF                            0x080088ff   Thumb Code   144  usart_fc.o(.text)
    Send_LEG                                 0x0800898f   Thumb Code    28  usart_fc.o(.text)
    Data_LEG_CMD                             0x080089ab   Thumb Code   742  usart_fc.o(.text)
    Data_Receive_Anl1_RC                     0x08008c91   Thumb Code    74  usart_fc.o(.text)
    USART1_IRQHandler                        0x08008cdb   Thumb Code   344  usart_fc.o(.text)
    Data_Receive_Anl                         0x08008e33   Thumb Code   560  usart_fc.o(.text)
    Data_LEG                                 0x08009063   Thumb Code  1048  usart_fc.o(.text)
    USART2_IRQHandler                        0x0800947b   Thumb Code   338  usart_fc.o(.text)
    USART3_IRQHandler                        0x080095cd   Thumb Code   340  usart_fc.o(.text)
    UART4_IRQHandler                         0x08009721   Thumb Code   414  usart_fc.o(.text)
    UART5_IRQHandler                         0x080098bf   Thumb Code   404  usart_fc.o(.text)
    data_per_uart1                           0x08009a53   Thumb Code  1360  usart_fc.o(.text)
    GOL_LINK_TASK_DMA                        0x08009fa3   Thumb Code    28  usart_fc.o(.text)
    clear_leg_uart                           0x08009fbf   Thumb Code    42  usart_fc.o(.text)
    MPU6050_Read                             0x08009fe9   Thumb Code     8  mpu6050.o(.text)
    MPU6050_Data_Offset                      0x08009ff1   Thumb Code  1470  mpu6050.o(.text)
    Transform                                0x0800a5af   Thumb Code    14  mpu6050.o(.text)
    MPU6050_Data_Prepare                     0x0800a5bd   Thumb Code  1344  mpu6050.o(.text)
    MPU9250_Write_Reg                        0x0800ab15   Thumb Code    38  mpu9250.o(.text)
    Mpu9250_Init                             0x0800ab3b   Thumb Code   202  mpu9250.o(.text)
    MPU9250_Read_Reg                         0x0800ac05   Thumb Code    38  mpu9250.o(.text)
    MPU92_Mag_WriteReg                       0x0800ac2b   Thumb Code    86  mpu9250.o(.text)
    MPU92_Mag_ReadReg                        0x0800ac81   Thumb Code    84  mpu9250.o(.text)
    MPU9250_ReadValue                        0x0800acd5   Thumb Code   204  mpu9250.o(.text)
    ANO_AK8975_CalOffset_Mag                 0x0800adb9   Thumb Code   808  hml5833l.o(.text)
    ANO_AK8975_Read_Mag_Data                 0x0800b0e1   Thumb Code   414  hml5833l.o(.text)
    AHRSupdate                               0x0800b28d   Thumb Code  1994  imu.o(.text)
    IMUupdate                                0x0800ba57   Thumb Code  3344  imu.o(.text)
    conver_legpos_to_barin                   0x0800c7a1   Thumb Code   174  leg_lib.o(.text)
    cal_dis_of_points                        0x0800c84f   Thumb Code   160  leg_lib.o(.text)
    check_leg_near_init                      0x0800c8ef   Thumb Code   190  leg_lib.o(.text)
    leg_repeat_protect                       0x0800c9ad   Thumb Code   514  leg_lib.o(.text)
    leg_repeat_protect1                      0x0800cbaf   Thumb Code   122  leg_lib.o(.text)
    check_point_front_arrow                  0x0800cc29   Thumb Code   484  leg_lib.o(.text)
    cross_point_of_lines                     0x0800ce0d   Thumb Code   192  leg_lib.o(.text)
    line_function90_from_arrow               0x0800cecd   Thumb Code   166  leg_lib.o(.text)
    line_function_from_arrow                 0x0800cf73   Thumb Code   150  leg_lib.o(.text)
    resize_point_with_arrow                  0x0800d009   Thumb Code   484  leg_lib.o(.text)
    line_function_from_two_point             0x0800d1ed   Thumb Code   126  leg_lib.o(.text)
    check_point_on_line                      0x0800d26b   Thumb Code    54  leg_lib.o(.text)
    check_points_same_side                   0x0800d2a1   Thumb Code    60  leg_lib.o(.text)
    check_cross_arrow_line                   0x0800d2dd   Thumb Code   340  leg_lib.o(.text)
    check_cross_arrow90_line                 0x0800d431   Thumb Code   298  leg_lib.o(.text)
    cal_center_of_trig                       0x0800d55b   Thumb Code     2  leg_lib.o(.text)
    in_circle                                0x0800d55d   Thumb Code   278  leg_lib.o(.text)
    dis_point_to_line                        0x0800d673   Thumb Code   144  leg_lib.o(.text)
    conver_body_to_global                    0x0800d703   Thumb Code    68  leg_lib.o(.text)
    limit_range_leg                          0x0800d747   Thumb Code   502  leg_lib.o(.text)
    limit_move_range_tangle                  0x0800d93d   Thumb Code   382  leg_lib.o(.text)
    segmentsIntr                             0x0800dabb   Thumb Code   492  leg_lib.o(.text)
    inTrig                                   0x0800dca7   Thumb Code   368  leg_lib.o(.text)
    inTrig2                                  0x0800de17   Thumb Code   368  leg_lib.o(.text)
    check_in_move_range_tangle               0x0800df87   Thumb Code   410  leg_lib.o(.text)
    check_in_move_range                      0x0800e121   Thumb Code   334  leg_lib.o(.text)
    check_point_to_tangle                    0x0800e26f   Thumb Code   854  leg_lib.o(.text)
    cal_jiao_of_tuo_and_line                 0x0800e5c5   Thumb Code   518  leg_lib.o(.text)
    cal_jiao_of_range_and_line               0x0800e7cb   Thumb Code   956  leg_lib.o(.text)
    cal_jiao_of_range_and_line_tangle        0x0800eb87   Thumb Code   490  leg_lib.o(.text)
    check_point_to_trig                      0x0800ed71   Thumb Code   640  leg_lib.o(.text)
    cal_area_trig                            0x0800f00f   Thumb Code   378  leg_lib.o(.text)
    cal_steady_s                             0x0800f189   Thumb Code   394  leg_lib.o(.text)
    cal_steady_s4                            0x0800f313   Thumb Code   284  leg_lib.o(.text)
    find_closet_point                        0x0800f42f   Thumb Code   754  leg_lib.o(.text)
    READ_LEG_ID                              0x0800f721   Thumb Code     8  leg.o(.text)
    leg_init                                 0x0800f729   Thumb Code  1314  leg.o(.text)
    pos_range_check                          0x0800fc4b   Thumb Code   170  leg.o(.text)
    cal_sita_from_pos                        0x0800fcf5   Thumb Code  3466  leg.o(.text)
    cal_pos_from_sita                        0x08010a7f   Thumb Code  1764  leg.o(.text)
    cal_pwm_from_sita                        0x08011163   Thumb Code   728  leg.o(.text)
    curve_cal                                0x0801143b   Thumb Code   428  leg.o(.text)
    cal_curve_from_pos                       0x080115e7   Thumb Code  1478  leg.o(.text)
    cal_pos_tar_from_curve                   0x08011bad   Thumb Code   150  leg.o(.text)
    leg_follow_curve                         0x08011c43   Thumb Code   540  leg.o(.text)
    cal_pos_tar_for_deng                     0x08011e5f   Thumb Code  1194  leg.o(.text)
    leg_ground_check                         0x08012309   Thumb Code    32  leg.o(.text)
    leg_publish                              0x08012329   Thumb Code   812  leg.o(.text)
    leg_drive                                0x08012655   Thumb Code   348  leg.o(.text)
    barin_init                               0x080127d1   Thumb Code  1342  brain.o(.text)
    att_control                              0x08012d0f   Thumb Code  1664  brain.o(.text)
    cal_center_of_leg_ground                 0x0801338f   Thumb Code  1892  brain.o(.text)
    fall_reset                               0x08013af3   Thumb Code  1254  brain.o(.text)
    estimate_center                          0x08013fd9   Thumb Code   520  brain.o(.text)
    leg_task1                                0x080141e1   Thumb Code   254  brain.o(.text)
    trot_need_move                           0x080142df   Thumb Code    38  brain.o(.text)
    trot_center_control                      0x08014305   Thumb Code  8472  brain.o(.text)
    state_clear                              0x08016445   Thumb Code   168  brain_g.o(.text)
    cal_pos_global                           0x080164ed   Thumb Code  3896  brain_g.o(.text)
    fall_treat                               0x08017425   Thumb Code   700  brain_g.o(.text)
    center_control_global                    0x080176e1   Thumb Code  8454  brain_g.o(.text)
    leg_tar_est_global                       0x080197e7   Thumb Code  3468  brain_g.o(.text)
    check_leg_need_move_global               0x0801a573   Thumb Code  2720  brain_g.o(.text)
    planner_leg                              0x0801b013   Thumb Code  1274  brain_g.o(.text)
    Moving_Average                           0x0801b515   Thumb Code    94  fliter.o(.text)
    Moving_Median                            0x0801b573   Thumb Code   228  fliter.o(.text)
    IIR_I_Filter                             0x0801b657   Thumb Code   294  fliter.o(.text)
    KalmanFilter                             0x0801b77d   Thumb Code   272  fliter.o(.text)
    LPF_1st                                  0x0801b88d   Thumb Code    22  fliter.o(.text)
    simple_3d_trans                          0x0801b8a3   Thumb Code   316  fliter.o(.text)
    initFirstOrderFilter                     0x0801b9df   Thumb Code   530  fliter.o(.text)
    firstOrderFilter                         0x0801bbf1   Thumb Code    90  fliter.o(.text)
    my_abs                                   0x0801bc9d   Thumb Code    26  my_math.o(.text)
    fast_atan2                               0x0801bcb7   Thumb Code   350  my_math.o(.text)
    my_atan                                  0x0801be15   Thumb Code    24  my_math.o(.text)
    my_pow                                   0x0801be2d   Thumb Code    10  my_math.o(.text)
    my_sqrt                                  0x0801be37   Thumb Code    88  my_math.o(.text)
    mx_sin                                   0x0801be8f   Thumb Code   292  my_math.o(.text)
    my_sin                                   0x0801bfb3   Thumb Code   108  my_math.o(.text)
    my_cos                                   0x0801c01f   Thumb Code   136  my_math.o(.text)
    my_deathzoom                             0x0801c0a7   Thumb Code   158  my_math.o(.text)
    my_deathzoom_2                           0x0801c145   Thumb Code    40  my_math.o(.text)
    my_deathzoom_21                          0x0801c16d   Thumb Code    40  my_math.o(.text)
    my_deathzoom_rc                          0x0801c195   Thumb Code   216  my_math.o(.text)
    limit_mine                               0x0801c26d   Thumb Code    40  my_math.o(.text)
    limit_mine2                              0x0801c295   Thumb Code    36  my_math.o(.text)
    To_180_degrees                           0x0801c2b9   Thumb Code    58  my_math.o(.text)
    my_pow_2_curve                           0x0801c2f3   Thumb Code    80  my_math.o(.text)
    sbus_anal_oldx                           0x0801c35d   Thumb Code   462  sbus.o(.text)
    oldx_sbus_rx                             0x0801c52b   Thumb Code   120  sbus.o(.text)
    cycle_init_oldx                          0x0801c5bd   Thumb Code   184  cycle_cal_oldx.o(.text)
    cycle_data_add_oldx                      0x0801c675   Thumb Code   420  cycle_cal_oldx.o(.text)
    cycle_cal_oldx                           0x0801c819   Thumb Code  1980  cycle_cal_oldx.o(.text)
    __aeabi_memcpy4                          0x0801cfd5   Thumb Code     0  rt_memcpy_w.o(.text)
    __aeabi_memcpy8                          0x0801cfd5   Thumb Code     0  rt_memcpy_w.o(.text)
    __rt_memcpy_w                            0x0801cfd5   Thumb Code   100  rt_memcpy_w.o(.text)
    _memcpy_lastbytes_aligned                0x0801d01d   Thumb Code     0  rt_memcpy_w.o(.text)
    __aeabi_memclr4                          0x0801d039   Thumb Code     0  rt_memclr_w.o(.text)
    __aeabi_memclr8                          0x0801d039   Thumb Code     0  rt_memclr_w.o(.text)
    __rt_memclr_w                            0x0801d039   Thumb Code    78  rt_memclr_w.o(.text)
    _memset_w                                0x0801d03d   Thumb Code     0  rt_memclr_w.o(.text)
    __use_two_region_memory                  0x0801d087   Thumb Code     2  heapauxi.o(.text)
    __rt_heap_escrow$2region                 0x0801d089   Thumb Code     2  heapauxi.o(.text)
    __rt_heap_expand$2region                 0x0801d08b   Thumb Code     2  heapauxi.o(.text)
    __read_errno                             0x0801d08d   Thumb Code    10  _rserrno.o(.text)
    __set_errno                              0x0801d097   Thumb Code    12  _rserrno.o(.text)
    __aeabi_errno_addr                       0x0801d0a5   Thumb Code     8  rt_errno_addr_intlibspace.o(.text)
    __errno$intlibspace                      0x0801d0a5   Thumb Code     0  rt_errno_addr_intlibspace.o(.text)
    __rt_errno_addr$intlibspace              0x0801d0a5   Thumb Code     0  rt_errno_addr_intlibspace.o(.text)
    __user_libspace                          0x0801d0ad   Thumb Code     8  libspace.o(.text)
    __user_perproc_libspace                  0x0801d0ad   Thumb Code     0  libspace.o(.text)
    __user_perthread_libspace                0x0801d0ad   Thumb Code     0  libspace.o(.text)
    __user_setup_stackheap                   0x0801d0b5   Thumb Code    74  sys_stackheap_outer.o(.text)
    exit                                     0x0801d0ff   Thumb Code    18  exit.o(.text)
    _sys_exit                                0x0801d111   Thumb Code     8  sys_exit.o(.text)
    __I$use$semihosting                      0x0801d11d   Thumb Code     0  use_no_semi.o(.text)
    __use_no_semihosting_swi                 0x0801d11d   Thumb Code     2  use_no_semi.o(.text)
    __ARM_fpclassify                         0x0801d11f   Thumb Code    48  fpclassify.o(i.__ARM_fpclassify)
    __semihosting_library_function           0x0801d11f   Thumb Code     0  indicate_semi.o(.text)
    __hardfp_acos                            0x0801d151   Thumb Code   738  acos.o(i.__hardfp_acos)
    __hardfp_asin                            0x0801d4a9   Thumb Code   770  asin.o(i.__hardfp_asin)
    __hardfp_atan                            0x0801d809   Thumb Code   622  atan.o(i.__hardfp_atan)
    __hardfp_atan2                           0x0801dae1   Thumb Code   432  atan2.o(i.__hardfp_atan2)
    __hardfp_cos                             0x0801dcd1   Thumb Code   180  cos.o(i.__hardfp_cos)
    __hardfp_fabs                            0x0801dd99   Thumb Code    20  fabs.o(i.__hardfp_fabs)
    __hardfp_pow                             0x0801ddb1   Thumb Code  3072  pow.o(i.__hardfp_pow)
    __hardfp_sin                             0x0801ea01   Thumb Code   180  sin.o(i.__hardfp_sin)
    __hardfp_sqrt                            0x0801eac9   Thumb Code   122  sqrt.o(i.__hardfp_sqrt)
    __hardfp_tan                             0x0801eb49   Thumb Code   108  tan.o(i.__hardfp_tan)
    __ieee754_rem_pio2                       0x0801ebc9   Thumb Code   938  rred.o(i.__ieee754_rem_pio2)
    __kernel_cos                             0x0801f001   Thumb Code   322  cos_i.o(i.__kernel_cos)
    __kernel_poly                            0x0801f171   Thumb Code   248  poly.o(i.__kernel_poly)
    __kernel_sin                             0x0801f269   Thumb Code   280  sin_i.o(i.__kernel_sin)
    __kernel_tan                             0x0801f399   Thumb Code   764  tan_i.o(i.__kernel_tan)
    __mathlib_dbl_divzero                    0x0801f6e9   Thumb Code    28  dunder.o(i.__mathlib_dbl_divzero)
    __mathlib_dbl_infnan                     0x0801f719   Thumb Code    20  dunder.o(i.__mathlib_dbl_infnan)
    __mathlib_dbl_infnan2                    0x0801f72d   Thumb Code    20  dunder.o(i.__mathlib_dbl_infnan2)
    __mathlib_dbl_invalid                    0x0801f741   Thumb Code    24  dunder.o(i.__mathlib_dbl_invalid)
    __mathlib_dbl_overflow                   0x0801f761   Thumb Code    24  dunder.o(i.__mathlib_dbl_overflow)
    __mathlib_dbl_underflow                  0x0801f781   Thumb Code    24  dunder.o(i.__mathlib_dbl_underflow)
    atan                                     0x0801f7a1   Thumb Code    16  atan.o(i.atan)
    fabs                                     0x0801f7b1   Thumb Code    24  fabs.o(i.fabs)
    sqrt                                     0x0801f7c9   Thumb Code   110  sqrt.o(i.sqrt)
    __aeabi_dneg                             0x0801f837   Thumb Code     0  basic.o(x$fpl$basic)
    _dneg                                    0x0801f837   Thumb Code     6  basic.o(x$fpl$basic)
    __aeabi_fneg                             0x0801f83d   Thumb Code     0  basic.o(x$fpl$basic)
    _fneg                                    0x0801f83d   Thumb Code     6  basic.o(x$fpl$basic)
    _dabs                                    0x0801f843   Thumb Code     6  basic.o(x$fpl$basic)
    _fabs                                    0x0801f849   Thumb Code     6  basic.o(x$fpl$basic)
    __aeabi_d2f                              0x0801f851   Thumb Code     0  d2f.o(x$fpl$d2f)
    _d2f                                     0x0801f851   Thumb Code    98  d2f.o(x$fpl$d2f)
    __aeabi_dadd                             0x0801f8b5   Thumb Code     0  daddsub_clz.o(x$fpl$dadd)
    _dadd                                    0x0801f8b5   Thumb Code   332  daddsub_clz.o(x$fpl$dadd)
    __fpl_dcheck_NaN1                        0x0801fa05   Thumb Code    10  dcheck1.o(x$fpl$dcheck1)
    __fpl_dcmp_Inf                           0x0801fa15   Thumb Code    24  dcmpi.o(x$fpl$dcmpinf)
    __aeabi_ddiv                             0x0801fa2d   Thumb Code     0  ddiv.o(x$fpl$ddiv)
    _ddiv                                    0x0801fa2d   Thumb Code   552  ddiv.o(x$fpl$ddiv)
    __aeabi_d2iz                             0x0801fcdd   Thumb Code     0  dfix.o(x$fpl$dfix)
    _dfix                                    0x0801fcdd   Thumb Code    94  dfix.o(x$fpl$dfix)
    __aeabi_i2d                              0x0801fd3b   Thumb Code     0  dflt_clz.o(x$fpl$dflt)
    _dflt                                    0x0801fd3b   Thumb Code    46  dflt_clz.o(x$fpl$dflt)
    __aeabi_ui2d                             0x0801fd69   Thumb Code     0  dflt_clz.o(x$fpl$dfltu)
    _dfltu                                   0x0801fd69   Thumb Code    38  dflt_clz.o(x$fpl$dfltu)
    __aeabi_cdcmple                          0x0801fd91   Thumb Code     0  dleqf.o(x$fpl$dleqf)
    _dcmple                                  0x0801fd91   Thumb Code   120  dleqf.o(x$fpl$dleqf)
    __fpl_dcmple_InfNaN                      0x0801fdf3   Thumb Code     0  dleqf.o(x$fpl$dleqf)
    __aeabi_dmul                             0x0801fe09   Thumb Code     0  dmul.o(x$fpl$dmul)
    _dmul                                    0x0801fe09   Thumb Code   332  dmul.o(x$fpl$dmul)
    __fpl_dnaninf                            0x0801ff5d   Thumb Code   156  dnaninf.o(x$fpl$dnaninf)
    __fpl_dretinf                            0x0801fff9   Thumb Code    12  dretinf.o(x$fpl$dretinf)
    __aeabi_cdrcmple                         0x08020005   Thumb Code     0  drleqf.o(x$fpl$drleqf)
    _drcmple                                 0x08020005   Thumb Code   108  drleqf.o(x$fpl$drleqf)
    __aeabi_drsub                            0x08020071   Thumb Code     0  daddsub_clz.o(x$fpl$drsb)
    _drsb                                    0x08020071   Thumb Code    22  daddsub_clz.o(x$fpl$drsb)
    _dsqrt                                   0x08020089   Thumb Code   404  dsqrt_umaal.o(x$fpl$dsqrt)
    __aeabi_dsub                             0x08020221   Thumb Code     0  daddsub_clz.o(x$fpl$dsub)
    _dsub                                    0x08020221   Thumb Code   464  daddsub_clz.o(x$fpl$dsub)
    __aeabi_f2d                              0x080203f5   Thumb Code     0  f2d.o(x$fpl$f2d)
    _f2d                                     0x080203f5   Thumb Code    86  f2d.o(x$fpl$f2d)
    __fpl_fnaninf                            0x0802044b   Thumb Code   140  fnaninf.o(x$fpl$fnaninf)
    _fp_init                                 0x080204d7   Thumb Code    10  fpinit.o(x$fpl$fpinit)
    __fplib_config_fpu_vfp                   0x080204df   Thumb Code     0  fpinit.o(x$fpl$fpinit)
    __fplib_config_pureend_doubles           0x080204df   Thumb Code     0  fpinit.o(x$fpl$fpinit)
    __fpl_fretinf                            0x080204e1   Thumb Code    10  fretinf.o(x$fpl$fretinf)
    __fpl_return_NaN                         0x080204eb   Thumb Code   100  retnan.o(x$fpl$retnan)
    __ARM_scalbn                             0x0802054f   Thumb Code    92  scalbn.o(x$fpl$scalbn)
    __fpl_cmpreturn                          0x080205ab   Thumb Code    48  trapv.o(x$fpl$trapveneer)
    OSUnMapTbl                               0x080205da   Data         256  os_core.o(.constdata)
    __I$use$fp                               0x080205da   Number         0  usenofp.o(x$fpl$usenofp)
    __mathlib_zero                           0x08020990   Data           8  qnan.o(.constdata)
    Region$$Table$$Base                      0x08020ae8   Number         0  anon$$obj.o(Region$$Table)
    Region$$Table$$Limit                     0x08020b08   Number         0  anon$$obj.o(Region$$Table)
    k_rc_spd                                 0x20000000   Data           4  ucos_task.o(.data)
    k_z_c                                    0x20000004   Data           4  ucos_task.o(.data)
    test                                     0x20000008   Data          20  ucos_task.o(.data)
    k_rc                                     0x2000001c   Data           8  ucos_task.o(.data)
    UART_UP_LOAD_SEL                         0x20000024   Data           1  ucos_task.o(.data)
    state_v_test                             0x20000025   Data           1  ucos_task.o(.data)
    num_need_to_check                        0x20000026   Data           1  ucos_task.o(.data)
    tmr1                                     0x20000028   Data           4  ucos_task.o(.data)
    tmr2                                     0x2000002c   Data           4  ucos_task.o(.data)
    tmr3                                     0x20000030   Data           4  ucos_task.o(.data)
    cpuusage                                 0x20000034   Data           2  ucos_task.o(.data)
    msg_key                                  0x20000054   Data           4  main.o(.data)
    q_msg                                    0x20000058   Data           4  main.o(.data)
    flags_key                                0x2000005c   Data           4  main.o(.data)
    en_read                                  0x20000060   Data           1  main.o(.data)
    hard_fall                                0x20000061   Data           1  stm32f4xx_it.o(.data)
    SystemCoreClock                          0x20000064   Data           4  system_stm32f4xx.o(.data)
    AHBPrescTable                            0x20000068   Data          16  system_stm32f4xx.o(.data)
    OSCtxSwCtr                               0x2000008c   Data           4  os_core.o(.data)
    OSEventFreeList                          0x20000090   Data           4  os_core.o(.data)
    OSFlagFreeList                           0x20000094   Data           4  os_core.o(.data)
    OSCPUUsage                               0x20000098   Data           1  os_core.o(.data)
    OSIdleCtrMax                             0x2000009c   Data           4  os_core.o(.data)
    OSIdleCtrRun                             0x200000a0   Data           4  os_core.o(.data)
    OSStatRdy                                0x200000a4   Data           1  os_core.o(.data)
    OSIntNesting                             0x200000a5   Data           1  os_core.o(.data)
    OSLockNesting                            0x200000a6   Data           1  os_core.o(.data)
    OSPrioCur                                0x200000a7   Data           1  os_core.o(.data)
    OSPrioHighRdy                            0x200000a8   Data           1  os_core.o(.data)
    OSRdyGrp                                 0x200000a9   Data           1  os_core.o(.data)
    OSRdyTbl                                 0x200000aa   Data           8  os_core.o(.data)
    OSRunning                                0x200000b2   Data           1  os_core.o(.data)
    OSTaskCtr                                0x200000b3   Data           1  os_core.o(.data)
    OSIdleCtr                                0x200000b4   Data           4  os_core.o(.data)
    OSTCBCur                                 0x200000b8   Data           4  os_core.o(.data)
    OSTCBFreeList                            0x200000bc   Data           4  os_core.o(.data)
    OSTCBHighRdy                             0x200000c0   Data           4  os_core.o(.data)
    OSTCBList                                0x200000c4   Data           4  os_core.o(.data)
    OSTickStepState                          0x200000c8   Data           1  os_core.o(.data)
    OSQFreeList                              0x200000cc   Data           4  os_core.o(.data)
    OSTime                                   0x200000d0   Data           4  os_core.o(.data)
    OSTmrFree                                0x200000d4   Data           2  os_core.o(.data)
    OSTmrUsed                                0x200000d6   Data           2  os_core.o(.data)
    OSTmrTime                                0x200000d8   Data           4  os_core.o(.data)
    OSTmrSem                                 0x200000dc   Data           4  os_core.o(.data)
    OSTmrSemSignal                           0x200000e0   Data           4  os_core.o(.data)
    OSTmrFreeList                            0x200000e4   Data           4  os_core.o(.data)
    OSInterrputSum                           0x200000e8   Data           4  os_cpu_c.o(.data)
    k_sensitivity                            0x200000f0   Data          12  flash.o(.data)
    FLASH_SIZE                               0x200000fc   Data           4  flash.o(.data)
    LENGTH_OF_DRONE                          0x20000100   Data           2  flash.o(.data)
    H_INT                                    0x20000104   Data           4  flash.o(.data)
    SONAR_HEIGHT                             0x20000108   Data           4  flash.o(.data)
    need_init_mems                           0x2000010c   Data           1  flash.o(.data)
    SBUS_MIN                                 0x2000010e   Data           2  flash.o(.data)
    SBUS_MAX                                 0x20000110   Data           2  flash.o(.data)
    SBUS_MID                                 0x20000112   Data           2  flash.o(.data)
    SBUS_MIN_A                               0x20000114   Data           2  flash.o(.data)
    SBUS_MAX_A                               0x20000116   Data           2  flash.o(.data)
    SBUS_MID_A                               0x20000118   Data           2  flash.o(.data)
    feed_imu_dog                             0x2000011e   Data           1  usart_fc.o(.data)
    test_leg                                 0x20000120   Data           6  usart_fc.o(.data)
    TxCounter1                               0x20000126   Data           1  usart_fc.o(.data)
    count1                                   0x20000127   Data           1  usart_fc.o(.data)
    RxState1                                 0x20000128   Data           1  usart_fc.o(.data)
    RxBufferNum1                             0x20000129   Data           1  usart_fc.o(.data)
    RxBufferCnt1                             0x2000012a   Data           1  usart_fc.o(.data)
    RxLen1                                   0x2000012b   Data           1  usart_fc.o(.data)
    set1                                     0x2000012e   Data           1  usart_fc.o(.data)
    TxCounter2                               0x2000012f   Data           1  usart_fc.o(.data)
    count2                                   0x20000130   Data           1  usart_fc.o(.data)
    RxState2                                 0x20000131   Data           1  usart_fc.o(.data)
    RxBufferNum2                             0x20000132   Data           1  usart_fc.o(.data)
    RxBufferCnt2                             0x20000133   Data           1  usart_fc.o(.data)
    RxLen2                                   0x20000134   Data           1  usart_fc.o(.data)
    TxCounter3                               0x20000137   Data           1  usart_fc.o(.data)
    count3                                   0x20000138   Data           1  usart_fc.o(.data)
    RxState3                                 0x20000139   Data           1  usart_fc.o(.data)
    RxBufferNum3                             0x2000013a   Data           1  usart_fc.o(.data)
    RxBufferCnt3                             0x2000013b   Data           1  usart_fc.o(.data)
    RxLen3                                   0x2000013c   Data           1  usart_fc.o(.data)
    TxCounter4                               0x2000013f   Data           1  usart_fc.o(.data)
    count4                                   0x20000140   Data           1  usart_fc.o(.data)
    RxState4                                 0x20000141   Data           1  usart_fc.o(.data)
    RxBufferNum4                             0x20000142   Data           1  usart_fc.o(.data)
    RxBufferCnt4                             0x20000143   Data           1  usart_fc.o(.data)
    RxLen4                                   0x20000144   Data           1  usart_fc.o(.data)
    TxCounter5                               0x20000147   Data           1  usart_fc.o(.data)
    count5                                   0x20000148   Data           1  usart_fc.o(.data)
    RxState5                                 0x20000149   Data           1  usart_fc.o(.data)
    RxBufferNum5                             0x2000014a   Data           1  usart_fc.o(.data)
    RxBufferCnt5                             0x2000014b   Data           1  usart_fc.o(.data)
    RxLen5                                   0x2000014c   Data           1  usart_fc.o(.data)
    leg_uart_cnt                             0x20000150   Data           2  usart_fc.o(.data)
    acc_3d_step                              0x20000168   Data           1  mpu6050.o(.data)
    mpu6050_ok                               0x20000169   Data           1  mpu6050.o(.data)
    sum_temp_att                             0x2000016c   Data           8  mpu6050.o(.data)
    acc_sum_cnt                              0x20000174   Data           2  mpu6050.o(.data)
    acc_sum_cnt_3d                           0x20000176   Data           2  mpu6050.o(.data)
    acc_smple_cnt_3d                         0x20000178   Data           2  mpu6050.o(.data)
    gyro_sum_cnt                             0x2000017a   Data           2  mpu6050.o(.data)
    filter_cnt                               0x2000017c   Data           1  mpu6050.o(.data)
    filter_cnt_old                           0x2000017d   Data           1  mpu6050.o(.data)
    test_ang                                 0x20000180   Data           4  mpu6050.o(.data)
    test_ang_old                             0x20000184   Data           4  mpu6050.o(.data)
    test_ang_d                               0x20000188   Data           4  mpu6050.o(.data)
    test_fli_a                               0x2000018c   Data           4  mpu6050.o(.data)
    test_i                                   0x20000190   Data           4  mpu6050.o(.data)
    rawAccel                                 0x20000196   Data           6  mpu9250.o(.data)
    rawGyro                                  0x2000019c   Data           6  mpu9250.o(.data)
    rawMag                                   0x200001a2   Data           6  mpu9250.o(.data)
    rawMPU6050Temperature                    0x200001a8   Data           2  mpu9250.o(.data)
    ak8975                                   0x200001b0   Data          44  hml5833l.o(.data)
    ak8975_ok                                0x20000230   Data           1  hml5833l.o(.data)
    Mag_CALIBRATED                           0x20000231   Data           1  hml5833l.o(.data)
    Mag_CALIBRATED_R                         0x20000232   Data           1  hml5833l.o(.data)
    fly_ready                                0x20000250   Data           1  imu.o(.data)
    Roll                                     0x20000254   Data           4  imu.o(.data)
    Pitch                                    0x20000258   Data           4  imu.o(.data)
    Yaw                                      0x2000025c   Data           4  imu.o(.data)
    ref_q                                    0x20000260   Data          16  imu.o(.data)
    norm_acc                                 0x20000270   Data           4  imu.o(.data)
    norm_q                                   0x20000274   Data           4  imu.o(.data)
    norm_acc_lpf                             0x20000278   Data           4  imu.o(.data)
    test_flag                                0x2000027c   Data          12  imu.o(.data)
    imu_sel                                  0x20000288   Data           1  imu.o(.data)
    q0                                       0x2000028c   Data           4  imu.o(.data)
    q1                                       0x20000290   Data           4  imu.o(.data)
    q2                                       0x20000294   Data           4  imu.o(.data)
    q3                                       0x20000298   Data           4  imu.o(.data)
    exInt                                    0x2000029c   Data           4  imu.o(.data)
    eyInt                                    0x200002a0   Data           4  imu.o(.data)
    ezInt                                    0x200002a4   Data           4  imu.o(.data)
    Yaw1                                     0x200002a8   Data           4  imu.o(.data)
    Pitch1                                   0x200002ac   Data           4  imu.o(.data)
    Roll1                                    0x200002b0   Data           4  imu.o(.data)
    mag_norm                                 0x200002b4   Data           4  imu.o(.data)
    mag_norm_xyz                             0x200002b8   Data           4  imu.o(.data)
    off_local                                0x200002c4   Data           8  leg.o(.data)
    k_z                                      0x200002cc   Data           4  leg.o(.data)
    SET_PWM3_OFF                             0x200002d0   Data           2  leg.o(.data)
    rate_delay_kuai                          0x200002d4   Data           4  leg.o(.data)
    delay_time_kuai                          0x200002d8   Data           4  leg.o(.data)
    sita_test                                0x200002dc   Data          12  leg.o(.data)
    line_test                                0x200002e8   Data           4  leg.o(.data)
    force_test_mode                          0x200002ec   Data           1  leg.o(.data)
    stop_leg                                 0x20000310   Data           1  brain.o(.data)
    per_stop                                 0x20000311   Data           1  brain.o(.data)
    k_acc                                    0x20000314   Data           4  brain.o(.data)
    kp_att                                   0x20000318   Data           4  brain.o(.data)
    ki_att                                   0x2000031c   Data           4  brain.o(.data)
    kd_att                                   0x20000320   Data           4  brain.o(.data)
    flt                                      0x20000324   Data           4  brain.o(.data)
    k_size_trot                              0x20000328   Data           4  brain.o(.data)
    size_k_trot                              0x2000032c   Data           4  brain.o(.data)
    limit_deng_trot                          0x20000330   Data           4  brain.o(.data)
    k_acc_control_trot                       0x20000334   Data           8  brain.o(.data)
    k_spd_control_trot                       0x2000033c   Data           8  brain.o(.data)
    reset_deng                               0x20000344   Data           4  brain.o(.data)
    reset_sita                               0x20000348   Data          12  brain.o(.data)
    reset_sita1                              0x20000354   Data          12  brain.o(.data)
    reset_sita2                              0x20000360   Data          12  brain.o(.data)
    trig_list_f                              0x20000398   Data           5  brain_g.o(.data)
    trig_list_r                              0x2000039d   Data           5  brain_g.o(.data)
    trig_list_b                              0x200003a2   Data           5  brain_g.o(.data)
    trig_list_l                              0x200003a7   Data           5  brain_g.o(.data)
    trig_list_tr                             0x200003ac   Data           5  brain_g.o(.data)
    trig_list_tl                             0x200003b1   Data           5  brain_g.o(.data)
    flag_acc                                 0x200003b8   Data           8  brain_g.o(.data)
    k_acc1                                   0x200003c0   Data           4  brain_g.o(.data)
    k_size                                   0x200003c4   Data           4  brain_g.o(.data)
    size_k                                   0x200003c8   Data           4  brain_g.o(.data)
    limit_deng                               0x200003cc   Data           4  brain_g.o(.data)
    k_acc_control                            0x200003d0   Data           8  brain_g.o(.data)
    k_spd_control                            0x200003d8   Data           8  brain_g.o(.data)
    center_control_out                       0x200003e0   Data           8  brain_g.o(.data)
    last_move_id                             0x200003e8   Data           1  brain_g.o(.data)
    last_last_move_id                        0x200003e9   Data           1  brain_g.o(.data)
    set_max                                  0x200003ec   Data           4  brain_g.o(.data)
    min_spd                                  0x200003f0   Data           4  brain_g.o(.data)
    en_off_trig                              0x200003f5   Data           1  brain_g.o(.data)
    h_k2                                     0x200003f8   Data           4  brain_g.o(.data)
    k_off                                    0x200003fc   Data           4  brain_g.o(.data)
    k_trig1                                  0x20000400   Data           4  brain_g.o(.data)
    k_rad                                    0x20000404   Data           4  brain_g.o(.data)
    k_trig                                   0x20000408   Data           4  brain_g.o(.data)
    k_fall                                   0x2000040c   Data           4  brain_g.o(.data)
    k_add                                    0x20000410   Data           4  brain_g.o(.data)
    ACC_HIGHPASS_TAU                         0x20000428   Data           4  fliter.o(.data)
    ACC_LOWPASS_TAU                          0x2000042c   Data           4  fliter.o(.data)
    ACC_LOWPASS_SAMPLE_TIME                  0x20000430   Data           4  fliter.o(.data)
    ACC_LOWPASS_A                            0x20000434   Data           4  fliter.o(.data)
    ACC_LOWPASS_GX1                          0x20000438   Data           4  fliter.o(.data)
    ACC_LOWPASS_GX2                          0x2000043c   Data           4  fliter.o(.data)
    ACC_LOWPASS_GX3                          0x20000440   Data           4  fliter.o(.data)
    BARO_LOWPASS_TAU                         0x20000444   Data           4  fliter.o(.data)
    BARO_LOWPASS_SAMPLE_TIME                 0x20000448   Data           4  fliter.o(.data)
    BARO_LOWPASS_A                           0x2000044c   Data           4  fliter.o(.data)
    BARO_LOWPASS_GX1                         0x20000450   Data           4  fliter.o(.data)
    BARO_LOWPASS_GX2                         0x20000454   Data           4  fliter.o(.data)
    BARO_LOWPASS_GX3                         0x20000458   Data           4  fliter.o(.data)
    FLOW_LOWPASS_TAU                         0x2000045c   Data           4  fliter.o(.data)
    FLOW_LOWPASS_SAMPLE_TIME                 0x20000460   Data           4  fliter.o(.data)
    FLOW_LOWPASS_A                           0x20000464   Data           4  fliter.o(.data)
    FLOW_LOWPASS_GX1                         0x20000468   Data           4  fliter.o(.data)
    FLOW_LOWPASS_GX2                         0x2000046c   Data           4  fliter.o(.data)
    FLOW_LOWPASS_GX3                         0x20000470   Data           4  fliter.o(.data)
    fast_atan_table                          0x20000484   Data        1028  my_math.o(.data)
    sbus_data_i                              0x20000888   Data          26  sbus.o(.data)
    sbus_data                                0x200008a2   Data          26  sbus.o(.data)
    channels                                 0x200008bc   Data          36  sbus.o(.data)
    failsafe_status                          0x200008e0   Data           1  sbus.o(.data)
    sbus_passthrough                         0x200008e1   Data           1  sbus.o(.data)
    leg_dt                                   0x200008e4   Data          20  ucos_task.o(.bss)
    LEG1_TASK_STK                            0x200008f8   Data        1024  ucos_task.o(.bss)
    LEG2_TASK_STK                            0x20000cf8   Data        1024  ucos_task.o(.bss)
    LEG3_TASK_STK                            0x200010f8   Data        1024  ucos_task.o(.bss)
    LEG4_TASK_STK                            0x200014f8   Data        1024  ucos_task.o(.bss)
    BRAIN_TASK_STK                           0x200018f8   Data        4352  ucos_task.o(.bss)
    UART_TASK_STK                            0x200029f8   Data        1024  ucos_task.o(.bss)
    START_TASK_STK                           0x20002e04   Data         256  main.o(.bss)
    MsgGrp                                   0x20002f04   Data        1024  main.o(.bss)
    OSEventTbl                               0x20003304   Data         200  os_core.o(.bss)
    OSFlagTbl                                0x200033cc   Data          80  os_core.o(.bss)
    OSTaskStatStk                            0x2000341c   Data         512  os_core.o(.bss)
    OSTaskIdleStk                            0x2000361c   Data         512  os_core.o(.bss)
    OSTCBPrioTbl                             0x2000381c   Data         256  os_core.o(.bss)
    OSTCBTbl                                 0x2000391c   Data        1848  os_core.o(.bss)
    OSQTbl                                   0x20004054   Data         120  os_core.o(.bss)
    OSTmrTbl                                 0x200040cc   Data         640  os_core.o(.bss)
    OSTmrTaskStk                             0x2000434c   Data         512  os_core.o(.bss)
    OSTmrWheelTbl                            0x2000454c   Data          64  os_core.o(.bss)
    FLASH_READ_BUF                           0x2000458c   Data         100  flash.o(.bss)
    FLASH_Buffer                             0x200045f0   Data         100  flash.o(.bss)
    Cycle_T                                  0x20004654   Data         180  time.o(.bss)
    TxBuffer1                                0x20004708   Data         256  usart_fc.o(.bss)
    Rx_Buf1                                  0x20004808   Data         256  usart_fc.o(.bss)
    RxBuffer1                                0x20004908   Data          50  usart_fc.o(.bss)
    TxBuffer2                                0x2000493a   Data         256  usart_fc.o(.bss)
    Rx_Buf2                                  0x20004a3a   Data         256  usart_fc.o(.bss)
    RxBuffer2                                0x20004b3a   Data          50  usart_fc.o(.bss)
    TxBuffer3                                0x20004b6c   Data         256  usart_fc.o(.bss)
    Rx_Buf3                                  0x20004c6c   Data         256  usart_fc.o(.bss)
    RxBuffer3                                0x20004d6c   Data          50  usart_fc.o(.bss)
    TxBuffer4                                0x20004d9e   Data         256  usart_fc.o(.bss)
    Rx_Buf4                                  0x20004e9e   Data         256  usart_fc.o(.bss)
    RxBuffer4                                0x20004f9e   Data          50  usart_fc.o(.bss)
    Rc_Get_PWM                               0x20004fd0   Data          34  usart_fc.o(.bss)
    Rc_Get_SBUS                              0x20004ff2   Data          34  usart_fc.o(.bss)
    TxBuffer5                                0x20005014   Data         256  usart_fc.o(.bss)
    Rx_Buf5                                  0x20005114   Data         256  usart_fc.o(.bss)
    RxBuffer5                                0x20005214   Data          50  usart_fc.o(.bss)
    SendBuff1                                0x20005246   Data         256  usart_fc.o(.bss)
    SendBuff3                                0x20005346   Data          32  usart_fc.o(.bss)
    mpu6050                                  0x2000537c   Data         160  mpu6050.o(.bss)
    mpu6050_fc                               0x2000541c   Data         160  mpu6050.o(.bss)
    mpu6050_buffer                           0x200054bc   Data          14  mpu6050.o(.bss)
    sum_temp                                 0x200054cc   Data          28  mpu6050.o(.bss)
    sum_temp_3d                              0x200054e8   Data          28  mpu6050.o(.bss)
    FILT_BUF                                 0x20005504   Data         154  mpu6050.o(.bss)
    mpu6050_tmp                              0x200055a0   Data          28  mpu6050.o(.bss)
    mpu_fil_tmp                              0x200055bc   Data          28  mpu6050.o(.bss)
    q_nav                                    0x200056e4   Data          16  imu.o(.bss)
    q_nav_r                                  0x200056f4   Data          16  imu.o(.bss)
    reference_v                              0x20005704   Data          12  imu.o(.bss)
    ref                                      0x20005710   Data          60  imu.o(.bss)
    reference_vr                             0x2000574c   Data          12  imu.o(.bss)
    mag_sim_3d                               0x20005758   Data          12  imu.o(.bss)
    leg                                      0x20005770   Data        2460  leg.o(.bss)
    brain                                    0x20006110   Data         880  leg.o(.bss)
    c0                                       0x20006480   Data          12  leg.o(.bss)
    c3                                       0x2000648c   Data          12  leg.o(.bss)
    c4                                       0x20006498   Data          12  leg.o(.bss)
    c5                                       0x200064a4   Data          12  leg.o(.bss)
    c6                                       0x200064b0   Data          12  leg.o(.bss)
    att_control_out                          0x20006538   Data          20  brain.o(.bss)
    out_range_move                           0x20006560   Data          10  brain_g.o(.bss)
    med_filter_tmp                           0x2000656c   Data        2400  fliter.o(.bss)
    med_filter_out                           0x20006ecc   Data         120  fliter.o(.bss)
    med_fil_cnt                              0x20006f44   Data          30  fliter.o(.bss)
    firstOrderFilters                        0x20006f64   Data         400  fliter.o(.bss)
    hml_lsq                                  0x200070f4   Data         168  cycle_cal_oldx.o(.bss)
    __libspace_start                         0x2000719c   Data          96  libspace.o(.bss)
    __temporary_stack_top$libspace           0x200071fc   Data           0  libspace.o(.bss)



==============================================================================

Memory Map of the image

  Image Entry point : 0x08000189

  Load Region LR_IROM1 (Base: 0x08000000, Size: 0x000213ec, Max: 0x00100000, ABSOLUTE, COMPRESSED[0x00021090])

    Execution Region ER_IROM1 (Base: 0x08000000, Size: 0x00020b08, Max: 0x00100000, ABSOLUTE)

    Base Addr    Size         Type   Attr      Idx    E Section Name        Object

    0x08000000   0x00000188   Data   RO          428    RESET               startup_stm32f40_41xxx.o
    0x08000188   0x00000008   Code   RO         1662  * !!!main             c_w.l(__main.o)
    0x08000190   0x00000034   Code   RO         2044    !!!scatter          c_w.l(__scatter.o)
    0x080001c4   0x0000005a   Code   RO         2042    !!dczerorl2         c_w.l(__dczerorl2.o)
    0x0800021e   0x00000002   PAD
    0x08000220   0x0000001c   Code   RO         2046    !!handler_zi        c_w.l(__scatter_zi.o)
    0x0800023c   0x00000002   Code   RO         1911    .ARM.Collect$$libinit$$00000000  c_w.l(libinit.o)
    0x0800023e   0x00000004   Code   RO         1916    .ARM.Collect$$libinit$$00000001  c_w.l(libinit2.o)
    0x08000242   0x00000000   Code   RO         1919    .ARM.Collect$$libinit$$00000004  c_w.l(libinit2.o)
    0x08000242   0x00000000   Code   RO         1922    .ARM.Collect$$libinit$$0000000A  c_w.l(libinit2.o)
    0x08000242   0x00000000   Code   RO         1924    .ARM.Collect$$libinit$$0000000C  c_w.l(libinit2.o)
    0x08000242   0x00000000   Code   RO         1926    .ARM.Collect$$libinit$$0000000E  c_w.l(libinit2.o)
    0x08000242   0x00000000   Code   RO         1929    .ARM.Collect$$libinit$$00000011  c_w.l(libinit2.o)
    0x08000242   0x00000000   Code   RO         1931    .ARM.Collect$$libinit$$00000013  c_w.l(libinit2.o)
    0x08000242   0x00000000   Code   RO         1933    .ARM.Collect$$libinit$$00000015  c_w.l(libinit2.o)
    0x08000242   0x00000000   Code   RO         1935    .ARM.Collect$$libinit$$00000017  c_w.l(libinit2.o)
    0x08000242   0x00000000   Code   RO         1937    .ARM.Collect$$libinit$$00000019  c_w.l(libinit2.o)
    0x08000242   0x00000000   Code   RO         1939    .ARM.Collect$$libinit$$0000001B  c_w.l(libinit2.o)
    0x08000242   0x00000000   Code   RO         1941    .ARM.Collect$$libinit$$0000001D  c_w.l(libinit2.o)
    0x08000242   0x00000000   Code   RO         1943    .ARM.Collect$$libinit$$0000001F  c_w.l(libinit2.o)
    0x08000242   0x00000000   Code   RO         1945    .ARM.Collect$$libinit$$00000021  c_w.l(libinit2.o)
    0x08000242   0x00000000   Code   RO         1947    .ARM.Collect$$libinit$$00000023  c_w.l(libinit2.o)
    0x08000242   0x00000000   Code   RO         1949    .ARM.Collect$$libinit$$00000025  c_w.l(libinit2.o)
    0x08000242   0x00000000   Code   RO         1953    .ARM.Collect$$libinit$$0000002C  c_w.l(libinit2.o)
    0x08000242   0x00000000   Code   RO         1955    .ARM.Collect$$libinit$$0000002E  c_w.l(libinit2.o)
    0x08000242   0x00000000   Code   RO         1957    .ARM.Collect$$libinit$$00000030  c_w.l(libinit2.o)
    0x08000242   0x00000000   Code   RO         1959    .ARM.Collect$$libinit$$00000032  c_w.l(libinit2.o)
    0x08000242   0x00000002   Code   RO         1960    .ARM.Collect$$libinit$$00000033  c_w.l(libinit2.o)
    0x08000244   0x00000002   Code   RO         1982    .ARM.Collect$$libshutdown$$00000000  c_w.l(libshutdown.o)
    0x08000246   0x00000000   Code   RO         1995    .ARM.Collect$$libshutdown$$00000002  c_w.l(libshutdown2.o)
    0x08000246   0x00000000   Code   RO         1997    .ARM.Collect$$libshutdown$$00000004  c_w.l(libshutdown2.o)
    0x08000246   0x00000000   Code   RO         2000    .ARM.Collect$$libshutdown$$00000007  c_w.l(libshutdown2.o)
    0x08000246   0x00000000   Code   RO         2003    .ARM.Collect$$libshutdown$$0000000A  c_w.l(libshutdown2.o)
    0x08000246   0x00000000   Code   RO         2005    .ARM.Collect$$libshutdown$$0000000C  c_w.l(libshutdown2.o)
    0x08000246   0x00000000   Code   RO         2008    .ARM.Collect$$libshutdown$$0000000F  c_w.l(libshutdown2.o)
    0x08000246   0x00000002   Code   RO         2009    .ARM.Collect$$libshutdown$$00000010  c_w.l(libshutdown2.o)
    0x08000248   0x00000000   Code   RO         1806    .ARM.Collect$$rtentry$$00000000  c_w.l(__rtentry.o)
    0x08000248   0x00000000   Code   RO         1878    .ARM.Collect$$rtentry$$00000002  c_w.l(__rtentry2.o)
    0x08000248   0x00000006   Code   RO         1890    .ARM.Collect$$rtentry$$00000004  c_w.l(__rtentry4.o)
    0x0800024e   0x00000000   Code   RO         1880    .ARM.Collect$$rtentry$$00000009  c_w.l(__rtentry2.o)
    0x0800024e   0x00000004   Code   RO         1881    .ARM.Collect$$rtentry$$0000000A  c_w.l(__rtentry2.o)
    0x08000252   0x00000000   Code   RO         1883    .ARM.Collect$$rtentry$$0000000C  c_w.l(__rtentry2.o)
    0x08000252   0x00000008   Code   RO         1884    .ARM.Collect$$rtentry$$0000000D  c_w.l(__rtentry2.o)
    0x0800025a   0x00000002   Code   RO         1914    .ARM.Collect$$rtexit$$00000000  c_w.l(rtexit.o)
    0x0800025c   0x00000000   Code   RO         1964    .ARM.Collect$$rtexit$$00000002  c_w.l(rtexit2.o)
    0x0800025c   0x00000004   Code   RO         1965    .ARM.Collect$$rtexit$$00000003  c_w.l(rtexit2.o)
    0x08000260   0x00000006   Code   RO         1966    .ARM.Collect$$rtexit$$00000004  c_w.l(rtexit2.o)
    0x08000266   0x00000002   PAD
    0x08000268   0x00001348   Code   RO            3    .text               ucos_task.o
    0x080015b0   0x00000200   Code   RO          314    .text               main.o
    0x080017b0   0x00000020   Code   RO          350    .text               stm32f4xx_it.o
    0x080017d0   0x00000210   Code   RO          402    .text               system_stm32f4xx.o
    0x080019e0   0x00000040   Code   RO          429    .text               startup_stm32f40_41xxx.o
    0x08001a20   0x00000108   Code   RO          435    .text               delay.o
    0x08001b28   0x000000e0   Code   RO          475    .text               misc.o
    0x08001c08   0x00000294   Code   RO          495    .text               stm32f4xx_gpio.o
    0x08001e9c   0x0000065c   Code   RO          538    .text               stm32f4xx_rcc.o
    0x080024f8   0x00000454   Code   RO          580    .text               stm32f4xx_usart.o
    0x0800294c   0x00000694   Code   RO          620    .text               stm32f4xx_flash.o
    0x08002fe0   0x00000480   Code   RO          680    .text               stm32f4xx_spi.o
    0x08003460   0x000003a8   Code   RO          700    .text               stm32f4xx_dma.o
    0x08003808   0x000000a0   Code   RO          720    .text               stm32f4xx_rng.o
    0x080038a8   0x00000894   Code   RO          740    .text               os_core.o
    0x0800413c   0x0000080c   Code   RO          768    .text               os_flag.o
    0x08004948   0x000003cc   Code   RO          788    .text               os_mbox.o
    0x08004d14   0x000005e8   Code   RO          842    .text               os_q.o
    0x080052fc   0x0000038c   Code   RO          862    .text               os_sem.o
    0x08005688   0x000007c4   Code   RO          882    .text               os_task.o
    0x08005e4c   0x000001b0   Code   RO          902    .text               os_time.o
    0x08005ffc   0x00000634   Code   RO          922    .text               os_tmr.o
    0x08006630   0x000000c8   Code   RO          940    .text               os_cpu_a.o
    0x080066f8   0x000001e8   Code   RO          945    .text               os_cpu_c.o
    0x080068e0   0x00000f08   Code   RO          975    .text               flash.o
    0x080077e8   0x000000d0   Code   RO         1007    .text               led_fc.o
    0x080078b8   0x00000164   Code   RO         1058    .text               time.o
    0x08007a1c   0x000000e8   Code   RO         1089    .text               dma.o
    0x08007b04   0x0000006c   Code   RO         1109    .text               rng.o
    0x08007b70   0x00000240   Code   RO         1129    .text               spi_nrf.o
    0x08007db0   0x00002238   Code   RO         1149    .text               usart_fc.o
    0x08009fe8   0x00000b2c   Code   RO         1177    .text               mpu6050.o
    0x0800ab14   0x000002a4   Code   RO         1209    .text               mpu9250.o
    0x0800adb8   0x000004d4   Code   RO         1239    .text               hml5833l.o
    0x0800b28c   0x00001514   Code   RO         1267    .text               imu.o
    0x0800c7a0   0x00002f80   Code   RO         1381    .text               leg_lib.o
    0x0800f720   0x000030b0   Code   RO         1402    .text               leg.o
    0x080127d0   0x00003c74   Code   RO         1435    .text               brain.o
    0x08016444   0x000050d0   Code   RO         1464    .text               brain_g.o
    0x0801b514   0x00000788   Code   RO         1493    .text               fliter.o
    0x0801bc9c   0x000006c0   Code   RO         1520    .text               my_math.o
    0x0801c35c   0x00000260   Code   RO         1542    .text               sbus_oldx.lib(sbus.o)
    0x0801c5bc   0x00000a18   Code   RO         1632    .text               cycle_cal_oldx.lib(cycle_cal_oldx.o)
    0x0801cfd4   0x00000064   Code   RO         1656    .text               c_w.l(rt_memcpy_w.o)
    0x0801d038   0x0000004e   Code   RO         1658    .text               c_w.l(rt_memclr_w.o)
    0x0801d086   0x00000006   Code   RO         1660    .text               c_w.l(heapauxi.o)
    0x0801d08c   0x00000016   Code   RO         1807    .text               c_w.l(_rserrno.o)
    0x0801d0a2   0x00000002   PAD
    0x0801d0a4   0x00000008   Code   RO         1895    .text               c_w.l(rt_errno_addr_intlibspace.o)
    0x0801d0ac   0x00000008   Code   RO         1899    .text               c_w.l(libspace.o)
    0x0801d0b4   0x0000004a   Code   RO         1902    .text               c_w.l(sys_stackheap_outer.o)
    0x0801d0fe   0x00000012   Code   RO         1904    .text               c_w.l(exit.o)
    0x0801d110   0x0000000c   Code   RO         1974    .text               c_w.l(sys_exit.o)
    0x0801d11c   0x00000002   Code   RO         1985    .text               c_w.l(use_no_semi.o)
    0x0801d11e   0x00000000   Code   RO         1987    .text               c_w.l(indicate_semi.o)
    0x0801d11e   0x00000030   Code   RO         1855    i.__ARM_fpclassify  m_wm.l(fpclassify.o)
    0x0801d14e   0x00000002   PAD
    0x0801d150   0x00000358   Code   RO         1698    i.__hardfp_acos     m_wm.l(acos.o)
    0x0801d4a8   0x00000360   Code   RO         1712    i.__hardfp_asin     m_wm.l(asin.o)
    0x0801d808   0x000002d8   Code   RO         1824    i.__hardfp_atan     m_wm.l(atan.o)
    0x0801dae0   0x000001f0   Code   RO         1726    i.__hardfp_atan2    m_wm.l(atan2.o)
    0x0801dcd0   0x000000c8   Code   RO         1738    i.__hardfp_cos      m_wm.l(cos.o)
    0x0801dd98   0x00000014   Code   RO         1750    i.__hardfp_fabs     m_wm.l(fabs.o)
    0x0801ddac   0x00000004   PAD
    0x0801ddb0   0x00000c50   Code   RO         1756    i.__hardfp_pow      m_wm.l(pow.o)
    0x0801ea00   0x000000c8   Code   RO         1770    i.__hardfp_sin      m_wm.l(sin.o)
    0x0801eac8   0x0000007a   Code   RO         1782    i.__hardfp_sqrt     m_wm.l(sqrt.o)
    0x0801eb42   0x00000006   PAD
    0x0801eb48   0x00000080   Code   RO         1794    i.__hardfp_tan      m_wm.l(tan.o)
    0x0801ebc8   0x00000438   Code   RO         1860    i.__ieee754_rem_pio2  m_wm.l(rred.o)
    0x0801f000   0x00000170   Code   RO         1838    i.__kernel_cos      m_wm.l(cos_i.o)
    0x0801f170   0x000000f8   Code   RO         1857    i.__kernel_poly     m_wm.l(poly.o)
    0x0801f268   0x00000130   Code   RO         1865    i.__kernel_sin      m_wm.l(sin_i.o)
    0x0801f398   0x00000350   Code   RO         1871    i.__kernel_tan      m_wm.l(tan_i.o)
    0x0801f6e8   0x00000030   Code   RO         1841    i.__mathlib_dbl_divzero  m_wm.l(dunder.o)
    0x0801f718   0x00000014   Code   RO         1842    i.__mathlib_dbl_infnan  m_wm.l(dunder.o)
    0x0801f72c   0x00000014   Code   RO         1843    i.__mathlib_dbl_infnan2  m_wm.l(dunder.o)
    0x0801f740   0x00000020   Code   RO         1844    i.__mathlib_dbl_invalid  m_wm.l(dunder.o)
    0x0801f760   0x00000020   Code   RO         1845    i.__mathlib_dbl_overflow  m_wm.l(dunder.o)
    0x0801f780   0x00000020   Code   RO         1847    i.__mathlib_dbl_underflow  m_wm.l(dunder.o)
    0x0801f7a0   0x00000010   Code   RO         1826    i.atan              m_wm.l(atan.o)
    0x0801f7b0   0x00000018   Code   RO         1752    i.fabs              m_wm.l(fabs.o)
    0x0801f7c8   0x0000006e   Code   RO         1784    i.sqrt              m_wm.l(sqrt.o)
    0x0801f836   0x00000018   Code   RO         1664    x$fpl$basic         fz_wm.l(basic.o)
    0x0801f84e   0x00000002   PAD
    0x0801f850   0x00000062   Code   RO         1666    x$fpl$d2f           fz_wm.l(d2f.o)
    0x0801f8b2   0x00000002   PAD
    0x0801f8b4   0x00000150   Code   RO         1668    x$fpl$dadd          fz_wm.l(daddsub_clz.o)
    0x0801fa04   0x00000010   Code   RO         1897    x$fpl$dcheck1       fz_wm.l(dcheck1.o)
    0x0801fa14   0x00000018   Code   RO         1809    x$fpl$dcmpinf       fz_wm.l(dcmpi.o)
    0x0801fa2c   0x000002b0   Code   RO         1675    x$fpl$ddiv          fz_wm.l(ddiv.o)
    0x0801fcdc   0x0000005e   Code   RO         1680    x$fpl$dfix          fz_wm.l(dfix.o)
    0x0801fd3a   0x0000002e   Code   RO         1685    x$fpl$dflt          fz_wm.l(dflt_clz.o)
    0x0801fd68   0x00000026   Code   RO         1684    x$fpl$dfltu         fz_wm.l(dflt_clz.o)
    0x0801fd8e   0x00000002   PAD
    0x0801fd90   0x00000078   Code   RO         1690    x$fpl$dleqf         fz_wm.l(dleqf.o)
    0x0801fe08   0x00000154   Code   RO         1692    x$fpl$dmul          fz_wm.l(dmul.o)
    0x0801ff5c   0x0000009c   Code   RO         1811    x$fpl$dnaninf       fz_wm.l(dnaninf.o)
    0x0801fff8   0x0000000c   Code   RO         1813    x$fpl$dretinf       fz_wm.l(dretinf.o)
    0x08020004   0x0000006c   Code   RO         1694    x$fpl$drleqf        fz_wm.l(drleqf.o)
    0x08020070   0x00000016   Code   RO         1669    x$fpl$drsb          fz_wm.l(daddsub_clz.o)
    0x08020086   0x00000002   PAD
    0x08020088   0x00000198   Code   RO         1815    x$fpl$dsqrt         fz_wm.l(dsqrt_umaal.o)
    0x08020220   0x000001d4   Code   RO         1670    x$fpl$dsub          fz_wm.l(daddsub_clz.o)
    0x080203f4   0x00000056   Code   RO         1696    x$fpl$f2d           fz_wm.l(f2d.o)
    0x0802044a   0x0000008c   Code   RO         1817    x$fpl$fnaninf       fz_wm.l(fnaninf.o)
    0x080204d6   0x0000000a   Code   RO         1972    x$fpl$fpinit        fz_wm.l(fpinit.o)
    0x080204e0   0x0000000a   Code   RO         1819    x$fpl$fretinf       fz_wm.l(fretinf.o)
    0x080204ea   0x00000064   Code   RO         1912    x$fpl$retnan        fz_wm.l(retnan.o)
    0x0802054e   0x0000005c   Code   RO         1821    x$fpl$scalbn        fz_wm.l(scalbn.o)
    0x080205aa   0x00000030   Code   RO         1961    x$fpl$trapveneer    fz_wm.l(trapv.o)
    0x080205da   0x00000000   Code   RO         1823    x$fpl$usenofp       fz_wm.l(usenofp.o)
    0x080205da   0x00000100   Data   RO          742    .constdata          os_core.o
    0x080206da   0x00000002   PAD
    0x080206dc   0x00000010   Data   RO         1382    .constdata          leg_lib.o
    0x080206ec   0x00000008   Data   RO         1404    .constdata          leg.o
    0x080206f4   0x00000004   PAD
    0x080206f8   0x00000050   Data   RO         1437    .constdata          brain.o
    0x08020748   0x00000058   Data   RO         1466    .constdata          brain_g.o
    0x080207a0   0x00000050   Data   RO         1701    .constdata          m_wm.l(acos.o)
    0x080207f0   0x00000050   Data   RO         1715    .constdata          m_wm.l(asin.o)
    0x08020840   0x00000088   Data   RO         1759    .constdata          m_wm.l(pow.o)
    0x080208c8   0x00000098   Data   RO         1827    .constdata          m_wm.l(atan.o)
    0x08020960   0x00000030   Data   RO         1839    .constdata          m_wm.l(cos_i.o)
    0x08020990   0x00000008   Data   RO         1859    .constdata          m_wm.l(qnan.o)
    0x08020998   0x000000c8   Data   RO         1862    .constdata          m_wm.l(rred.o)
    0x08020a60   0x00000028   Data   RO         1866    .constdata          m_wm.l(sin_i.o)
    0x08020a88   0x00000060   Data   RO         1872    .constdata          m_wm.l(tan_i.o)
    0x08020ae8   0x00000020   Data   RO         2040    Region$$Table       anon$$obj.o


    Execution Region RW_IRAM1 (Base: 0x20000000, Size: 0x00007800, Max: 0x00020000, ABSOLUTE, COMPRESSED[0x00000588])

    Base Addr    Size         Type   Attr      Idx    E Section Name        Object

    0x20000000   0x00000051   Data   RW            5    .data               ucos_task.o
    0x20000051   0x00000003   PAD
    0x20000054   0x0000000d   Data   RW          316    .data               main.o
    0x20000061   0x00000001   Data   RW          351    .data               stm32f4xx_it.o
    0x20000062   0x00000002   PAD
    0x20000064   0x00000014   Data   RW          403    .data               system_stm32f4xx.o
    0x20000078   0x00000004   Data   RW          436    .data               delay.o
    0x2000007c   0x00000010   Data   RW          539    .data               stm32f4xx_rcc.o
    0x2000008c   0x0000005c   Data   RW          743    .data               os_core.o
    0x200000e8   0x00000006   Data   RW          946    .data               os_cpu_c.o
    0x200000ee   0x00000002   PAD
    0x200000f0   0x0000002a   Data   RW          977    .data               flash.o
    0x2000011a   0x00000004   Data   RW         1008    .data               led_fc.o
    0x2000011e   0x0000004a   Data   RW         1151    .data               usart_fc.o
    0x20000168   0x0000002d   Data   RW         1179    .data               mpu6050.o
    0x20000195   0x00000001   PAD
    0x20000196   0x00000014   Data   RW         1211    .data               mpu9250.o
    0x200001aa   0x00000006   PAD
    0x200001b0   0x000000a0   Data   RW         1241    .data               hml5833l.o
    0x20000250   0x00000074   Data   RW         1269    .data               imu.o
    0x200002c4   0x0000004b   Data   RW         1405    .data               leg.o
    0x2000030f   0x00000001   PAD
    0x20000310   0x00000086   Data   RW         1438    .data               brain.o
    0x20000396   0x00000002   PAD
    0x20000398   0x0000008e   Data   RW         1467    .data               brain_g.o
    0x20000426   0x00000002   PAD
    0x20000428   0x00000059   Data   RW         1495    .data               fliter.o
    0x20000481   0x00000003   PAD
    0x20000484   0x00000404   Data   RW         1521    .data               my_math.o
    0x20000888   0x0000005c   Data   RW         1543    .data               sbus_oldx.lib(sbus.o)
    0x200008e4   0x00002520   Zero   RW            4    .bss                ucos_task.o
    0x20002e04   0x00000500   Zero   RW          315    .bss                main.o
    0x20003304   0x00001288   Zero   RW          741    .bss                os_core.o
    0x2000458c   0x000000c8   Zero   RW          976    .bss                flash.o
    0x20004654   0x000000b4   Zero   RW         1059    .bss                time.o
    0x20004708   0x00000c72   Zero   RW         1150    .bss                usart_fc.o
    0x2000537a   0x00000002   PAD
    0x2000537c   0x00000268   Zero   RW         1178    .bss                mpu6050.o
    0x200055e4   0x00000004   PAD
    0x200055e8   0x000000fc   Zero   RW         1240    .bss                hml5833l.o
    0x200056e4   0x0000008c   Zero   RW         1268    .bss                imu.o
    0x20005770   0x00000dc6   Zero   RW         1403    .bss                leg.o
    0x20006536   0x00000002   PAD
    0x20006538   0x00000028   Zero   RW         1436    .bss                brain.o
    0x20006560   0x0000000a   Zero   RW         1465    .bss                brain_g.o
    0x2000656a   0x00000002   PAD
    0x2000656c   0x00000b88   Zero   RW         1494    .bss                fliter.o
    0x200070f4   0x000000a8   Zero   RW         1633    .bss                cycle_cal_oldx.lib(cycle_cal_oldx.o)
    0x2000719c   0x00000060   Zero   RW         1900    .bss                c_w.l(libspace.o)
    0x200071fc   0x00000004   PAD
    0x20007200   0x00000200   Zero   RW          427    HEAP                startup_stm32f40_41xxx.o
    0x20007400   0x00000400   Zero   RW          426    STACK               startup_stm32f40_41xxx.o


==============================================================================

Image component sizes


      Code (inc. data)   RO Data    RW Data    ZI Data      Debug   Object Name

     15476        616         80        134         40      12946   brain.o
     20688        604         88        142         10      16805   brain_g.o
       264         18          0          4          0       1383   delay.o
       232          4          0          0          0       1428   dma.o
      3848        228          0         42        200       4163   flash.o
      1928        124          0         89       2952       6744   fliter.o
      1236         70          0        160        252       2735   hml5833l.o
      5396        258          0        116        140       5467   imu.o
       208          8          0          4          0        959   led_fc.o
     12464        354          8         75       3526      19614   leg.o
     12160        296         16          0          0      29574   leg_lib.o
       512         98          0         13       1280       9334   main.o
       224         20          0          0          0       1785   misc.o
      2860        182          0         45        616      14735   mpu6050.o
       676         24          0         20          0       5331   mpu9250.o
      1728        122          0       1028          0       6147   my_math.o
      2196        218        256         92       4744      15955   os_core.o
       200         32          0          0          0        308   os_cpu_a.o
       488          8          0          6          0      11743   os_cpu_c.o
      2060         42          0          0          0       7192   os_flag.o
       972         16          0          0          0       4294   os_mbox.o
      1512         30          0          0          0       5753   os_q.o
       908         18          0          0          0       4026   os_sem.o
      1988         70          0          0          0       7869   os_task.o
       432         30          0          0          0       1862   os_time.o
      1588         94          0          0          0       5713   os_tmr.o
       108          0          0          0          0        993   rng.o
       576         14          0          0          0       1283   spi_nrf.o
        64         26        392          0       1536        820   startup_stm32f40_41xxx.o
       936         32          0          0          0       6365   stm32f4xx_dma.o
      1684         28          0          0          0       9390   stm32f4xx_flash.o
       660         44          0          0          0       4129   stm32f4xx_gpio.o
        32          4          0          1          0     228787   stm32f4xx_it.o
      1628         52          0         16          0      12984   stm32f4xx_rcc.o
       160          4          0          0          0       1792   stm32f4xx_rng.o
      1152         36          0          0          0       6877   stm32f4xx_spi.o
      1108         34          0          0          0       7852   stm32f4xx_usart.o
       528         46          0         20          0       1731   system_stm32f4xx.o
       356         18          0          0        180      29341   time.o
      4936        418          0         81       9504     312801   ucos_task.o
      8760        338          0         74       3186      20970   usart_fc.o

    ----------------------------------------------------------------------
    114932       4678        878       2184      28176     849980   Object Totals
         0          0         32          0          0          0   (incl. Generated)
         0          0          6         22         10          0   (incl. Padding)

    ----------------------------------------------------------------------

      Code (inc. data)   RO Data    RW Data    ZI Data      Debug   Library Member Name

        90          0          0          0          0          0   __dczerorl2.o
         8          0          0          0          0         68   __main.o
         0          0          0          0          0          0   __rtentry.o
        12          0          0          0          0          0   __rtentry2.o
         6          0          0          0          0          0   __rtentry4.o
        52          8          0          0          0          0   __scatter.o
        28          0          0          0          0          0   __scatter_zi.o
        22          0          0          0          0        100   _rserrno.o
        18          0          0          0          0         80   exit.o
         6          0          0          0          0        152   heapauxi.o
         0          0          0          0          0          0   indicate_semi.o
         2          0          0          0          0          0   libinit.o
         6          0          0          0          0          0   libinit2.o
         2          0          0          0          0          0   libshutdown.o
         2          0          0          0          0          0   libshutdown2.o
         8          4          0          0         96         68   libspace.o
         8          4          0          0          0         68   rt_errno_addr_intlibspace.o
        78          0          0          0          0         80   rt_memclr_w.o
       100          0          0          0          0         80   rt_memcpy_w.o
         2          0          0          0          0          0   rtexit.o
        10          0          0          0          0          0   rtexit2.o
        12          4          0          0          0         68   sys_exit.o
        74          0          0          0          0         80   sys_stackheap_outer.o
         2          0          0          0          0         68   use_no_semi.o
      2584         12          0          0        168       4813   cycle_cal_oldx.o
        24          0          0          0          0        164   basic.o
        98          4          0          0          0        140   d2f.o
       826         16          0          0          0        492   daddsub_clz.o
        16          4          0          0          0        116   dcheck1.o
        24          0          0          0          0        116   dcmpi.o
       688        140          0          0          0        256   ddiv.o
        94          4          0          0          0        140   dfix.o
        84          0          0          0          0        232   dflt_clz.o
       120          4          0          0          0        140   dleqf.o
       340         12          0          0          0        152   dmul.o
       156          4          0          0          0        140   dnaninf.o
        12          0          0          0          0        116   dretinf.o
       108          0          0          0          0        128   drleqf.o
       408         56          0          0          0        168   dsqrt_umaal.o
        86          4          0          0          0        132   f2d.o
       140          4          0          0          0        132   fnaninf.o
        10          0          0          0          0        116   fpinit.o
        10          0          0          0          0        116   fretinf.o
       100          0          0          0          0        116   retnan.o
        92          0          0          0          0        116   scalbn.o
        48          0          0          0          0        116   trapv.o
         0          0          0          0          0          0   usenofp.o
       856        118         80          0          0        288   acos.o
       864         94         80          0          0        280   asin.o
       744        106        152          0          0        352   atan.o
       496         64          0          0          0        192   atan2.o
       200         20          0          0          0        164   cos.o
       368         46         48          0          0        200   cos_i.o
       184         44          0          0          0        744   dunder.o
        44          0          0          0          0        248   fabs.o
        48          0          0          0          0        124   fpclassify.o
       248          0          0          0          0        152   poly.o
      3152        296        136          0          0        352   pow.o
         0          0          8          0          0          0   qnan.o
      1080        142        200          0          0        188   rred.o
       200         20          0          0          0        164   sin.o
       304         24         40          0          0        208   sin_i.o
       232          0          0          0          0        296   sqrt.o
       128         20          0          0          0        144   tan.o
       848         84         96          0          0        196   tan_i.o
       608         26          0         92          0     217216   sbus.o

    ----------------------------------------------------------------------
     17246       1388        840         92        268     230577   Library Totals
        26          0          0          0          4          0   (incl. Padding)

    ----------------------------------------------------------------------

      Code (inc. data)   RO Data    RW Data    ZI Data      Debug   Library Name

       548         20          0          0         96        912   c_w.l
      2584         12          0          0        168       4813   cycle_cal_oldx.lib
      3484        252          0          0          0       3344   fz_wm.l
      9996       1078        840          0          0       4292   m_wm.l
       608         26          0         92          0     217216   sbus_oldx.lib

    ----------------------------------------------------------------------
     17246       1388        840         92        268     230577   Library Totals

    ----------------------------------------------------------------------

==============================================================================


      Code (inc. data)   RO Data    RW Data    ZI Data      Debug   

    132178       6066       1718       2276      28444    1066793   Grand Totals
    132178       6066       1718       1416      28444    1066793   ELF Image Totals (compressed)
    132178       6066       1718       1416          0          0   ROM Totals

==============================================================================

    Total RO  Size (Code + RO Data)               133896 ( 130.76kB)
    Total RW  Size (RW Data + ZI Data)             30720 (  30.00kB)
    Total ROM Size (Code + RO Data + RW Data)     135312 ( 132.14kB)

==============================================================================

