Component: ARM Compiler 5.06 update 2 (build 183) Tool: armlink [4d35b7]

==============================================================================

Section Cross References

    ucos_task.o(.text) refers to leg.o(.text) for leg_init
    ucos_task.o(.text) refers to time.o(.text) for Get_Cycle_T
    ucos_task.o(.text) refers to mpu6050.o(.text) for MPU6050_Read
    ucos_task.o(.text) refers to hml5833l.o(.text) for ANO_AK8975_Read_Mag_Data
    ucos_task.o(.text) refers to dflt_clz.o(x$fpl$dfltu) for __aeabi_ui2d
    ucos_task.o(.text) refers to drleqf.o(x$fpl$drleqf) for __aeabi_cdrcmple
    ucos_task.o(.text) refers to imu.o(.text) for IMUupdate
    ucos_task.o(.text) refers to f2d.o(x$fpl$f2d) for __aeabi_f2d
    ucos_task.o(.text) refers to ddiv.o(x$fpl$ddiv) for __aeabi_ddiv
    ucos_task.o(.text) refers to d2f.o(x$fpl$d2f) for __aeabi_d2f
    ucos_task.o(.text) refers to fliter.o(.text) for firstOrderFilter
    ucos_task.o(.text) refers to dmul.o(x$fpl$dmul) for __aeabi_dmul
    ucos_task.o(.text) refers to delay.o(.text) for delay_ms
    ucos_task.o(.text) refers to leg.o(.bss) for leg
    ucos_task.o(.text) refers to ucos_task.o(.bss) for leg_dt
    ucos_task.o(.text) refers to ucos_task.o(.data) for cnt_init
    ucos_task.o(.text) refers to mpu6050.o(.bss) for mpu6050_fc
    ucos_task.o(.text) refers to imu.o(.data) for Yaw
    ucos_task.o(.text) refers to imu.o(.bss) for reference_vr
    ucos_task.o(.text) refers to fliter.o(.bss) for firstOrderFilters
    ucos_task.o(.text) refers to usart_fc.o(.bss) for Rc_Get_SBUS
    ucos_task.o(.text) refers to flash.o(.data) for SBUS_MAX
    ucos_task.o(.text) refers to sbus.o(.data) for channels
    ucos_task.o(.text) refers to my_math.o(.text) for my_deathzoom_rc
    ucos_task.o(.text) refers to dflt_clz.o(x$fpl$dflt) for __aeabi_i2d
    ucos_task.o(.text) refers to daddsub_clz.o(x$fpl$dadd) for __aeabi_dadd
    ucos_task.o(.text) refers to dleqf.o(x$fpl$dleqf) for __aeabi_cdcmple
    ucos_task.o(.text) refers to pow.o(i.__hardfp_pow) for __hardfp_pow
    ucos_task.o(.text) refers to sqrt.o(i.__hardfp_sqrt) for __hardfp_sqrt
    ucos_task.o(.text) refers to daddsub_clz.o(x$fpl$dsub) for __aeabi_dsub
    ucos_task.o(.text) refers to fabs.o(i.__hardfp_fabs) for __hardfp_fabs
    ucos_task.o(.text) refers to brain.o(.text) for leg_task1
    ucos_task.o(.text) refers to usart_fc.o(.text) for Send_LEG
    ucos_task.o(.text) refers to os_core.o(.data) for OSCPUUsage
    main.o(.text) refers to os_mbox.o(.text) for OSMboxCreate
    main.o(.text) refers to os_q.o(.text) for OSQCreate
    main.o(.text) refers to os_flag.o(.text) for OSFlagCreate
    main.o(.text) refers to os_core.o(.text) for OSStatInit
    main.o(.text) refers to os_tmr.o(.text) for OSTmrCreate
    main.o(.text) refers to os_cpu_a.o(.text) for OS_CPU_SR_Save
    main.o(.text) refers to os_task.o(.text) for OSTaskCreate
    main.o(.text) refers to misc.o(.text) for NVIC_PriorityGroupConfig
    main.o(.text) refers to delay.o(.text) for delay_init
    main.o(.text) refers to time.o(.text) for Initial_Timer_SYS
    main.o(.text) refers to rng.o(.text) for RNG_Init
    main.o(.text) refers to flash.o(.text) for READ_PARM
    main.o(.text) refers to leg_lib.o(.text) for set_lisence
    main.o(.text) refers to usart_fc.o(.text) for Usart1_Init
    main.o(.text) refers to dma.o(.text) for MYDMA_Config
    main.o(.text) refers to stm32f4xx_usart.o(.text) for USART_DMACmd
    main.o(.text) refers to led_fc.o(.text) for LED_Init
    main.o(.text) refers to spi_nrf.o(.text) for SPI2_Init1
    main.o(.text) refers to mpu9250.o(.text) for Mpu9250_Init
    main.o(.text) refers to main.o(.data) for msg_key
    main.o(.text) refers to main.o(.bss) for MsgGrp
    main.o(.text) refers to ucos_task.o(.text) for tmr1_callback
    main.o(.text) refers to ucos_task.o(.data) for tmr1
    main.o(.text) refers to ucos_task.o(.bss) for BRAIN_TASK_STK
    main.o(.text) refers to usart_fc.o(.bss) for SendBuff1
    stm32f4xx_it.o(.text) refers to stm32f4xx_it.o(.data) for hard_fall
    system_stm32f4xx.o(.text) refers to system_stm32f4xx.o(.data) for SystemCoreClock
    startup_stm32f40_41xxx.o(STACK) refers (Special) to heapauxi.o(.text) for __use_two_region_memory
    startup_stm32f40_41xxx.o(HEAP) refers (Special) to heapauxi.o(.text) for __use_two_region_memory
    startup_stm32f40_41xxx.o(RESET) refers (Special) to heapauxi.o(.text) for __use_two_region_memory
    startup_stm32f40_41xxx.o(RESET) refers to startup_stm32f40_41xxx.o(STACK) for __initial_sp
    startup_stm32f40_41xxx.o(RESET) refers to startup_stm32f40_41xxx.o(.text) for Reset_Handler
    startup_stm32f40_41xxx.o(RESET) refers to stm32f4xx_it.o(.text) for NMI_Handler
    startup_stm32f40_41xxx.o(RESET) refers to os_cpu_a.o(.text) for PendSV_Handler
    startup_stm32f40_41xxx.o(RESET) refers to delay.o(.text) for SysTick_Handler
    startup_stm32f40_41xxx.o(RESET) refers to usart_fc.o(.text) for USART1_IRQHandler
[...]
    OSSemQuery                               0x080056e9   Thumb Code    76  os_sem.o(.text)
    OSSemSet                                 0x08005735   Thumb Code    66  os_sem.o(.text)
    OSTaskChangePrio                         0x08005789   Thumb Code   308  os_task.o(.text)
    OSTaskCreate                             0x080058bd   Thumb Code   148  os_task.o(.text)
    OS_TaskStkClr                            0x08005951   Thumb Code    26  os_task.o(.text)
    OSTaskCreateExt                          0x0800596b   Thumb Code   170  os_task.o(.text)
    OSTaskDel                                0x08005a15   Thumb Code   294  os_task.o(.text)
    OSTaskDelReq                             0x08005b3b   Thumb Code   144  os_task.o(.text)
    OSTaskNameGet                            0x08005bcb   Thumb Code   114  os_task.o(.text)
    OSTaskNameSet                            0x08005c3d   Thumb Code    98  os_task.o(.text)
    OSTaskResume                             0x08005c9f   Thumb Code   154  os_task.o(.text)
    OSTaskStkChk                             0x08005d39   Thumb Code   132  os_task.o(.text)
    OSTaskSuspend                            0x08005dbd   Thumb Code   152  os_task.o(.text)
    OSTaskQuery                              0x08005e55   Thumb Code    82  os_task.o(.text)
    OSTaskRegGet                             0x08005ea7   Thumb Code    60  os_task.o(.text)
    OSTaskRegSet                             0x08005ee3   Thumb Code    62  os_task.o(.text)
    OS_TaskReturn                            0x08005f21   Thumb Code    18  os_task.o(.text)
    OSTimeDly                                0x08005f4d   Thumb Code   100  os_time.o(.text)
    OSTimeDlyHMSM                            0x08005fb1   Thumb Code    86  os_time.o(.text)
    OSTimeDlyResume                          0x08006007   Thumb Code   168  os_time.o(.text)
    OSTimeGet                                0x080060af   Thumb Code    24  os_time.o(.text)
    OSTimeSet                                0x080060c7   Thumb Code    24  os_time.o(.text)
    OSTmrCreate                              0x0800612f   Thumb Code    96  os_tmr.o(.text)
    OSTmrDel                                 0x08006207   Thumb Code   124  os_tmr.o(.text)
    OSTmrNameGet                             0x08006283   Thumb Code   114  os_tmr.o(.text)
    OSTmrRemainGet                           0x080062f5   Thumb Code   164  os_tmr.o(.text)
    OSTmrStateGet                            0x08006399   Thumb Code    86  os_tmr.o(.text)
    OSTmrStart                               0x08006453   Thumb Code   128  os_tmr.o(.text)
    OSTmrStop                                0x080064d3   Thumb Code   210  os_tmr.o(.text)
    OSTmrSignal                              0x080065a5   Thumb Code    16  os_tmr.o(.text)
    OSTmr_Init                               0x08006659   Thumb Code   152  os_tmr.o(.text)
    OS_CPU_SR_Save                           0x08006731   Thumb Code     0  os_cpu_a.o(.text)
    OS_CPU_SR_Restore                        0x08006739   Thumb Code     0  os_cpu_a.o(.text)
    OSStartHighRdy                           0x0800673f   Thumb Code     0  os_cpu_a.o(.text)
    OSCtxSw                                  0x08006763   Thumb Code     0  os_cpu_a.o(.text)
    OSIntCtxSw                               0x08006771   Thumb Code     0  os_cpu_a.o(.text)
    PendSV_Handler                           0x08006781   Thumb Code     0  os_cpu_a.o(.text)
    OSInitHookBegin                          0x080067f9   Thumb Code     8  os_cpu_c.o(.text)
    OSInitHookEnd                            0x08006801   Thumb Code     2  os_cpu_c.o(.text)
    OSTaskCreateHook                         0x08006803   Thumb Code     2  os_cpu_c.o(.text)
    OSTaskDelHook                            0x08006805   Thumb Code     2  os_cpu_c.o(.text)
    OSTaskIdleHook                           0x08006807   Thumb Code     2  os_cpu_c.o(.text)
    OSTaskStatHook                           0x08006809   Thumb Code     2  os_cpu_c.o(.text)
    OSTaskStkInit                            0x0800680b   Thumb Code   426  os_cpu_c.o(.text)
    OSTaskSwHook                             0x080069b5   Thumb Code     2  os_cpu_c.o(.text)
    OSTCBInitHook                            0x080069b7   Thumb Code     2  os_cpu_c.o(.text)
    OSTimeTickHook                           0x080069b9   Thumb Code    30  os_cpu_c.o(.text)
    OSTaskReturnHook                         0x080069d7   Thumb Code     2  os_cpu_c.o(.text)
    STMFLASH_ReadWord                        0x080069e1   Thumb Code     6  flash.o(.text)
    STMFLASH_GetFlashSector                  0x080069e7   Thumb Code   116  flash.o(.text)
    STMFLASH_Write                           0x08006a5b   Thumb Code   146  flash.o(.text)
    STMFLASH_Read                            0x08006aed   Thumb Code    32  flash.o(.text)
    WRITE_PARM                               0x08006b0d   Thumb Code  1688  flash.o(.text)
    READ_PARM                                0x080071a5   Thumb Code  1812  flash.o(.text)
    LED_Init                                 0x080078e9   Thumb Code    42  led_fc.o(.text)
    LEDRGB                                   0x08007913   Thumb Code   116  led_fc.o(.text)
    LEDRGB_STATE                             0x08007987   Thumb Code    42  led_fc.o(.text)
    SysTick_Configuration                    0x080079b9   Thumb Code    98  time.o(.text)
    micros                                   0x08007a1b   Thumb Code    10  time.o(.text)
    GetSysTime_us                            0x08007a25   Thumb Code     8  time.o(.text)
    Delay_us                                 0x08007a2d   Thumb Code    12  time.o(.text)
    Delay_ms                                 0x08007a39   Thumb Code    24  time.o(.text)
    Get_Cycle_T                              0x08007a51   Thumb Code   118  time.o(.text)
    Cycle_Time_Init                          0x08007ac7   Thumb Code    22  time.o(.text)
    Initial_Timer_SYS                        0x08007add   Thumb Code    46  time.o(.text)
    MYDMA_Config                             0x08007b1d   Thumb Code   184  dma.o(.text)
    MYDMA_Enable                             0x08007bd5   Thumb Code    44  dma.o(.text)
    RNG_Init                                 0x08007c05   Thumb Code    62  rng.o(.text)
    RNG_Get_RandomNum                        0x08007c43   Thumb Code    20  rng.o(.text)
    RNG_Get_RandomRange                      0x08007c57   Thumb Code    26  rng.o(.text)
    SPI_CS                                   0x08007c71   Thumb Code   124  spi_nrf.o(.text)
    SPI2_Init1                               0x08007ced   Thumb Code   388  spi_nrf.o(.text)
    Spi_RW                                   0x08007e71   Thumb Code    50  spi_nrf.o(.text)
    Usart1_Init                              0x08007eb1   Thumb Code   218  usart_fc.o(.text)
    Usart2_Init                              0x08007f8b   Thumb Code   210  usart_fc.o(.text)
    Usart3_Init                              0x0800805d   Thumb Code   218  usart_fc.o(.text)
    Usart4_Init                              0x08008137   Thumb Code   218  usart_fc.o(.text)
    Uart5_Init                               0x08008211   Thumb Code   244  usart_fc.o(.text)
    Uart6_Init                               0x08008305   Thumb Code   196  usart_fc.o(.text)
    UsartSend_LEG_DJ                         0x080083c9   Thumb Code    28  usart_fc.o(.text)
    UsartSend_LEG4                           0x080083e5   Thumb Code    28  usart_fc.o(.text)
    UsartSend_LEG3                           0x08008401   Thumb Code    28  usart_fc.o(.text)
    UsartSend_LEG2                           0x0800841d   Thumb Code    28  usart_fc.o(.text)
    UsartSend_LEG1                           0x08008439   Thumb Code    28  usart_fc.o(.text)
    Send_IMU_TO_FLOW                         0x0800846f   Thumb Code   118  usart_fc.o(.text)
    Send_IMU_PARM                            0x080084e5   Thumb Code   250  usart_fc.o(.text)
    GOL_LINK_TASK                            0x080085df   Thumb Code    34  usart_fc.o(.text)
    my_itoa                                  0x08008621   Thumb Code   136  usart_fc.o(.text)
    UsartSend_LEG_BUF_BUF                    0x080086a9   Thumb Code   424  usart_fc.o(.text)
    UsartSend_LEG_BUF_BUF_2                  0x08008851   Thumb Code   372  usart_fc.o(.text)
    LEG_POWER_OFF                            0x080089c5   Thumb Code   144  usart_fc.o(.text)
    Send_LEG                                 0x08008a55   Thumb Code    28  usart_fc.o(.text)
    Data_LEG_CMD                             0x08008a71   Thumb Code   620  usart_fc.o(.text)
    Data_Receive_Anl1_RC                     0x08008cdd   Thumb Code    74  usart_fc.o(.text)
    USART1_IRQHandler                        0x08008d27   Thumb Code   344  usart_fc.o(.text)
    Data_Receive_Anl                         0x08008e7f   Thumb Code   580  usart_fc.o(.text)
    Data_LEG                                 0x080090c3   Thumb Code   852  usart_fc.o(.text)
    USART2_IRQHandler                        0x08009417   Thumb Code   338  usart_fc.o(.text)
    USART3_IRQHandler                        0x08009569   Thumb Code   340  usart_fc.o(.text)
    UART4_IRQHandler                         0x080096bd   Thumb Code   426  usart_fc.o(.text)
    UART5_IRQHandler                         0x08009867   Thumb Code   404  usart_fc.o(.text)
    data_per_uart1                           0x080099fb   Thumb Code  1222  usart_fc.o(.text)
    GOL_LINK_TASK_DMA                        0x08009ec1   Thumb Code    28  usart_fc.o(.text)
    clear_leg_uart                           0x08009edd   Thumb Code    26  usart_fc.o(.text)
    MPU6050_Read                             0x08009f09   Thumb Code     8  mpu6050.o(.text)
    MPU6050_Data_Offset                      0x08009f11   Thumb Code  1470  mpu6050.o(.text)
    Transform                                0x0800a4cf   Thumb Code    14  mpu6050.o(.text)
    MPU6050_Data_Prepare                     0x0800a4dd   Thumb Code  1344  mpu6050.o(.text)
    MPU9250_Write_Reg                        0x0800aa35   Thumb Code    38  mpu9250.o(.text)
    Mpu9250_Init                             0x0800aa5b   Thumb Code   202  mpu9250.o(.text)
    MPU9250_Read_Reg                         0x0800ab25   Thumb Code    38  mpu9250.o(.text)
    MPU92_Mag_WriteReg                       0x0800ab4b   Thumb Code    86  mpu9250.o(.text)
    MPU92_Mag_ReadReg                        0x0800aba1   Thumb Code    84  mpu9250.o(.text)
    MPU9250_ReadValue                        0x0800abf5   Thumb Code   204  mpu9250.o(.text)
    ANO_AK8975_CalOffset_Mag                 0x0800acd9   Thumb Code   808  hml5833l.o(.text)
    ANO_AK8975_Read_Mag_Data                 0x0800b001   Thumb Code   414  hml5833l.o(.text)
    AHRSupdate                               0x0800b1ad   Thumb Code  1994  imu.o(.text)
    IMUupdate                                0x0800b977   Thumb Code  3410  imu.o(.text)
    invSqrt                                  0x0800c6c9   Thumb Code    56  imu.o(.text)
    calculateAccConfidence                   0x0800c701   Thumb Code   224  imu.o(.text)
    calculateHmlConfidence                   0x0800c7e1   Thumb Code   198  imu.o(.text)
    madgwick_update_new                      0x0800c8a7   Thumb Code  3458  imu.o(.text)
    BitToHex                                 0x0800d64d   Thumb Code   146  leg_lib.o(.text)
    BitsCopy                                 0x0800d6df   Thumb Code    22  leg_lib.o(.text)
    TablePermute                             0x0800d6f5   Thumb Code    48  leg_lib.o(.text)
    Xor                                      0x0800d725   Thumb Code    26  leg_lib.o(.text)
    ByteToBit                                0x0800d73f   Thumb Code    56  leg_lib.o(.text)
    S_Change                                 0x0800d777   Thumb Code    78  leg_lib.o(.text)
    F_Change                                 0x0800d7c5   Thumb Code    50  leg_lib.o(.text)
    PlayDes                                  0x0800d7f7   Thumb Code   120  leg_lib.o(.text)
    LoopMove                                 0x0800d86f   Thumb Code    42  leg_lib.o(.text)
    SetKey                                   0x0800d899   Thumb Code    88  leg_lib.o(.text)
    license_check                            0x0800d8f1   Thumb Code   294  leg_lib.o(.text)
    cpuidGetId                               0x0800da17   Thumb Code    88  leg_lib.o(.text)
    conver_legpos_to_barin                   0x0800da6f   Thumb Code   300  leg_lib.o(.text)
    cal_dis_of_points                        0x0800db9b   Thumb Code   172  leg_lib.o(.text)
    check_leg_near_init                      0x0800dc47   Thumb Code   174  leg_lib.o(.text)
    leg_repeat_protect                       0x0800dcf5   Thumb Code   550  leg_lib.o(.text)
    leg_repeat_protect1                      0x0800df1b   Thumb Code   190  leg_lib.o(.text)
    check_point_front_arrow                  0x0800dfd9   Thumb Code   476  leg_lib.o(.text)
    cross_point_of_lines                     0x0800e1b5   Thumb Code   202  leg_lib.o(.text)
    line_function90_from_arrow               0x0800e27f   Thumb Code   166  leg_lib.o(.text)
    line_function_from_arrow                 0x0800e325   Thumb Code   150  leg_lib.o(.text)
    resize_point_with_arrow                  0x0800e3bb   Thumb Code   496  leg_lib.o(.text)
    cal_jiao_of_tuo_and_line                 0x0800e5ab   Thumb Code   518  leg_lib.o(.text)
    in_circle                                0x0800e7b1   Thumb Code   330  leg_lib.o(.text)
    limit_trig_pos_of_leg                    0x0800e8fb   Thumb Code  1126  leg_lib.o(.text)
    limit_range_leg                          0x0800ed61   Thumb Code   454  leg_lib.o(.text)
    arrow_check_to_bow                       0x0800ef27   Thumb Code   340  leg_lib.o(.text)
    line_function_from_two_point             0x0800f07b   Thumb Code   126  leg_lib.o(.text)
    check_point_on_line                      0x0800f0f9   Thumb Code    54  leg_lib.o(.text)
    check_points_same_side                   0x0800f12f   Thumb Code    74  leg_lib.o(.text)
    check_cross_arrow_line                   0x0800f179   Thumb Code   386  leg_lib.o(.text)
    check_cross_arrow90_line                 0x0800f2fb   Thumb Code   272  leg_lib.o(.text)
    cal_center_of_trig                       0x0800f40b   Thumb Code     2  leg_lib.o(.text)
    dis_point_to_line                        0x0800f40d   Thumb Code   152  leg_lib.o(.text)
    conver_body_to_global                    0x0800f4a5   Thumb Code    68  leg_lib.o(.text)
    two_point_between_arror                  0x0800f4e9   Thumb Code   132  leg_lib.o(.text)
    limit_move_range_tangle                  0x0800f56d   Thumb Code   426  leg_lib.o(.text)
    get_min_dis_arrow_to_tangle              0x0800f717   Thumb Code   346  leg_lib.o(.text)
    segmentsIntr                             0x0800f871   Thumb Code   502  leg_lib.o(.text)
    inTrig                                   0x0800fa67   Thumb Code   378  leg_lib.o(.text)
    inTrig2                                  0x0800fbe1   Thumb Code   378  leg_lib.o(.text)
    check_in_move_range_tangle               0x0800fd5b   Thumb Code   502  leg_lib.o(.text)
    check_in_move_range                      0x0800ff51   Thumb Code   346  leg_lib.o(.text)
    check_point_to_tangle                    0x080100ab   Thumb Code   854  leg_lib.o(.text)
    cal_jiao_of_range_and_line               0x08010401   Thumb Code   896  leg_lib.o(.text)
    cal_jiao_of_range_and_line_tangle        0x08010781   Thumb Code   516  leg_lib.o(.text)
    check_point_to_trig                      0x08010985   Thumb Code   646  leg_lib.o(.text)
    cal_area_trig                            0x08010c29   Thumb Code   386  leg_lib.o(.text)
    cal_steady_s                             0x08010dab   Thumb Code   406  leg_lib.o(.text)
    cal_steady_s4                            0x08010f41   Thumb Code   296  leg_lib.o(.text)
    find_closet_point                        0x08011069   Thumb Code   760  leg_lib.o(.text)
    set_lisence                              0x08011361   Thumb Code    24  leg_lib.o(.text)
    BitToByte                                0x08011379   Thumb Code    88  leg_lib.o(.text)
    HexToBit                                 0x080113d1   Thumb Code   110  leg_lib.o(.text)
    KickDes                                  0x0801143f   Thumb Code   120  leg_lib.o(.text)
    des_test                                 0x080114b7   Thumb Code   346  leg_lib.o(.text)
    READ_LEG_ID                              0x08011639   Thumb Code     8  leg.o(.text)
    leg_init                                 0x08011641   Thumb Code  1400  leg.o(.text)
    pos_range_check                          0x08011bb9   Thumb Code   170  leg.o(.text)
    cal_sita_from_pos                        0x08011c63   Thumb Code  3868  leg.o(.text)
    cal_pos_from_sita                        0x08012b7f   Thumb Code  1760  leg.o(.text)
    cal_pwm_from_sita                        0x0801325f   Thumb Code   682  leg.o(.text)
    curve_cal                                0x08013509   Thumb Code   438  leg.o(.text)
    cal_curve_from_pos                       0x080136bf   Thumb Code  1522  leg.o(.text)
    cal_pos_tar_from_curve                   0x08013cb1   Thumb Code   194  leg.o(.text)
    leg_curve_bai                            0x08013d73   Thumb Code   678  leg.o(.text)
    leg_follow_curve                         0x08014019   Thumb Code   694  leg.o(.text)
    cal_pos_tar_for_deng                     0x080142cf   Thumb Code  1052  leg.o(.text)
    leg_ground_check                         0x080146eb   Thumb Code    32  leg.o(.text)
    leg_publish                              0x0801470b   Thumb Code   830  leg.o(.text)
    leg_drive                                0x08014a49   Thumb Code   388  leg.o(.text)
    barin_init                               0x08014bdd   Thumb Code  1362  brain.o(.text)
    fall_reset                               0x0801512f   Thumb Code  2650  brain.o(.text)
    att_control                              0x08015b89   Thumb Code  1578  brain.o(.text)
    fall_treat_tro                           0x080161b3   Thumb Code  1678  brain.o(.text)
    center_control_global_tro                0x08016841   Thumb Code  3460  brain.o(.text)
    leg_tar_est_global_tro                   0x080175c5   Thumb Code  3610  brain.o(.text)
    check_leg_need_move_global_tro           0x080183df   Thumb Code  1670  brain.o(.text)
    cal_center_of_leg_ground                 0x08018a65   Thumb Code  1896  brain.o(.text)
    estimate_center                          0x080191cd   Thumb Code   418  brain.o(.text)
    leg_task1                                0x0801936f   Thumb Code   402  brain.o(.text)
    state_clear                              0x0801950d   Thumb Code   152  brain_g.o(.text)
    cal_pos_global                           0x080195a5   Thumb Code  4824  brain_g.o(.text)
    fall_treat1                              0x0801a87d   Thumb Code  1112  brain_g.o(.text)
    center_control_global                    0x0801acd5   Thumb Code  9464  brain_g.o(.text)
    leg_tar_est_global                       0x0801d1cd   Thumb Code  3598  brain_g.o(.text)
    check_leg_need_move_global               0x0801dfdb   Thumb Code  4678  brain_g.o(.text)
    planner_leg                              0x0801f221   Thumb Code  1270  brain_g.o(.text)
    fall_treat                               0x0801f717   Thumb Code   690  brain_g.o(.text)
    Moving_Average                           0x0801f9e5   Thumb Code    94  fliter.o(.text)
    Moving_Median                            0x0801fa43   Thumb Code   228  fliter.o(.text)
    IIR_I_Filter                             0x0801fb27   Thumb Code   294  fliter.o(.text)
    KalmanFilter                             0x0801fc4d   Thumb Code   272  fliter.o(.text)
    LPF_1st                                  0x0801fd5d   Thumb Code    22  fliter.o(.text)
    simple_3d_trans                          0x0801fd73   Thumb Code   316  fliter.o(.text)
    initFirstOrderFilter                     0x0801feaf   Thumb Code   530  fliter.o(.text)
    firstOrderFilter                         0x080200c1   Thumb Code    90  fliter.o(.text)
    my_abs                                   0x0802016d   Thumb Code    26  my_math.o(.text)
    fast_atan2                               0x08020187   Thumb Code   350  my_math.o(.text)
    my_atan                                  0x080202e5   Thumb Code    24  my_math.o(.text)
    my_pow                                   0x080202fd   Thumb Code    10  my_math.o(.text)
    my_sqrt                                  0x08020307   Thumb Code    88  my_math.o(.text)
    mx_sin                                   0x0802035f   Thumb Code   292  my_math.o(.text)
    my_sin                                   0x08020483   Thumb Code   108  my_math.o(.text)
    my_cos                                   0x080204ef   Thumb Code   136  my_math.o(.text)
    my_deathzoom                             0x08020577   Thumb Code   158  my_math.o(.text)
    my_deathzoom_2                           0x08020615   Thumb Code    40  my_math.o(.text)
    my_deathzoom_21                          0x0802063d   Thumb Code    40  my_math.o(.text)
    my_deathzoom_rc                          0x08020665   Thumb Code   216  my_math.o(.text)
    limit_mine                               0x0802073d   Thumb Code    40  my_math.o(.text)
    limit_mine2                              0x08020765   Thumb Code    36  my_math.o(.text)
    To_180_degrees                           0x08020789   Thumb Code    58  my_math.o(.text)
    my_pow_2_curve                           0x080207c3   Thumb Code    80  my_math.o(.text)
    sbus_anal_oldx                           0x0802082d   Thumb Code   462  sbus.o(.text)
    oldx_sbus_rx                             0x080209fb   Thumb Code   120  sbus.o(.text)
    cycle_init_oldx                          0x08020a8d   Thumb Code   184  cycle_cal_oldx.o(.text)
    cycle_data_add_oldx                      0x08020b45   Thumb Code   420  cycle_cal_oldx.o(.text)
    cycle_cal_oldx                           0x08020ce9   Thumb Code  1980  cycle_cal_oldx.o(.text)
    __aeabi_memcpy4                          0x080214a5   Thumb Code     0  rt_memcpy_w.o(.text)
    __aeabi_memcpy8                          0x080214a5   Thumb Code     0  rt_memcpy_w.o(.text)
    __rt_memcpy_w                            0x080214a5   Thumb Code   100  rt_memcpy_w.o(.text)
    _memcpy_lastbytes_aligned                0x080214ed   Thumb Code     0  rt_memcpy_w.o(.text)
    __aeabi_memclr4                          0x08021509   Thumb Code     0  rt_memclr_w.o(.text)
    __aeabi_memclr8                          0x08021509   Thumb Code     0  rt_memclr_w.o(.text)
    __rt_memclr_w                            0x08021509   Thumb Code    78  rt_memclr_w.o(.text)
    _memset_w                                0x0802150d   Thumb Code     0  rt_memclr_w.o(.text)
    __use_two_region_memory                  0x08021557   Thumb Code     2  heapauxi.o(.text)
    __rt_heap_escrow$2region                 0x08021559   Thumb Code     2  heapauxi.o(.text)
    __rt_heap_expand$2region                 0x0802155b   Thumb Code     2  heapauxi.o(.text)
    __read_errno                             0x0802155d   Thumb Code    10  _rserrno.o(.text)
    __set_errno                              0x08021567   Thumb Code    12  _rserrno.o(.text)
    __aeabi_errno_addr                       0x08021575   Thumb Code     8  rt_errno_addr_intlibspace.o(.text)
    __errno$intlibspace                      0x08021575   Thumb Code     0  rt_errno_addr_intlibspace.o(.text)
    __rt_errno_addr$intlibspace              0x08021575   Thumb Code     0  rt_errno_addr_intlibspace.o(.text)
    __user_libspace                          0x0802157d   Thumb Code     8  libspace.o(.text)
    __user_perproc_libspace                  0x0802157d   Thumb Code     0  libspace.o(.text)
    __user_perthread_libspace                0x0802157d   Thumb Code     0  libspace.o(.text)
    __user_setup_stackheap                   0x08021585   Thumb Code    74  sys_stackheap_outer.o(.text)
    exit                                     0x080215cf   Thumb Code    18  exit.o(.text)
    _sys_exit                                0x080215e1   Thumb Code     8  sys_exit.o(.text)
    __I$use$semihosting                      0x080215ed   Thumb Code     0  use_no_semi.o(.text)
    __use_no_semihosting_swi                 0x080215ed   Thumb Code     2  use_no_semi.o(.text)
    __ARM_fpclassify                         0x080215ef   Thumb Code    48  fpclassify.o(i.__ARM_fpclassify)
    __semihosting_library_function           0x080215ef   Thumb Code     0  indicate_semi.o(.text)
    __hardfp_acos                            0x08021621   Thumb Code   738  acos.o(i.__hardfp_acos)
    __hardfp_asin                            0x08021979   Thumb Code   770  asin.o(i.__hardfp_asin)
    __hardfp_atan                            0x08021cd9   Thumb Code   622  atan.o(i.__hardfp_atan)
    __hardfp_atan2                           0x08021fb1   Thumb Code   432  atan2.o(i.__hardfp_atan2)
    __hardfp_cos                             0x080221a1   Thumb Code   180  cos.o(i.__hardfp_cos)
    __hardfp_fabs                            0x08022269   Thumb Code    20  fabs.o(i.__hardfp_fabs)
    __hardfp_pow                             0x08022281   Thumb Code  3072  pow.o(i.__hardfp_pow)
    __hardfp_sin                             0x08022ed1   Thumb Code   180  sin.o(i.__hardfp_sin)
    __hardfp_sqrt                            0x08022f99   Thumb Code   122  sqrt.o(i.__hardfp_sqrt)
    __hardfp_tan                             0x08023019   Thumb Code   108  tan.o(i.__hardfp_tan)
    __ieee754_rem_pio2                       0x08023099   Thumb Code   938  rred.o(i.__ieee754_rem_pio2)
    __kernel_cos                             0x080234d1   Thumb Code   322  cos_i.o(i.__kernel_cos)
    __kernel_poly                            0x08023641   Thumb Code   248  poly.o(i.__kernel_poly)
    __kernel_sin                             0x08023739   Thumb Code   280  sin_i.o(i.__kernel_sin)
    __kernel_tan                             0x08023869   Thumb Code   764  tan_i.o(i.__kernel_tan)
    __mathlib_dbl_divzero                    0x08023bb9   Thumb Code    28  dunder.o(i.__mathlib_dbl_divzero)
    __mathlib_dbl_infnan                     0x08023be9   Thumb Code    20  dunder.o(i.__mathlib_dbl_infnan)
    __mathlib_dbl_infnan2                    0x08023bfd   Thumb Code    20  dunder.o(i.__mathlib_dbl_infnan2)
    __mathlib_dbl_invalid                    0x08023c11   Thumb Code    24  dunder.o(i.__mathlib_dbl_invalid)
    __mathlib_dbl_overflow                   0x08023c31   Thumb Code    24  dunder.o(i.__mathlib_dbl_overflow)
    __mathlib_dbl_underflow                  0x08023c51   Thumb Code    24  dunder.o(i.__mathlib_dbl_underflow)
    atan                                     0x08023c71   Thumb Code    16  atan.o(i.atan)
    fabs                                     0x08023c81   Thumb Code    24  fabs.o(i.fabs)
    sqrt                                     0x08023c99   Thumb Code   110  sqrt.o(i.sqrt)
    __aeabi_dneg                             0x08023d07   Thumb Code     0  basic.o(x$fpl$basic)
    _dneg                                    0x08023d07   Thumb Code     6  basic.o(x$fpl$basic)
    __aeabi_fneg                             0x08023d0d   Thumb Code     0  basic.o(x$fpl$basic)
    _fneg                                    0x08023d0d   Thumb Code     6  basic.o(x$fpl$basic)
    _dabs                                    0x08023d13   Thumb Code     6  basic.o(x$fpl$basic)
    _fabs                                    0x08023d19   Thumb Code     6  basic.o(x$fpl$basic)
    __aeabi_d2f                              0x08023d21   Thumb Code     0  d2f.o(x$fpl$d2f)
    _d2f                                     0x08023d21   Thumb Code    98  d2f.o(x$fpl$d2f)
    __aeabi_dadd                             0x08023d85   Thumb Code     0  daddsub_clz.o(x$fpl$dadd)
    _dadd                                    0x08023d85   Thumb Code   332  daddsub_clz.o(x$fpl$dadd)
    __fpl_dcheck_NaN1                        0x08023ed5   Thumb Code    10  dcheck1.o(x$fpl$dcheck1)
    __fpl_dcmp_Inf                           0x08023ee5   Thumb Code    24  dcmpi.o(x$fpl$dcmpinf)
    __aeabi_ddiv                             0x08023efd   Thumb Code     0  ddiv.o(x$fpl$ddiv)
    _ddiv                                    0x08023efd   Thumb Code   552  ddiv.o(x$fpl$ddiv)
    __aeabi_d2iz                             0x080241ad   Thumb Code     0  dfix.o(x$fpl$dfix)
    _dfix                                    0x080241ad   Thumb Code    94  dfix.o(x$fpl$dfix)
    __aeabi_i2d                              0x0802420b   Thumb Code     0  dflt_clz.o(x$fpl$dflt)
    _dflt                                    0x0802420b   Thumb Code    46  dflt_clz.o(x$fpl$dflt)
    __aeabi_ui2d                             0x08024239   Thumb Code     0  dflt_clz.o(x$fpl$dfltu)
    _dfltu                                   0x08024239   Thumb Code    38  dflt_clz.o(x$fpl$dfltu)
    __aeabi_cdcmple                          0x08024261   Thumb Code     0  dleqf.o(x$fpl$dleqf)
    _dcmple                                  0x08024261   Thumb Code   120  dleqf.o(x$fpl$dleqf)
    __fpl_dcmple_InfNaN                      0x080242c3   Thumb Code     0  dleqf.o(x$fpl$dleqf)
    __aeabi_dmul                             0x080242d9   Thumb Code     0  dmul.o(x$fpl$dmul)
    _dmul                                    0x080242d9   Thumb Code   332  dmul.o(x$fpl$dmul)
    __fpl_dnaninf                            0x0802442d   Thumb Code   156  dnaninf.o(x$fpl$dnaninf)
    __fpl_dretinf                            0x080244c9   Thumb Code    12  dretinf.o(x$fpl$dretinf)
    __aeabi_cdrcmple                         0x080244d5   Thumb Code     0  drleqf.o(x$fpl$drleqf)
    _drcmple                                 0x080244d5   Thumb Code   108  drleqf.o(x$fpl$drleqf)
    __aeabi_drsub                            0x08024541   Thumb Code     0  daddsub_clz.o(x$fpl$drsb)
    _drsb                                    0x08024541   Thumb Code    22  daddsub_clz.o(x$fpl$drsb)
    _dsqrt                                   0x08024559   Thumb Code   404  dsqrt_umaal.o(x$fpl$dsqrt)
    __aeabi_dsub                             0x080246f1   Thumb Code     0  daddsub_clz.o(x$fpl$dsub)
    _dsub                                    0x080246f1   Thumb Code   464  daddsub_clz.o(x$fpl$dsub)
    __aeabi_f2d                              0x080248c5   Thumb Code     0  f2d.o(x$fpl$f2d)
    _f2d                                     0x080248c5   Thumb Code    86  f2d.o(x$fpl$f2d)
    __fpl_fnaninf                            0x0802491b   Thumb Code   140  fnaninf.o(x$fpl$fnaninf)
    _fp_init                                 0x080249a7   Thumb Code    10  fpinit.o(x$fpl$fpinit)
    __fplib_config_fpu_vfp                   0x080249af   Thumb Code     0  fpinit.o(x$fpl$fpinit)
    __fplib_config_pureend_doubles           0x080249af   Thumb Code     0  fpinit.o(x$fpl$fpinit)
    __fpl_fretinf                            0x080249b1   Thumb Code    10  fretinf.o(x$fpl$fretinf)
    __fpl_return_NaN                         0x080249bb   Thumb Code   100  retnan.o(x$fpl$retnan)
    __ARM_scalbn                             0x08024a1f   Thumb Code    92  scalbn.o(x$fpl$scalbn)
    __fpl_cmpreturn                          0x08024a7b   Thumb Code    48  trapv.o(x$fpl$trapveneer)
    OSUnMapTbl                               0x08024aaa   Data         256  os_core.o(.constdata)
    __I$use$fp                               0x08024aaa   Number         0  usenofp.o(x$fpl$usenofp)
    __mathlib_zero                           0x08024ec8   Data           8  qnan.o(.constdata)
    Region$$Table$$Base                      0x08025020   Number         0  anon$$obj.o(Region$$Table)
    Region$$Table$$Limit                     0x08025040   Number         0  anon$$obj.o(Region$$Table)
    k_rc_spd                                 0x20000000   Data           4  ucos_task.o(.data)
    k_z_c                                    0x20000004   Data           4  ucos_task.o(.data)
    test                                     0x20000008   Data          20  ucos_task.o(.data)
    k_rc                                     0x2000001c   Data           8  ucos_task.o(.data)
    Yaw_set                                  0x20000024   Data           4  ucos_task.o(.data)
    kp_yaw                                   0x20000028   Data           4  ucos_task.o(.data)
    UART_UP_LOAD_SEL                         0x2000002c   Data           1  ucos_task.o(.data)
    state_v_test                             0x2000002d   Data           1  ucos_task.o(.data)
    num_need_to_check                        0x2000002e   Data           1  ucos_task.o(.data)
    tmr1                                     0x20000030   Data           4  ucos_task.o(.data)
    tmr2                                     0x20000034   Data           4  ucos_task.o(.data)
    tmr3                                     0x20000038   Data           4  ucos_task.o(.data)
    cpuusage                                 0x2000003c   Data           2  ucos_task.o(.data)
    msg_key                                  0x2000005c   Data           4  main.o(.data)
    q_msg                                    0x20000060   Data           4  main.o(.data)
    flags_key                                0x20000064   Data           4  main.o(.data)
    en_read                                  0x20000068   Data           1  main.o(.data)
    Lisence                                  0x20000069   Data         257  main.o(.data)
    hard_fall                                0x2000016a   Data           1  stm32f4xx_it.o(.data)
    SystemCoreClock                          0x2000016c   Data           4  system_stm32f4xx.o(.data)
    AHBPrescTable                            0x20000170   Data          16  system_stm32f4xx.o(.data)
    OSCtxSwCtr                               0x20000194   Data           4  os_core.o(.data)
    OSEventFreeList                          0x20000198   Data           4  os_core.o(.data)
    OSFlagFreeList                           0x2000019c   Data           4  os_core.o(.data)
    OSCPUUsage                               0x200001a0   Data           1  os_core.o(.data)
    OSIdleCtrMax                             0x200001a4   Data           4  os_core.o(.data)
    OSIdleCtrRun                             0x200001a8   Data           4  os_core.o(.data)
    OSStatRdy                                0x200001ac   Data           1  os_core.o(.data)
    OSIntNesting                             0x200001ad   Data           1  os_core.o(.data)
    OSLockNesting                            0x200001ae   Data           1  os_core.o(.data)
    OSPrioCur                                0x200001af   Data           1  os_core.o(.data)
    OSPrioHighRdy                            0x200001b0   Data           1  os_core.o(.data)
    OSRdyGrp                                 0x200001b1   Data           1  os_core.o(.data)
    OSRdyTbl                                 0x200001b2   Data           8  os_core.o(.data)
    OSRunning                                0x200001ba   Data           1  os_core.o(.data)
    OSTaskCtr                                0x200001bb   Data           1  os_core.o(.data)
    OSIdleCtr                                0x200001bc   Data           4  os_core.o(.data)
    OSTCBCur                                 0x200001c0   Data           4  os_core.o(.data)
    OSTCBFreeList                            0x200001c4   Data           4  os_core.o(.data)
    OSTCBHighRdy                             0x200001c8   Data           4  os_core.o(.data)
    OSTCBList                                0x200001cc   Data           4  os_core.o(.data)
    OSTickStepState                          0x200001d0   Data           1  os_core.o(.data)
    OSQFreeList                              0x200001d4   Data           4  os_core.o(.data)
    OSTime                                   0x200001d8   Data           4  os_core.o(.data)
    OSTmrFree                                0x200001dc   Data           2  os_core.o(.data)
    OSTmrUsed                                0x200001de   Data           2  os_core.o(.data)
    OSTmrTime                                0x200001e0   Data           4  os_core.o(.data)
    OSTmrSem                                 0x200001e4   Data           4  os_core.o(.data)
    OSTmrSemSignal                           0x200001e8   Data           4  os_core.o(.data)
    OSTmrFreeList                            0x200001ec   Data           4  os_core.o(.data)
    OSInterrputSum                           0x200001f0   Data           4  os_cpu_c.o(.data)
    k_sensitivity                            0x200001f8   Data          12  flash.o(.data)
    FLASH_SIZE                               0x20000204   Data           4  flash.o(.data)
    LENGTH_OF_DRONE                          0x20000208   Data           2  flash.o(.data)
    H_INT                                    0x2000020c   Data           4  flash.o(.data)
    SONAR_HEIGHT                             0x20000210   Data           4  flash.o(.data)
    need_init_mems                           0x20000214   Data           1  flash.o(.data)
    SBUS_MIN                                 0x20000216   Data           2  flash.o(.data)
    SBUS_MAX                                 0x20000218   Data           2  flash.o(.data)
    SBUS_MID                                 0x2000021a   Data           2  flash.o(.data)
    SBUS_MIN_A                               0x2000021c   Data           2  flash.o(.data)
    SBUS_MAX_A                               0x2000021e   Data           2  flash.o(.data)
    SBUS_MID_A                               0x20000220   Data           2  flash.o(.data)
    feed_imu_dog                             0x20000226   Data           1  usart_fc.o(.data)
    test_leg                                 0x20000228   Data           6  usart_fc.o(.data)
    TxCounter1                               0x2000022e   Data           1  usart_fc.o(.data)
    count1                                   0x2000022f   Data           1  usart_fc.o(.data)
    RxState1                                 0x20000230   Data           1  usart_fc.o(.data)
    RxBufferNum1                             0x20000231   Data           1  usart_fc.o(.data)
    RxBufferCnt1                             0x20000232   Data           1  usart_fc.o(.data)
    RxLen1                                   0x20000233   Data           1  usart_fc.o(.data)
    set1                                     0x20000236   Data           1  usart_fc.o(.data)
    TxCounter2                               0x20000237   Data           1  usart_fc.o(.data)
    count2                                   0x20000238   Data           1  usart_fc.o(.data)
    RxState2                                 0x20000239   Data           1  usart_fc.o(.data)
    RxBufferNum2                             0x2000023a   Data           1  usart_fc.o(.data)
    RxBufferCnt2                             0x2000023b   Data           1  usart_fc.o(.data)
    RxLen2                                   0x2000023c   Data           1  usart_fc.o(.data)
    TxCounter3                               0x2000023f   Data           1  usart_fc.o(.data)
    count3                                   0x20000240   Data           1  usart_fc.o(.data)
    RxState3                                 0x20000241   Data           1  usart_fc.o(.data)
    RxBufferNum3                             0x20000242   Data           1  usart_fc.o(.data)
    RxBufferCnt3                             0x20000243   Data           1  usart_fc.o(.data)
    RxLen3                                   0x20000244   Data           1  usart_fc.o(.data)
    TxCounter4                               0x20000247   Data           1  usart_fc.o(.data)
    count4                                   0x20000248   Data           1  usart_fc.o(.data)
    RxState4                                 0x20000249   Data           1  usart_fc.o(.data)
    RxBufferNum4                             0x2000024a   Data           1  usart_fc.o(.data)
    RxBufferCnt4                             0x2000024b   Data           1  usart_fc.o(.data)
    RxLen4                                   0x2000024c   Data           1  usart_fc.o(.data)
    TxCounter5                               0x2000024f   Data           1  usart_fc.o(.data)
    count5                                   0x20000250   Data           1  usart_fc.o(.data)
    RxState5                                 0x20000251   Data           1  usart_fc.o(.data)
    RxBufferNum5                             0x20000252   Data           1  usart_fc.o(.data)
    RxBufferCnt5                             0x20000253   Data           1  usart_fc.o(.data)
    RxLen5                                   0x20000254   Data           1  usart_fc.o(.data)
    leg_uart_cnt                             0x20000258   Data           2  usart_fc.o(.data)
    acc_3d_step                              0x20000270   Data           1  mpu6050.o(.data)
    mpu6050_ok                               0x20000271   Data           1  mpu6050.o(.data)
    sum_temp_att                             0x20000274   Data           8  mpu6050.o(.data)
    acc_sum_cnt                              0x2000027c   Data           2  mpu6050.o(.data)
    acc_sum_cnt_3d                           0x2000027e   Data           2  mpu6050.o(.data)
    acc_smple_cnt_3d                         0x20000280   Data           2  mpu6050.o(.data)
    gyro_sum_cnt                             0x20000282   Data           2  mpu6050.o(.data)
    filter_cnt                               0x20000284   Data           1  mpu6050.o(.data)
    filter_cnt_old                           0x20000285   Data           1  mpu6050.o(.data)
    test_ang                                 0x20000288   Data           4  mpu6050.o(.data)
    test_ang_old                             0x2000028c   Data           4  mpu6050.o(.data)
    test_ang_d                               0x20000290   Data           4  mpu6050.o(.data)
    test_fli_a                               0x20000294   Data           4  mpu6050.o(.data)
    test_i                                   0x20000298   Data           4  mpu6050.o(.data)
    rawAccel                                 0x2000029e   Data           6  mpu9250.o(.data)
    rawGyro                                  0x200002a4   Data           6  mpu9250.o(.data)
    rawMag                                   0x200002aa   Data           6  mpu9250.o(.data)
    rawMPU6050Temperature                    0x200002b0   Data           2  mpu9250.o(.data)
    ak8975                                   0x200002b8   Data          44  hml5833l.o(.data)
    ak8975_ok                                0x20000338   Data           1  hml5833l.o(.data)
    Mag_CALIBRATED                           0x20000339   Data           1  hml5833l.o(.data)
    Mag_CALIBRATED_R                         0x2000033a   Data           1  hml5833l.o(.data)
    fly_ready                                0x20000358   Data           1  imu.o(.data)
    Roll                                     0x2000035c   Data           4  imu.o(.data)
    Pitch                                    0x20000360   Data           4  imu.o(.data)
    Yaw                                      0x20000364   Data           4  imu.o(.data)
    ref_q                                    0x20000368   Data          16  imu.o(.data)
    norm_acc                                 0x20000378   Data           4  imu.o(.data)
    norm_q                                   0x2000037c   Data           4  imu.o(.data)
    norm_acc_lpf                             0x20000380   Data           4  imu.o(.data)
    test_flag                                0x20000384   Data          12  imu.o(.data)
    imu_sel                                  0x20000390   Data           1  imu.o(.data)
    q0                                       0x20000394   Data           4  imu.o(.data)
    q1                                       0x20000398   Data           4  imu.o(.data)
    q2                                       0x2000039c   Data           4  imu.o(.data)
    q3                                       0x200003a0   Data           4  imu.o(.data)
    exInt                                    0x200003a4   Data           4  imu.o(.data)
    eyInt                                    0x200003a8   Data           4  imu.o(.data)
    ezInt                                    0x200003ac   Data           4  imu.o(.data)
    Yaw1                                     0x200003b0   Data           4  imu.o(.data)
    Pitch1                                   0x200003b4   Data           4  imu.o(.data)
    Roll1                                    0x200003b8   Data           4  imu.o(.data)
    mag_norm                                 0x200003bc   Data           4  imu.o(.data)
    mag_norm_xyz                             0x200003c0   Data           4  imu.o(.data)
    beta_start                               0x200003c4   Data           4  imu.o(.data)
    beta_end                                 0x200003c8   Data           4  imu.o(.data)
    beta_step                                0x200003cc   Data           4  imu.o(.data)
    beta                                     0x200003d0   Data           4  imu.o(.data)
    accConfidenceDecay                       0x200003d4   Data           4  imu.o(.data)
    hmlConfidenceDecay                       0x200003d8   Data           4  imu.o(.data)
    accConfidence                            0x200003dc   Data           4  imu.o(.data)
    hmlConfidence                            0x200003e0   Data           4  imu.o(.data)
    norm_hml_view                            0x200003e4   Data           4  imu.o(.data)
    hmlOneMAG                                0x200003e8   Data           4  imu.o(.data)
    init_hml_norm                            0x200003ec   Data           1  imu.o(.data)
    init_hml_norm_cnt                        0x200003ee   Data           2  imu.o(.data)
    KEY_LOCK                                 0x20000404   Data           9  leg_lib.o(.data)
    KEY_UNLOCK                               0x2000040d   Data           9  leg_lib.o(.data)
    off_local                                0x200006f8   Data           8  leg.o(.data)
    k_z                                      0x20000700   Data           4  leg.o(.data)
    flt_leg                                  0x20000704   Data           4  leg.o(.data)
    SET_PWM3_OFF                             0x20000708   Data           2  leg.o(.data)
    rate_delay_kuai                          0x2000070c   Data           4  leg.o(.data)
    delay_time_kuai                          0x20000710   Data           4  leg.o(.data)
    sita_test                                0x20000714   Data          16  leg.o(.data)
    line_test                                0x20000724   Data           4  leg.o(.data)
    force_test_mode                          0x20000728   Data           1  leg.o(.data)
    trig_list_trot                           0x2000074c   Data           5  brain.o(.data)
    stop_leg                                 0x20000751   Data           1  brain.o(.data)
    set_max_tro                              0x20000754   Data           4  brain.o(.data)
    min_spd_tro                              0x20000758   Data           4  brain.o(.data)
    set_trig_value_tro                       0x20000760   Data           4  brain.o(.data)
    trot_delay                               0x20000764   Data           4  brain.o(.data)
    per_stop                                 0x20000768   Data           1  brain.o(.data)
    k_size_trot                              0x2000076c   Data           4  brain.o(.data)
    size_k_trot                              0x20000770   Data           4  brain.o(.data)
    limit_deng_tro                           0x20000774   Data           4  brain.o(.data)
    k_acc_control_trot                       0x20000778   Data           8  brain.o(.data)
    k_spd_control_trot                       0x20000780   Data           8  brain.o(.data)
    min_off_for_stable                       0x20000788   Data           4  brain.o(.data)
    kp_att                                   0x2000078c   Data           4  brain.o(.data)
    ki_att                                   0x20000790   Data           4  brain.o(.data)
    kd_att                                   0x20000794   Data           4  brain.o(.data)
    flt                                      0x20000798   Data           4  brain.o(.data)
    reset_deng                               0x2000079c   Data           4  brain.o(.data)
    reset_sita                               0x200007a0   Data          12  brain.o(.data)
    reset_sita1                              0x200007ac   Data          12  brain.o(.data)
    reset_sita2                              0x200007b8   Data          12  brain.o(.data)
    k_acc                                    0x200007c4   Data           4  brain.o(.data)
    last_move_id_tro                         0x200007c8   Data           1  brain.o(.data)
    last_last_move_id_tro                    0x200007c9   Data           1  brain.o(.data)
    trig_use_now_pos_tro                     0x200007ca   Data           1  brain.o(.data)
    en_off_trig_tro                          0x200007cb   Data           1  brain.o(.data)
    h_k2_tro                                 0x200007cc   Data           4  brain.o(.data)
    k_off_tro                                0x200007d0   Data           4  brain.o(.data)
    k_trig1_tro                              0x200007d4   Data           4  brain.o(.data)
    k_rad_tro                                0x200007d8   Data           4  brain.o(.data)
    k_trig_tro                               0x200007dc   Data           4  brain.o(.data)
    en_att_trig                              0x200007e0   Data           1  brain.o(.data)
    dead_1_tro                               0x200007e4   Data           8  brain.o(.data)
    k_fall_tro                               0x200007ec   Data          12  brain.o(.data)
    flt_fall_tro                             0x200007f8   Data           4  brain.o(.data)
    trig_list_f                              0x20000838   Data           5  brain_g.o(.data)
    trig_list_l                              0x2000083d   Data           5  brain_g.o(.data)
    trig_list_b                              0x20000842   Data           5  brain_g.o(.data)
    trig_list_r                              0x20000847   Data           5  brain_g.o(.data)
    trig_list_tr                             0x2000084c   Data           5  brain_g.o(.data)
    trig_list_tl                             0x20000851   Data           5  brain_g.o(.data)
    side_leg                                 0x20000856   Data           5  brain_g.o(.data)
    side_leg_f                               0x2000085b   Data           5  brain_g.o(.data)
    area_protect                             0x20000860   Data           1  brain_g.o(.data)
    out_protect                              0x20000861   Data           1  brain_g.o(.data)
    k_size                                   0x20000864   Data           4  brain_g.o(.data)
    k_force                                  0x20000868   Data           4  brain_g.o(.data)
    force_rate                               0x2000086c   Data           4  brain_g.o(.data)
    size_k                                   0x20000870   Data           4  brain_g.o(.data)
    limit_deng                               0x20000874   Data           4  brain_g.o(.data)
    k_acc_control                            0x20000878   Data           8  brain_g.o(.data)
    k_spd_control                            0x20000880   Data           8  brain_g.o(.data)
    flag_acc                                 0x20000888   Data           8  brain_g.o(.data)
    k_acc1                                   0x20000890   Data           4  brain_g.o(.data)
    set_max                                  0x20000894   Data           4  brain_g.o(.data)
    min_spd                                  0x20000898   Data           4  brain_g.o(.data)
    set_trig_value                           0x200008a0   Data           4  brain_g.o(.data)
    center_stable_dead                       0x200008a4   Data           4  brain_g.o(.data)
    en_off_trig                              0x200008a8   Data           1  brain_g.o(.data)
    trig_use_now_pos                         0x200008a9   Data           1  brain_g.o(.data)
    h_k2                                     0x200008ac   Data           4  brain_g.o(.data)
    k_off                                    0x200008b0   Data           4  brain_g.o(.data)
    k_trig1                                  0x200008b4   Data           4  brain_g.o(.data)
    k_rad                                    0x200008b8   Data           4  brain_g.o(.data)
    k_trig                                   0x200008bc   Data           4  brain_g.o(.data)
    center_control_out                       0x200008c0   Data           8  brain_g.o(.data)
    last_move_id                             0x200008c8   Data           1  brain_g.o(.data)
    last_last_move_id                        0x200008c9   Data           1  brain_g.o(.data)
    k_fall                                   0x200008cc   Data           4  brain_g.o(.data)
    k_add                                    0x200008d0   Data           4  brain_g.o(.data)
    dead_1                                   0x200008d4   Data           8  brain_g.o(.data)
    k_fall1                                  0x200008dc   Data          12  brain_g.o(.data)
    flt_fall1                                0x200008e8   Data           4  brain_g.o(.data)
    ACC_HIGHPASS_TAU                         0x20000900   Data           4  fliter.o(.data)
    ACC_LOWPASS_TAU                          0x20000904   Data           4  fliter.o(.data)
    ACC_LOWPASS_SAMPLE_TIME                  0x20000908   Data           4  fliter.o(.data)
    ACC_LOWPASS_A                            0x2000090c   Data           4  fliter.o(.data)
    ACC_LOWPASS_GX1                          0x20000910   Data           4  fliter.o(.data)
    ACC_LOWPASS_GX2                          0x20000914   Data           4  fliter.o(.data)
    ACC_LOWPASS_GX3                          0x20000918   Data           4  fliter.o(.data)
    BARO_LOWPASS_TAU                         0x2000091c   Data           4  fliter.o(.data)
    BARO_LOWPASS_SAMPLE_TIME                 0x20000920   Data           4  fliter.o(.data)
    BARO_LOWPASS_A                           0x20000924   Data           4  fliter.o(.data)
    BARO_LOWPASS_GX1                         0x20000928   Data           4  fliter.o(.data)
    BARO_LOWPASS_GX2                         0x2000092c   Data           4  fliter.o(.data)
    BARO_LOWPASS_GX3                         0x20000930   Data           4  fliter.o(.data)
    FLOW_LOWPASS_TAU                         0x20000934   Data           4  fliter.o(.data)
    FLOW_LOWPASS_SAMPLE_TIME                 0x20000938   Data           4  fliter.o(.data)
    FLOW_LOWPASS_A                           0x2000093c   Data           4  fliter.o(.data)
    FLOW_LOWPASS_GX1                         0x20000940   Data           4  fliter.o(.data)
    FLOW_LOWPASS_GX2                         0x20000944   Data           4  fliter.o(.data)
    FLOW_LOWPASS_GX3                         0x20000948   Data           4  fliter.o(.data)
    fast_atan_table                          0x2000095c   Data        1028  my_math.o(.data)
    sbus_data_i                              0x20000d60   Data          26  sbus.o(.data)
    sbus_data                                0x20000d7a   Data          26  sbus.o(.data)
    channels                                 0x20000d94   Data          36  sbus.o(.data)
    failsafe_status                          0x20000db8   Data           1  sbus.o(.data)
    sbus_passthrough                         0x20000db9   Data           1  sbus.o(.data)
    leg_dt                                   0x20000dbc   Data          20  ucos_task.o(.bss)
    LEG1_TASK_STK                            0x20000dd0   Data        1024  ucos_task.o(.bss)
    LEG2_TASK_STK                            0x200011d0   Data        1024  ucos_task.o(.bss)
    LEG3_TASK_STK                            0x200015d0   Data        1024  ucos_task.o(.bss)
    LEG4_TASK_STK                            0x200019d0   Data        1024  ucos_task.o(.bss)
    BRAIN_TASK_STK                           0x20001dd0   Data        4352  ucos_task.o(.bss)
    UART_TASK_STK                            0x20002ed0   Data        1024  ucos_task.o(.bss)
    START_TASK_STK                           0x200032dc   Data         256  main.o(.bss)
    MsgGrp                                   0x200033dc   Data        1024  main.o(.bss)
    OSEventTbl                               0x200037dc   Data         200  os_core.o(.bss)
    OSFlagTbl                                0x200038a4   Data          80  os_core.o(.bss)
    OSTaskStatStk                            0x200038f4   Data         512  os_core.o(.bss)
    OSTaskIdleStk                            0x20003af4   Data         512  os_core.o(.bss)
    OSTCBPrioTbl                             0x20003cf4   Data         256  os_core.o(.bss)
    OSTCBTbl                                 0x20003df4   Data        1848  os_core.o(.bss)
    OSQTbl                                   0x2000452c   Data         120  os_core.o(.bss)
    OSTmrTbl                                 0x200045a4   Data         640  os_core.o(.bss)
    OSTmrTaskStk                             0x20004824   Data         512  os_core.o(.bss)
    OSTmrWheelTbl                            0x20004a24   Data          64  os_core.o(.bss)
    FLASH_READ_BUF                           0x20004a64   Data         100  flash.o(.bss)
    FLASH_Buffer                             0x20004ac8   Data         100  flash.o(.bss)
    Cycle_T                                  0x20004b2c   Data         180  time.o(.bss)
    TxBuffer1                                0x20004be0   Data         256  usart_fc.o(.bss)
    Rx_Buf1                                  0x20004ce0   Data         256  usart_fc.o(.bss)
    RxBuffer1                                0x20004de0   Data          50  usart_fc.o(.bss)
    TxBuffer2                                0x20004e12   Data         256  usart_fc.o(.bss)
    Rx_Buf2                                  0x20004f12   Data         256  usart_fc.o(.bss)
    RxBuffer2                                0x20005012   Data          50  usart_fc.o(.bss)
    TxBuffer3                                0x20005044   Data         256  usart_fc.o(.bss)
    Rx_Buf3                                  0x20005144   Data         256  usart_fc.o(.bss)
    RxBuffer3                                0x20005244   Data          50  usart_fc.o(.bss)
    TxBuffer4                                0x20005276   Data         256  usart_fc.o(.bss)
    Rx_Buf4                                  0x20005376   Data         256  usart_fc.o(.bss)
    RxBuffer4                                0x20005476   Data          50  usart_fc.o(.bss)
    Rc_Get_PWM                               0x200054a8   Data          34  usart_fc.o(.bss)
    Rc_Get_SBUS                              0x200054ca   Data          34  usart_fc.o(.bss)
    TxBuffer5                                0x200054ec   Data         256  usart_fc.o(.bss)
    Rx_Buf5                                  0x200055ec   Data         256  usart_fc.o(.bss)
    RxBuffer5                                0x200056ec   Data          50  usart_fc.o(.bss)
    SendBuff1                                0x2000571e   Data         256  usart_fc.o(.bss)
    SendBuff3                                0x2000581e   Data          32  usart_fc.o(.bss)
    mpu6050                                  0x20005854   Data         160  mpu6050.o(.bss)
    mpu6050_fc                               0x200058f4   Data         160  mpu6050.o(.bss)
    mpu6050_buffer                           0x20005994   Data          14  mpu6050.o(.bss)
    sum_temp                                 0x200059a4   Data          28  mpu6050.o(.bss)
    sum_temp_3d                              0x200059c0   Data          28  mpu6050.o(.bss)
    FILT_BUF                                 0x200059dc   Data         154  mpu6050.o(.bss)
    mpu6050_tmp                              0x20005a78   Data          28  mpu6050.o(.bss)
    mpu_fil_tmp                              0x20005a94   Data          28  mpu6050.o(.bss)
    q_nav                                    0x20005bbc   Data          16  imu.o(.bss)
    q_nav_r                                  0x20005bcc   Data          16  imu.o(.bss)
    reference_v                              0x20005bdc   Data          12  imu.o(.bss)
    ref                                      0x20005be8   Data          60  imu.o(.bss)
    reference_vr                             0x20005c24   Data          12  imu.o(.bss)
    mag_sim_3d                               0x20005c30   Data          12  imu.o(.bss)
    license                                  0x20005c48   Data         129  leg_lib.o(.bss)
    MesHex_OUT                               0x20005fc9   Data         128  leg_lib.o(.bss)
    MyMessage_Kick                           0x20006049   Data         125  leg_lib.o(.bss)
    leg                                      0x200063f8   Data        2560  leg.o(.bss)
    brain                                    0x20006df8   Data         952  leg.o(.bss)
    c0                                       0x200071b0   Data          60  leg.o(.bss)
    c3                                       0x200071ec   Data          60  leg.o(.bss)
    c4                                       0x20007228   Data          60  leg.o(.bss)
    c5                                       0x20007264   Data          60  leg.o(.bss)
    c6                                       0x200072a0   Data          60  leg.o(.bss)
    att_control_out                          0x20007434   Data          20  brain.o(.bss)
    out_range_move_tro                       0x20007448   Data          10  brain.o(.bss)
    Ts                                       0x20007454   Data          12  brain.o(.bss)
    out_range_move                           0x20007474   Data          10  brain_g.o(.bss)
    med_filter_tmp                           0x20007480   Data        2400  fliter.o(.bss)
    med_filter_out                           0x20007de0   Data         120  fliter.o(.bss)
    med_fil_cnt                              0x20007e58   Data          30  fliter.o(.bss)
    firstOrderFilters                        0x20007e78   Data         400  fliter.o(.bss)
    hml_lsq                                  0x20008008   Data         168  cycle_cal_oldx.o(.bss)
    __libspace_start                         0x200080b0   Data          96  libspace.o(.bss)
    __temporary_stack_top$libspace           0x20008110   Data           0  libspace.o(.bss)



==============================================================================

Memory Map of the image

  Image Entry point : 0x08000189

  Load Region LR_IROM1 (Base: 0x08000000, Size: 0x00025dfc, Max: 0x00100000, ABSOLUTE, COMPRESSED[0x0002593c])

    Execution Region ER_IROM1 (Base: 0x08000000, Size: 0x00025040, Max: 0x00100000, ABSOLUTE)

    Base Addr    Size         Type   Attr      Idx    E Section Name        Object

    0x08000000   0x00000188   Data   RO          428    RESET               startup_stm32f40_41xxx.o
    0x08000188   0x00000008   Code   RO         1670  * !!!main             c_w.l(__main.o)
    0x08000190   0x00000034   Code   RO         2052    !!!scatter          c_w.l(__scatter.o)
    0x080001c4   0x0000005a   Code   RO         2050    !!dczerorl2         c_w.l(__dczerorl2.o)
    0x0800021e   0x00000002   PAD
    0x08000220   0x0000001c   Code   RO         2054    !!handler_zi        c_w.l(__scatter_zi.o)
    0x0800023c   0x00000002   Code   RO         1919    .ARM.Collect$$libinit$$00000000  c_w.l(libinit.o)
    0x0800023e   0x00000004   Code   RO         1924    .ARM.Collect$$libinit$$00000001  c_w.l(libinit2.o)
    0x08000242   0x00000000   Code   RO         1927    .ARM.Collect$$libinit$$00000004  c_w.l(libinit2.o)
    0x08000242   0x00000000   Code   RO         1930    .ARM.Collect$$libinit$$0000000A  c_w.l(libinit2.o)
    0x08000242   0x00000000   Code   RO         1932    .ARM.Collect$$libinit$$0000000C  c_w.l(libinit2.o)
    0x08000242   0x00000000   Code   RO         1934    .ARM.Collect$$libinit$$0000000E  c_w.l(libinit2.o)
    0x08000242   0x00000000   Code   RO         1937    .ARM.Collect$$libinit$$00000011  c_w.l(libinit2.o)
    0x08000242   0x00000000   Code   RO         1939    .ARM.Collect$$libinit$$00000013  c_w.l(libinit2.o)
    0x08000242   0x00000000   Code   RO         1941    .ARM.Collect$$libinit$$00000015  c_w.l(libinit2.o)
    0x08000242   0x00000000   Code   RO         1943    .ARM.Collect$$libinit$$00000017  c_w.l(libinit2.o)
    0x08000242   0x00000000   Code   RO         1945    .ARM.Collect$$libinit$$00000019  c_w.l(libinit2.o)
    0x08000242   0x00000000   Code   RO         1947    .ARM.Collect$$libinit$$0000001B  c_w.l(libinit2.o)
    0x08000242   0x00000000   Code   RO         1949    .ARM.Collect$$libinit$$0000001D  c_w.l(libinit2.o)
    0x08000242   0x00000000   Code   RO         1951    .ARM.Collect$$libinit$$0000001F  c_w.l(libinit2.o)
    0x08000242   0x00000000   Code   RO         1953    .ARM.Collect$$libinit$$00000021  c_w.l(libinit2.o)
    0x08000242   0x00000000   Code   RO         1955    .ARM.Collect$$libinit$$00000023  c_w.l(libinit2.o)
    0x08000242   0x00000000   Code   RO         1957    .ARM.Collect$$libinit$$00000025  c_w.l(libinit2.o)
    0x08000242   0x00000000   Code   RO         1961    .ARM.Collect$$libinit$$0000002C  c_w.l(libinit2.o)
    0x08000242   0x00000000   Code   RO         1963    .ARM.Collect$$libinit$$0000002E  c_w.l(libinit2.o)
    0x08000242   0x00000000   Code   RO         1965    .ARM.Collect$$libinit$$00000030  c_w.l(libinit2.o)
    0x08000242   0x00000000   Code   RO         1967    .ARM.Collect$$libinit$$00000032  c_w.l(libinit2.o)
    0x08000242   0x00000002   Code   RO         1968    .ARM.Collect$$libinit$$00000033  c_w.l(libinit2.o)
    0x08000244   0x00000002   Code   RO         1990    .ARM.Collect$$libshutdown$$00000000  c_w.l(libshutdown.o)
    0x08000246   0x00000000   Code   RO         2003    .ARM.Collect$$libshutdown$$00000002  c_w.l(libshutdown2.o)
    0x08000246   0x00000000   Code   RO         2005    .ARM.Collect$$libshutdown$$00000004  c_w.l(libshutdown2.o)
    0x08000246   0x00000000   Code   RO         2008    .ARM.Collect$$libshutdown$$00000007  c_w.l(libshutdown2.o)
    0x08000246   0x00000000   Code   RO         2011    .ARM.Collect$$libshutdown$$0000000A  c_w.l(libshutdown2.o)
    0x08000246   0x00000000   Code   RO         2013    .ARM.Collect$$libshutdown$$0000000C  c_w.l(libshutdown2.o)
    0x08000246   0x00000000   Code   RO         2016    .ARM.Collect$$libshutdown$$0000000F  c_w.l(libshutdown2.o)
    0x08000246   0x00000002   Code   RO         2017    .ARM.Collect$$libshutdown$$00000010  c_w.l(libshutdown2.o)
    0x08000248   0x00000000   Code   RO         1814    .ARM.Collect$$rtentry$$00000000  c_w.l(__rtentry.o)
    0x08000248   0x00000000   Code   RO         1886    .ARM.Collect$$rtentry$$00000002  c_w.l(__rtentry2.o)
    0x08000248   0x00000006   Code   RO         1898    .ARM.Collect$$rtentry$$00000004  c_w.l(__rtentry4.o)
    0x0800024e   0x00000000   Code   RO         1888    .ARM.Collect$$rtentry$$00000009  c_w.l(__rtentry2.o)
    0x0800024e   0x00000004   Code   RO         1889    .ARM.Collect$$rtentry$$0000000A  c_w.l(__rtentry2.o)
    0x08000252   0x00000000   Code   RO         1891    .ARM.Collect$$rtentry$$0000000C  c_w.l(__rtentry2.o)
    0x08000252   0x00000008   Code   RO         1892    .ARM.Collect$$rtentry$$0000000D  c_w.l(__rtentry2.o)
    0x0800025a   0x00000002   Code   RO         1922    .ARM.Collect$$rtexit$$00000000  c_w.l(rtexit.o)
    0x0800025c   0x00000000   Code   RO         1972    .ARM.Collect$$rtexit$$00000002  c_w.l(rtexit2.o)
    0x0800025c   0x00000004   Code   RO         1973    .ARM.Collect$$rtexit$$00000003  c_w.l(rtexit2.o)
    0x08000260   0x00000006   Code   RO         1974    .ARM.Collect$$rtexit$$00000004  c_w.l(rtexit2.o)
    0x08000266   0x00000002   PAD
    0x08000268   0x00001440   Code   RO            3    .text               ucos_task.o
    0x080016a8   0x00000208   Code   RO          314    .text               main.o
    0x080018b0   0x00000020   Code   RO          350    .text               stm32f4xx_it.o
    0x080018d0   0x00000210   Code   RO          402    .text               system_stm32f4xx.o
    0x08001ae0   0x00000040   Code   RO          429    .text               startup_stm32f40_41xxx.o
    0x08001b20   0x00000108   Code   RO          435    .text               delay.o
    0x08001c28   0x000000e0   Code   RO          475    .text               misc.o
    0x08001d08   0x00000294   Code   RO          495    .text               stm32f4xx_gpio.o
    0x08001f9c   0x0000065c   Code   RO          538    .text               stm32f4xx_rcc.o
    0x080025f8   0x00000454   Code   RO          580    .text               stm32f4xx_usart.o
    0x08002a4c   0x00000694   Code   RO          620    .text               stm32f4xx_flash.o
    0x080030e0   0x00000480   Code   RO          680    .text               stm32f4xx_spi.o
    0x08003560   0x000003a8   Code   RO          700    .text               stm32f4xx_dma.o
    0x08003908   0x000000a0   Code   RO          720    .text               stm32f4xx_rng.o
    0x080039a8   0x00000894   Code   RO          740    .text               os_core.o
    0x0800423c   0x0000080c   Code   RO          768    .text               os_flag.o
    0x08004a48   0x000003cc   Code   RO          788    .text               os_mbox.o
    0x08004e14   0x000005e8   Code   RO          842    .text               os_q.o
    0x080053fc   0x0000038c   Code   RO          862    .text               os_sem.o
    0x08005788   0x000007c4   Code   RO          882    .text               os_task.o
    0x08005f4c   0x000001b0   Code   RO          902    .text               os_time.o
    0x080060fc   0x00000634   Code   RO          922    .text               os_tmr.o
    0x08006730   0x000000c8   Code   RO          940    .text               os_cpu_a.o
    0x080067f8   0x000001e8   Code   RO          945    .text               os_cpu_c.o
    0x080069e0   0x00000f08   Code   RO          975    .text               flash.o
    0x080078e8   0x000000d0   Code   RO         1007    .text               led_fc.o
    0x080079b8   0x00000164   Code   RO         1058    .text               time.o
    0x08007b1c   0x000000e8   Code   RO         1089    .text               dma.o
    0x08007c04   0x0000006c   Code   RO         1109    .text               rng.o
    0x08007c70   0x00000240   Code   RO         1129    .text               spi_nrf.o
    0x08007eb0   0x00002058   Code   RO         1149    .text               usart_fc.o
    0x08009f08   0x00000b2c   Code   RO         1177    .text               mpu6050.o
    0x0800aa34   0x000002a4   Code   RO         1209    .text               mpu9250.o
    0x0800acd8   0x000004d4   Code   RO         1239    .text               hml5833l.o
    0x0800b1ac   0x000024a0   Code   RO         1267    .text               imu.o
    0x0800d64c   0x00003fec   Code   RO         1381    .text               leg_lib.o
    0x08011638   0x000035a2   Code   RO         1410    .text               leg.o
    0x08014bda   0x00000002   PAD
    0x08014bdc   0x00004930   Code   RO         1443    .text               brain.o
    0x0801950c   0x000064d8   Code   RO         1472    .text               brain_g.o
    0x0801f9e4   0x00000788   Code   RO         1501    .text               fliter.o
    0x0802016c   0x000006c0   Code   RO         1528    .text               my_math.o
    0x0802082c   0x00000260   Code   RO         1550    .text               sbus_oldx.lib(sbus.o)
    0x08020a8c   0x00000a18   Code   RO         1640    .text               cycle_cal_oldx.lib(cycle_cal_oldx.o)
    0x080214a4   0x00000064   Code   RO         1664    .text               c_w.l(rt_memcpy_w.o)
    0x08021508   0x0000004e   Code   RO         1666    .text               c_w.l(rt_memclr_w.o)
    0x08021556   0x00000006   Code   RO         1668    .text               c_w.l(heapauxi.o)
    0x0802155c   0x00000016   Code   RO         1815    .text               c_w.l(_rserrno.o)
    0x08021572   0x00000002   PAD
    0x08021574   0x00000008   Code   RO         1903    .text               c_w.l(rt_errno_addr_intlibspace.o)
    0x0802157c   0x00000008   Code   RO         1907    .text               c_w.l(libspace.o)
    0x08021584   0x0000004a   Code   RO         1910    .text               c_w.l(sys_stackheap_outer.o)
    0x080215ce   0x00000012   Code   RO         1912    .text               c_w.l(exit.o)
    0x080215e0   0x0000000c   Code   RO         1982    .text               c_w.l(sys_exit.o)
    0x080215ec   0x00000002   Code   RO         1993    .text               c_w.l(use_no_semi.o)
    0x080215ee   0x00000000   Code   RO         1995    .text               c_w.l(indicate_semi.o)
    0x080215ee   0x00000030   Code   RO         1863    i.__ARM_fpclassify  m_wm.l(fpclassify.o)
    0x0802161e   0x00000002   PAD
    0x08021620   0x00000358   Code   RO         1706    i.__hardfp_acos     m_wm.l(acos.o)
    0x08021978   0x00000360   Code   RO         1720    i.__hardfp_asin     m_wm.l(asin.o)
    0x08021cd8   0x000002d8   Code   RO         1832    i.__hardfp_atan     m_wm.l(atan.o)
    0x08021fb0   0x000001f0   Code   RO         1734    i.__hardfp_atan2    m_wm.l(atan2.o)
    0x080221a0   0x000000c8   Code   RO         1746    i.__hardfp_cos      m_wm.l(cos.o)
    0x08022268   0x00000014   Code   RO         1758    i.__hardfp_fabs     m_wm.l(fabs.o)
    0x0802227c   0x00000004   PAD
    0x08022280   0x00000c50   Code   RO         1764    i.__hardfp_pow      m_wm.l(pow.o)
    0x08022ed0   0x000000c8   Code   RO         1778    i.__hardfp_sin      m_wm.l(sin.o)
    0x08022f98   0x0000007a   Code   RO         1790    i.__hardfp_sqrt     m_wm.l(sqrt.o)
    0x08023012   0x00000006   PAD
    0x08023018   0x00000080   Code   RO         1802    i.__hardfp_tan      m_wm.l(tan.o)
    0x08023098   0x00000438   Code   RO         1868    i.__ieee754_rem_pio2  m_wm.l(rred.o)
    0x080234d0   0x00000170   Code   RO         1846    i.__kernel_cos      m_wm.l(cos_i.o)
    0x08023640   0x000000f8   Code   RO         1865    i.__kernel_poly     m_wm.l(poly.o)
    0x08023738   0x00000130   Code   RO         1873    i.__kernel_sin      m_wm.l(sin_i.o)
    0x08023868   0x00000350   Code   RO         1879    i.__kernel_tan      m_wm.l(tan_i.o)
    0x08023bb8   0x00000030   Code   RO         1849    i.__mathlib_dbl_divzero  m_wm.l(dunder.o)
    0x08023be8   0x00000014   Code   RO         1850    i.__mathlib_dbl_infnan  m_wm.l(dunder.o)
    0x08023bfc   0x00000014   Code   RO         1851    i.__mathlib_dbl_infnan2  m_wm.l(dunder.o)
    0x08023c10   0x00000020   Code   RO         1852    i.__mathlib_dbl_invalid  m_wm.l(dunder.o)
    0x08023c30   0x00000020   Code   RO         1853    i.__mathlib_dbl_overflow  m_wm.l(dunder.o)
    0x08023c50   0x00000020   Code   RO         1855    i.__mathlib_dbl_underflow  m_wm.l(dunder.o)
    0x08023c70   0x00000010   Code   RO         1834    i.atan              m_wm.l(atan.o)
    0x08023c80   0x00000018   Code   RO         1760    i.fabs              m_wm.l(fabs.o)
    0x08023c98   0x0000006e   Code   RO         1792    i.sqrt              m_wm.l(sqrt.o)
    0x08023d06   0x00000018   Code   RO         1672    x$fpl$basic         fz_wm.l(basic.o)
    0x08023d1e   0x00000002   PAD
    0x08023d20   0x00000062   Code   RO         1674    x$fpl$d2f           fz_wm.l(d2f.o)
    0x08023d82   0x00000002   PAD
    0x08023d84   0x00000150   Code   RO         1676    x$fpl$dadd          fz_wm.l(daddsub_clz.o)
    0x08023ed4   0x00000010   Code   RO         1905    x$fpl$dcheck1       fz_wm.l(dcheck1.o)
    0x08023ee4   0x00000018   Code   RO         1817    x$fpl$dcmpinf       fz_wm.l(dcmpi.o)
    0x08023efc   0x000002b0   Code   RO         1683    x$fpl$ddiv          fz_wm.l(ddiv.o)
    0x080241ac   0x0000005e   Code   RO         1688    x$fpl$dfix          fz_wm.l(dfix.o)
    0x0802420a   0x0000002e   Code   RO         1693    x$fpl$dflt          fz_wm.l(dflt_clz.o)
    0x08024238   0x00000026   Code   RO         1692    x$fpl$dfltu         fz_wm.l(dflt_clz.o)
    0x0802425e   0x00000002   PAD
    0x08024260   0x00000078   Code   RO         1698    x$fpl$dleqf         fz_wm.l(dleqf.o)
    0x080242d8   0x00000154   Code   RO         1700    x$fpl$dmul          fz_wm.l(dmul.o)
    0x0802442c   0x0000009c   Code   RO         1819    x$fpl$dnaninf       fz_wm.l(dnaninf.o)
    0x080244c8   0x0000000c   Code   RO         1821    x$fpl$dretinf       fz_wm.l(dretinf.o)
    0x080244d4   0x0000006c   Code   RO         1702    x$fpl$drleqf        fz_wm.l(drleqf.o)
    0x08024540   0x00000016   Code   RO         1677    x$fpl$drsb          fz_wm.l(daddsub_clz.o)
    0x08024556   0x00000002   PAD
    0x08024558   0x00000198   Code   RO         1823    x$fpl$dsqrt         fz_wm.l(dsqrt_umaal.o)
    0x080246f0   0x000001d4   Code   RO         1678    x$fpl$dsub          fz_wm.l(daddsub_clz.o)
    0x080248c4   0x00000056   Code   RO         1704    x$fpl$f2d           fz_wm.l(f2d.o)
    0x0802491a   0x0000008c   Code   RO         1825    x$fpl$fnaninf       fz_wm.l(fnaninf.o)
    0x080249a6   0x0000000a   Code   RO         1980    x$fpl$fpinit        fz_wm.l(fpinit.o)
    0x080249b0   0x0000000a   Code   RO         1827    x$fpl$fretinf       fz_wm.l(fretinf.o)
    0x080249ba   0x00000064   Code   RO         1920    x$fpl$retnan        fz_wm.l(retnan.o)
    0x08024a1e   0x0000005c   Code   RO         1829    x$fpl$scalbn        fz_wm.l(scalbn.o)
    0x08024a7a   0x00000030   Code   RO         1969    x$fpl$trapveneer    fz_wm.l(trapv.o)
    0x08024aaa   0x00000000   Code   RO         1831    x$fpl$usenofp       fz_wm.l(usenofp.o)
    0x08024aaa   0x00000100   Data   RO          742    .constdata          os_core.o
    0x08024baa   0x00000002   PAD
    0x08024bac   0x00000090   Data   RO         1383    .constdata          leg_lib.o
    0x08024c3c   0x00000008   Data   RO         1412    .constdata          leg.o
    0x08024c44   0x00000004   PAD
    0x08024c48   0x00000058   Data   RO         1445    .constdata          brain.o
    0x08024ca0   0x00000034   Data   RO         1474    .constdata          brain_g.o
    0x08024cd4   0x00000004   PAD
    0x08024cd8   0x00000050   Data   RO         1709    .constdata          m_wm.l(acos.o)
    0x08024d28   0x00000050   Data   RO         1723    .constdata          m_wm.l(asin.o)
    0x08024d78   0x00000088   Data   RO         1767    .constdata          m_wm.l(pow.o)
    0x08024e00   0x00000098   Data   RO         1835    .constdata          m_wm.l(atan.o)
    0x08024e98   0x00000030   Data   RO         1847    .constdata          m_wm.l(cos_i.o)
    0x08024ec8   0x00000008   Data   RO         1867    .constdata          m_wm.l(qnan.o)
    0x08024ed0   0x000000c8   Data   RO         1870    .constdata          m_wm.l(rred.o)
    0x08024f98   0x00000028   Data   RO         1874    .constdata          m_wm.l(sin_i.o)
    0x08024fc0   0x00000060   Data   RO         1880    .constdata          m_wm.l(tan_i.o)
    0x08025020   0x00000020   Data   RO         2048    Region$$Table       anon$$obj.o


    Execution Region RW_IRAM1 (Base: 0x20000000, Size: 0x00008710, Max: 0x00020000, ABSOLUTE, COMPRESSED[0x000008fc])

    Base Addr    Size         Type   Attr      Idx    E Section Name        Object

    0x20000000   0x00000059   Data   RW            5    .data               ucos_task.o
    0x20000059   0x00000003   PAD
    0x2000005c   0x0000010e   Data   RW          316    .data               main.o
    0x2000016a   0x00000001   Data   RW          351    .data               stm32f4xx_it.o
    0x2000016b   0x00000001   PAD
    0x2000016c   0x00000014   Data   RW          403    .data               system_stm32f4xx.o
    0x20000180   0x00000004   Data   RW          436    .data               delay.o
    0x20000184   0x00000010   Data   RW          539    .data               stm32f4xx_rcc.o
    0x20000194   0x0000005c   Data   RW          743    .data               os_core.o
    0x200001f0   0x00000006   Data   RW          946    .data               os_cpu_c.o
    0x200001f6   0x00000002   PAD
    0x200001f8   0x0000002a   Data   RW          977    .data               flash.o
    0x20000222   0x00000004   Data   RW         1008    .data               led_fc.o
    0x20000226   0x0000004a   Data   RW         1151    .data               usart_fc.o
    0x20000270   0x0000002d   Data   RW         1179    .data               mpu6050.o
    0x2000029d   0x00000001   PAD
    0x2000029e   0x00000014   Data   RW         1211    .data               mpu9250.o
    0x200002b2   0x00000006   PAD
    0x200002b8   0x000000a0   Data   RW         1241    .data               hml5833l.o
    0x20000358   0x000000a9   Data   RW         1269    .data               imu.o
    0x20000401   0x00000003   PAD
    0x20000404   0x000002f4   Data   RW         1384    .data               leg_lib.o
    0x200006f8   0x00000053   Data   RW         1413    .data               leg.o
    0x2000074b   0x00000001   PAD
    0x2000074c   0x000000e9   Data   RW         1446    .data               brain.o
    0x20000835   0x00000003   PAD
    0x20000838   0x000000c7   Data   RW         1475    .data               brain_g.o
    0x200008ff   0x00000001   PAD
    0x20000900   0x00000059   Data   RW         1503    .data               fliter.o
    0x20000959   0x00000003   PAD
    0x2000095c   0x00000404   Data   RW         1529    .data               my_math.o
    0x20000d60   0x0000005c   Data   RW         1551    .data               sbus_oldx.lib(sbus.o)
    0x20000dbc   0x00002520   Zero   RW            4    .bss                ucos_task.o
    0x200032dc   0x00000500   Zero   RW          315    .bss                main.o
    0x200037dc   0x00001288   Zero   RW          741    .bss                os_core.o
    0x20004a64   0x000000c8   Zero   RW          976    .bss                flash.o
    0x20004b2c   0x000000b4   Zero   RW         1059    .bss                time.o
    0x20004be0   0x00000c72   Zero   RW         1150    .bss                usart_fc.o
    0x20005852   0x00000002   PAD
    0x20005854   0x00000268   Zero   RW         1178    .bss                mpu6050.o
    0x20005abc   0x00000004   PAD
    0x20005ac0   0x000000fc   Zero   RW         1240    .bss                hml5833l.o
    0x20005bbc   0x0000008c   Zero   RW         1268    .bss                imu.o
    0x20005c48   0x000007ae   Zero   RW         1382    .bss                leg_lib.o
    0x200063f6   0x00000002   PAD
    0x200063f8   0x0000103a   Zero   RW         1411    .bss                leg.o
    0x20007432   0x00000002   PAD
    0x20007434   0x00000040   Zero   RW         1444    .bss                brain.o
    0x20007474   0x0000000a   Zero   RW         1473    .bss                brain_g.o
    0x2000747e   0x00000002   PAD
    0x20007480   0x00000b88   Zero   RW         1502    .bss                fliter.o
    0x20008008   0x000000a8   Zero   RW         1641    .bss                cycle_cal_oldx.lib(cycle_cal_oldx.o)
    0x200080b0   0x00000060   Zero   RW         1908    .bss                c_w.l(libspace.o)
    0x20008110   0x00000200   Zero   RW          427    HEAP                startup_stm32f40_41xxx.o
    0x20008310   0x00000400   Zero   RW          426    STACK               startup_stm32f40_41xxx.o


==============================================================================

Image component sizes


      Code (inc. data)   RO Data    RW Data    ZI Data      Debug   Object Name

     18736        872         88        233         64      17920   brain.o
     25816        828         52        199         10      19645   brain_g.o
       264         18          0          4          0       1383   delay.o
       232          4          0          0          0       1428   dma.o
      3848        228          0         42        200       4163   flash.o
      1928        124          0         89       2952       6744   fliter.o
      1236         70          0        160        252       2735   hml5833l.o
      9376        448          0        169        140       9850   imu.o
       208          8          0          4          0        959   led_fc.o
     13730        408          8         83       4154      21634   leg.o
     16364        486        144        756       1966      46234   leg_lib.o
       520        100          0        270       1280       9390   main.o
       224         20          0          0          0       1785   misc.o
      2860        182          0         45        616      14735   mpu6050.o
       676         24          0         20          0       5331   mpu9250.o
      1728        122          0       1028          0       6147   my_math.o
      2196        218        256         92       4744      15955   os_core.o
       200         32          0          0          0        308   os_cpu_a.o
       488          8          0          6          0      11743   os_cpu_c.o
      2060         42          0          0          0       7192   os_flag.o
       972         16          0          0          0       4294   os_mbox.o
      1512         30          0          0          0       5753   os_q.o
       908         18          0          0          0       4026   os_sem.o
      1988         70          0          0          0       7869   os_task.o
       432         30          0          0          0       1862   os_time.o
      1588         94          0          0          0       5713   os_tmr.o
       108          0          0          0          0        993   rng.o
       576         14          0          0          0       1283   spi_nrf.o
        64         26        392          0       1536        820   startup_stm32f40_41xxx.o
       936         32          0          0          0       6365   stm32f4xx_dma.o
      1684         28          0          0          0       9390   stm32f4xx_flash.o
       660         44          0          0          0       4129   stm32f4xx_gpio.o
        32          4          0          1          0     228787   stm32f4xx_it.o
      1628         52          0         16          0      12984   stm32f4xx_rcc.o
       160          4          0          0          0       1792   stm32f4xx_rng.o
      1152         36          0          0          0       6877   stm32f4xx_spi.o
      1108         34          0          0          0       7852   stm32f4xx_usart.o
       528         46          0         20          0       1731   system_stm32f4xx.o
       356         18          0          0        180      29341   time.o
      5184        442          0         89       9504     308367   ucos_task.o
      8280        346          0         74       3186      20950   usart_fc.o

    ----------------------------------------------------------------------
    132548       5626        982       3424      30796     876459   Object Totals
         0          0         32          0          0          0   (incl. Generated)
         2          0         10         24         12          0   (incl. Padding)

    ----------------------------------------------------------------------

      Code (inc. data)   RO Data    RW Data    ZI Data      Debug   Library Member Name

        90          0          0          0          0          0   __dczerorl2.o
         8          0          0          0          0         68   __main.o
         0          0          0          0          0          0   __rtentry.o
        12          0          0          0          0          0   __rtentry2.o
         6          0          0          0          0          0   __rtentry4.o
        52          8          0          0          0          0   __scatter.o
        28          0          0          0          0          0   __scatter_zi.o
        22          0          0          0          0        100   _rserrno.o
        18          0          0          0          0         80   exit.o
         6          0          0          0          0        152   heapauxi.o
         0          0          0          0          0          0   indicate_semi.o
         2          0          0          0          0          0   libinit.o
         6          0          0          0          0          0   libinit2.o
         2          0          0          0          0          0   libshutdown.o
         2          0          0          0          0          0   libshutdown2.o
         8          4          0          0         96         68   libspace.o
         8          4          0          0          0         68   rt_errno_addr_intlibspace.o
        78          0          0          0          0         80   rt_memclr_w.o
       100          0          0          0          0         80   rt_memcpy_w.o
         2          0          0          0          0          0   rtexit.o
        10          0          0          0          0          0   rtexit2.o
        12          4          0          0          0         68   sys_exit.o
        74          0          0          0          0         80   sys_stackheap_outer.o
         2          0          0          0          0         68   use_no_semi.o
      2584         12          0          0        168       4813   cycle_cal_oldx.o
        24          0          0          0          0        164   basic.o
        98          4          0          0          0        140   d2f.o
       826         16          0          0          0        492   daddsub_clz.o
        16          4          0          0          0        116   dcheck1.o
        24          0          0          0          0        116   dcmpi.o
       688        140          0          0          0        256   ddiv.o
        94          4          0          0          0        140   dfix.o
        84          0          0          0          0        232   dflt_clz.o
       120          4          0          0          0        140   dleqf.o
       340         12          0          0          0        152   dmul.o
       156          4          0          0          0        140   dnaninf.o
        12          0          0          0          0        116   dretinf.o
       108          0          0          0          0        128   drleqf.o
       408         56          0          0          0        168   dsqrt_umaal.o
        86          4          0          0          0        132   f2d.o
       140          4          0          0          0        132   fnaninf.o
        10          0          0          0          0        116   fpinit.o
        10          0          0          0          0        116   fretinf.o
       100          0          0          0          0        116   retnan.o
        92          0          0          0          0        116   scalbn.o
        48          0          0          0          0        116   trapv.o
         0          0          0          0          0          0   usenofp.o
       856        118         80          0          0        288   acos.o
       864         94         80          0          0        280   asin.o
       744        106        152          0          0        352   atan.o
       496         64          0          0          0        192   atan2.o
       200         20          0          0          0        164   cos.o
       368         46         48          0          0        200   cos_i.o
       184         44          0          0          0        744   dunder.o
        44          0          0          0          0        248   fabs.o
        48          0          0          0          0        124   fpclassify.o
       248          0          0          0          0        152   poly.o
      3152        296        136          0          0        352   pow.o
         0          0          8          0          0          0   qnan.o
      1080        142        200          0          0        188   rred.o
       200         20          0          0          0        164   sin.o
       304         24         40          0          0        208   sin_i.o
       232          0          0          0          0        296   sqrt.o
       128         20          0          0          0        144   tan.o
       848         84         96          0          0        196   tan_i.o
       608         26          0         92          0     217216   sbus.o

    ----------------------------------------------------------------------
     17246       1388        840         92        264     230577   Library Totals
        26          0          0          0          0          0   (incl. Padding)

    ----------------------------------------------------------------------

      Code (inc. data)   RO Data    RW Data    ZI Data      Debug   Library Name

       548         20          0          0         96        912   c_w.l
      2584         12          0          0        168       4813   cycle_cal_oldx.lib
      3484        252          0          0          0       3344   fz_wm.l
      9996       1078        840          0          0       4292   m_wm.l
       608         26          0         92          0     217216   sbus_oldx.lib

    ----------------------------------------------------------------------
     17246       1388        840         92        264     230577   Library Totals

    ----------------------------------------------------------------------

==============================================================================


      Code (inc. data)   RO Data    RW Data    ZI Data      Debug   

    149794       7014       1822       3516      31060    1093272   Grand Totals
    149794       7014       1822       2300      31060    1093272   ELF Image Totals (compressed)
    149794       7014       1822       2300          0          0   ROM Totals

==============================================================================

    Total RO  Size (Code + RO Data)               151616 ( 148.06kB)
    Total RW  Size (RW Data + ZI Data)             34576 (  33.77kB)
    Total ROM Size (Code + RO Data + RW Data)     153916 ( 150.31kB)

==============================================================================

