Component: ARM Compiler 5.06 update 2 (build 183) Tool: armlink [4d35b7]

==============================================================================

Section Cross References

    ucos_task.o(.text) refers to leg.o(.text) for leg_init
    ucos_task.o(.text) refers to time.o(.text) for Get_Cycle_T
    ucos_task.o(.text) refers to pwm_out.o(.text) for Set_DJ_PWM
    ucos_task.o(.text) refers to delay.o(.text) for delay_ms
    ucos_task.o(.text) refers to my_math.o(.text) for my_deathzoom_rc
    ucos_task.o(.text) refers to leg.o(.bss) for leg
    ucos_task.o(.text) refers to ucos_task.o(.bss) for leg_dt
    ucos_task.o(.text) refers to usart_fc.o(.bss) for Rc_Get_SBUS
    ucos_task.o(.text) refers to flash.o(.data) for SBUS_MAX
    ucos_task.o(.text) refers to sbus.o(.data) for channels
    ucos_task.o(.text) refers to dflti.o(.text) for __aeabi_i2d
    ucos_task.o(.text) refers to ddiv.o(.text) for __aeabi_ddiv
    ucos_task.o(.text) refers to dadd.o(.text) for __aeabi_dadd
    ucos_task.o(.text) refers to cdcmple.o(.text) for __aeabi_cdcmple
    ucos_task.o(.text) refers to cdrcmple.o(.text) for __aeabi_cdrcmple
    ucos_task.o(.text) refers to d2f.o(.text) for __aeabi_d2f
    ucos_task.o(.text) refers to f2d.o(.text) for __aeabi_f2d
    ucos_task.o(.text) refers to dfltui.o(.text) for __aeabi_ui2d
    ucos_task.o(.text) refers to dmul.o(.text) for __aeabi_dmul
    ucos_task.o(.text) refers to ucos_task.o(.data) for flag
    ucos_task.o(.text) refers to pow.o(i.__hardfp_pow) for __hardfp_pow
    ucos_task.o(.text) refers to sqrt.o(i.__hardfp_sqrt) for __hardfp_sqrt
    ucos_task.o(.text) refers to fabs.o(i.__hardfp_fabs) for __hardfp_fabs
    ucos_task.o(.text) refers to brain.o(.text) for leg_task1
    ucos_task.o(.text) refers to bat.o(.text) for Bat_protect
    ucos_task.o(.text) refers to usart_fc.o(.text) for Send_LEG
    ucos_task.o(.text) refers to imu.o(.data) for Yaw
    ucos_task.o(.text) refers to mpu6050.o(.bss) for mpu6050_fc
    ucos_task.o(.text) refers to brain_g.o(.data) for center_control_out
    ucos_task.o(.text) refers to led_fc.o(.text) for LEDRGB_STATE
    ucos_task.o(.text) refers to os_core.o(.data) for OSCPUUsage
    main.o(.text) refers to os_mbox.o(.text) for OSMboxCreate
    main.o(.text) refers to os_q.o(.text) for OSQCreate
    main.o(.text) refers to os_flag.o(.text) for OSFlagCreate
    main.o(.text) refers to os_core.o(.text) for OSStatInit
    main.o(.text) refers to os_tmr.o(.text) for OSTmrCreate
    main.o(.text) refers to os_cpu_a.o(.text) for OS_CPU_SR_Save
    main.o(.text) refers to os_task.o(.text) for OSTaskCreate
    main.o(.text) refers to misc.o(.text) for NVIC_PriorityGroupConfig
    main.o(.text) refers to delay.o(.text) for delay_init
    main.o(.text) refers to time.o(.text) for Initial_Timer_SYS
    main.o(.text) refers to rng.o(.text) for RNG_Init
    main.o(.text) refers to leg_lib.o(.text) for set_lisence
    main.o(.text) refers to leg.o(.text) for leg_init
    main.o(.text) refers to brain.o(.text) for leg_task1
    main.o(.text) refers to usart_fc.o(.text) for Usart4_Init
    main.o(.text) refers to pwm_out.o(.text) for PWM_AUX_Out_Init
    main.o(.text) refers to led_fc.o(.text) for LED_Init
    main.o(.text) refers to bat.o(.text) for Adc_Init
    main.o(.text) refers to beep.o(.text) for Beep_Init
    main.o(.text) refers to dma.o(.text) for MYDMA_Config
    main.o(.text) refers to stm32f4xx_usart.o(.text) for USART_DMACmd
    main.o(.text) refers to flash.o(.text) for READ_PARM
    main.o(.text) refers to main.o(.data) for msg_key
    main.o(.text) refers to main.o(.bss) for MsgGrp
    main.o(.text) refers to ucos_task.o(.text) for tmr1_callback
    main.o(.text) refers to ucos_task.o(.data) for tmr1
    main.o(.text) refers to ucos_task.o(.bss) for BRAIN_TASK_STK
    main.o(.text) refers to leg.o(.bss) for leg
    main.o(.text) refers to usart_fc.o(.bss) for SendBuff1
    stm32f4xx_it.o(.text) refers to stm32f4xx_it.o(.data) for hard_fall
    system_stm32f4xx.o(.text) refers to system_stm32f4xx.o(.data) for SystemCoreClock
    startup_stm32f40_41xxx.o(RESET) refers to startup_stm32f40_41xxx.o(STACK) for __initial_sp
    startup_stm32f40_41xxx.o(RESET) refers to startup_stm32f40_41xxx.o(.text) for Reset_Handler
    startup_stm32f40_41xxx.o(RESET) refers to stm32f4xx_it.o(.text) for NMI_Handler
    startup_stm32f40_41xxx.o(RESET) refers to os_cpu_a.o(.text) for PendSV_Handler
    startup_stm32f40_41xxx.o(RESET) refers to delay.o(.text) for SysTick_Handler
    startup_stm32f40_41xxx.o(RESET) refers to usart_fc.o(.text) for USART1_IRQHandler
    startup_stm32f40_41xxx.o(.text) refers to system_stm32f4xx.o(.text) for SystemInit
    startup_stm32f40_41xxx.o(.text) refers to entry.o(.ARM.Collect$$$$00000000) for __main
    delay.o(.text) refers to os_core.o(.text) for OSIntEnter
    delay.o(.text) refers to misc.o(.text) for SysTick_CLKSourceConfig
    delay.o(.text) refers to os_time.o(.text) for OSTimeDly
[...]
    FLASH_GetFlagStatus                      0x08003c35   Thumb Code    22  stm32f4xx_flash.o(.text)
    FLASH_ClearFlag                          0x08003c4b   Thumb Code     8  stm32f4xx_flash.o(.text)
    DMA_DeInit                               0x08003c61   Thumb Code   324  stm32f4xx_dma.o(.text)
    DMA_Init                                 0x08003da5   Thumb Code    82  stm32f4xx_dma.o(.text)
    DMA_StructInit                           0x08003df7   Thumb Code    34  stm32f4xx_dma.o(.text)
    DMA_Cmd                                  0x08003e19   Thumb Code    22  stm32f4xx_dma.o(.text)
    DMA_PeriphIncOffsetSizeConfig            0x08003e2f   Thumb Code    22  stm32f4xx_dma.o(.text)
    DMA_FlowControllerConfig                 0x08003e45   Thumb Code    22  stm32f4xx_dma.o(.text)
    DMA_SetCurrDataCounter                   0x08003e5b   Thumb Code     4  stm32f4xx_dma.o(.text)
    DMA_GetCurrDataCounter                   0x08003e5f   Thumb Code     8  stm32f4xx_dma.o(.text)
    DMA_DoubleBufferModeConfig               0x08003e67   Thumb Code    24  stm32f4xx_dma.o(.text)
    DMA_DoubleBufferModeCmd                  0x08003e7f   Thumb Code    22  stm32f4xx_dma.o(.text)
    DMA_MemoryTargetConfig                   0x08003e95   Thumb Code    10  stm32f4xx_dma.o(.text)
    DMA_GetCurrentMemoryTarget               0x08003e9f   Thumb Code    20  stm32f4xx_dma.o(.text)
    DMA_GetCmdStatus                         0x08003eb3   Thumb Code    20  stm32f4xx_dma.o(.text)
    DMA_GetFIFOStatus                        0x08003ec7   Thumb Code    12  stm32f4xx_dma.o(.text)
    DMA_GetFlagStatus                        0x08003ed3   Thumb Code    56  stm32f4xx_dma.o(.text)
    DMA_ClearFlag                            0x08003f0b   Thumb Code    40  stm32f4xx_dma.o(.text)
    DMA_ITConfig                             0x08003f33   Thumb Code    58  stm32f4xx_dma.o(.text)
    DMA_GetITStatus                          0x08003f6d   Thumb Code    84  stm32f4xx_dma.o(.text)
    DMA_ClearITPendingBit                    0x08003fc1   Thumb Code    40  stm32f4xx_dma.o(.text)
    RNG_DeInit                               0x08004009   Thumb Code    20  stm32f4xx_rng.o(.text)
    RNG_Cmd                                  0x0800401d   Thumb Code    30  stm32f4xx_rng.o(.text)
    RNG_GetRandomNumber                      0x0800403b   Thumb Code     8  stm32f4xx_rng.o(.text)
    RNG_ITConfig                             0x08004043   Thumb Code    30  stm32f4xx_rng.o(.text)
    RNG_GetFlagStatus                        0x08004061   Thumb Code    22  stm32f4xx_rng.o(.text)
    RNG_ClearFlag                            0x08004077   Thumb Code    12  stm32f4xx_rng.o(.text)
    RNG_GetITStatus                          0x08004083   Thumb Code    22  stm32f4xx_rng.o(.text)
    RNG_ClearITPendingBit                    0x08004099   Thumb Code    12  stm32f4xx_rng.o(.text)
    ADC_DeInit                               0x080040a9   Thumb Code    22  stm32f4xx_adc.o(.text)
    ADC_Init                                 0x080040bf   Thumb Code    74  stm32f4xx_adc.o(.text)
    ADC_StructInit                           0x08004109   Thumb Code    20  stm32f4xx_adc.o(.text)
    ADC_CommonInit                           0x0800411d   Thumb Code    34  stm32f4xx_adc.o(.text)
    ADC_CommonStructInit                     0x0800413f   Thumb Code    12  stm32f4xx_adc.o(.text)
    ADC_Cmd                                  0x0800414b   Thumb Code    22  stm32f4xx_adc.o(.text)
    ADC_AnalogWatchdogCmd                    0x08004161   Thumb Code    16  stm32f4xx_adc.o(.text)
    ADC_AnalogWatchdogThresholdsConfig       0x08004171   Thumb Code     6  stm32f4xx_adc.o(.text)
    ADC_AnalogWatchdogSingleChannelConfig    0x08004177   Thumb Code    16  stm32f4xx_adc.o(.text)
    ADC_TempSensorVrefintCmd                 0x08004187   Thumb Code    34  stm32f4xx_adc.o(.text)
    ADC_VBATCmd                              0x080041a9   Thumb Code    34  stm32f4xx_adc.o(.text)
    ADC_RegularChannelConfig                 0x080041cb   Thumb Code   184  stm32f4xx_adc.o(.text)
    ADC_SoftwareStartConv                    0x08004283   Thumb Code    10  stm32f4xx_adc.o(.text)
    ADC_GetSoftwareStartConvStatus           0x0800428d   Thumb Code    20  stm32f4xx_adc.o(.text)
    ADC_EOCOnEachRegularChannelCmd           0x080042a1   Thumb Code    22  stm32f4xx_adc.o(.text)
    ADC_ContinuousModeCmd                    0x080042b7   Thumb Code    22  stm32f4xx_adc.o(.text)
    ADC_DiscModeChannelCountConfig           0x080042cd   Thumb Code    24  stm32f4xx_adc.o(.text)
    ADC_DiscModeCmd                          0x080042e5   Thumb Code    22  stm32f4xx_adc.o(.text)
    ADC_GetConversionValue                   0x080042fb   Thumb Code     8  stm32f4xx_adc.o(.text)
    ADC_GetMultiModeConversionValue          0x08004303   Thumb Code     8  stm32f4xx_adc.o(.text)
    ADC_DMACmd                               0x0800430b   Thumb Code    22  stm32f4xx_adc.o(.text)
    ADC_DMARequestAfterLastTransferCmd       0x08004321   Thumb Code    22  stm32f4xx_adc.o(.text)
    ADC_MultiModeDMARequestAfterLastTransferCmd 0x08004337   Thumb Code    34  stm32f4xx_adc.o(.text)
    ADC_InjectedChannelConfig                0x08004359   Thumb Code   130  stm32f4xx_adc.o(.text)
    ADC_InjectedSequencerLengthConfig        0x080043db   Thumb Code    24  stm32f4xx_adc.o(.text)
    ADC_SetInjectedOffset                    0x080043f3   Thumb Code    20  stm32f4xx_adc.o(.text)
    ADC_ExternalTrigInjectedConvConfig       0x08004407   Thumb Code    16  stm32f4xx_adc.o(.text)
    ADC_ExternalTrigInjectedConvEdgeConfig   0x08004417   Thumb Code    16  stm32f4xx_adc.o(.text)
    ADC_SoftwareStartInjectedConv            0x08004427   Thumb Code    10  stm32f4xx_adc.o(.text)
    ADC_GetSoftwareStartInjectedConvCmdStatus 0x08004431   Thumb Code    20  stm32f4xx_adc.o(.text)
    ADC_AutoInjectedConvCmd                  0x08004445   Thumb Code    22  stm32f4xx_adc.o(.text)
    ADC_InjectedDiscModeCmd                  0x0800445b   Thumb Code    22  stm32f4xx_adc.o(.text)
    ADC_GetInjectedConversionValue           0x08004471   Thumb Code    28  stm32f4xx_adc.o(.text)
    ADC_ITConfig                             0x0800448d   Thumb Code    56  stm32f4xx_adc.o(.text)
    ADC_GetFlagStatus                        0x080044c5   Thumb Code    18  stm32f4xx_adc.o(.text)
    ADC_ClearFlag                            0x080044d7   Thumb Code     6  stm32f4xx_adc.o(.text)
    ADC_GetITStatus                          0x080044dd   Thumb Code    38  stm32f4xx_adc.o(.text)
    ADC_ClearITPendingBit                    0x08004503   Thumb Code    10  stm32f4xx_adc.o(.text)
    OS_TaskStatStkChk                        0x0800450d   Thumb Code    54  os_core.o(.text)
    OS_TaskStat                              0x08004543   Thumb Code   116  os_core.o(.text)
    OS_TaskIdle                              0x080045eb   Thumb Code    34  os_core.o(.text)
    OS_MemClr                                0x08004641   Thumb Code    18  os_core.o(.text)
    OSInit                                   0x0800475f   Thumb Code    48  os_core.o(.text)
    OSIntEnter                               0x0800478f   Thumb Code    28  os_core.o(.text)
    OSIntExit                                0x080047c5   Thumb Code   112  os_core.o(.text)
    OSSchedLock                              0x08004835   Thumb Code    50  os_core.o(.text)
    OS_Sched                                 0x08004867   Thumb Code    88  os_core.o(.text)
    OSSchedUnlock                            0x080048bf   Thumb Code   238  os_core.o(.text)
    OSStart                                  0x080049ad   Thumb Code    48  os_core.o(.text)
    OSStatInit                               0x080049dd   Thumb Code    62  os_core.o(.text)
    OSTimeTick                               0x08004a1b   Thumb Code   210  os_core.o(.text)
    OSVersion                                0x08004aed   Thumb Code     6  os_core.o(.text)
    OS_Dummy                                 0x08004af3   Thumb Code     2  os_core.o(.text)
    OS_EventTaskRemove                       0x08004af5   Thumb Code    42  os_core.o(.text)
    OS_EventTaskRdy                          0x08004b1f   Thumb Code   114  os_core.o(.text)
    OS_EventTaskWait                         0x08004b91   Thumb Code   112  os_core.o(.text)
    OS_EventWaitListInit                     0x08004c01   Thumb Code    28  os_core.o(.text)
    OS_MemCopy                               0x08004c1d   Thumb Code    20  os_core.o(.text)
    OS_StrLen                                0x08004c31   Thumb Code    20  os_core.o(.text)
    OS_TCBInit                               0x08004c45   Thumb Code   280  os_core.o(.text)
    OSFlagAccept                             0x08004da1   Thumb Code   252  os_flag.o(.text)
    OSFlagCreate                             0x08004e9d   Thumb Code    86  os_flag.o(.text)
    OS_FlagUnlink                            0x08004ef3   Thumb Code    36  os_flag.o(.text)
    OSFlagDel                                0x08004f69   Thumb Code   214  os_flag.o(.text)
    OSFlagNameGet                            0x0800503f   Thumb Code    80  os_flag.o(.text)
    OSFlagNameSet                            0x0800508f   Thumb Code    66  os_flag.o(.text)
    OSFlagPend                               0x08005169   Thumb Code   614  os_flag.o(.text)
    OSFlagPendGetFlagsRdy                    0x080053cf   Thumb Code    26  os_flag.o(.text)
    OSFlagPost                               0x080053e9   Thumb Code   312  os_flag.o(.text)
    OSFlagQuery                              0x08005521   Thumb Code    48  os_flag.o(.text)
    OS_FlagInit                              0x08005551   Thumb Code    78  os_flag.o(.text)
    OSMboxAccept                             0x080055ad   Thumb Code    38  os_mbox.o(.text)
    OSMboxCreate                             0x080055d3   Thumb Code    68  os_mbox.o(.text)
    OSMboxDel                                0x08005617   Thumb Code   200  os_mbox.o(.text)
    OSMboxPend                               0x080056df   Thumb Code   246  os_mbox.o(.text)
    OSMboxPendAbort                          0x080057d5   Thumb Code   128  os_mbox.o(.text)
    OSMboxPost                               0x08005855   Thumb Code    80  os_mbox.o(.text)
    OSMboxPostOpt                            0x080058a5   Thumb Code   120  os_mbox.o(.text)
    OSMboxQuery                              0x0800591d   Thumb Code    76  os_mbox.o(.text)
    OSQAccept                                0x08005979   Thumb Code    88  os_q.o(.text)
    OSQCreate                                0x080059d1   Thumb Code   140  os_q.o(.text)
    OSQDel                                   0x08005a5d   Thumb Code   236  os_q.o(.text)
    OSQFlush                                 0x08005b49   Thumb Code    36  os_q.o(.text)
    OSQPend                                  0x08005b6d   Thumb Code   272  os_q.o(.text)
    OSQPendAbort                             0x08005c7d   Thumb Code   128  os_q.o(.text)
    OSQPost                                  0x08005cfd   Thumb Code   114  os_q.o(.text)
    OSQPostFront                             0x08005d6f   Thumb Code   136  os_q.o(.text)
    OSQPostOpt                               0x08005df7   Thumb Code   182  os_q.o(.text)
    OSQQuery                                 0x08005ead   Thumb Code    98  os_q.o(.text)
    OS_QInit                                 0x08005f0f   Thumb Code    72  os_q.o(.text)
    OSSemAccept                              0x08005f61   Thumb Code    42  os_sem.o(.text)
    OSSemCreate                              0x08005f8b   Thumb Code    68  os_sem.o(.text)
    OSSemDel                                 0x08005fcf   Thumb Code   200  os_sem.o(.text)
    OSSemPend                                0x08006097   Thumb Code   222  os_sem.o(.text)
    OSSemPendAbort                           0x08006175   Thumb Code   128  os_sem.o(.text)
    OSSemPost                                0x080061f5   Thumb Code    88  os_sem.o(.text)
    OSSemQuery                               0x0800624d   Thumb Code    76  os_sem.o(.text)
    OSSemSet                                 0x08006299   Thumb Code    66  os_sem.o(.text)
    OSTaskChangePrio                         0x080062ed   Thumb Code   308  os_task.o(.text)
    OSTaskCreate                             0x08006421   Thumb Code   148  os_task.o(.text)
    OS_TaskStkClr                            0x080064b5   Thumb Code    26  os_task.o(.text)
    OSTaskCreateExt                          0x080064cf   Thumb Code   170  os_task.o(.text)
    OSTaskDel                                0x08006579   Thumb Code   294  os_task.o(.text)
    OSTaskDelReq                             0x0800669f   Thumb Code   144  os_task.o(.text)
    OSTaskNameGet                            0x0800672f   Thumb Code   114  os_task.o(.text)
    OSTaskNameSet                            0x080067a1   Thumb Code    98  os_task.o(.text)
    OSTaskResume                             0x08006803   Thumb Code   154  os_task.o(.text)
    OSTaskStkChk                             0x0800689d   Thumb Code   132  os_task.o(.text)
    OSTaskSuspend                            0x08006921   Thumb Code   152  os_task.o(.text)
    OSTaskQuery                              0x080069b9   Thumb Code    82  os_task.o(.text)
    OSTaskRegGet                             0x08006a0b   Thumb Code    60  os_task.o(.text)
    OSTaskRegSet                             0x08006a47   Thumb Code    62  os_task.o(.text)
    OS_TaskReturn                            0x08006a85   Thumb Code    18  os_task.o(.text)
    OSTimeDly                                0x08006ab1   Thumb Code   100  os_time.o(.text)
    OSTimeDlyHMSM                            0x08006b15   Thumb Code    86  os_time.o(.text)
    OSTimeDlyResume                          0x08006b6b   Thumb Code   168  os_time.o(.text)
    OSTimeGet                                0x08006c13   Thumb Code    24  os_time.o(.text)
    OSTimeSet                                0x08006c2b   Thumb Code    24  os_time.o(.text)
    OSTmrCreate                              0x08006c93   Thumb Code    96  os_tmr.o(.text)
    OSTmrDel                                 0x08006d6b   Thumb Code   124  os_tmr.o(.text)
    OSTmrNameGet                             0x08006de7   Thumb Code   114  os_tmr.o(.text)
    OSTmrRemainGet                           0x08006e59   Thumb Code   164  os_tmr.o(.text)
    OSTmrStateGet                            0x08006efd   Thumb Code    86  os_tmr.o(.text)
    OSTmrStart                               0x08006fb7   Thumb Code   128  os_tmr.o(.text)
    OSTmrStop                                0x08007037   Thumb Code   210  os_tmr.o(.text)
    OSTmrSignal                              0x08007109   Thumb Code    16  os_tmr.o(.text)
    OSTmr_Init                               0x080071bd   Thumb Code   152  os_tmr.o(.text)
    OS_CPU_SR_Save                           0x08007295   Thumb Code     0  os_cpu_a.o(.text)
    OS_CPU_SR_Restore                        0x0800729d   Thumb Code     0  os_cpu_a.o(.text)
    OSStartHighRdy                           0x080072a3   Thumb Code     0  os_cpu_a.o(.text)
    OSCtxSw                                  0x080072c7   Thumb Code     0  os_cpu_a.o(.text)
    OSIntCtxSw                               0x080072d5   Thumb Code     0  os_cpu_a.o(.text)
    PendSV_Handler                           0x080072e5   Thumb Code     0  os_cpu_a.o(.text)
    OSInitHookBegin                          0x0800735d   Thumb Code     8  os_cpu_c.o(.text)
    OSInitHookEnd                            0x08007365   Thumb Code     2  os_cpu_c.o(.text)
    OSTaskCreateHook                         0x08007367   Thumb Code     2  os_cpu_c.o(.text)
    OSTaskDelHook                            0x08007369   Thumb Code     2  os_cpu_c.o(.text)
    OSTaskIdleHook                           0x0800736b   Thumb Code     2  os_cpu_c.o(.text)
    OSTaskStatHook                           0x0800736d   Thumb Code     2  os_cpu_c.o(.text)
    OSTaskStkInit                            0x0800736f   Thumb Code   426  os_cpu_c.o(.text)
    OSTaskSwHook                             0x08007519   Thumb Code     2  os_cpu_c.o(.text)
    OSTCBInitHook                            0x0800751b   Thumb Code     2  os_cpu_c.o(.text)
    OSTimeTickHook                           0x0800751d   Thumb Code    30  os_cpu_c.o(.text)
    OSTaskReturnHook                         0x0800753b   Thumb Code     2  os_cpu_c.o(.text)
    STMFLASH_ReadWord                        0x08007545   Thumb Code     6  flash.o(.text)
    STMFLASH_GetFlashSector                  0x0800754b   Thumb Code   116  flash.o(.text)
    STMFLASH_Write                           0x080075bf   Thumb Code   146  flash.o(.text)
    STMFLASH_Read                            0x08007651   Thumb Code    32  flash.o(.text)
    WRITE_PARM                               0x08007671   Thumb Code  1688  flash.o(.text)
    READ_PARM                                0x08007d09   Thumb Code  1812  flash.o(.text)
    LEDRGB                                   0x0800844d   Thumb Code    88  led_fc.o(.text)
    LEDRGB_COLOR                             0x080084a5   Thumb Code   248  led_fc.o(.text)
    LED_Init                                 0x0800859d   Thumb Code   152  led_fc.o(.text)
    LEDRGB_STATE                             0x08008635   Thumb Code   518  led_fc.o(.text)
    Set_DJ_PWM                               0x0800887d   Thumb Code   692  pwm_out.o(.text)
    PWM_Out_Init                             0x08008b31   Thumb Code   614  pwm_out.o(.text)
    PWM_AUX_Out_Init                         0x08008d97   Thumb Code   258  pwm_out.o(.text)
    SysTick_Configuration                    0x08008eb1   Thumb Code    98  time.o(.text)
    micros                                   0x08008f13   Thumb Code    10  time.o(.text)
    GetSysTime_us                            0x08008f1d   Thumb Code     8  time.o(.text)
    Delay_us                                 0x08008f25   Thumb Code    12  time.o(.text)
    Delay_ms                                 0x08008f31   Thumb Code    24  time.o(.text)
    Get_Cycle_T                              0x08008f49   Thumb Code   118  time.o(.text)
    Cycle_Time_Init                          0x08008fbf   Thumb Code    22  time.o(.text)
    Initial_Timer_SYS                        0x08008fd5   Thumb Code    46  time.o(.text)
    MYDMA_Config                             0x08009015   Thumb Code   184  dma.o(.text)
    MYDMA_Enable                             0x080090cd   Thumb Code    44  dma.o(.text)
    RNG_Init                                 0x080090fd   Thumb Code    62  rng.o(.text)
    RNG_Get_RandomNum                        0x0800913b   Thumb Code    20  rng.o(.text)
    RNG_Get_RandomRange                      0x0800914f   Thumb Code    26  rng.o(.text)
    Adc_Init                                 0x08009169   Thumb Code   124  bat.o(.text)
    Get_Adc                                  0x080091e5   Thumb Code    64  bat.o(.text)
    Get_Adc_Average                          0x08009225   Thumb Code    68  bat.o(.text)
    Bat_protect                              0x08009269   Thumb Code   732  bat.o(.text)
    Tone                                     0x080095b9   Thumb Code   122  beep.o(.text)
    Play_Music                               0x08009633   Thumb Code   128  beep.o(.text)
    Play_Music_In_Task                       0x080096b3   Thumb Code   304  beep.o(.text)
    Play_Music_Direct                        0x080097e3   Thumb Code    56  beep.o(.text)
    Play_Music_Task                          0x0800981b   Thumb Code   260  beep.o(.text)
    Beep_Init                                0x0800991f   Thumb Code   276  beep.o(.text)
    Usart1_Init                              0x08009a35   Thumb Code   218  usart_fc.o(.text)
    Usart2_Init                              0x08009b0f   Thumb Code   210  usart_fc.o(.text)
    Usart3_Init                              0x08009be1   Thumb Code   218  usart_fc.o(.text)
    Usart4_Init                              0x08009cbb   Thumb Code   218  usart_fc.o(.text)
    Uart5_Init                               0x08009d95   Thumb Code   244  usart_fc.o(.text)
    Uart6_Init                               0x08009e89   Thumb Code   196  usart_fc.o(.text)
    UsartSend_LEG_DJ                         0x08009f4d   Thumb Code    28  usart_fc.o(.text)
    UsartSend_LEG4                           0x08009f69   Thumb Code    28  usart_fc.o(.text)
    UsartSend_LEG3                           0x08009f85   Thumb Code    28  usart_fc.o(.text)
    UsartSend_LEG2                           0x08009fa1   Thumb Code    28  usart_fc.o(.text)
    UsartSend_LEG1                           0x08009fbd   Thumb Code    28  usart_fc.o(.text)
    Send_IMU_TO_FLOW                         0x0800a00d   Thumb Code   118  usart_fc.o(.text)
    Send_DJ11_12                             0x0800a083   Thumb Code   228  usart_fc.o(.text)
    Send_IMU_PARM                            0x0800a167   Thumb Code   250  usart_fc.o(.text)
    GOL_LINK_TASK                            0x0800a261   Thumb Code    34  usart_fc.o(.text)
    my_itoa                                  0x0800a2cd   Thumb Code   136  usart_fc.o(.text)
    UsartSend_LEG_BUF_BUF                    0x0800a355   Thumb Code   408  usart_fc.o(.text)
    UsartSend_LEG_BUF_BUF_2                  0x0800a4ed   Thumb Code   400  usart_fc.o(.text)
    LEG_POWER_OFF                            0x0800a67d   Thumb Code   144  usart_fc.o(.text)
    Send_LEG                                 0x0800a70d   Thumb Code    28  usart_fc.o(.text)
    Data_LEG_CMD                             0x0800a729   Thumb Code   738  usart_fc.o(.text)
    Data_Receive_Anl1_RC                     0x0800aa0b   Thumb Code    74  usart_fc.o(.text)
    USART1_IRQHandler                        0x0800aa55   Thumb Code   374  usart_fc.o(.text)
    Data_Receive_Anl                         0x0800abcb   Thumb Code   590  usart_fc.o(.text)
    Data_LEG                                 0x0800ae19   Thumb Code  1072  usart_fc.o(.text)
    USART2_IRQHandler                        0x0800b249   Thumb Code   338  usart_fc.o(.text)
    Data_Receive_Anl_Tinker                  0x0800b39b   Thumb Code   818  usart_fc.o(.text)
    USART3_IRQHandler                        0x0800b6cd   Thumb Code   354  usart_fc.o(.text)
    UART4_IRQHandler                         0x0800b82f   Thumb Code   410  usart_fc.o(.text)
    UART5_IRQHandler                         0x0800b9c9   Thumb Code   404  usart_fc.o(.text)
    data_per_uart1                           0x0800bb5d   Thumb Code  1332  usart_fc.o(.text)
    GOL_LINK_TASK_DMA                        0x0800c091   Thumb Code    28  usart_fc.o(.text)
    clear_leg_uart                           0x0800c0ad   Thumb Code    26  usart_fc.o(.text)
    UART_UP_Put_Char                         0x0800c0c7   Thumb Code    28  usart_fc.o(.text)
    ReportMotion                             0x0800c0e3   Thumb Code   422  usart_fc.o(.text)
    ReportIMU                                0x0800c289   Thumb Code   300  usart_fc.o(.text)
    cal_cog_tri                              0x0800c3b5   Thumb Code    42  leg_lib.o(.text)
    conver_legpos_to_barin                   0x0800c3df   Thumb Code   174  leg_lib.o(.text)
    cal_dis_of_points                        0x0800c48d   Thumb Code   160  leg_lib.o(.text)
    check_leg_near_init                      0x0800c52d   Thumb Code   190  leg_lib.o(.text)
    get_next_leg_flag_in_list                0x0800c5eb   Thumb Code    70  leg_lib.o(.text)
    leg_repeat_protect                       0x0800c631   Thumb Code   540  leg_lib.o(.text)
    leg_repeat_protect1                      0x0800c84d   Thumb Code   192  leg_lib.o(.text)
    check_point_front_arrow                  0x0800c90d   Thumb Code   446  leg_lib.o(.text)
    cross_point_of_lines                     0x0800cacb   Thumb Code   192  leg_lib.o(.text)
    line_function90_from_arrow               0x0800cb8b   Thumb Code   166  leg_lib.o(.text)
    line_function_from_arrow                 0x0800cc31   Thumb Code   150  leg_lib.o(.text)
    resize_point_with_arrow                  0x0800ccc7   Thumb Code   490  leg_lib.o(.text)
    cal_jiao_of_tuo_and_line                 0x0800ceb1   Thumb Code   518  leg_lib.o(.text)
    in_circle                                0x0800d0b7   Thumb Code   308  leg_lib.o(.text)
    limit_trig_pos_of_leg                    0x0800d1eb   Thumb Code  1126  leg_lib.o(.text)
    limit_range_leg                          0x0800d651   Thumb Code   454  leg_lib.o(.text)
    arrow_check_to_bow                       0x0800d817   Thumb Code   330  leg_lib.o(.text)
    line_function_from_two_point             0x0800d961   Thumb Code   126  leg_lib.o(.text)
    check_point_on_line                      0x0800d9df   Thumb Code    54  leg_lib.o(.text)
    check_points_same_side                   0x0800da15   Thumb Code    64  leg_lib.o(.text)
    check_cross_arrow_line                   0x0800da55   Thumb Code   376  leg_lib.o(.text)
    check_cross_arrow90_line                 0x0800dbcd   Thumb Code   266  leg_lib.o(.text)
    cal_center_of_trig                       0x0800dcd7   Thumb Code     2  leg_lib.o(.text)
    dis_point_to_line                        0x0800dcd9   Thumb Code   144  leg_lib.o(.text)
    conver_body_to_global                    0x0800dd69   Thumb Code    68  leg_lib.o(.text)
    two_point_between_arror                  0x0800ddad   Thumb Code   132  leg_lib.o(.text)
    limit_move_range_tangle                  0x0800de31   Thumb Code   420  leg_lib.o(.text)
    get_min_dis_arrow_to_tangle              0x0800dfd5   Thumb Code   338  leg_lib.o(.text)
    segmentsIntr                             0x0800e127   Thumb Code   492  leg_lib.o(.text)
    inTrig                                   0x0800e313   Thumb Code   360  leg_lib.o(.text)
    inTrig2                                  0x0800e47b   Thumb Code   368  leg_lib.o(.text)
    check_in_move_range_tangle               0x0800e5eb   Thumb Code   492  leg_lib.o(.text)
    check_in_move_range                      0x0800e7d7   Thumb Code   334  leg_lib.o(.text)
    check_point_to_tangle                    0x0800e925   Thumb Code   856  leg_lib.o(.text)
    cal_jiao_of_range_and_line               0x0800ec7d   Thumb Code   886  leg_lib.o(.text)
    cal_jiao_of_range_and_line_tangle        0x0800eff3   Thumb Code   520  leg_lib.o(.text)
    check_point_to_trig                      0x0800f1fb   Thumb Code   636  leg_lib.o(.text)
    cal_area_trig                            0x0800f495   Thumb Code   720  leg_lib.o(.text)
    cal_steady_s                             0x0800f765   Thumb Code   378  leg_lib.o(.text)
    cal_steady_s4                            0x0800f8df   Thumb Code   290  leg_lib.o(.text)
    find_closet_point                        0x0800fa01   Thumb Code   720  leg_lib.o(.text)
    BitToHex                                 0x0800fcd1   Thumb Code   146  leg_lib.o(.text)
    BitsCopy                                 0x0800fd63   Thumb Code    22  leg_lib.o(.text)
    TablePermute                             0x0800fd79   Thumb Code    48  leg_lib.o(.text)
    Xor                                      0x0800fda9   Thumb Code    26  leg_lib.o(.text)
    ByteToBit                                0x0800fdc3   Thumb Code    56  leg_lib.o(.text)
    S_Change                                 0x0800fdfb   Thumb Code   102  leg_lib.o(.text)
    F_Change                                 0x0800fe61   Thumb Code    50  leg_lib.o(.text)
    PlayDes                                  0x0800fe93   Thumb Code   120  leg_lib.o(.text)
    LoopMove                                 0x0800ff0b   Thumb Code    42  leg_lib.o(.text)
    SetKey                                   0x0800ff35   Thumb Code    88  leg_lib.o(.text)
    license_check                            0x0800ff8d   Thumb Code   294  leg_lib.o(.text)
    cpuidGetId                               0x080100b3   Thumb Code    88  leg_lib.o(.text)
    set_lisence                              0x0801010b   Thumb Code    32  leg_lib.o(.text)
    BitToByte                                0x0801012b   Thumb Code    88  leg_lib.o(.text)
    HexToBit                                 0x08010183   Thumb Code   110  leg_lib.o(.text)
    KickDes                                  0x080101f1   Thumb Code   222  leg_lib.o(.text)
    des_test                                 0x080102cf   Thumb Code   346  leg_lib.o(.text)
    READ_LEG_ID                              0x08010431   Thumb Code     8  leg.o(.text)
    leg_init                                 0x08010439   Thumb Code  1396  leg.o(.text)
    pos_range_check                          0x080109ad   Thumb Code   170  leg.o(.text)
    cal_sita_form_pos_tri_leg                0x08010a57   Thumb Code  1278  leg.o(.text)
    cal_sita_from_pos                        0x08010f55   Thumb Code  3920  leg.o(.text)
    cal_pos_from_sita                        0x08011ea5   Thumb Code  1764  leg.o(.text)
    cal_pwm_from_sita                        0x08012589   Thumb Code   682  leg.o(.text)
    curve_cal                                0x08012833   Thumb Code   394  leg.o(.text)
    cal_curve_from_pos                       0x080129bd   Thumb Code  2138  leg.o(.text)
    cal_pos_tar_from_curve                   0x08013217   Thumb Code   194  leg.o(.text)
    leg_curve_bai                            0x080132d9   Thumb Code   660  leg.o(.text)
    leg_follow_curve                         0x0801356d   Thumb Code   700  leg.o(.text)
    cal_pos_tar_for_deng                     0x08013829   Thumb Code  1114  leg.o(.text)
    leg_ground_check                         0x08013c83   Thumb Code    36  leg.o(.text)
    leg_publish                              0x08013ca7   Thumb Code   978  leg.o(.text)
    leg_drive                                0x08014079   Thumb Code   854  leg.o(.text)
    barin_init                               0x080143e1   Thumb Code  1336  brain.o(.text)
    fall_reset                               0x08014919   Thumb Code  2674  brain.o(.text)
    att_control                              0x0801538b   Thumb Code  1580  brain.o(.text)
    fall_treat_tro                           0x080159b7   Thumb Code  1678  brain.o(.text)
    center_control_global_tro                0x08016045   Thumb Code  3508  brain.o(.text)
    leg_tar_est_global_tro                   0x08016df9   Thumb Code  3614  brain.o(.text)
    check_leg_need_move_global_tro           0x08017c17   Thumb Code  1726  brain.o(.text)
    cal_center_of_leg_ground                 0x080182d5   Thumb Code  1932  brain.o(.text)
    estimate_center                          0x08018a61   Thumb Code   432  brain.o(.text)
    leg_task1                                0x08018c11   Thumb Code   408  brain.o(.text)
    state_clear                              0x08018db5   Thumb Code   170  brain_g.o(.text)
    cal_pos_global                           0x08018e5f   Thumb Code  4834  brain_g.o(.text)
    fall_treat1                              0x0801a141   Thumb Code  1112  brain_g.o(.text)
    center_control_global                    0x0801a599   Thumb Code  9820  brain_g.o(.text)
    leg_tar_est_global                       0x0801cbf5   Thumb Code  3600  brain_g.o(.text)
    planner_leg_little_dog                   0x0801da05   Thumb Code   986  brain_g.o(.text)
    check_leg_need_move_global               0x0801dddf   Thumb Code  4812  brain_g.o(.text)
    planner_leg                              0x0801f0ab   Thumb Code  1262  brain_g.o(.text)
    fall_treat                               0x0801f599   Thumb Code   692  brain_g.o(.text)
    my_abs                                   0x0801f869   Thumb Code    26  my_math.o(.text)
    fast_atan2                               0x0801f883   Thumb Code   350  my_math.o(.text)
    my_atan                                  0x0801f9e1   Thumb Code    24  my_math.o(.text)
    my_pow                                   0x0801f9f9   Thumb Code    10  my_math.o(.text)
    my_sqrt                                  0x0801fa03   Thumb Code    88  my_math.o(.text)
    mx_sin                                   0x0801fa5b   Thumb Code   292  my_math.o(.text)
    my_sin                                   0x0801fb7f   Thumb Code   108  my_math.o(.text)
    my_cos                                   0x0801fbeb   Thumb Code   136  my_math.o(.text)
    my_deathzoom                             0x0801fc73   Thumb Code   158  my_math.o(.text)
    my_deathzoom_2                           0x0801fd11   Thumb Code    40  my_math.o(.text)
    my_deathzoom_21                          0x0801fd39   Thumb Code    40  my_math.o(.text)
    my_deathzoom_rc                          0x0801fd61   Thumb Code   216  my_math.o(.text)
    limit_mine                               0x0801fe39   Thumb Code    40  my_math.o(.text)
    limit_mine2                              0x0801fe61   Thumb Code    36  my_math.o(.text)
    To_180_degrees                           0x0801fe85   Thumb Code    58  my_math.o(.text)
    my_pow_2_curve                           0x0801febf   Thumb Code    80  my_math.o(.text)
    sbus_anal_oldx                           0x0801ff29   Thumb Code   462  sbus.o(.text)
    oldx_sbus_rx                             0x080200f7   Thumb Code   120  sbus.o(.text)
    __aeabi_memcpy                           0x08020189   Thumb Code    36  memcpya.o(.text)
    __aeabi_memcpy4                          0x08020189   Thumb Code     0  memcpya.o(.text)
    __aeabi_memcpy8                          0x08020189   Thumb Code     0  memcpya.o(.text)
    __aeabi_memset                           0x080201ad   Thumb Code    14  memseta.o(.text)
    __aeabi_memset4                          0x080201ad   Thumb Code     0  memseta.o(.text)
    __aeabi_memset8                          0x080201ad   Thumb Code     0  memseta.o(.text)
    __aeabi_memclr                           0x080201bb   Thumb Code     4  memseta.o(.text)
    __aeabi_memclr4                          0x080201bb   Thumb Code     0  memseta.o(.text)
    __aeabi_memclr8                          0x080201bb   Thumb Code     0  memseta.o(.text)
    _memset$wrapper                          0x080201bf   Thumb Code    18  memseta.o(.text)
    __aeabi_dadd                             0x080201d1   Thumb Code   322  dadd.o(.text)
    __aeabi_dsub                             0x08020313   Thumb Code     6  dadd.o(.text)
    __aeabi_drsub                            0x08020319   Thumb Code     6  dadd.o(.text)
    __aeabi_dmul                             0x0802031f   Thumb Code   228  dmul.o(.text)
    __aeabi_ddiv                             0x08020403   Thumb Code   222  ddiv.o(.text)
    __aeabi_i2d                              0x080204e1   Thumb Code    34  dflti.o(.text)
    __aeabi_ui2d                             0x08020503   Thumb Code    26  dfltui.o(.text)
    __aeabi_d2iz                             0x0802051d   Thumb Code    62  dfixi.o(.text)
    __aeabi_f2d                              0x0802055b   Thumb Code    38  f2d.o(.text)
    __aeabi_cdcmpeq                          0x08020581   Thumb Code     0  cdcmple.o(.text)
    __aeabi_cdcmple                          0x08020581   Thumb Code    48  cdcmple.o(.text)
    __aeabi_cdrcmple                         0x080205b1   Thumb Code    48  cdrcmple.o(.text)
    __aeabi_d2f                              0x080205e1   Thumb Code    56  d2f.o(.text)
    __aeabi_llsl                             0x08020619   Thumb Code    30  llshl.o(.text)
    _ll_shift_l                              0x08020619   Thumb Code     0  llshl.o(.text)
    __aeabi_llsr                             0x08020637   Thumb Code    32  llushr.o(.text)
    _ll_ushift_r                             0x08020637   Thumb Code     0  llushr.o(.text)
    __aeabi_lasr                             0x08020657   Thumb Code    36  llsshr.o(.text)
    _ll_sshift_r                             0x08020657   Thumb Code     0  llsshr.o(.text)
    __I$use$fp                               0x0802067b   Thumb Code     0  iusefp.o(.text)
    _float_round                             0x0802067b   Thumb Code    18  fepilogue.o(.text)
    _float_epilogue                          0x0802068d   Thumb Code    92  fepilogue.o(.text)
    _double_round                            0x080206e9   Thumb Code    30  depilogue.o(.text)
    _double_epilogue                         0x08020707   Thumb Code   156  depilogue.o(.text)
    __ARM_scalbn                             0x080207a3   Thumb Code    46  dscalb.o(.text)
    scalbn                                   0x080207a3   Thumb Code     0  dscalb.o(.text)
    _dsqrt                                   0x080207d1   Thumb Code   162  dsqrt.o(.text)
    __scatterload                            0x08020875   Thumb Code    28  init.o(.text)
    __scatterload_rt2                        0x08020875   Thumb Code     0  init.o(.text)
    __decompress                             0x08020899   Thumb Code     0  __dczerorl2.o(.text)
    __decompress1                            0x08020899   Thumb Code    86  __dczerorl2.o(.text)
    __ARM_fpclassify                         0x080208ef   Thumb Code    48  fpclassify.o(i.__ARM_fpclassify)
    __hardfp_acos                            0x08020921   Thumb Code   738  acos.o(i.__hardfp_acos)
    __hardfp_atan                            0x08020c79   Thumb Code   622  atan.o(i.__hardfp_atan)
    __hardfp_atan2                           0x08020f51   Thumb Code   432  atan2.o(i.__hardfp_atan2)
    __hardfp_cos                             0x08021141   Thumb Code   180  cos.o(i.__hardfp_cos)
    __hardfp_fabs                            0x08021209   Thumb Code    20  fabs.o(i.__hardfp_fabs)
    __hardfp_pow                             0x08021221   Thumb Code  3072  pow.o(i.__hardfp_pow)
    __hardfp_sin                             0x08021e71   Thumb Code   180  sin.o(i.__hardfp_sin)
    __hardfp_sqrt                            0x08021f39   Thumb Code   122  sqrt.o(i.__hardfp_sqrt)
    __hardfp_tan                             0x08021fb9   Thumb Code   108  tan.o(i.__hardfp_tan)
    __ieee754_rem_pio2                       0x08022039   Thumb Code   938  rred.o(i.__ieee754_rem_pio2)
    __kernel_cos                             0x08022471   Thumb Code   322  cos_i.o(i.__kernel_cos)
    __kernel_poly                            0x080225e1   Thumb Code   248  poly.o(i.__kernel_poly)
    __kernel_sin                             0x080226d9   Thumb Code   280  sin_i.o(i.__kernel_sin)
    __kernel_tan                             0x08022809   Thumb Code   764  tan_i.o(i.__kernel_tan)
    __mathlib_dbl_divzero                    0x08022b59   Thumb Code    28  dunder.o(i.__mathlib_dbl_divzero)
    __mathlib_dbl_infnan                     0x08022b89   Thumb Code    20  dunder.o(i.__mathlib_dbl_infnan)
    __mathlib_dbl_infnan2                    0x08022b9d   Thumb Code    20  dunder.o(i.__mathlib_dbl_infnan2)
    __mathlib_dbl_invalid                    0x08022bb1   Thumb Code    24  dunder.o(i.__mathlib_dbl_invalid)
    __mathlib_dbl_overflow                   0x08022bd1   Thumb Code    24  dunder.o(i.__mathlib_dbl_overflow)
    __mathlib_dbl_underflow                  0x08022bf1   Thumb Code    24  dunder.o(i.__mathlib_dbl_underflow)
    __scatterload_copy                       0x08022c11   Thumb Code    14  handlers.o(i.__scatterload_copy)
    __scatterload_null                       0x08022c1f   Thumb Code     2  handlers.o(i.__scatterload_null)
    __scatterload_zeroinit                   0x08022c21   Thumb Code    14  handlers.o(i.__scatterload_zeroinit)
    __set_errno                              0x08022c31   Thumb Code     6  errno.o(i.__set_errno)
    atan                                     0x08022c3d   Thumb Code    16  atan.o(i.atan)
    fabs                                     0x08022c4d   Thumb Code    24  fabs.o(i.fabs)
    sqrt                                     0x08022c65   Thumb Code   110  sqrt.o(i.sqrt)
    OSUnMapTbl                               0x08022cd2   Data         256  os_core.o(.constdata)
    __mathlib_zero                           0x080230a0   Data           8  qnan.o(.constdata)
    Region$$Table$$Base                      0x080231f8   Number         0  anon$$obj.o(Region$$Table)
    Region$$Table$$Limit                     0x08023218   Number         0  anon$$obj.o(Region$$Table)
    k_rc_spd                                 0x20000000   Data           4  ucos_task.o(.data)
    k_z_c                                    0x20000004   Data           4  ucos_task.o(.data)
    test                                     0x20000008   Data          20  ucos_task.o(.data)
    k_rc                                     0x2000001c   Data           8  ucos_task.o(.data)
    Yaw_set                                  0x20000024   Data           4  ucos_task.o(.data)
    kp_yaw                                   0x20000028   Data           4  ucos_task.o(.data)
    UART_UP_LOAD_SEL                         0x2000002c   Data           1  ucos_task.o(.data)
    state_v_test                             0x2000002d   Data           1  ucos_task.o(.data)
    num_need_to_check                        0x2000002e   Data           1  ucos_task.o(.data)
    tmr1                                     0x20000030   Data           4  ucos_task.o(.data)
    tmr2                                     0x20000034   Data           4  ucos_task.o(.data)
    tmr3                                     0x20000038   Data           4  ucos_task.o(.data)
    cpuusage                                 0x2000003c   Data           2  ucos_task.o(.data)
    msg_key                                  0x2000005c   Data           4  main.o(.data)
    q_msg                                    0x20000060   Data           4  main.o(.data)
    flags_key                                0x20000064   Data           4  main.o(.data)
    en_read                                  0x20000068   Data           1  main.o(.data)
    Lisence                                  0x20000069   Data         257  main.o(.data)
    hard_fall                                0x2000016a   Data           1  stm32f4xx_it.o(.data)
    SystemCoreClock                          0x2000016c   Data           4  system_stm32f4xx.o(.data)
    AHBPrescTable                            0x20000170   Data          16  system_stm32f4xx.o(.data)
    OSCtxSwCtr                               0x20000194   Data           4  os_core.o(.data)
    OSEventFreeList                          0x20000198   Data           4  os_core.o(.data)
    OSFlagFreeList                           0x2000019c   Data           4  os_core.o(.data)
    OSCPUUsage                               0x200001a0   Data           1  os_core.o(.data)
    OSIdleCtrMax                             0x200001a4   Data           4  os_core.o(.data)
    OSIdleCtrRun                             0x200001a8   Data           4  os_core.o(.data)
    OSStatRdy                                0x200001ac   Data           1  os_core.o(.data)
    OSIntNesting                             0x200001ad   Data           1  os_core.o(.data)
    OSLockNesting                            0x200001ae   Data           1  os_core.o(.data)
    OSPrioCur                                0x200001af   Data           1  os_core.o(.data)
    OSPrioHighRdy                            0x200001b0   Data           1  os_core.o(.data)
    OSRdyGrp                                 0x200001b1   Data           1  os_core.o(.data)
    OSRdyTbl                                 0x200001b2   Data           8  os_core.o(.data)
    OSRunning                                0x200001ba   Data           1  os_core.o(.data)
    OSTaskCtr                                0x200001bb   Data           1  os_core.o(.data)
    OSIdleCtr                                0x200001bc   Data           4  os_core.o(.data)
    OSTCBCur                                 0x200001c0   Data           4  os_core.o(.data)
    OSTCBFreeList                            0x200001c4   Data           4  os_core.o(.data)
    OSTCBHighRdy                             0x200001c8   Data           4  os_core.o(.data)
    OSTCBList                                0x200001cc   Data           4  os_core.o(.data)
    OSTickStepState                          0x200001d0   Data           1  os_core.o(.data)
    OSQFreeList                              0x200001d4   Data           4  os_core.o(.data)
    OSTime                                   0x200001d8   Data           4  os_core.o(.data)
    OSTmrFree                                0x200001dc   Data           2  os_core.o(.data)
    OSTmrUsed                                0x200001de   Data           2  os_core.o(.data)
    OSTmrTime                                0x200001e0   Data           4  os_core.o(.data)
    OSTmrSem                                 0x200001e4   Data           4  os_core.o(.data)
    OSTmrSemSignal                           0x200001e8   Data           4  os_core.o(.data)
    OSTmrFreeList                            0x200001ec   Data           4  os_core.o(.data)
    OSInterrputSum                           0x200001f0   Data           4  os_cpu_c.o(.data)
    k_sensitivity                            0x200001f8   Data          12  flash.o(.data)
    FLASH_SIZE                               0x20000204   Data           4  flash.o(.data)
    LENGTH_OF_DRONE                          0x20000208   Data           2  flash.o(.data)
    H_INT                                    0x2000020c   Data           4  flash.o(.data)
    SONAR_HEIGHT                             0x20000210   Data           4  flash.o(.data)
    need_init_mems                           0x20000214   Data           1  flash.o(.data)
    SBUS_MIN                                 0x20000216   Data           2  flash.o(.data)
    SBUS_MAX                                 0x20000218   Data           2  flash.o(.data)
    SBUS_MID                                 0x2000021a   Data           2  flash.o(.data)
    SBUS_MIN_A                               0x2000021c   Data           2  flash.o(.data)
    SBUS_MAX_A                               0x2000021e   Data           2  flash.o(.data)
    SBUS_MID_A                               0x20000220   Data           2  flash.o(.data)
    LED                                      0x20000222   Data           3  led_fc.o(.data)
    Rc_Pwm_Out_mine                          0x20000234   Data          32  pwm_out.o(.data)
    dj_out                                   0x20000254   Data          48  pwm_out.o(.data)
    k_ad                                     0x20000288   Data           4  bat.o(.data)
    start_music                              0x20000298   Data          28  beep.o(.data)
    mems_right_music                         0x200002b4   Data           6  beep.o(.data)
    mems_error_music                         0x200002ba   Data           8  beep.o(.data)
    bat_error_music                          0x200002c2   Data          64  beep.o(.data)
    rc_error_music                           0x20000302   Data          16  beep.o(.data)
    beep_one                                 0x20000312   Data          12  beep.o(.data)
    beep_two                                 0x2000031e   Data          12  beep.o(.data)
    beep_three                               0x2000032a   Data          12  beep.o(.data)
    fc_state_beep                            0x20000336   Data           3  beep.o(.data)
    beep_state                               0x20000339   Data          16  beep.o(.data)
    fc_save_gps_beep                         0x20000349   Data           1  beep.o(.data)
    beep_gps_save                            0x2000034a   Data           8  beep.o(.data)
    start_music_pix                          0x20000352   Data          18  beep.o(.data)
    test_to24                                0x20000364   Data           1  beep.o(.data)
    Beat_delay                               0x20000366   Data          14  beep.o(.data)
    tone_table                               0x20000374   Data          48  beep.o(.data)
    feed_imu_dog                             0x200003aa   Data           1  usart_fc.o(.data)
    test_leg                                 0x200003ac   Data           6  usart_fc.o(.data)
    TxCounter1                               0x200003b2   Data           1  usart_fc.o(.data)
    count1                                   0x200003b3   Data           1  usart_fc.o(.data)
    RxState1                                 0x200003b4   Data           1  usart_fc.o(.data)
    RxBufferNum1                             0x200003b5   Data           1  usart_fc.o(.data)
    RxBufferCnt1                             0x200003b6   Data           1  usart_fc.o(.data)
    RxLen1                                   0x200003b7   Data           1  usart_fc.o(.data)
    set1                                     0x200003ba   Data           1  usart_fc.o(.data)
    TxCounter2                               0x200003bb   Data           1  usart_fc.o(.data)
    count2                                   0x200003bc   Data           1  usart_fc.o(.data)
    RxState2                                 0x200003bd   Data           1  usart_fc.o(.data)
    RxBufferNum2                             0x200003be   Data           1  usart_fc.o(.data)
    RxBufferCnt2                             0x200003bf   Data           1  usart_fc.o(.data)
    RxLen2                                   0x200003c0   Data           1  usart_fc.o(.data)
    TxCounter3                               0x200003c3   Data           1  usart_fc.o(.data)
    count3                                   0x200003c4   Data           1  usart_fc.o(.data)
    RxState3                                 0x200003c5   Data           1  usart_fc.o(.data)
    RxBufferNum3                             0x200003c6   Data           1  usart_fc.o(.data)
    RxBufferCnt3                             0x200003c7   Data           1  usart_fc.o(.data)
    RxLen3                                   0x200003c8   Data           1  usart_fc.o(.data)
    TxCounter4                               0x200003cb   Data           1  usart_fc.o(.data)
    count4                                   0x200003cc   Data           1  usart_fc.o(.data)
    RxState4                                 0x200003cd   Data           1  usart_fc.o(.data)
    RxBufferNum4                             0x200003ce   Data           1  usart_fc.o(.data)
    RxBufferCnt4                             0x200003cf   Data           1  usart_fc.o(.data)
    RxLen4                                   0x200003d0   Data           1  usart_fc.o(.data)
    TxCounter5                               0x200003d3   Data           1  usart_fc.o(.data)
    count5                                   0x200003d4   Data           1  usart_fc.o(.data)
    RxState5                                 0x200003d5   Data           1  usart_fc.o(.data)
    RxBufferNum5                             0x200003d6   Data           1  usart_fc.o(.data)
    RxBufferCnt5                             0x200003d7   Data           1  usart_fc.o(.data)
    RxLen5                                   0x200003d8   Data           1  usart_fc.o(.data)
    leg_uart_cnt                             0x200003dc   Data           2  usart_fc.o(.data)
    ak8975                                   0x200003f8   Data          44  hml5833l.o(.data)
    ak8975_ok                                0x20000478   Data           1  hml5833l.o(.data)
    Mag_CALIBRATED                           0x20000479   Data           1  hml5833l.o(.data)
    Mag_CALIBRATED_R                         0x2000047a   Data           1  hml5833l.o(.data)
    fly_ready                                0x20000498   Data           1  imu.o(.data)
    Roll                                     0x2000049c   Data           4  imu.o(.data)
    Pitch                                    0x200004a0   Data           4  imu.o(.data)
    Yaw                                      0x200004a4   Data           4  imu.o(.data)
    ref_q                                    0x200004a8   Data          16  imu.o(.data)
    norm_acc                                 0x200004b8   Data           4  imu.o(.data)
    norm_q                                   0x200004bc   Data           4  imu.o(.data)
    norm_acc_lpf                             0x200004c0   Data           4  imu.o(.data)
    test_flag                                0x200004c4   Data          12  imu.o(.data)
    imu_sel                                  0x200004d0   Data           1  imu.o(.data)
    q0                                       0x200004d4   Data           4  imu.o(.data)
    q1                                       0x200004d8   Data           4  imu.o(.data)
    q2                                       0x200004dc   Data           4  imu.o(.data)
    q3                                       0x200004e0   Data           4  imu.o(.data)
    exInt                                    0x200004e4   Data           4  imu.o(.data)
    eyInt                                    0x200004e8   Data           4  imu.o(.data)
    ezInt                                    0x200004ec   Data           4  imu.o(.data)
    Yaw1                                     0x200004f0   Data           4  imu.o(.data)
    Pitch1                                   0x200004f4   Data           4  imu.o(.data)
    Roll1                                    0x200004f8   Data           4  imu.o(.data)
    mag_norm                                 0x200004fc   Data           4  imu.o(.data)
    mag_norm_xyz                             0x20000500   Data           4  imu.o(.data)
    beta_start                               0x20000504   Data           4  imu.o(.data)
    beta_end                                 0x20000508   Data           4  imu.o(.data)
    beta_step                                0x2000050c   Data           4  imu.o(.data)
    beta                                     0x20000510   Data           4  imu.o(.data)
    accConfidenceDecay                       0x20000514   Data           4  imu.o(.data)
    hmlConfidenceDecay                       0x20000518   Data           4  imu.o(.data)
    accConfidence                            0x2000051c   Data           4  imu.o(.data)
    hmlConfidence                            0x20000520   Data           4  imu.o(.data)
    norm_hml_view                            0x20000524   Data           4  imu.o(.data)
    hmlOneMAG                                0x20000528   Data           4  imu.o(.data)
    init_hml_norm                            0x2000052c   Data           1  imu.o(.data)
    init_hml_norm_cnt                        0x2000052e   Data           2  imu.o(.data)
    KEY_LOCK                                 0x20000544   Data           9  leg_lib.o(.data)
    KEY_UNLOCK                               0x2000054d   Data           9  leg_lib.o(.data)
    off_local                                0x20000838   Data           8  leg.o(.data)
    k_z                                      0x20000840   Data           4  leg.o(.data)
    flt_leg                                  0x20000844   Data           4  leg.o(.data)
    flt1                                     0x20000848   Data           4  leg.o(.data)
    en_pos_recal                             0x2000084c   Data           1  leg.o(.data)
    SET_PWM3_OFF                             0x2000084e   Data           2  leg.o(.data)
    en_xie                                   0x20000850   Data           1  leg.o(.data)
    rate_delay_kuai                          0x20000854   Data           4  leg.o(.data)
    delay_time_kuai                          0x20000858   Data           4  leg.o(.data)
    off_time_k                               0x2000085c   Data           4  leg.o(.data)
    sita_test                                0x20000860   Data          16  leg.o(.data)
    line_test                                0x20000870   Data           4  leg.o(.data)
    force_test_mode                          0x20000874   Data           1  leg.o(.data)
    k_add_test22                             0x20000878   Data           4  leg.o(.data)
    test22                                   0x2000087c   Data          36  leg.o(.data)
    trig_list_trot                           0x200008c8   Data           5  brain.o(.data)
    stop_leg                                 0x200008cd   Data           1  brain.o(.data)
    set_max_tro                              0x200008d0   Data           4  brain.o(.data)
    min_spd_tro                              0x200008d4   Data           4  brain.o(.data)
    set_trig_value_tro                       0x200008dc   Data           4  brain.o(.data)
    trot_delay                               0x200008e0   Data           4  brain.o(.data)
    per_stop                                 0x200008e4   Data           1  brain.o(.data)
    k_size_trot                              0x200008e8   Data           4  brain.o(.data)
    size_k_trot                              0x200008ec   Data           4  brain.o(.data)
    limit_deng_tro                           0x200008f0   Data           4  brain.o(.data)
    k_acc_control_trot                       0x200008f4   Data           8  brain.o(.data)
    k_spd_control_trot                       0x200008fc   Data           8  brain.o(.data)
    min_off_for_stable                       0x20000904   Data           4  brain.o(.data)
    kp_att                                   0x20000908   Data           4  brain.o(.data)
    ki_att                                   0x2000090c   Data           4  brain.o(.data)
    kd_att                                   0x20000910   Data           4  brain.o(.data)
    flt                                      0x20000914   Data           4  brain.o(.data)
    reset_deng                               0x20000918   Data           4  brain.o(.data)
    reset_sita                               0x2000091c   Data          12  brain.o(.data)
    reset_sita1                              0x20000928   Data          12  brain.o(.data)
    reset_sita2                              0x20000934   Data          12  brain.o(.data)
    k_acc                                    0x20000940   Data           4  brain.o(.data)
    last_move_id_tro                         0x20000944   Data           1  brain.o(.data)
    last_last_move_id_tro                    0x20000945   Data           1  brain.o(.data)
    trig_use_now_pos_tro                     0x20000946   Data           1  brain.o(.data)
    en_off_trig_tro                          0x20000947   Data           1  brain.o(.data)
    h_k2_tro                                 0x20000948   Data           4  brain.o(.data)
    k_off_tro                                0x2000094c   Data           4  brain.o(.data)
    k_trig1_tro                              0x20000950   Data           4  brain.o(.data)
    k_rad_tro                                0x20000954   Data           4  brain.o(.data)
    k_trig_tro                               0x20000958   Data           4  brain.o(.data)
    en_att_trig                              0x2000095c   Data           1  brain.o(.data)
    dead_1_tro                               0x20000960   Data           8  brain.o(.data)
    k_fall_tro                               0x20000968   Data          12  brain.o(.data)
    flt_fall_tro                             0x20000974   Data           4  brain.o(.data)
    trig_list_f                              0x200009b4   Data           5  brain_g.o(.data)
    trig_list_l                              0x200009b9   Data           5  brain_g.o(.data)
    trig_list_b                              0x200009be   Data           5  brain_g.o(.data)
    trig_list_r                              0x200009c3   Data           5  brain_g.o(.data)
    trig_list_tr                             0x200009c8   Data           5  brain_g.o(.data)
    trig_list_tl                             0x200009cd   Data           5  brain_g.o(.data)
    side_leg                                 0x200009d2   Data           5  brain_g.o(.data)
    side_leg_f                               0x200009d7   Data           5  brain_g.o(.data)
    area_protect                             0x200009dc   Data           1  brain_g.o(.data)
    repeat_protect                           0x200009dd   Data           1  brain_g.o(.data)
    out_protect                              0x200009de   Data           1  brain_g.o(.data)
    leg_off_ground_test                      0x200009df   Data           1  brain_g.o(.data)
    en_leg_trig_list                         0x200009e0   Data           1  brain_g.o(.data)
    k_size                                   0x200009e4   Data           4  brain_g.o(.data)
    k_force                                  0x200009e8   Data           4  brain_g.o(.data)
    force_rate                               0x200009ec   Data           4  brain_g.o(.data)
    size_k                                   0x200009f0   Data           4  brain_g.o(.data)
    limit_deng                               0x200009f4   Data           4  brain_g.o(.data)
    k_acc_control                            0x200009f8   Data           8  brain_g.o(.data)
    k_spd_control                            0x20000a00   Data           8  brain_g.o(.data)
    force_stop_range                         0x20000a08   Data           8  brain_g.o(.data)
    std_switch                               0x20000a10   Data           4  brain_g.o(.data)
    flag_acc                                 0x20000a14   Data           8  brain_g.o(.data)
    k_acc1                                   0x20000a1c   Data           4  brain_g.o(.data)
    set_max                                  0x20000a20   Data           4  brain_g.o(.data)
    min_spd                                  0x20000a24   Data           4  brain_g.o(.data)
    set_trig_value                           0x20000a2c   Data           4  brain_g.o(.data)
    center_stable_dead                       0x20000a30   Data           4  brain_g.o(.data)
    en_off_trig                              0x20000a34   Data           1  brain_g.o(.data)
    trig_use_now_pos                         0x20000a35   Data           1  brain_g.o(.data)
    h_k2                                     0x20000a38   Data           4  brain_g.o(.data)
    k_off                                    0x20000a3c   Data           4  brain_g.o(.data)
    k_trig1                                  0x20000a40   Data           4  brain_g.o(.data)
    k_rad                                    0x20000a44   Data           4  brain_g.o(.data)
    k_trig                                   0x20000a48   Data           4  brain_g.o(.data)
    min_steady_value_stable                  0x20000a4c   Data           4  brain_g.o(.data)
    max_dis_cog                              0x20000a50   Data           4  brain_g.o(.data)
    ero_center                               0x20000a54   Data           8  brain_g.o(.data)
    center_control_out                       0x20000a5c   Data           8  brain_g.o(.data)
    last_move_id                             0x20000a64   Data           1  brain_g.o(.data)
    last_last_move_id                        0x20000a65   Data           1  brain_g.o(.data)
    k_fall                                   0x20000a68   Data           4  brain_g.o(.data)
    k_add                                    0x20000a6c   Data           4  brain_g.o(.data)
    dead_1                                   0x20000a70   Data           8  brain_g.o(.data)
    k_fall1                                  0x20000a78   Data          12  brain_g.o(.data)
    flt_fall1                                0x20000a84   Data           4  brain_g.o(.data)
    fast_atan_table                          0x20000aa0   Data        1028  my_math.o(.data)
    sbus_data_i                              0x20000ea4   Data          26  sbus.o(.data)
    sbus_data                                0x20000ebe   Data          26  sbus.o(.data)
    channels                                 0x20000ed8   Data          36  sbus.o(.data)
    failsafe_status                          0x20000efc   Data           1  sbus.o(.data)
    sbus_passthrough                         0x20000efd   Data           1  sbus.o(.data)
    leg_dt                                   0x20000f04   Data          20  ucos_task.o(.bss)
    LEG1_TASK_STK                            0x20000f18   Data        1024  ucos_task.o(.bss)
    LEG2_TASK_STK                            0x20001318   Data        1024  ucos_task.o(.bss)
    LEG3_TASK_STK                            0x20001718   Data        1024  ucos_task.o(.bss)
    LEG4_TASK_STK                            0x20001b18   Data        1024  ucos_task.o(.bss)
    BRAIN_TASK_STK                           0x20001f18   Data        4352  ucos_task.o(.bss)
    UART_TASK_STK                            0x20003018   Data        1024  ucos_task.o(.bss)
    START_TASK_STK                           0x20003418   Data         256  main.o(.bss)
    MsgGrp                                   0x20003518   Data        1024  main.o(.bss)
    OSEventTbl                               0x20003918   Data         200  os_core.o(.bss)
    OSFlagTbl                                0x200039e0   Data          80  os_core.o(.bss)
    OSTaskStatStk                            0x20003a30   Data         512  os_core.o(.bss)
    OSTaskIdleStk                            0x20003c30   Data         512  os_core.o(.bss)
    OSTCBPrioTbl                             0x20003e30   Data         256  os_core.o(.bss)
    OSTCBTbl                                 0x20003f30   Data        1848  os_core.o(.bss)
    OSQTbl                                   0x20004668   Data         120  os_core.o(.bss)
    OSTmrTbl                                 0x200046e0   Data         640  os_core.o(.bss)
    OSTmrTaskStk                             0x20004960   Data         512  os_core.o(.bss)
    OSTmrWheelTbl                            0x20004b60   Data          64  os_core.o(.bss)
    FLASH_READ_BUF                           0x20004ba0   Data         100  flash.o(.bss)
    FLASH_Buffer                             0x20004c04   Data         100  flash.o(.bss)
    Cycle_T                                  0x20004c68   Data         180  time.o(.bss)
    bat                                      0x20004d1c   Data          20  bat.o(.bss)
    TxBuffer1                                0x20004d3c   Data         256  usart_fc.o(.bss)
    Rx_Buf1                                  0x20004e3c   Data         256  usart_fc.o(.bss)
    RxBuffer1                                0x20004f3c   Data          50  usart_fc.o(.bss)
    TxBuffer2                                0x20004f6e   Data         256  usart_fc.o(.bss)
    Rx_Buf2                                  0x2000506e   Data         256  usart_fc.o(.bss)
    RxBuffer2                                0x2000516e   Data          50  usart_fc.o(.bss)
    tinker                                   0x200051a0   Data          68  usart_fc.o(.bss)
    TxBuffer3                                0x200051e4   Data         256  usart_fc.o(.bss)
    Rx_Buf3                                  0x200052e4   Data         256  usart_fc.o(.bss)
    RxBuffer3                                0x200053e4   Data          50  usart_fc.o(.bss)
    TxBuffer4                                0x20005416   Data         256  usart_fc.o(.bss)
    Rx_Buf4                                  0x20005516   Data         256  usart_fc.o(.bss)
    RxBuffer4                                0x20005616   Data          50  usart_fc.o(.bss)
    Rc_Get_PWM                               0x20005648   Data          34  usart_fc.o(.bss)
    Rc_Get_SBUS                              0x2000566a   Data          34  usart_fc.o(.bss)
    Rc_Wifi                                  0x2000568c   Data          34  usart_fc.o(.bss)
    TxBuffer5                                0x200056ae   Data         256  usart_fc.o(.bss)
    Rx_Buf5                                  0x200057ae   Data         256  usart_fc.o(.bss)
    RxBuffer5                                0x200058ae   Data          50  usart_fc.o(.bss)
    SendBuff1                                0x200058e0   Data         256  usart_fc.o(.bss)
    SendBuff3                                0x200059e0   Data          32  usart_fc.o(.bss)
    mpu6050                                  0x20005a14   Data         160  mpu6050.o(.bss)
    mpu6050_fc                               0x20005ab4   Data         160  mpu6050.o(.bss)
    mpu6050_buffer                           0x20005b54   Data          14  mpu6050.o(.bss)
    sum_temp                                 0x20005b64   Data          28  mpu6050.o(.bss)
    sum_temp_3d                              0x20005b80   Data          28  mpu6050.o(.bss)
    FILT_BUF                                 0x20005b9c   Data         154  mpu6050.o(.bss)
    mpu6050_tmp                              0x20005c38   Data          28  mpu6050.o(.bss)
    mpu_fil_tmp                              0x20005c54   Data          28  mpu6050.o(.bss)
    license                                  0x20005c7c   Data         129  leg_lib.o(.bss)
    MesHex_OUT                               0x20005ffd   Data         128  leg_lib.o(.bss)
    MyMessage_Kick                           0x2000607d   Data         125  leg_lib.o(.bss)
    leg                                      0x20006430   Data        2740  leg.o(.bss)
    brain                                    0x20006ee8   Data         952  leg.o(.bss)
    c0                                       0x200072a0   Data          60  leg.o(.bss)
    c3                                       0x200072dc   Data          60  leg.o(.bss)
    c4                                       0x20007318   Data          60  leg.o(.bss)
    c5                                       0x20007354   Data          60  leg.o(.bss)
    c6                                       0x20007390   Data          60  leg.o(.bss)
    att_control_out                          0x20007538   Data          20  brain.o(.bss)
    out_range_move_tro                       0x2000754c   Data          10  brain.o(.bss)
    Ts                                       0x20007558   Data          12  brain.o(.bss)
    control_draw                             0x20007578   Data         200  brain_g.o(.bss)
    out_range_move                           0x20007640   Data          10  brain_g.o(.bss)
    __initial_sp                             0x20007a50   Data           0  startup_stm32f40_41xxx.o(STACK)



==============================================================================

Memory Map of the image

  Image Entry point : 0x08000189

  Load Region LR_IROM1 (Base: 0x08000000, Size: 0x0002411c, Max: 0x00100000, ABSOLUTE, COMPRESSED[0x00023bc4])

    Execution Region ER_IROM1 (Base: 0x08000000, Size: 0x00023218, Max: 0x00100000, ABSOLUTE)

    Base Addr    Size         Type   Attr      Idx    E Section Name        Object

    0x08000000   0x00000188   Data   RO          430    RESET               startup_stm32f40_41xxx.o
    0x08000188   0x00000000   Code   RO         1892  * .ARM.Collect$$$$00000000  mc_w.l(entry.o)
    0x08000188   0x00000004   Code   RO         1962    .ARM.Collect$$$$00000001  mc_w.l(entry2.o)
    0x0800018c   0x00000004   Code   RO         1965    .ARM.Collect$$$$00000004  mc_w.l(entry5.o)
    0x08000190   0x00000000   Code   RO         1967    .ARM.Collect$$$$00000008  mc_w.l(entry7b.o)
    0x08000190   0x00000000   Code   RO         1969    .ARM.Collect$$$$0000000A  mc_w.l(entry8b.o)
    0x08000190   0x00000008   Code   RO         1970    .ARM.Collect$$$$0000000B  mc_w.l(entry9a.o)
    0x08000198   0x00000000   Code   RO         1972    .ARM.Collect$$$$0000000D  mc_w.l(entry10a.o)
    0x08000198   0x00000000   Code   RO         1974    .ARM.Collect$$$$0000000F  mc_w.l(entry11a.o)
    0x08000198   0x00000004   Code   RO         1963    .ARM.Collect$$$$00002712  mc_w.l(entry2.o)
    0x0800019c   0x000013c0   Code   RO            3    .text               ucos_task.o
    0x0800155c   0x0000024c   Code   RO          312    .text               main.o
    0x080017a8   0x00000020   Code   RO          352    .text               stm32f4xx_it.o
    0x080017c8   0x00000210   Code   RO          404    .text               system_stm32f4xx.o
    0x080019d8   0x00000024   Code   RO          431    .text               startup_stm32f40_41xxx.o
    0x080019fc   0x00000108   Code   RO          437    .text               delay.o
    0x08001b04   0x000000e0   Code   RO          477    .text               misc.o
    0x08001be4   0x00000294   Code   RO          497    .text               stm32f4xx_gpio.o
    0x08001e78   0x0000065c   Code   RO          540    .text               stm32f4xx_rcc.o
    0x080024d4   0x00000454   Code   RO          582    .text               stm32f4xx_usart.o
    0x08002928   0x00000ca2   Code   RO          602    .text               stm32f4xx_tim.o
    0x080035ca   0x00000002   PAD
    0x080035cc   0x00000694   Code   RO          622    .text               stm32f4xx_flash.o
    0x08003c60   0x000003a8   Code   RO          702    .text               stm32f4xx_dma.o
    0x08004008   0x000000a0   Code   RO          722    .text               stm32f4xx_rng.o
    0x080040a8   0x00000464   Code   RO          762    .text               stm32f4xx_adc.o
    0x0800450c   0x00000894   Code   RO          782    .text               os_core.o
    0x08004da0   0x0000080c   Code   RO          810    .text               os_flag.o
    0x080055ac   0x000003cc   Code   RO          830    .text               os_mbox.o
    0x08005978   0x000005e8   Code   RO          884    .text               os_q.o
    0x08005f60   0x0000038c   Code   RO          904    .text               os_sem.o
    0x080062ec   0x000007c4   Code   RO          924    .text               os_task.o
    0x08006ab0   0x000001b0   Code   RO          944    .text               os_time.o
    0x08006c60   0x00000634   Code   RO          964    .text               os_tmr.o
    0x08007294   0x000000c8   Code   RO          982    .text               os_cpu_a.o
    0x0800735c   0x000001e8   Code   RO          987    .text               os_cpu_c.o
    0x08007544   0x00000f08   Code   RO         1017    .text               flash.o
    0x0800844c   0x00000430   Code   RO         1052    .text               led_fc.o
    0x0800887c   0x00000634   Code   RO         1079    .text               pwm_out.o
    0x08008eb0   0x00000164   Code   RO         1113    .text               time.o
    0x08009014   0x000000e8   Code   RO         1144    .text               dma.o
    0x080090fc   0x0000006c   Code   RO         1164    .text               rng.o
    0x08009168   0x00000450   Code   RO         1204    .text               bat.o
    0x080095b8   0x0000047a   Code   RO         1231    .text               beep.o
    0x08009a32   0x00000002   PAD
    0x08009a34   0x00002980   Code   RO         1257    .text               usart_fc.o
    0x0800c3b4   0x0000407c   Code   RO         1489    .text               leg_lib.o
    0x08010430   0x00003fb0   Code   RO         1518    .text               leg.o
    0x080143e0   0x000049d4   Code   RO         1551    .text               brain.o
    0x08018db4   0x00006ab4   Code   RO         1580    .text               brain_g.o
    0x0801f868   0x000006c0   Code   RO         1636    .text               my_math.o
    0x0801ff28   0x00000260   Code   RO         1658    .text               sbus_oldx.lib(sbus.o)
    0x08020188   0x00000024   Code   RO         1895    .text               mc_w.l(memcpya.o)
    0x080201ac   0x00000024   Code   RO         1897    .text               mc_w.l(memseta.o)
    0x080201d0   0x0000014e   Code   RO         1901    .text               mf_w.l(dadd.o)
    0x0802031e   0x000000e4   Code   RO         1903    .text               mf_w.l(dmul.o)
    0x08020402   0x000000de   Code   RO         1905    .text               mf_w.l(ddiv.o)
    0x080204e0   0x00000022   Code   RO         1909    .text               mf_w.l(dflti.o)
    0x08020502   0x0000001a   Code   RO         1911    .text               mf_w.l(dfltui.o)
    0x0802051c   0x0000003e   Code   RO         1913    .text               mf_w.l(dfixi.o)
    0x0802055a   0x00000026   Code   RO         1915    .text               mf_w.l(f2d.o)
    0x08020580   0x00000030   Code   RO         1917    .text               mf_w.l(cdcmple.o)
    0x080205b0   0x00000030   Code   RO         1919    .text               mf_w.l(cdrcmple.o)
    0x080205e0   0x00000038   Code   RO         1921    .text               mf_w.l(d2f.o)
    0x08020618   0x0000001e   Code   RO         1976    .text               mc_w.l(llshl.o)
    0x08020636   0x00000020   Code   RO         1978    .text               mc_w.l(llushr.o)
    0x08020656   0x00000024   Code   RO         1980    .text               mc_w.l(llsshr.o)
    0x0802067a   0x00000000   Code   RO         1989    .text               mc_w.l(iusefp.o)
    0x0802067a   0x0000006e   Code   RO         1990    .text               mf_w.l(fepilogue.o)
    0x080206e8   0x000000ba   Code   RO         1992    .text               mf_w.l(depilogue.o)
    0x080207a2   0x0000002e   Code   RO         1994    .text               mf_w.l(dscalb.o)
    0x080207d0   0x000000a2   Code   RO         1996    .text               mf_w.l(dsqrt.o)
    0x08020872   0x00000002   PAD
    0x08020874   0x00000024   Code   RO         1998    .text               mc_w.l(init.o)
    0x08020898   0x00000056   Code   RO         2008    .text               mc_w.l(__dczerorl2.o)
    0x080208ee   0x00000030   Code   RO         1940    i.__ARM_fpclassify  m_wm.l(fpclassify.o)
    0x0802091e   0x00000002   PAD
    0x08020920   0x00000358   Code   RO         1770    i.__hardfp_acos     m_wm.l(acos.o)
    0x08020c78   0x000002d8   Code   RO         1798    i.__hardfp_atan     m_wm.l(atan.o)
    0x08020f50   0x000001f0   Code   RO         1812    i.__hardfp_atan2    m_wm.l(atan2.o)
    0x08021140   0x000000c8   Code   RO         1824    i.__hardfp_cos      m_wm.l(cos.o)
    0x08021208   0x00000014   Code   RO         1836    i.__hardfp_fabs     m_wm.l(fabs.o)
    0x0802121c   0x00000004   PAD
    0x08021220   0x00000c50   Code   RO         1842    i.__hardfp_pow      m_wm.l(pow.o)
    0x08021e70   0x000000c8   Code   RO         1856    i.__hardfp_sin      m_wm.l(sin.o)
    0x08021f38   0x0000007a   Code   RO         1868    i.__hardfp_sqrt     m_wm.l(sqrt.o)
    0x08021fb2   0x00000006   PAD
    0x08021fb8   0x00000080   Code   RO         1880    i.__hardfp_tan      m_wm.l(tan.o)
    0x08022038   0x00000438   Code   RO         1945    i.__ieee754_rem_pio2  m_wm.l(rred.o)
    0x08022470   0x00000170   Code   RO         1923    i.__kernel_cos      m_wm.l(cos_i.o)
    0x080225e0   0x000000f8   Code   RO         1942    i.__kernel_poly     m_wm.l(poly.o)
    0x080226d8   0x00000130   Code   RO         1950    i.__kernel_sin      m_wm.l(sin_i.o)
    0x08022808   0x00000350   Code   RO         1956    i.__kernel_tan      m_wm.l(tan_i.o)
    0x08022b58   0x00000030   Code   RO         1926    i.__mathlib_dbl_divzero  m_wm.l(dunder.o)
    0x08022b88   0x00000014   Code   RO         1927    i.__mathlib_dbl_infnan  m_wm.l(dunder.o)
    0x08022b9c   0x00000014   Code   RO         1928    i.__mathlib_dbl_infnan2  m_wm.l(dunder.o)
    0x08022bb0   0x00000020   Code   RO         1929    i.__mathlib_dbl_invalid  m_wm.l(dunder.o)
    0x08022bd0   0x00000020   Code   RO         1930    i.__mathlib_dbl_overflow  m_wm.l(dunder.o)
    0x08022bf0   0x00000020   Code   RO         1932    i.__mathlib_dbl_underflow  m_wm.l(dunder.o)
    0x08022c10   0x0000000e   Code   RO         2002    i.__scatterload_copy  mc_w.l(handlers.o)
    0x08022c1e   0x00000002   Code   RO         2003    i.__scatterload_null  mc_w.l(handlers.o)
    0x08022c20   0x0000000e   Code   RO         2004    i.__scatterload_zeroinit  mc_w.l(handlers.o)
    0x08022c2e   0x00000002   PAD
    0x08022c30   0x0000000c   Code   RO         1984    i.__set_errno       mc_w.l(errno.o)
    0x08022c3c   0x00000010   Code   RO         1800    i.atan              m_wm.l(atan.o)
    0x08022c4c   0x00000018   Code   RO         1838    i.fabs              m_wm.l(fabs.o)
    0x08022c64   0x0000006e   Code   RO         1870    i.sqrt              m_wm.l(sqrt.o)
    0x08022cd2   0x00000100   Data   RO          784    .constdata          os_core.o
    0x08022dd2   0x00000002   PAD
    0x08022dd4   0x00000090   Data   RO         1491    .constdata          leg_lib.o
    0x08022e64   0x00000008   Data   RO         1520    .constdata          leg.o
    0x08022e6c   0x00000004   PAD
    0x08022e70   0x00000058   Data   RO         1553    .constdata          brain.o
    0x08022ec8   0x00000034   Data   RO         1582    .constdata          brain_g.o
    0x08022efc   0x00000004   PAD
    0x08022f00   0x00000050   Data   RO         1773    .constdata          m_wm.l(acos.o)
    0x08022f50   0x00000098   Data   RO         1801    .constdata          m_wm.l(atan.o)
    0x08022fe8   0x00000088   Data   RO         1845    .constdata          m_wm.l(pow.o)
    0x08023070   0x00000030   Data   RO         1924    .constdata          m_wm.l(cos_i.o)
    0x080230a0   0x00000008   Data   RO         1944    .constdata          m_wm.l(qnan.o)
    0x080230a8   0x000000c8   Data   RO         1947    .constdata          m_wm.l(rred.o)
    0x08023170   0x00000028   Data   RO         1951    .constdata          m_wm.l(sin_i.o)
    0x08023198   0x00000060   Data   RO         1957    .constdata          m_wm.l(tan_i.o)
    0x080231f8   0x00000020   Data   RO         2000    Region$$Table       anon$$obj.o


    Execution Region RW_IRAM1 (Base: 0x20000000, Size: 0x00007a50, Max: 0x00020000, ABSOLUTE, COMPRESSED[0x000009ac])

    Base Addr    Size         Type   Attr      Idx    E Section Name        Object

    0x20000000   0x0000005b   Data   RW            5    .data               ucos_task.o
    0x2000005b   0x00000001   PAD
    0x2000005c   0x0000010e   Data   RW          314    .data               main.o
    0x2000016a   0x00000001   Data   RW          353    .data               stm32f4xx_it.o
    0x2000016b   0x00000001   PAD
    0x2000016c   0x00000014   Data   RW          405    .data               system_stm32f4xx.o
    0x20000180   0x00000004   Data   RW          438    .data               delay.o
    0x20000184   0x00000010   Data   RW          541    .data               stm32f4xx_rcc.o
    0x20000194   0x0000005c   Data   RW          785    .data               os_core.o
    0x200001f0   0x00000006   Data   RW          988    .data               os_cpu_c.o
    0x200001f6   0x00000002   PAD
    0x200001f8   0x0000002a   Data   RW         1019    .data               flash.o
    0x20000222   0x0000000f   Data   RW         1053    .data               led_fc.o
    0x20000231   0x00000003   PAD
    0x20000234   0x00000051   Data   RW         1081    .data               pwm_out.o
    0x20000285   0x00000003   PAD
    0x20000288   0x00000010   Data   RW         1206    .data               bat.o
    0x20000298   0x00000112   Data   RW         1232    .data               beep.o
    0x200003aa   0x0000004a   Data   RW         1259    .data               usart_fc.o
    0x200003f4   0x00000004   PAD
    0x200003f8   0x000000a0   Data   RW         1349    .data               hml5833l.o
    0x20000498   0x000000a9   Data   RW         1377    .data               imu.o
    0x20000541   0x00000003   PAD
    0x20000544   0x000002f4   Data   RW         1492    .data               leg_lib.o
    0x20000838   0x0000008d   Data   RW         1521    .data               leg.o
    0x200008c5   0x00000003   PAD
    0x200008c8   0x000000e9   Data   RW         1554    .data               brain.o
    0x200009b1   0x00000003   PAD
    0x200009b4   0x000000eb   Data   RW         1583    .data               brain_g.o
    0x20000a9f   0x00000001   PAD
    0x20000aa0   0x00000404   Data   RW         1637    .data               my_math.o
    0x20000ea4   0x0000005c   Data   RW         1659    .data               sbus_oldx.lib(sbus.o)
    0x20000f00   0x00000004   Data   RW         1985    .data               mc_w.l(errno.o)
    0x20000f04   0x00002514   Zero   RW            4    .bss                ucos_task.o
    0x20003418   0x00000500   Zero   RW          313    .bss                main.o
    0x20003918   0x00001288   Zero   RW          783    .bss                os_core.o
    0x20004ba0   0x000000c8   Zero   RW         1018    .bss                flash.o
    0x20004c68   0x000000b4   Zero   RW         1114    .bss                time.o
    0x20004d1c   0x0000001e   Zero   RW         1205    .bss                bat.o
    0x20004d3a   0x00000002   PAD
    0x20004d3c   0x00000cd8   Zero   RW         1258    .bss                usart_fc.o
    0x20005a14   0x00000268   Zero   RW         1286    .bss                mpu6050.o
    0x20005c7c   0x000007ae   Zero   RW         1490    .bss                leg_lib.o
    0x2000642a   0x00000006   PAD
    0x20006430   0x00001106   Zero   RW         1519    .bss                leg.o
    0x20007536   0x00000002   PAD
    0x20007538   0x00000040   Zero   RW         1552    .bss                brain.o
    0x20007578   0x000000d2   Zero   RW         1581    .bss                brain_g.o
    0x2000764a   0x00000006   PAD
    0x20007650   0x00000400   Zero   RW          428    STACK               startup_stm32f40_41xxx.o


==============================================================================

Image component sizes


      Code (inc. data)   RO Data    RW Data    ZI Data      Debug   Object Name

      1104        116          0         16         30       2290   bat.o
      1146        100          0        274          0       4333   beep.o
     18900        874         88        233         64      18076   brain.o
     27316        894         52        235        210      21840   brain_g.o
       264         18          0          4          0       1383   delay.o
       232          4          0          0          0       1428   dma.o
      3848        228          0         42        200       4163   flash.o
         0          0          0        160          0       2563   hml5833l.o
         0          0          0        169          0       9190   imu.o
      1072         80          0         15          0       2426   led_fc.o
     16304        510          8        141       4358      24008   leg.o
     16508        426        144        756       1966      47036   leg_lib.o
       588        120          0        270       1280       2033   main.o
       224         20          0          0          0       1785   misc.o
         0          0          0          0        616      14371   mpu6050.o
      1728        122          0       1028          0       6147   my_math.o
      2196        218        256         92       4744      15955   os_core.o
       200         32          0          0          0        308   os_cpu_a.o
       488          8          0          6          0      11743   os_cpu_c.o
      2060         42          0          0          0       7192   os_flag.o
       972         16          0          0          0       4294   os_mbox.o
      1512         30          0          0          0       5753   os_q.o
       908         18          0          0          0       4026   os_sem.o
      1988         70          0          0          0       7869   os_task.o
       432         30          0          0          0       1862   os_time.o
      1588         94          0          0          0       5713   os_tmr.o
      1588         68          0         81          0       3341   pwm_out.o
       108          0          0          0          0        993   rng.o
        36          8        392          0       1024        812   startup_stm32f40_41xxx.o
      1124         24          0          0          0      10654   stm32f4xx_adc.o
       936         32          0          0          0       6365   stm32f4xx_dma.o
      1684         28          0          0          0       9390   stm32f4xx_flash.o
       660         44          0          0          0       4129   stm32f4xx_gpio.o
        32          4          0          1          0     228787   stm32f4xx_it.o
      1628         52          0         16          0      12984   stm32f4xx_rcc.o
       160          4          0          0          0       1792   stm32f4xx_rng.o
      3234         60          0          0          0      22984   stm32f4xx_tim.o
      1108         34          0          0          0       7852   stm32f4xx_usart.o
       528         46          0         20          0       1731   system_stm32f4xx.o
       356         18          0          0        180      29341   time.o
      5056        382          0         91       9492     332012   ucos_task.o
     10624        372          0         74       3288      24046   usart_fc.o

    ----------------------------------------------------------------------
    130444       5246        982       3748      27468     925000   Object Totals
         0          0         32          0          0          0   (incl. Generated)
         4          0         10         24         16          0   (incl. Padding)

    ----------------------------------------------------------------------

      Code (inc. data)   RO Data    RW Data    ZI Data      Debug   Library Member Name

       856        118         80          0          0        288   acos.o
       744        106        152          0          0        352   atan.o
       496         64          0          0          0        192   atan2.o
       200         20          0          0          0        164   cos.o
       368         46         48          0          0        200   cos_i.o
       184         44          0          0          0        744   dunder.o
        44          0          0          0          0        248   fabs.o
        48          0          0          0          0        124   fpclassify.o
       248          0          0          0          0        152   poly.o
      3152        296        136          0          0        352   pow.o
         0          0          8          0          0          0   qnan.o
      1080        142        200          0          0        188   rred.o
       200         20          0          0          0        164   sin.o
       304         24         40          0          0        208   sin_i.o
       232          0          0          0          0        296   sqrt.o
       128         20          0          0          0        144   tan.o
       848         84         96          0          0        196   tan_i.o
        86          0          0          0          0          0   __dczerorl2.o
         0          0          0          0          0          0   entry.o
         0          0          0          0          0          0   entry10a.o
         0          0          0          0          0          0   entry11a.o
         8          4          0          0          0          0   entry2.o
         4          0          0          0          0          0   entry5.o
         0          0          0          0          0          0   entry7b.o
         0          0          0          0          0          0   entry8b.o
         8          4          0          0          0          0   entry9a.o
        12          6          0          4          0         68   errno.o
        30          0          0          0          0          0   handlers.o
        36          8          0          0          0         68   init.o
         0          0          0          0          0          0   iusefp.o
        30          0          0          0          0         68   llshl.o
        36          0          0          0          0         68   llsshr.o
        32          0          0          0          0         68   llushr.o
        36          0          0          0          0         68   memcpya.o
        36          0          0          0          0        108   memseta.o
        48          0          0          0          0         68   cdcmple.o
        48          0          0          0          0         68   cdrcmple.o
        56          0          0          0          0         88   d2f.o
       334          0          0          0          0        148   dadd.o
       222          0          0          0          0        100   ddiv.o
       186          0          0          0          0        176   depilogue.o
        62          0          0          0          0         80   dfixi.o
        34          0          0          0          0         76   dflti.o
        26          0          0          0          0         76   dfltui.o
       228          0          0          0          0         96   dmul.o
        46          0          0          0          0         80   dscalb.o
       162          0          0          0          0        100   dsqrt.o
        38          0          0          0          0         68   f2d.o
       110          0          0          0          0        168   fepilogue.o
       608         26          0         92          0     217216   sbus.o

    ----------------------------------------------------------------------
     11710       1032        760         96          0     223136   Library Totals
        16          0          0          0          0          0   (incl. Padding)

    ----------------------------------------------------------------------

      Code (inc. data)   RO Data    RW Data    ZI Data      Debug   Library Name

      9132        984        760          0          0       4012   m_wm.l
       354         22          0          4          0        516   mc_w.l
      1600          0          0          0          0       1392   mf_w.l
       608         26          0         92          0     217216   sbus_oldx.lib

    ----------------------------------------------------------------------
     11710       1032        760         96          0     223136   Library Totals

    ----------------------------------------------------------------------

==============================================================================


      Code (inc. data)   RO Data    RW Data    ZI Data      Debug   

    142154       6278       1742       3844      27468    1136684   Grand Totals
    142154       6278       1742       2476      27468    1136684   ELF Image Totals (compressed)
    142154       6278       1742       2476          0          0   ROM Totals

==============================================================================

    Total RO  Size (Code + RO Data)               143896 ( 140.52kB)
    Total RW  Size (RW Data + ZI Data)             31312 (  30.58kB)
    Total ROM Size (Code + RO Data + RW Data)     146372 ( 142.94kB)

==============================================================================

