Component: ARM Compiler 5.06 update 2 (build 183) Tool: armlink [4d35b7]

==============================================================================

Section Cross References

    ucos_task.o(.text) refers to leg.o(.text) for leg_init
    ucos_task.o(.text) refers to time.o(.text) for Get_Cycle_T
    ucos_task.o(.text) refers to pwm_out.o(.text) for Set_DJ_PWM
    ucos_task.o(.text) refers to delay.o(.text) for delay_ms
    ucos_task.o(.text) refers to my_math.o(.text) for my_deathzoom
    ucos_task.o(.text) refers to leg.o(.bss) for leg
    ucos_task.o(.text) refers to ucos_task.o(.bss) for leg_dt
    ucos_task.o(.text) refers to usart_fc.o(.bss) for tinker
    ucos_task.o(.text) refers to ucos_task.o(.data) for kp_face
    ucos_task.o(.text) refers to pwm_out.o(.data) for dj_pan
    ucos_task.o(.text) refers to flash.o(.data) for SBUS_MAX
    ucos_task.o(.text) refers to sbus.o(.data) for channels
    ucos_task.o(.text) refers to dfltui.o(.text) for __aeabi_ui2d
    ucos_task.o(.text) refers to cdrcmple.o(.text) for __aeabi_cdrcmple
    ucos_task.o(.text) refers to dflti.o(.text) for __aeabi_i2d
    ucos_task.o(.text) refers to dmul.o(.text) for __aeabi_dmul
    ucos_task.o(.text) refers to d2f.o(.text) for __aeabi_d2f
    ucos_task.o(.text) refers to f2d.o(.text) for __aeabi_f2d
    ucos_task.o(.text) refers to pow.o(i.__hardfp_pow) for __hardfp_pow
    ucos_task.o(.text) refers to dadd.o(.text) for __aeabi_dadd
    ucos_task.o(.text) refers to sqrt.o(i.__hardfp_sqrt) for __hardfp_sqrt
    ucos_task.o(.text) refers to cdcmple.o(.text) for __aeabi_cdcmple
    ucos_task.o(.text) refers to ddiv.o(.text) for __aeabi_ddiv
    ucos_task.o(.text) refers to mpu6050.o(.bss) for mpu6050_fc
    ucos_task.o(.text) refers to brain.o(.text) for leg_task1
    ucos_task.o(.text) refers to bat.o(.text) for Bat_protect
    ucos_task.o(.text) refers to usart_fc.o(.text) for GOL_LINK_TASK
    ucos_task.o(.text) refers to sin.o(i.__hardfp_sin) for __hardfp_sin
    ucos_task.o(.text) refers to ucos_task.o(.constdata) for .constdata
    ucos_task.o(.text) refers to cos.o(i.__hardfp_cos) for __hardfp_cos
    ucos_task.o(.text) refers to fabs.o(i.__hardfp_fabs) for __hardfp_fabs
    ucos_task.o(.text) refers to led_fc.o(.text) for LEDRGB_STATE
    ucos_task.o(.text) refers to os_core.o(.data) for OSCPUUsage
    main.o(.text) refers to os_mbox.o(.text) for OSMboxCreate
    main.o(.text) refers to os_q.o(.text) for OSQCreate
    main.o(.text) refers to os_flag.o(.text) for OSFlagCreate
    main.o(.text) refers to os_core.o(.text) for OSStatInit
    main.o(.text) refers to os_tmr.o(.text) for OSTmrCreate
    main.o(.text) refers to os_cpu_a.o(.text) for OS_CPU_SR_Save
    main.o(.text) refers to os_task.o(.text) for OSTaskCreate
    main.o(.text) refers to misc.o(.text) for NVIC_PriorityGroupConfig
    main.o(.text) refers to delay.o(.text) for delay_init
    main.o(.text) refers to time.o(.text) for Initial_Timer_SYS
    main.o(.text) refers to rng.o(.text) for RNG_Init
    main.o(.text) refers to leg_lib.o(.text) for set_lisence
    main.o(.text) refers to leg.o(.text) for leg_init
    main.o(.text) refers to brain.o(.text) for leg_task1
    main.o(.text) refers to usart_fc.o(.text) for Usart4_Init
    main.o(.text) refers to pwm_out.o(.text) for PWM_AUX_Out_Init
    main.o(.text) refers to led_fc.o(.text) for LED_Init
    main.o(.text) refers to bat.o(.text) for Adc_Init
    main.o(.text) refers to beep.o(.text) for Beep_Init
    main.o(.text) refers to dma.o(.text) for MYDMA_Config
    main.o(.text) refers to stm32f4xx_usart.o(.text) for USART_DMACmd
    main.o(.text) refers to flash.o(.text) for READ_PARM
    main.o(.text) refers to main.o(.data) for msg_key
    main.o(.text) refers to main.o(.bss) for MsgGrp
    main.o(.text) refers to ucos_task.o(.text) for tmr1_callback
    main.o(.text) refers to ucos_task.o(.data) for tmr1
    main.o(.text) refers to ucos_task.o(.bss) for BRAIN_TASK_STK
    main.o(.text) refers to leg.o(.bss) for leg
    main.o(.text) refers to usart_fc.o(.bss) for SendBuff1
    stm32f4xx_it.o(.text) refers to stm32f4xx_it.o(.data) for hard_fall
    system_stm32f4xx.o(.text) refers to system_stm32f4xx.o(.data) for SystemCoreClock
    startup_stm32f40_41xxx.o(RESET) refers to startup_stm32f40_41xxx.o(STACK) for __initial_sp
    startup_stm32f40_41xxx.o(RESET) refers to startup_stm32f40_41xxx.o(.text) for Reset_Handler
    startup_stm32f40_41xxx.o(RESET) refers to stm32f4xx_it.o(.text) for NMI_Handler
    startup_stm32f40_41xxx.o(RESET) refers to os_cpu_a.o(.text) for PendSV_Handler
    startup_stm32f40_41xxx.o(RESET) refers to delay.o(.text) for SysTick_Handler
    startup_stm32f40_41xxx.o(RESET) refers to usart_fc.o(.text) for USART1_IRQHandler
    startup_stm32f40_41xxx.o(.text) refers to system_stm32f4xx.o(.text) for SystemInit
    startup_stm32f40_41xxx.o(.text) refers to entry.o(.ARM.Collect$$$$00000000) for __main
    delay.o(.text) refers to os_core.o(.text) for OSIntEnter
[...]
    DMA_GetFlagStatus                        0x080045ef   Thumb Code    56  stm32f4xx_dma.o(.text)
    DMA_ClearFlag                            0x08004627   Thumb Code    40  stm32f4xx_dma.o(.text)
    DMA_ITConfig                             0x0800464f   Thumb Code    58  stm32f4xx_dma.o(.text)
    DMA_GetITStatus                          0x08004689   Thumb Code    84  stm32f4xx_dma.o(.text)
    DMA_ClearITPendingBit                    0x080046dd   Thumb Code    40  stm32f4xx_dma.o(.text)
    RNG_DeInit                               0x08004725   Thumb Code    20  stm32f4xx_rng.o(.text)
    RNG_Cmd                                  0x08004739   Thumb Code    30  stm32f4xx_rng.o(.text)
    RNG_GetRandomNumber                      0x08004757   Thumb Code     8  stm32f4xx_rng.o(.text)
    RNG_ITConfig                             0x0800475f   Thumb Code    30  stm32f4xx_rng.o(.text)
    RNG_GetFlagStatus                        0x0800477d   Thumb Code    22  stm32f4xx_rng.o(.text)
    RNG_ClearFlag                            0x08004793   Thumb Code    12  stm32f4xx_rng.o(.text)
    RNG_GetITStatus                          0x0800479f   Thumb Code    22  stm32f4xx_rng.o(.text)
    RNG_ClearITPendingBit                    0x080047b5   Thumb Code    12  stm32f4xx_rng.o(.text)
    ADC_DeInit                               0x080047c5   Thumb Code    22  stm32f4xx_adc.o(.text)
    ADC_Init                                 0x080047db   Thumb Code    74  stm32f4xx_adc.o(.text)
    ADC_StructInit                           0x08004825   Thumb Code    20  stm32f4xx_adc.o(.text)
    ADC_CommonInit                           0x08004839   Thumb Code    34  stm32f4xx_adc.o(.text)
    ADC_CommonStructInit                     0x0800485b   Thumb Code    12  stm32f4xx_adc.o(.text)
    ADC_Cmd                                  0x08004867   Thumb Code    22  stm32f4xx_adc.o(.text)
    ADC_AnalogWatchdogCmd                    0x0800487d   Thumb Code    16  stm32f4xx_adc.o(.text)
    ADC_AnalogWatchdogThresholdsConfig       0x0800488d   Thumb Code     6  stm32f4xx_adc.o(.text)
    ADC_AnalogWatchdogSingleChannelConfig    0x08004893   Thumb Code    16  stm32f4xx_adc.o(.text)
    ADC_TempSensorVrefintCmd                 0x080048a3   Thumb Code    34  stm32f4xx_adc.o(.text)
    ADC_VBATCmd                              0x080048c5   Thumb Code    34  stm32f4xx_adc.o(.text)
    ADC_RegularChannelConfig                 0x080048e7   Thumb Code   184  stm32f4xx_adc.o(.text)
    ADC_SoftwareStartConv                    0x0800499f   Thumb Code    10  stm32f4xx_adc.o(.text)
    ADC_GetSoftwareStartConvStatus           0x080049a9   Thumb Code    20  stm32f4xx_adc.o(.text)
    ADC_EOCOnEachRegularChannelCmd           0x080049bd   Thumb Code    22  stm32f4xx_adc.o(.text)
    ADC_ContinuousModeCmd                    0x080049d3   Thumb Code    22  stm32f4xx_adc.o(.text)
    ADC_DiscModeChannelCountConfig           0x080049e9   Thumb Code    24  stm32f4xx_adc.o(.text)
    ADC_DiscModeCmd                          0x08004a01   Thumb Code    22  stm32f4xx_adc.o(.text)
    ADC_GetConversionValue                   0x08004a17   Thumb Code     8  stm32f4xx_adc.o(.text)
    ADC_GetMultiModeConversionValue          0x08004a1f   Thumb Code     8  stm32f4xx_adc.o(.text)
    ADC_DMACmd                               0x08004a27   Thumb Code    22  stm32f4xx_adc.o(.text)
    ADC_DMARequestAfterLastTransferCmd       0x08004a3d   Thumb Code    22  stm32f4xx_adc.o(.text)
    ADC_MultiModeDMARequestAfterLastTransferCmd 0x08004a53   Thumb Code    34  stm32f4xx_adc.o(.text)
    ADC_InjectedChannelConfig                0x08004a75   Thumb Code   130  stm32f4xx_adc.o(.text)
    ADC_InjectedSequencerLengthConfig        0x08004af7   Thumb Code    24  stm32f4xx_adc.o(.text)
    ADC_SetInjectedOffset                    0x08004b0f   Thumb Code    20  stm32f4xx_adc.o(.text)
    ADC_ExternalTrigInjectedConvConfig       0x08004b23   Thumb Code    16  stm32f4xx_adc.o(.text)
    ADC_ExternalTrigInjectedConvEdgeConfig   0x08004b33   Thumb Code    16  stm32f4xx_adc.o(.text)
    ADC_SoftwareStartInjectedConv            0x08004b43   Thumb Code    10  stm32f4xx_adc.o(.text)
    ADC_GetSoftwareStartInjectedConvCmdStatus 0x08004b4d   Thumb Code    20  stm32f4xx_adc.o(.text)
    ADC_AutoInjectedConvCmd                  0x08004b61   Thumb Code    22  stm32f4xx_adc.o(.text)
    ADC_InjectedDiscModeCmd                  0x08004b77   Thumb Code    22  stm32f4xx_adc.o(.text)
    ADC_GetInjectedConversionValue           0x08004b8d   Thumb Code    28  stm32f4xx_adc.o(.text)
    ADC_ITConfig                             0x08004ba9   Thumb Code    56  stm32f4xx_adc.o(.text)
    ADC_GetFlagStatus                        0x08004be1   Thumb Code    18  stm32f4xx_adc.o(.text)
    ADC_ClearFlag                            0x08004bf3   Thumb Code     6  stm32f4xx_adc.o(.text)
    ADC_GetITStatus                          0x08004bf9   Thumb Code    38  stm32f4xx_adc.o(.text)
    ADC_ClearITPendingBit                    0x08004c1f   Thumb Code    10  stm32f4xx_adc.o(.text)
    OS_TaskStatStkChk                        0x08004c29   Thumb Code    54  os_core.o(.text)
    OS_TaskStat                              0x08004c5f   Thumb Code   116  os_core.o(.text)
    OS_TaskIdle                              0x08004d07   Thumb Code    34  os_core.o(.text)
    OS_MemClr                                0x08004d5d   Thumb Code    18  os_core.o(.text)
    OSInit                                   0x08004e7b   Thumb Code    48  os_core.o(.text)
    OSIntEnter                               0x08004eab   Thumb Code    28  os_core.o(.text)
    OSIntExit                                0x08004ee1   Thumb Code   112  os_core.o(.text)
    OSSchedLock                              0x08004f51   Thumb Code    50  os_core.o(.text)
    OS_Sched                                 0x08004f83   Thumb Code    88  os_core.o(.text)
    OSSchedUnlock                            0x08004fdb   Thumb Code   238  os_core.o(.text)
    OSStart                                  0x080050c9   Thumb Code    48  os_core.o(.text)
    OSStatInit                               0x080050f9   Thumb Code    62  os_core.o(.text)
    OSTimeTick                               0x08005137   Thumb Code   210  os_core.o(.text)
    OSVersion                                0x08005209   Thumb Code     6  os_core.o(.text)
    OS_Dummy                                 0x0800520f   Thumb Code     2  os_core.o(.text)
    OS_EventTaskRemove                       0x08005211   Thumb Code    42  os_core.o(.text)
    OS_EventTaskRdy                          0x0800523b   Thumb Code   114  os_core.o(.text)
    OS_EventTaskWait                         0x080052ad   Thumb Code   112  os_core.o(.text)
    OS_EventWaitListInit                     0x0800531d   Thumb Code    28  os_core.o(.text)
    OS_MemCopy                               0x08005339   Thumb Code    20  os_core.o(.text)
    OS_StrLen                                0x0800534d   Thumb Code    20  os_core.o(.text)
    OS_TCBInit                               0x08005361   Thumb Code   280  os_core.o(.text)
    OSFlagAccept                             0x080054bd   Thumb Code   252  os_flag.o(.text)
    OSFlagCreate                             0x080055b9   Thumb Code    86  os_flag.o(.text)
    OS_FlagUnlink                            0x0800560f   Thumb Code    36  os_flag.o(.text)
    OSFlagDel                                0x08005685   Thumb Code   214  os_flag.o(.text)
    OSFlagNameGet                            0x0800575b   Thumb Code    80  os_flag.o(.text)
    OSFlagNameSet                            0x080057ab   Thumb Code    66  os_flag.o(.text)
    OSFlagPend                               0x08005885   Thumb Code   614  os_flag.o(.text)
    OSFlagPendGetFlagsRdy                    0x08005aeb   Thumb Code    26  os_flag.o(.text)
    OSFlagPost                               0x08005b05   Thumb Code   312  os_flag.o(.text)
    OSFlagQuery                              0x08005c3d   Thumb Code    48  os_flag.o(.text)
    OS_FlagInit                              0x08005c6d   Thumb Code    78  os_flag.o(.text)
    OSMboxAccept                             0x08005cc9   Thumb Code    38  os_mbox.o(.text)
    OSMboxCreate                             0x08005cef   Thumb Code    68  os_mbox.o(.text)
    OSMboxDel                                0x08005d33   Thumb Code   200  os_mbox.o(.text)
    OSMboxPend                               0x08005dfb   Thumb Code   246  os_mbox.o(.text)
    OSMboxPendAbort                          0x08005ef1   Thumb Code   128  os_mbox.o(.text)
    OSMboxPost                               0x08005f71   Thumb Code    80  os_mbox.o(.text)
    OSMboxPostOpt                            0x08005fc1   Thumb Code   120  os_mbox.o(.text)
    OSMboxQuery                              0x08006039   Thumb Code    76  os_mbox.o(.text)
    OSQAccept                                0x08006095   Thumb Code    88  os_q.o(.text)
    OSQCreate                                0x080060ed   Thumb Code   140  os_q.o(.text)
    OSQDel                                   0x08006179   Thumb Code   236  os_q.o(.text)
    OSQFlush                                 0x08006265   Thumb Code    36  os_q.o(.text)
    OSQPend                                  0x08006289   Thumb Code   272  os_q.o(.text)
    OSQPendAbort                             0x08006399   Thumb Code   128  os_q.o(.text)
    OSQPost                                  0x08006419   Thumb Code   114  os_q.o(.text)
    OSQPostFront                             0x0800648b   Thumb Code   136  os_q.o(.text)
    OSQPostOpt                               0x08006513   Thumb Code   182  os_q.o(.text)
    OSQQuery                                 0x080065c9   Thumb Code    98  os_q.o(.text)
    OS_QInit                                 0x0800662b   Thumb Code    72  os_q.o(.text)
    OSSemAccept                              0x0800667d   Thumb Code    42  os_sem.o(.text)
    OSSemCreate                              0x080066a7   Thumb Code    68  os_sem.o(.text)
    OSSemDel                                 0x080066eb   Thumb Code   200  os_sem.o(.text)
    OSSemPend                                0x080067b3   Thumb Code   222  os_sem.o(.text)
    OSSemPendAbort                           0x08006891   Thumb Code   128  os_sem.o(.text)
    OSSemPost                                0x08006911   Thumb Code    88  os_sem.o(.text)
    OSSemQuery                               0x08006969   Thumb Code    76  os_sem.o(.text)
    OSSemSet                                 0x080069b5   Thumb Code    66  os_sem.o(.text)
    OSTaskChangePrio                         0x08006a09   Thumb Code   308  os_task.o(.text)
    OSTaskCreate                             0x08006b3d   Thumb Code   148  os_task.o(.text)
    OS_TaskStkClr                            0x08006bd1   Thumb Code    26  os_task.o(.text)
    OSTaskCreateExt                          0x08006beb   Thumb Code   170  os_task.o(.text)
    OSTaskDel                                0x08006c95   Thumb Code   294  os_task.o(.text)
    OSTaskDelReq                             0x08006dbb   Thumb Code   144  os_task.o(.text)
    OSTaskNameGet                            0x08006e4b   Thumb Code   114  os_task.o(.text)
    OSTaskNameSet                            0x08006ebd   Thumb Code    98  os_task.o(.text)
    OSTaskResume                             0x08006f1f   Thumb Code   154  os_task.o(.text)
    OSTaskStkChk                             0x08006fb9   Thumb Code   132  os_task.o(.text)
    OSTaskSuspend                            0x0800703d   Thumb Code   152  os_task.o(.text)
    OSTaskQuery                              0x080070d5   Thumb Code    82  os_task.o(.text)
    OSTaskRegGet                             0x08007127   Thumb Code    60  os_task.o(.text)
    OSTaskRegSet                             0x08007163   Thumb Code    62  os_task.o(.text)
    OS_TaskReturn                            0x080071a1   Thumb Code    18  os_task.o(.text)
    OSTimeDly                                0x080071cd   Thumb Code   100  os_time.o(.text)
    OSTimeDlyHMSM                            0x08007231   Thumb Code    86  os_time.o(.text)
    OSTimeDlyResume                          0x08007287   Thumb Code   168  os_time.o(.text)
    OSTimeGet                                0x0800732f   Thumb Code    24  os_time.o(.text)
    OSTimeSet                                0x08007347   Thumb Code    24  os_time.o(.text)
    OSTmrCreate                              0x080073af   Thumb Code    96  os_tmr.o(.text)
    OSTmrDel                                 0x08007487   Thumb Code   124  os_tmr.o(.text)
    OSTmrNameGet                             0x08007503   Thumb Code   114  os_tmr.o(.text)
    OSTmrRemainGet                           0x08007575   Thumb Code   164  os_tmr.o(.text)
    OSTmrStateGet                            0x08007619   Thumb Code    86  os_tmr.o(.text)
    OSTmrStart                               0x080076d3   Thumb Code   128  os_tmr.o(.text)
    OSTmrStop                                0x08007753   Thumb Code   210  os_tmr.o(.text)
    OSTmrSignal                              0x08007825   Thumb Code    16  os_tmr.o(.text)
    OSTmr_Init                               0x080078d9   Thumb Code   152  os_tmr.o(.text)
    OS_CPU_SR_Save                           0x080079b1   Thumb Code     0  os_cpu_a.o(.text)
    OS_CPU_SR_Restore                        0x080079b9   Thumb Code     0  os_cpu_a.o(.text)
    OSStartHighRdy                           0x080079bf   Thumb Code     0  os_cpu_a.o(.text)
    OSCtxSw                                  0x080079e3   Thumb Code     0  os_cpu_a.o(.text)
    OSIntCtxSw                               0x080079f1   Thumb Code     0  os_cpu_a.o(.text)
    PendSV_Handler                           0x08007a01   Thumb Code     0  os_cpu_a.o(.text)
    OSInitHookBegin                          0x08007a79   Thumb Code     8  os_cpu_c.o(.text)
    OSInitHookEnd                            0x08007a81   Thumb Code     2  os_cpu_c.o(.text)
    OSTaskCreateHook                         0x08007a83   Thumb Code     2  os_cpu_c.o(.text)
    OSTaskDelHook                            0x08007a85   Thumb Code     2  os_cpu_c.o(.text)
    OSTaskIdleHook                           0x08007a87   Thumb Code     2  os_cpu_c.o(.text)
    OSTaskStatHook                           0x08007a89   Thumb Code     2  os_cpu_c.o(.text)
    OSTaskStkInit                            0x08007a8b   Thumb Code   426  os_cpu_c.o(.text)
    OSTaskSwHook                             0x08007c35   Thumb Code     2  os_cpu_c.o(.text)
    OSTCBInitHook                            0x08007c37   Thumb Code     2  os_cpu_c.o(.text)
    OSTimeTickHook                           0x08007c39   Thumb Code    30  os_cpu_c.o(.text)
    OSTaskReturnHook                         0x08007c57   Thumb Code     2  os_cpu_c.o(.text)
    STMFLASH_ReadWord                        0x08007c61   Thumb Code     6  flash.o(.text)
    STMFLASH_GetFlashSector                  0x08007c67   Thumb Code   116  flash.o(.text)
    STMFLASH_Write                           0x08007cdb   Thumb Code   146  flash.o(.text)
    STMFLASH_Read                            0x08007d6d   Thumb Code    32  flash.o(.text)
    WRITE_PARM                               0x08007d8d   Thumb Code  1688  flash.o(.text)
    READ_PARM                                0x08008425   Thumb Code  1812  flash.o(.text)
    LEDRGB                                   0x08008b69   Thumb Code    88  led_fc.o(.text)
    LEDRGB_COLOR                             0x08008bc1   Thumb Code   248  led_fc.o(.text)
    LED_Init                                 0x08008cb9   Thumb Code   152  led_fc.o(.text)
    LEDRGB_STATE                             0x08008d51   Thumb Code   518  led_fc.o(.text)
    Set_DJ_PWM                               0x08008f99   Thumb Code   692  pwm_out.o(.text)
    PWM_Out_Init                             0x0800924d   Thumb Code   614  pwm_out.o(.text)
    PWM_AUX_Out_Init                         0x080094b3   Thumb Code   258  pwm_out.o(.text)
    SysTick_Configuration                    0x080095cd   Thumb Code    98  time.o(.text)
    micros                                   0x0800962f   Thumb Code    10  time.o(.text)
    GetSysTime_us                            0x08009639   Thumb Code     8  time.o(.text)
    Delay_us                                 0x08009641   Thumb Code    12  time.o(.text)
    Delay_ms                                 0x0800964d   Thumb Code    24  time.o(.text)
    Get_Cycle_T                              0x08009665   Thumb Code   118  time.o(.text)
    Cycle_Time_Init                          0x080096db   Thumb Code    22  time.o(.text)
    Initial_Timer_SYS                        0x080096f1   Thumb Code    46  time.o(.text)
    MYDMA_Config                             0x08009731   Thumb Code   184  dma.o(.text)
    MYDMA_Enable                             0x080097e9   Thumb Code    44  dma.o(.text)
    RNG_Init                                 0x08009819   Thumb Code    62  rng.o(.text)
    RNG_Get_RandomNum                        0x08009857   Thumb Code    20  rng.o(.text)
    RNG_Get_RandomRange                      0x0800986b   Thumb Code    26  rng.o(.text)
    Adc_Init                                 0x08009885   Thumb Code   124  bat.o(.text)
    Get_Adc                                  0x08009901   Thumb Code    64  bat.o(.text)
    Get_Adc_Average                          0x08009941   Thumb Code    68  bat.o(.text)
    Bat_protect                              0x08009985   Thumb Code   732  bat.o(.text)
    Tone                                     0x08009cd5   Thumb Code   122  beep.o(.text)
    Play_Music                               0x08009d4f   Thumb Code   128  beep.o(.text)
    Play_Music_In_Task                       0x08009dcf   Thumb Code   304  beep.o(.text)
    Play_Music_Direct                        0x08009eff   Thumb Code    56  beep.o(.text)
    Play_Music_Task                          0x08009f37   Thumb Code   260  beep.o(.text)
    Beep_Init                                0x0800a03b   Thumb Code   276  beep.o(.text)
    Usart1_Init                              0x0800a151   Thumb Code   218  usart_fc.o(.text)
    Usart2_Init                              0x0800a22b   Thumb Code   210  usart_fc.o(.text)
    Usart3_Init                              0x0800a2fd   Thumb Code   218  usart_fc.o(.text)
    Usart4_Init                              0x0800a3d7   Thumb Code   218  usart_fc.o(.text)
    Uart5_Init                               0x0800a4b1   Thumb Code   244  usart_fc.o(.text)
    Uart6_Init                               0x0800a5a5   Thumb Code   196  usart_fc.o(.text)
    UsartSend_LEG_DJ                         0x0800a669   Thumb Code    28  usart_fc.o(.text)
    UsartSend_LEG4                           0x0800a685   Thumb Code    28  usart_fc.o(.text)
    UsartSend_LEG3                           0x0800a6a1   Thumb Code    28  usart_fc.o(.text)
    UsartSend_LEG2                           0x0800a6bd   Thumb Code    28  usart_fc.o(.text)
    UsartSend_LEG1                           0x0800a6d9   Thumb Code    28  usart_fc.o(.text)
    Send_IMU_TO_FLOW                         0x0800a743   Thumb Code   118  usart_fc.o(.text)
    Send_DJ11_12                             0x0800a7b9   Thumb Code   364  usart_fc.o(.text)
    Send_IMU_PARM                            0x0800a925   Thumb Code   288  usart_fc.o(.text)
    GOL_LINK_TASK                            0x0800aa45   Thumb Code    34  usart_fc.o(.text)
    my_itoa                                  0x0800aa87   Thumb Code   136  usart_fc.o(.text)
    UsartSend_LEG_BUF_BUF                    0x0800ab0f   Thumb Code   408  usart_fc.o(.text)
    UsartSend_LEG_BUF_BUF_2                  0x0800aca7   Thumb Code   418  usart_fc.o(.text)
    LEG_POWER_OFF                            0x0800ae49   Thumb Code   144  usart_fc.o(.text)
    Send_LEG                                 0x0800aed9   Thumb Code    28  usart_fc.o(.text)
    Data_LEG_CMD                             0x0800aef5   Thumb Code   728  usart_fc.o(.text)
    Data_Receive_Anl1_RC                     0x0800b1cd   Thumb Code    74  usart_fc.o(.text)
    USART1_IRQHandler                        0x0800b217   Thumb Code   374  usart_fc.o(.text)
    Data_Receive_Anl                         0x0800b38d   Thumb Code   146  usart_fc.o(.text)
    Data_LEG                                 0x0800b41f   Thumb Code  1054  usart_fc.o(.text)
    USART2_IRQHandler                        0x0800b83d   Thumb Code   338  usart_fc.o(.text)
    Data_Receive_Anl_Tinker                  0x0800b98f   Thumb Code   976  usart_fc.o(.text)
    USART3_IRQHandler                        0x0800bd5f   Thumb Code   354  usart_fc.o(.text)
    UART4_IRQHandler                         0x0800bec1   Thumb Code   396  usart_fc.o(.text)
    UART5_IRQHandler                         0x0800c04d   Thumb Code   404  usart_fc.o(.text)
    data_per_uart1                           0x0800c1e1   Thumb Code  1358  usart_fc.o(.text)
    GOL_LINK_TASK_DMA                        0x0800c72f   Thumb Code    28  usart_fc.o(.text)
    clear_leg_uart                           0x0800c74b   Thumb Code    26  usart_fc.o(.text)
    UART_UP_Put_Char                         0x0800c765   Thumb Code    28  usart_fc.o(.text)
    ReportMotion                             0x0800c781   Thumb Code   422  usart_fc.o(.text)
    ReportIMU                                0x0800c927   Thumb Code   300  usart_fc.o(.text)
    Send_Speed                               0x0800ca53   Thumb Code   798  usart_fc.o(.text)
    cal_cog_tri                              0x0800cd85   Thumb Code    42  leg_lib.o(.text)
    conver_legpos_to_barin                   0x0800cdaf   Thumb Code   174  leg_lib.o(.text)
    cal_dis_of_points                        0x0800ce5d   Thumb Code   160  leg_lib.o(.text)
    check_leg_near_init                      0x0800cefd   Thumb Code   190  leg_lib.o(.text)
    get_next_leg_flag_in_list                0x0800cfbb   Thumb Code    70  leg_lib.o(.text)
    leg_repeat_protect                       0x0800d001   Thumb Code   540  leg_lib.o(.text)
    leg_repeat_protect1                      0x0800d21d   Thumb Code   192  leg_lib.o(.text)
    check_point_front_arrow                  0x0800d2dd   Thumb Code   446  leg_lib.o(.text)
    cross_point_of_lines                     0x0800d49b   Thumb Code   192  leg_lib.o(.text)
    line_function90_from_arrow               0x0800d55b   Thumb Code   166  leg_lib.o(.text)
    line_function_from_arrow                 0x0800d601   Thumb Code   150  leg_lib.o(.text)
    resize_point_with_arrow                  0x0800d697   Thumb Code   490  leg_lib.o(.text)
    cal_jiao_of_tuo_and_line                 0x0800d881   Thumb Code   518  leg_lib.o(.text)
    in_circle                                0x0800da87   Thumb Code   308  leg_lib.o(.text)
    limit_trig_pos_of_leg                    0x0800dbbb   Thumb Code  1126  leg_lib.o(.text)
    limit_range_leg                          0x0800e021   Thumb Code   454  leg_lib.o(.text)
    arrow_check_to_bow                       0x0800e1e7   Thumb Code   330  leg_lib.o(.text)
    line_function_from_two_point             0x0800e331   Thumb Code   126  leg_lib.o(.text)
    check_point_on_line                      0x0800e3af   Thumb Code    54  leg_lib.o(.text)
    check_points_same_side                   0x0800e3e5   Thumb Code    64  leg_lib.o(.text)
    check_cross_arrow_line                   0x0800e425   Thumb Code   376  leg_lib.o(.text)
    check_cross_arrow90_line                 0x0800e59d   Thumb Code   266  leg_lib.o(.text)
    cal_center_of_trig                       0x0800e6a7   Thumb Code     2  leg_lib.o(.text)
    dis_point_to_line                        0x0800e6a9   Thumb Code   144  leg_lib.o(.text)
    conver_body_to_global                    0x0800e739   Thumb Code    68  leg_lib.o(.text)
    two_point_between_arror                  0x0800e77d   Thumb Code   132  leg_lib.o(.text)
    limit_move_range_tangle                  0x0800e801   Thumb Code   420  leg_lib.o(.text)
    get_min_dis_arrow_to_tangle              0x0800e9a5   Thumb Code   338  leg_lib.o(.text)
    segmentsIntr                             0x0800eaf7   Thumb Code   492  leg_lib.o(.text)
    inTrig                                   0x0800ece3   Thumb Code   360  leg_lib.o(.text)
    inTrig2                                  0x0800ee4b   Thumb Code   368  leg_lib.o(.text)
    check_in_move_range_tangle               0x0800efbb   Thumb Code   492  leg_lib.o(.text)
    check_in_move_range                      0x0800f1a7   Thumb Code   334  leg_lib.o(.text)
    check_point_to_tangle                    0x0800f2f5   Thumb Code   856  leg_lib.o(.text)
    cal_jiao_of_range_and_line               0x0800f64d   Thumb Code   886  leg_lib.o(.text)
    cal_jiao_of_range_and_line_tangle        0x0800f9c3   Thumb Code   520  leg_lib.o(.text)
    check_point_to_trig                      0x0800fbcb   Thumb Code   636  leg_lib.o(.text)
    cal_area_trig                            0x0800fe65   Thumb Code   720  leg_lib.o(.text)
    cal_steady_s                             0x08010135   Thumb Code   378  leg_lib.o(.text)
    cal_steady_s4                            0x080102af   Thumb Code   290  leg_lib.o(.text)
    find_closet_point                        0x080103d1   Thumb Code   720  leg_lib.o(.text)
    BitToHex                                 0x080106a1   Thumb Code   146  leg_lib.o(.text)
    BitsCopy                                 0x08010733   Thumb Code    22  leg_lib.o(.text)
    TablePermute                             0x08010749   Thumb Code    48  leg_lib.o(.text)
    Xor                                      0x08010779   Thumb Code    26  leg_lib.o(.text)
    ByteToBit                                0x08010793   Thumb Code    56  leg_lib.o(.text)
    S_Change                                 0x080107cb   Thumb Code   102  leg_lib.o(.text)
    F_Change                                 0x08010831   Thumb Code    50  leg_lib.o(.text)
    PlayDes                                  0x08010863   Thumb Code   120  leg_lib.o(.text)
    LoopMove                                 0x080108db   Thumb Code    42  leg_lib.o(.text)
    SetKey                                   0x08010905   Thumb Code    88  leg_lib.o(.text)
    license_check                            0x0801095d   Thumb Code   294  leg_lib.o(.text)
    cpuidGetId                               0x08010a83   Thumb Code    88  leg_lib.o(.text)
    set_lisence                              0x08010adb   Thumb Code    32  leg_lib.o(.text)
    BitToByte                                0x08010afb   Thumb Code    88  leg_lib.o(.text)
    HexToBit                                 0x08010b53   Thumb Code   110  leg_lib.o(.text)
    KickDes                                  0x08010bc1   Thumb Code   222  leg_lib.o(.text)
    des_test                                 0x08010c9f   Thumb Code   346  leg_lib.o(.text)
    READ_LEG_ID                              0x08010e01   Thumb Code     8  leg.o(.text)
    leg_init                                 0x08010e09   Thumb Code  1396  leg.o(.text)
    pos_range_check                          0x0801137d   Thumb Code   170  leg.o(.text)
    cal_sita_form_pos_tri_leg                0x08011427   Thumb Code  1278  leg.o(.text)
    cal_sita_from_pos                        0x08011925   Thumb Code  3964  leg.o(.text)
    cal_pos_from_sita                        0x080128a1   Thumb Code  1744  leg.o(.text)
    cal_pwm_from_sita                        0x08012f71   Thumb Code   696  leg.o(.text)
    curve_cal                                0x08013229   Thumb Code   394  leg.o(.text)
    cal_curve_from_pos                       0x080133b3   Thumb Code  2136  leg.o(.text)
    cal_pos_tar_from_curve                   0x08013c0b   Thumb Code   194  leg.o(.text)
    leg_curve_bai                            0x08013ccd   Thumb Code   660  leg.o(.text)
    leg_follow_curve                         0x08013f61   Thumb Code   700  leg.o(.text)
    cal_pos_tar_for_deng                     0x0801421d   Thumb Code  1218  leg.o(.text)
    leg_ground_check                         0x080146df   Thumb Code    36  leg.o(.text)
    leg_publish                              0x08014703   Thumb Code   880  leg.o(.text)
    leg_drive                                0x08014a73   Thumb Code   848  leg.o(.text)
    barin_init                               0x08014dd5   Thumb Code  1332  brain.o(.text)
    fall_reset                               0x08015309   Thumb Code  2664  brain.o(.text)
    att_control                              0x08015d71   Thumb Code  1576  brain.o(.text)
    fall_treat_tro                           0x08016399   Thumb Code  1674  brain.o(.text)
    center_control_global_tro_new            0x08016a23   Thumb Code  1594  brain.o(.text)
    leg_tar_est_global_tro                   0x0801705d   Thumb Code  3632  brain.o(.text)
    check_leg_need_move_global_tro           0x08017e8d   Thumb Code  1718  brain.o(.text)
    cal_center_of_leg_ground                 0x08018543   Thumb Code  1942  brain.o(.text)
    estimate_center                          0x08018cd9   Thumb Code   432  brain.o(.text)
    leg_task1                                0x08018e89   Thumb Code   408  brain.o(.text)
    center_control_global_tro                0x08019021   Thumb Code  3512  brain.o(.text)
    state_clear                              0x08019df1   Thumb Code    90  brain_g.o(.text)
    cal_pos_global                           0x08019e4b   Thumb Code  4822  brain_g.o(.text)
    fall_treat1                              0x0801b121   Thumb Code  1112  brain_g.o(.text)
    center_control_global                    0x0801b579   Thumb Code  9820  brain_g.o(.text)
    leg_tar_est_global                       0x0801dbd5   Thumb Code  3604  brain_g.o(.text)
    planner_leg_little_dog                   0x0801e9e9   Thumb Code   986  brain_g.o(.text)
    check_leg_need_move_global               0x0801edc3   Thumb Code  4812  brain_g.o(.text)
    planner_leg                              0x0802008f   Thumb Code  1262  brain_g.o(.text)
    fall_treat                               0x0802057d   Thumb Code   692  brain_g.o(.text)
    my_abs                                   0x0802084d   Thumb Code    26  my_math.o(.text)
    fast_atan2                               0x08020867   Thumb Code   350  my_math.o(.text)
    my_atan                                  0x080209c5   Thumb Code    24  my_math.o(.text)
    my_pow                                   0x080209dd   Thumb Code    10  my_math.o(.text)
    my_sqrt                                  0x080209e7   Thumb Code    88  my_math.o(.text)
    mx_sin                                   0x08020a3f   Thumb Code   292  my_math.o(.text)
    my_sin                                   0x08020b63   Thumb Code   108  my_math.o(.text)
    my_cos                                   0x08020bcf   Thumb Code   136  my_math.o(.text)
    my_deathzoom                             0x08020c57   Thumb Code   158  my_math.o(.text)
    my_deathzoom_2                           0x08020cf5   Thumb Code    40  my_math.o(.text)
    my_deathzoom_21                          0x08020d1d   Thumb Code    40  my_math.o(.text)
    my_deathzoom_rc                          0x08020d45   Thumb Code   216  my_math.o(.text)
    limit_mine                               0x08020e1d   Thumb Code    40  my_math.o(.text)
    limit_mine2                              0x08020e45   Thumb Code    36  my_math.o(.text)
    To_180_degrees                           0x08020e69   Thumb Code    58  my_math.o(.text)
    my_pow_2_curve                           0x08020ea3   Thumb Code    80  my_math.o(.text)
    sbus_anal_oldx                           0x08020f0d   Thumb Code   462  sbus.o(.text)
    oldx_sbus_rx                             0x080210db   Thumb Code   120  sbus.o(.text)
    __aeabi_memcpy                           0x0802116d   Thumb Code    36  memcpya.o(.text)
    __aeabi_memcpy4                          0x0802116d   Thumb Code     0  memcpya.o(.text)
    __aeabi_memcpy8                          0x0802116d   Thumb Code     0  memcpya.o(.text)
    __aeabi_memset                           0x08021191   Thumb Code    14  memseta.o(.text)
    __aeabi_memset4                          0x08021191   Thumb Code     0  memseta.o(.text)
    __aeabi_memset8                          0x08021191   Thumb Code     0  memseta.o(.text)
    __aeabi_memclr                           0x0802119f   Thumb Code     4  memseta.o(.text)
    __aeabi_memclr4                          0x0802119f   Thumb Code     0  memseta.o(.text)
    __aeabi_memclr8                          0x0802119f   Thumb Code     0  memseta.o(.text)
    _memset$wrapper                          0x080211a3   Thumb Code    18  memseta.o(.text)
    __aeabi_dadd                             0x080211b5   Thumb Code   322  dadd.o(.text)
    __aeabi_dsub                             0x080212f7   Thumb Code     6  dadd.o(.text)
    __aeabi_drsub                            0x080212fd   Thumb Code     6  dadd.o(.text)
    __aeabi_dmul                             0x08021303   Thumb Code   228  dmul.o(.text)
    __aeabi_ddiv                             0x080213e7   Thumb Code   222  ddiv.o(.text)
    __aeabi_i2d                              0x080214c5   Thumb Code    34  dflti.o(.text)
    __aeabi_ui2d                             0x080214e7   Thumb Code    26  dfltui.o(.text)
    __aeabi_d2iz                             0x08021501   Thumb Code    62  dfixi.o(.text)
    __aeabi_f2d                              0x0802153f   Thumb Code    38  f2d.o(.text)
    __aeabi_cdcmpeq                          0x08021565   Thumb Code     0  cdcmple.o(.text)
    __aeabi_cdcmple                          0x08021565   Thumb Code    48  cdcmple.o(.text)
    __aeabi_cdrcmple                         0x08021595   Thumb Code    48  cdrcmple.o(.text)
    __aeabi_d2f                              0x080215c5   Thumb Code    56  d2f.o(.text)
    __aeabi_llsl                             0x080215fd   Thumb Code    30  llshl.o(.text)
    _ll_shift_l                              0x080215fd   Thumb Code     0  llshl.o(.text)
    __aeabi_llsr                             0x0802161b   Thumb Code    32  llushr.o(.text)
    _ll_ushift_r                             0x0802161b   Thumb Code     0  llushr.o(.text)
    __aeabi_lasr                             0x0802163b   Thumb Code    36  llsshr.o(.text)
    _ll_sshift_r                             0x0802163b   Thumb Code     0  llsshr.o(.text)
    __I$use$fp                               0x0802165f   Thumb Code     0  iusefp.o(.text)
    _float_round                             0x0802165f   Thumb Code    18  fepilogue.o(.text)
    _float_epilogue                          0x08021671   Thumb Code    92  fepilogue.o(.text)
    _double_round                            0x080216cd   Thumb Code    30  depilogue.o(.text)
    _double_epilogue                         0x080216eb   Thumb Code   156  depilogue.o(.text)
    __ARM_scalbn                             0x08021787   Thumb Code    46  dscalb.o(.text)
    scalbn                                   0x08021787   Thumb Code     0  dscalb.o(.text)
    _dsqrt                                   0x080217b5   Thumb Code   162  dsqrt.o(.text)
    __scatterload                            0x08021859   Thumb Code    28  init.o(.text)
    __scatterload_rt2                        0x08021859   Thumb Code     0  init.o(.text)
    __decompress                             0x0802187d   Thumb Code     0  __dczerorl2.o(.text)
    __decompress1                            0x0802187d   Thumb Code    86  __dczerorl2.o(.text)
    __ARM_fpclassify                         0x080218d3   Thumb Code    48  fpclassify.o(i.__ARM_fpclassify)
    __hardfp_acos                            0x08021909   Thumb Code   738  acos.o(i.__hardfp_acos)
    __hardfp_atan                            0x08021c61   Thumb Code   622  atan.o(i.__hardfp_atan)
    __hardfp_atan2                           0x08021f39   Thumb Code   432  atan2.o(i.__hardfp_atan2)
    __hardfp_cos                             0x08022129   Thumb Code   180  cos.o(i.__hardfp_cos)
    __hardfp_fabs                            0x080221f1   Thumb Code    20  fabs.o(i.__hardfp_fabs)
    __hardfp_pow                             0x08022209   Thumb Code  3072  pow.o(i.__hardfp_pow)
    __hardfp_sin                             0x08022e59   Thumb Code   180  sin.o(i.__hardfp_sin)
    __hardfp_sqrt                            0x08022f21   Thumb Code   122  sqrt.o(i.__hardfp_sqrt)
    __hardfp_tan                             0x08022fa1   Thumb Code   108  tan.o(i.__hardfp_tan)
    __ieee754_rem_pio2                       0x08023021   Thumb Code   938  rred.o(i.__ieee754_rem_pio2)
    __kernel_cos                             0x08023459   Thumb Code   322  cos_i.o(i.__kernel_cos)
    __kernel_poly                            0x080235c9   Thumb Code   248  poly.o(i.__kernel_poly)
    __kernel_sin                             0x080236c1   Thumb Code   280  sin_i.o(i.__kernel_sin)
    __kernel_tan                             0x080237f1   Thumb Code   764  tan_i.o(i.__kernel_tan)
    __mathlib_dbl_divzero                    0x08023b41   Thumb Code    28  dunder.o(i.__mathlib_dbl_divzero)
    __mathlib_dbl_infnan                     0x08023b71   Thumb Code    20  dunder.o(i.__mathlib_dbl_infnan)
    __mathlib_dbl_infnan2                    0x08023b85   Thumb Code    20  dunder.o(i.__mathlib_dbl_infnan2)
    __mathlib_dbl_invalid                    0x08023b99   Thumb Code    24  dunder.o(i.__mathlib_dbl_invalid)
    __mathlib_dbl_overflow                   0x08023bb9   Thumb Code    24  dunder.o(i.__mathlib_dbl_overflow)
    __mathlib_dbl_underflow                  0x08023bd9   Thumb Code    24  dunder.o(i.__mathlib_dbl_underflow)
    __scatterload_copy                       0x08023bf9   Thumb Code    14  handlers.o(i.__scatterload_copy)
    __scatterload_null                       0x08023c07   Thumb Code     2  handlers.o(i.__scatterload_null)
    __scatterload_zeroinit                   0x08023c09   Thumb Code    14  handlers.o(i.__scatterload_zeroinit)
    __set_errno                              0x08023c19   Thumb Code     6  errno.o(i.__set_errno)
    atan                                     0x08023c25   Thumb Code    16  atan.o(i.atan)
    fabs                                     0x08023c35   Thumb Code    24  fabs.o(i.fabs)
    sqrt                                     0x08023c4d   Thumb Code   110  sqrt.o(i.sqrt)
    OSUnMapTbl                               0x08023ccc   Data         256  os_core.o(.constdata)
    __mathlib_zero                           0x08024098   Data           8  qnan.o(.constdata)
    Region$$Table$$Base                      0x080241f0   Number         0  anon$$obj.o(Region$$Table)
    Region$$Table$$Limit                     0x08024210   Number         0  anon$$obj.o(Region$$Table)
    k_rc_spd                                 0x20000000   Data           4  ucos_task.o(.data)
    k_z_c                                    0x20000004   Data           4  ucos_task.o(.data)
    test                                     0x20000008   Data          20  ucos_task.o(.data)
    k_rc                                     0x2000001c   Data           8  ucos_task.o(.data)
    Yaw_set                                  0x20000024   Data           4  ucos_task.o(.data)
    kp_yaw                                   0x20000028   Data           4  ucos_task.o(.data)
    kp_face                                  0x2000002c   Data          12  ucos_task.o(.data)
    face_control_rad                         0x20000038   Data           4  ucos_task.o(.data)
    test_w                                   0x2000003c   Data           8  ucos_task.o(.data)
    UART_UP_LOAD_SEL                         0x20000044   Data           1  ucos_task.o(.data)
    state_v_test                             0x20000045   Data           1  ucos_task.o(.data)
    num_need_to_check                        0x20000046   Data           1  ucos_task.o(.data)
    spd_test                                 0x20000048   Data          16  ucos_task.o(.data)
    k_lun_facey                              0x20000058   Data           4  ucos_task.o(.data)
    k_spd_gain_lun                           0x2000005c   Data           8  ucos_task.o(.data)
    tmr1                                     0x20000064   Data           4  ucos_task.o(.data)
    tmr2                                     0x20000068   Data           4  ucos_task.o(.data)
    tmr3                                     0x2000006c   Data           4  ucos_task.o(.data)
    cpuusage                                 0x20000070   Data           2  ucos_task.o(.data)
    msg_key                                  0x20000090   Data           4  main.o(.data)
    q_msg                                    0x20000094   Data           4  main.o(.data)
    flags_key                                0x20000098   Data           4  main.o(.data)
    en_read                                  0x2000009c   Data           1  main.o(.data)
    Lisence                                  0x2000009d   Data         257  main.o(.data)
    hard_fall                                0x2000019e   Data           1  stm32f4xx_it.o(.data)
    SystemCoreClock                          0x200001a0   Data           4  system_stm32f4xx.o(.data)
    AHBPrescTable                            0x200001a4   Data          16  system_stm32f4xx.o(.data)
    OSCtxSwCtr                               0x200001c8   Data           4  os_core.o(.data)
    OSEventFreeList                          0x200001cc   Data           4  os_core.o(.data)
    OSFlagFreeList                           0x200001d0   Data           4  os_core.o(.data)
    OSCPUUsage                               0x200001d4   Data           1  os_core.o(.data)
    OSIdleCtrMax                             0x200001d8   Data           4  os_core.o(.data)
    OSIdleCtrRun                             0x200001dc   Data           4  os_core.o(.data)
    OSStatRdy                                0x200001e0   Data           1  os_core.o(.data)
    OSIntNesting                             0x200001e1   Data           1  os_core.o(.data)
    OSLockNesting                            0x200001e2   Data           1  os_core.o(.data)
    OSPrioCur                                0x200001e3   Data           1  os_core.o(.data)
    OSPrioHighRdy                            0x200001e4   Data           1  os_core.o(.data)
    OSRdyGrp                                 0x200001e5   Data           1  os_core.o(.data)
    OSRdyTbl                                 0x200001e6   Data           8  os_core.o(.data)
    OSRunning                                0x200001ee   Data           1  os_core.o(.data)
    OSTaskCtr                                0x200001ef   Data           1  os_core.o(.data)
    OSIdleCtr                                0x200001f0   Data           4  os_core.o(.data)
    OSTCBCur                                 0x200001f4   Data           4  os_core.o(.data)
    OSTCBFreeList                            0x200001f8   Data           4  os_core.o(.data)
    OSTCBHighRdy                             0x200001fc   Data           4  os_core.o(.data)
    OSTCBList                                0x20000200   Data           4  os_core.o(.data)
    OSTickStepState                          0x20000204   Data           1  os_core.o(.data)
    OSQFreeList                              0x20000208   Data           4  os_core.o(.data)
    OSTime                                   0x2000020c   Data           4  os_core.o(.data)
    OSTmrFree                                0x20000210   Data           2  os_core.o(.data)
    OSTmrUsed                                0x20000212   Data           2  os_core.o(.data)
    OSTmrTime                                0x20000214   Data           4  os_core.o(.data)
    OSTmrSem                                 0x20000218   Data           4  os_core.o(.data)
    OSTmrSemSignal                           0x2000021c   Data           4  os_core.o(.data)
    OSTmrFreeList                            0x20000220   Data           4  os_core.o(.data)
    OSInterrputSum                           0x20000224   Data           4  os_cpu_c.o(.data)
    k_sensitivity                            0x2000022c   Data          12  flash.o(.data)
    FLASH_SIZE                               0x20000238   Data           4  flash.o(.data)
    LENGTH_OF_DRONE                          0x2000023c   Data           2  flash.o(.data)
    H_INT                                    0x20000240   Data           4  flash.o(.data)
    SONAR_HEIGHT                             0x20000244   Data           4  flash.o(.data)
    need_init_mems                           0x20000248   Data           1  flash.o(.data)
    SBUS_MIN                                 0x2000024a   Data           2  flash.o(.data)
    SBUS_MAX                                 0x2000024c   Data           2  flash.o(.data)
    SBUS_MID                                 0x2000024e   Data           2  flash.o(.data)
    SBUS_MIN_A                               0x20000250   Data           2  flash.o(.data)
    SBUS_MAX_A                               0x20000252   Data           2  flash.o(.data)
    SBUS_MID_A                               0x20000254   Data           2  flash.o(.data)
    LED                                      0x20000256   Data           3  led_fc.o(.data)
    Rc_Pwm_Out_mine                          0x20000268   Data          32  pwm_out.o(.data)
    dj_out                                   0x20000288   Data          48  pwm_out.o(.data)
    dj_pan                                   0x200002b8   Data           8  pwm_out.o(.data)
    k_ad                                     0x200002c4   Data           4  bat.o(.data)
    start_music                              0x200002d4   Data          28  beep.o(.data)
    mems_right_music                         0x200002f0   Data           6  beep.o(.data)
    mems_error_music                         0x200002f6   Data           8  beep.o(.data)
    bat_error_music                          0x200002fe   Data          64  beep.o(.data)
    rc_error_music                           0x2000033e   Data          16  beep.o(.data)
    beep_one                                 0x2000034e   Data          12  beep.o(.data)
    beep_two                                 0x2000035a   Data          12  beep.o(.data)
    beep_three                               0x20000366   Data          12  beep.o(.data)
    fc_state_beep                            0x20000372   Data           3  beep.o(.data)
    beep_state                               0x20000375   Data          16  beep.o(.data)
    fc_save_gps_beep                         0x20000385   Data           1  beep.o(.data)
    beep_gps_save                            0x20000386   Data           8  beep.o(.data)
    start_music_pix                          0x2000038e   Data          18  beep.o(.data)
    test_to24                                0x200003a0   Data           1  beep.o(.data)
    Beat_delay                               0x200003a2   Data          14  beep.o(.data)
    tone_table                               0x200003b0   Data          48  beep.o(.data)
    feed_imu_dog                             0x200003e8   Data           1  usart_fc.o(.data)
    test_leg                                 0x200003ea   Data           6  usart_fc.o(.data)
    TxCounter1                               0x200003f0   Data           1  usart_fc.o(.data)
    count1                                   0x200003f1   Data           1  usart_fc.o(.data)
    RxState1                                 0x200003f2   Data           1  usart_fc.o(.data)
    RxBufferNum1                             0x200003f3   Data           1  usart_fc.o(.data)
    RxBufferCnt1                             0x200003f4   Data           1  usart_fc.o(.data)
    RxLen1                                   0x200003f5   Data           1  usart_fc.o(.data)
    set1                                     0x200003f8   Data           1  usart_fc.o(.data)
    TxCounter2                               0x200003f9   Data           1  usart_fc.o(.data)
    count2                                   0x200003fa   Data           1  usart_fc.o(.data)
    RxState2                                 0x200003fb   Data           1  usart_fc.o(.data)
    RxBufferNum2                             0x200003fc   Data           1  usart_fc.o(.data)
    RxBufferCnt2                             0x200003fd   Data           1  usart_fc.o(.data)
    RxLen2                                   0x200003fe   Data           1  usart_fc.o(.data)
    TxCounter3                               0x20000401   Data           1  usart_fc.o(.data)
    count3                                   0x20000402   Data           1  usart_fc.o(.data)
    RxState3                                 0x20000403   Data           1  usart_fc.o(.data)
    RxBufferNum3                             0x20000404   Data           1  usart_fc.o(.data)
    RxBufferCnt3                             0x20000405   Data           1  usart_fc.o(.data)
    RxLen3                                   0x20000406   Data           1  usart_fc.o(.data)
    TxCounter4                               0x20000409   Data           1  usart_fc.o(.data)
    count4                                   0x2000040a   Data           1  usart_fc.o(.data)
    RxState4                                 0x2000040b   Data           1  usart_fc.o(.data)
    RxBufferNum4                             0x2000040c   Data           1  usart_fc.o(.data)
    RxBufferCnt4                             0x2000040d   Data           1  usart_fc.o(.data)
    RxLen4                                   0x2000040e   Data           1  usart_fc.o(.data)
    TxCounter5                               0x20000411   Data           1  usart_fc.o(.data)
    count5                                   0x20000412   Data           1  usart_fc.o(.data)
    RxState5                                 0x20000413   Data           1  usart_fc.o(.data)
    RxBufferNum5                             0x20000414   Data           1  usart_fc.o(.data)
    RxBufferCnt5                             0x20000415   Data           1  usart_fc.o(.data)
    RxLen5                                   0x20000416   Data           1  usart_fc.o(.data)
    leg_uart_cnt                             0x2000041a   Data           2  usart_fc.o(.data)
    kp                                       0x2000041c   Data           4  usart_fc.o(.data)
    ki                                       0x20000420   Data           4  usart_fc.o(.data)
    kd                                       0x20000424   Data           4  usart_fc.o(.data)
    ak8975                                   0x20000440   Data          44  hml5833l.o(.data)
    ak8975_ok                                0x200004c0   Data           1  hml5833l.o(.data)
    Mag_CALIBRATED                           0x200004c1   Data           1  hml5833l.o(.data)
    Mag_CALIBRATED_R                         0x200004c2   Data           1  hml5833l.o(.data)
    fly_ready                                0x200004e0   Data           1  imu.o(.data)
    Roll                                     0x200004e4   Data           4  imu.o(.data)
    Pitch                                    0x200004e8   Data           4  imu.o(.data)
    Yaw                                      0x200004ec   Data           4  imu.o(.data)
    ref_q                                    0x200004f0   Data          16  imu.o(.data)
    norm_acc                                 0x20000500   Data           4  imu.o(.data)
    norm_q                                   0x20000504   Data           4  imu.o(.data)
    norm_acc_lpf                             0x20000508   Data           4  imu.o(.data)
    test_flag                                0x2000050c   Data          12  imu.o(.data)
    imu_sel                                  0x20000518   Data           1  imu.o(.data)
    q0                                       0x2000051c   Data           4  imu.o(.data)
    q1                                       0x20000520   Data           4  imu.o(.data)
    q2                                       0x20000524   Data           4  imu.o(.data)
    q3                                       0x20000528   Data           4  imu.o(.data)
    exInt                                    0x2000052c   Data           4  imu.o(.data)
    eyInt                                    0x20000530   Data           4  imu.o(.data)
    ezInt                                    0x20000534   Data           4  imu.o(.data)
    Yaw1                                     0x20000538   Data           4  imu.o(.data)
    Pitch1                                   0x2000053c   Data           4  imu.o(.data)
    Roll1                                    0x20000540   Data           4  imu.o(.data)
    mag_norm                                 0x20000544   Data           4  imu.o(.data)
    mag_norm_xyz                             0x20000548   Data           4  imu.o(.data)
    beta_start                               0x2000054c   Data           4  imu.o(.data)
    beta_end                                 0x20000550   Data           4  imu.o(.data)
    beta_step                                0x20000554   Data           4  imu.o(.data)
    beta                                     0x20000558   Data           4  imu.o(.data)
    accConfidenceDecay                       0x2000055c   Data           4  imu.o(.data)
    hmlConfidenceDecay                       0x20000560   Data           4  imu.o(.data)
    accConfidence                            0x20000564   Data           4  imu.o(.data)
    hmlConfidence                            0x20000568   Data           4  imu.o(.data)
    norm_hml_view                            0x2000056c   Data           4  imu.o(.data)
    hmlOneMAG                                0x20000570   Data           4  imu.o(.data)
    init_hml_norm                            0x20000574   Data           1  imu.o(.data)
    init_hml_norm_cnt                        0x20000576   Data           2  imu.o(.data)
    KEY_LOCK                                 0x2000058c   Data           9  leg_lib.o(.data)
    KEY_UNLOCK                               0x20000595   Data           9  leg_lib.o(.data)
    off_local                                0x20000880   Data           8  leg.o(.data)
    k_z                                      0x20000888   Data           4  leg.o(.data)
    flt_leg                                  0x2000088c   Data           4  leg.o(.data)
    flt1                                     0x20000890   Data           4  leg.o(.data)
    en_pos_recal                             0x20000894   Data           1  leg.o(.data)
    SET_PWM3_OFF                             0x20000896   Data           2  leg.o(.data)
    en_xie                                   0x20000898   Data           1  leg.o(.data)
    rate_delay_kuai                          0x2000089c   Data           4  leg.o(.data)
    delay_time_kuai                          0x200008a0   Data           4  leg.o(.data)
    off_time_k                               0x200008a4   Data           4  leg.o(.data)
    k_trot_r                                 0x200008a8   Data           4  leg.o(.data)
    sita_test                                0x200008ac   Data          16  leg.o(.data)
    line_test                                0x200008bc   Data           4  leg.o(.data)
    force_test_mode                          0x200008c0   Data           1  leg.o(.data)
    k_add_test22                             0x200008c4   Data           4  leg.o(.data)
    test22                                   0x200008c8   Data          36  leg.o(.data)
    trig_list_trot                           0x20000914   Data           5  brain.o(.data)
    stop_leg                                 0x20000919   Data           1  brain.o(.data)
    set_max_tro                              0x2000091c   Data           4  brain.o(.data)
    min_spd_tro                              0x20000920   Data           4  brain.o(.data)
    set_trig_value_tro                       0x20000928   Data           4  brain.o(.data)
    trot_delay                               0x2000092c   Data           4  brain.o(.data)
    per_stop                                 0x20000930   Data           1  brain.o(.data)
    k_size_trot                              0x20000934   Data           4  brain.o(.data)
    size_k_trot                              0x20000938   Data           4  brain.o(.data)
    limit_deng_tro                           0x2000093c   Data           4  brain.o(.data)
    k_acc_control_trot                       0x20000940   Data           8  brain.o(.data)
    k_spd_control_trot                       0x20000948   Data           8  brain.o(.data)
    min_off_for_stable                       0x20000950   Data           4  brain.o(.data)
    kp_att                                   0x20000954   Data           4  brain.o(.data)
    ki_att                                   0x20000958   Data           4  brain.o(.data)
    kd_att                                   0x2000095c   Data           4  brain.o(.data)
    flt                                      0x20000960   Data           4  brain.o(.data)
    reset_deng                               0x20000964   Data           4  brain.o(.data)
    reset_sita                               0x20000968   Data          12  brain.o(.data)
    reset_sita1                              0x20000974   Data          12  brain.o(.data)
    reset_sita2                              0x20000980   Data          12  brain.o(.data)
    k_acc                                    0x2000098c   Data           4  brain.o(.data)
    min_off_for_stable1                      0x20000990   Data           4  brain.o(.data)
    trot_stable_dead                         0x20000994   Data           8  brain.o(.data)
    last_move_id_tro                         0x2000099c   Data           1  brain.o(.data)
    last_last_move_id_tro                    0x2000099d   Data           1  brain.o(.data)
    trig_use_now_pos_tro                     0x2000099e   Data           1  brain.o(.data)
    en_off_trig_tro                          0x2000099f   Data           1  brain.o(.data)
    h_k2_tro                                 0x200009a0   Data           4  brain.o(.data)
    k_off_tro                                0x200009a4   Data           4  brain.o(.data)
    k_trig1_tro                              0x200009a8   Data           4  brain.o(.data)
    k_rad_tro                                0x200009ac   Data           4  brain.o(.data)
    k_trig_tro                               0x200009b0   Data           4  brain.o(.data)
    en_att_trig                              0x200009b4   Data           1  brain.o(.data)
    dead_1_tro                               0x200009b8   Data           8  brain.o(.data)
    k_fall_tro                               0x200009c0   Data          12  brain.o(.data)
    flt_fall_tro                             0x200009cc   Data           4  brain.o(.data)
    trig_list_f                              0x20000a0c   Data           5  brain_g.o(.data)
    trig_list_l                              0x20000a11   Data           5  brain_g.o(.data)
    trig_list_b                              0x20000a16   Data           5  brain_g.o(.data)
    trig_list_r                              0x20000a1b   Data           5  brain_g.o(.data)
    trig_list_tr                             0x20000a20   Data           5  brain_g.o(.data)
    trig_list_tl                             0x20000a25   Data           5  brain_g.o(.data)
    side_leg                                 0x20000a2a   Data           5  brain_g.o(.data)
    side_leg_f                               0x20000a2f   Data           5  brain_g.o(.data)
    area_protect                             0x20000a34   Data           1  brain_g.o(.data)
    repeat_protect                           0x20000a35   Data           1  brain_g.o(.data)
    out_protect                              0x20000a36   Data           1  brain_g.o(.data)
    leg_off_ground_test                      0x20000a37   Data           1  brain_g.o(.data)
    en_leg_trig_list                         0x20000a38   Data           1  brain_g.o(.data)
    k_size                                   0x20000a3c   Data           4  brain_g.o(.data)
    k_force                                  0x20000a40   Data           4  brain_g.o(.data)
    force_rate                               0x20000a44   Data           4  brain_g.o(.data)
    size_k                                   0x20000a48   Data           4  brain_g.o(.data)
    limit_deng                               0x20000a4c   Data           4  brain_g.o(.data)
    k_acc_control                            0x20000a50   Data           8  brain_g.o(.data)
    k_spd_control                            0x20000a58   Data           8  brain_g.o(.data)
    force_stop_range                         0x20000a60   Data           8  brain_g.o(.data)
    flag_acc                                 0x20000a68   Data           8  brain_g.o(.data)
    k_acc1                                   0x20000a70   Data           4  brain_g.o(.data)
    set_max                                  0x20000a74   Data           4  brain_g.o(.data)
    min_spd                                  0x20000a78   Data           4  brain_g.o(.data)
    set_trig_value                           0x20000a80   Data           4  brain_g.o(.data)
    center_stable_dead                       0x20000a84   Data           4  brain_g.o(.data)
    en_off_trig                              0x20000a88   Data           1  brain_g.o(.data)
    trig_use_now_pos                         0x20000a89   Data           1  brain_g.o(.data)
    h_k2                                     0x20000a8c   Data           4  brain_g.o(.data)
    k_off                                    0x20000a90   Data           4  brain_g.o(.data)
    k_trig1                                  0x20000a94   Data           4  brain_g.o(.data)
    k_rad                                    0x20000a98   Data           4  brain_g.o(.data)
    k_trig                                   0x20000a9c   Data           4  brain_g.o(.data)
    k_spd                                    0x20000aa0   Data           4  brain_g.o(.data)
    min_steady_value_stable                  0x20000aa4   Data           4  brain_g.o(.data)
    max_dis_cog                              0x20000aa8   Data           4  brain_g.o(.data)
    ero_center                               0x20000aac   Data           8  brain_g.o(.data)
    center_control_out                       0x20000ab4   Data           8  brain_g.o(.data)
    last_move_id                             0x20000abc   Data           1  brain_g.o(.data)
    last_last_move_id                        0x20000abd   Data           1  brain_g.o(.data)
    k_fall                                   0x20000ac0   Data           4  brain_g.o(.data)
    k_add                                    0x20000ac4   Data           4  brain_g.o(.data)
    dead_1                                   0x20000ac8   Data           8  brain_g.o(.data)
    k_fall1                                  0x20000ad0   Data          12  brain_g.o(.data)
    flt_fall1                                0x20000adc   Data           4  brain_g.o(.data)
    fast_atan_table                          0x20000af8   Data        1028  my_math.o(.data)
    sbus_data_i                              0x20000efc   Data          26  sbus.o(.data)
    sbus_data                                0x20000f16   Data          26  sbus.o(.data)
    channels                                 0x20000f30   Data          36  sbus.o(.data)
    failsafe_status                          0x20000f54   Data           1  sbus.o(.data)
    sbus_passthrough                         0x20000f55   Data           1  sbus.o(.data)
    leg_dt                                   0x20000f5c   Data          20  ucos_task.o(.bss)
    LEG1_TASK_STK                            0x20000f70   Data        1024  ucos_task.o(.bss)
    LEG2_TASK_STK                            0x20001370   Data        1024  ucos_task.o(.bss)
    LEG3_TASK_STK                            0x20001770   Data        1024  ucos_task.o(.bss)
    LEG4_TASK_STK                            0x20001b70   Data        1024  ucos_task.o(.bss)
    BRAIN_TASK_STK                           0x20001f70   Data        4352  ucos_task.o(.bss)
    UART_TASK_STK                            0x20003070   Data        1024  ucos_task.o(.bss)
    START_TASK_STK                           0x20003470   Data         256  main.o(.bss)
    MsgGrp                                   0x20003570   Data        1024  main.o(.bss)
    OSEventTbl                               0x20003970   Data         200  os_core.o(.bss)
    OSFlagTbl                                0x20003a38   Data          80  os_core.o(.bss)
    OSTaskStatStk                            0x20003a88   Data         512  os_core.o(.bss)
    OSTaskIdleStk                            0x20003c88   Data         512  os_core.o(.bss)
    OSTCBPrioTbl                             0x20003e88   Data         256  os_core.o(.bss)
    OSTCBTbl                                 0x20003f88   Data        1848  os_core.o(.bss)
    OSQTbl                                   0x200046c0   Data         120  os_core.o(.bss)
    OSTmrTbl                                 0x20004738   Data         640  os_core.o(.bss)
    OSTmrTaskStk                             0x200049b8   Data         512  os_core.o(.bss)
    OSTmrWheelTbl                            0x20004bb8   Data          64  os_core.o(.bss)
    FLASH_READ_BUF                           0x20004bf8   Data         100  flash.o(.bss)
    FLASH_Buffer                             0x20004c5c   Data         100  flash.o(.bss)
    Cycle_T                                  0x20004cc0   Data         180  time.o(.bss)
    bat                                      0x20004d74   Data          20  bat.o(.bss)
    TxBuffer1                                0x20004d94   Data         256  usart_fc.o(.bss)
    Rx_Buf1                                  0x20004e94   Data         256  usart_fc.o(.bss)
    RxBuffer1                                0x20004f94   Data          50  usart_fc.o(.bss)
    TxBuffer2                                0x20004fc6   Data         256  usart_fc.o(.bss)
    Rx_Buf2                                  0x200050c6   Data         256  usart_fc.o(.bss)
    RxBuffer2                                0x200051c6   Data          50  usart_fc.o(.bss)
    tinker                                   0x200051f8   Data          76  usart_fc.o(.bss)
    TxBuffer3                                0x20005244   Data         256  usart_fc.o(.bss)
    Rx_Buf3                                  0x20005344   Data         256  usart_fc.o(.bss)
    RxBuffer3                                0x20005444   Data          50  usart_fc.o(.bss)
    TxBuffer4                                0x20005476   Data         256  usart_fc.o(.bss)
    Rx_Buf4                                  0x20005576   Data         256  usart_fc.o(.bss)
    RxBuffer4                                0x20005676   Data          50  usart_fc.o(.bss)
    Rc_Get_PWM                               0x200056a8   Data          34  usart_fc.o(.bss)
    Rc_Get_SBUS                              0x200056ca   Data          34  usart_fc.o(.bss)
    Rc_Wifi                                  0x200056ec   Data          34  usart_fc.o(.bss)
    TxBuffer5                                0x2000570e   Data         256  usart_fc.o(.bss)
    Rx_Buf5                                  0x2000580e   Data         256  usart_fc.o(.bss)
    RxBuffer5                                0x2000590e   Data          50  usart_fc.o(.bss)
    SendBuff1                                0x20005940   Data         256  usart_fc.o(.bss)
    SendBuff3                                0x20005a40   Data          32  usart_fc.o(.bss)
    mpu6050                                  0x20005a74   Data         160  mpu6050.o(.bss)
    mpu6050_fc                               0x20005b14   Data         160  mpu6050.o(.bss)
    mpu6050_buffer                           0x20005bb4   Data          14  mpu6050.o(.bss)
    sum_temp                                 0x20005bc4   Data          28  mpu6050.o(.bss)
    sum_temp_3d                              0x20005be0   Data          28  mpu6050.o(.bss)
    FILT_BUF                                 0x20005bfc   Data         154  mpu6050.o(.bss)
    mpu6050_tmp                              0x20005c98   Data          28  mpu6050.o(.bss)
    mpu_fil_tmp                              0x20005cb4   Data          28  mpu6050.o(.bss)
    license                                  0x20005cdc   Data         129  leg_lib.o(.bss)
    MesHex_OUT                               0x2000605d   Data         128  leg_lib.o(.bss)
    MyMessage_Kick                           0x200060dd   Data         125  leg_lib.o(.bss)
    leg                                      0x20006490   Data        2740  leg.o(.bss)
    brain                                    0x20006f48   Data         952  leg.o(.bss)
    c0                                       0x20007300   Data          60  leg.o(.bss)
    c3                                       0x2000733c   Data          60  leg.o(.bss)
    c4                                       0x20007378   Data          60  leg.o(.bss)
    c5                                       0x200073b4   Data          60  leg.o(.bss)
    c6                                       0x200073f0   Data          60  leg.o(.bss)
    att_control_out                          0x20007598   Data          20  brain.o(.bss)
    out_range_move_tro                       0x200075ac   Data          10  brain.o(.bss)
    Ts                                       0x200075b8   Data          12  brain.o(.bss)
    control_draw                             0x200075d8   Data         200  brain_g.o(.bss)
    out_range_move                           0x200076a0   Data          10  brain_g.o(.bss)
    __initial_sp                             0x20007ab0   Data           0  startup_stm32f40_41xxx.o(STACK)



==============================================================================

Memory Map of the image

  Image Entry point : 0x08000189

  Load Region LR_IROM1 (Base: 0x08000000, Size: 0x0002516c, Max: 0x00100000, ABSOLUTE, COMPRESSED[0x00024be4])

    Execution Region ER_IROM1 (Base: 0x08000000, Size: 0x00024210, Max: 0x00100000, ABSOLUTE)

    Base Addr    Size         Type   Attr      Idx    E Section Name        Object

    0x08000000   0x00000188   Data   RO          431    RESET               startup_stm32f40_41xxx.o
    0x08000188   0x00000000   Code   RO         1893  * .ARM.Collect$$$$00000000  mc_w.l(entry.o)
    0x08000188   0x00000004   Code   RO         1963    .ARM.Collect$$$$00000001  mc_w.l(entry2.o)
    0x0800018c   0x00000004   Code   RO         1966    .ARM.Collect$$$$00000004  mc_w.l(entry5.o)
    0x08000190   0x00000000   Code   RO         1968    .ARM.Collect$$$$00000008  mc_w.l(entry7b.o)
    0x08000190   0x00000000   Code   RO         1970    .ARM.Collect$$$$0000000A  mc_w.l(entry8b.o)
    0x08000190   0x00000008   Code   RO         1971    .ARM.Collect$$$$0000000B  mc_w.l(entry9a.o)
    0x08000198   0x00000000   Code   RO         1973    .ARM.Collect$$$$0000000D  mc_w.l(entry10a.o)
    0x08000198   0x00000000   Code   RO         1975    .ARM.Collect$$$$0000000F  mc_w.l(entry11a.o)
    0x08000198   0x00000004   Code   RO         1964    .ARM.Collect$$$$00002712  mc_w.l(entry2.o)
    0x0800019c   0x00001ab8   Code   RO            3    .text               ucos_task.o
    0x08001c54   0x00000270   Code   RO          313    .text               main.o
    0x08001ec4   0x00000020   Code   RO          353    .text               stm32f4xx_it.o
    0x08001ee4   0x00000210   Code   RO          405    .text               system_stm32f4xx.o
    0x080020f4   0x00000024   Code   RO          432    .text               startup_stm32f40_41xxx.o
    0x08002118   0x00000108   Code   RO          438    .text               delay.o
    0x08002220   0x000000e0   Code   RO          478    .text               misc.o
    0x08002300   0x00000294   Code   RO          498    .text               stm32f4xx_gpio.o
    0x08002594   0x0000065c   Code   RO          541    .text               stm32f4xx_rcc.o
    0x08002bf0   0x00000454   Code   RO          583    .text               stm32f4xx_usart.o
    0x08003044   0x00000ca2   Code   RO          603    .text               stm32f4xx_tim.o
    0x08003ce6   0x00000002   PAD
    0x08003ce8   0x00000694   Code   RO          623    .text               stm32f4xx_flash.o
    0x0800437c   0x000003a8   Code   RO          703    .text               stm32f4xx_dma.o
    0x08004724   0x000000a0   Code   RO          723    .text               stm32f4xx_rng.o
    0x080047c4   0x00000464   Code   RO          763    .text               stm32f4xx_adc.o
    0x08004c28   0x00000894   Code   RO          783    .text               os_core.o
    0x080054bc   0x0000080c   Code   RO          811    .text               os_flag.o
    0x08005cc8   0x000003cc   Code   RO          831    .text               os_mbox.o
    0x08006094   0x000005e8   Code   RO          885    .text               os_q.o
    0x0800667c   0x0000038c   Code   RO          905    .text               os_sem.o
    0x08006a08   0x000007c4   Code   RO          925    .text               os_task.o
    0x080071cc   0x000001b0   Code   RO          945    .text               os_time.o
    0x0800737c   0x00000634   Code   RO          965    .text               os_tmr.o
    0x080079b0   0x000000c8   Code   RO          983    .text               os_cpu_a.o
    0x08007a78   0x000001e8   Code   RO          988    .text               os_cpu_c.o
    0x08007c60   0x00000f08   Code   RO         1018    .text               flash.o
    0x08008b68   0x00000430   Code   RO         1053    .text               led_fc.o
    0x08008f98   0x00000634   Code   RO         1080    .text               pwm_out.o
    0x080095cc   0x00000164   Code   RO         1114    .text               time.o
    0x08009730   0x000000e8   Code   RO         1145    .text               dma.o
    0x08009818   0x0000006c   Code   RO         1165    .text               rng.o
    0x08009884   0x00000450   Code   RO         1205    .text               bat.o
    0x08009cd4   0x0000047a   Code   RO         1232    .text               beep.o
    0x0800a14e   0x00000002   PAD
    0x0800a150   0x00002c34   Code   RO         1258    .text               usart_fc.o
    0x0800cd84   0x0000407c   Code   RO         1490    .text               leg_lib.o
    0x08010e00   0x00003fd4   Code   RO         1519    .text               leg.o
    0x08014dd4   0x0000501c   Code   RO         1552    .text               brain.o
    0x08019df0   0x00006a5c   Code   RO         1581    .text               brain_g.o
    0x0802084c   0x000006c0   Code   RO         1637    .text               my_math.o
    0x08020f0c   0x00000260   Code   RO         1659    .text               sbus_oldx.lib(sbus.o)
    0x0802116c   0x00000024   Code   RO         1896    .text               mc_w.l(memcpya.o)
    0x08021190   0x00000024   Code   RO         1898    .text               mc_w.l(memseta.o)
    0x080211b4   0x0000014e   Code   RO         1902    .text               mf_w.l(dadd.o)
    0x08021302   0x000000e4   Code   RO         1904    .text               mf_w.l(dmul.o)
    0x080213e6   0x000000de   Code   RO         1906    .text               mf_w.l(ddiv.o)
    0x080214c4   0x00000022   Code   RO         1910    .text               mf_w.l(dflti.o)
    0x080214e6   0x0000001a   Code   RO         1912    .text               mf_w.l(dfltui.o)
    0x08021500   0x0000003e   Code   RO         1914    .text               mf_w.l(dfixi.o)
    0x0802153e   0x00000026   Code   RO         1916    .text               mf_w.l(f2d.o)
    0x08021564   0x00000030   Code   RO         1918    .text               mf_w.l(cdcmple.o)
    0x08021594   0x00000030   Code   RO         1920    .text               mf_w.l(cdrcmple.o)
    0x080215c4   0x00000038   Code   RO         1922    .text               mf_w.l(d2f.o)
    0x080215fc   0x0000001e   Code   RO         1977    .text               mc_w.l(llshl.o)
    0x0802161a   0x00000020   Code   RO         1979    .text               mc_w.l(llushr.o)
    0x0802163a   0x00000024   Code   RO         1981    .text               mc_w.l(llsshr.o)
    0x0802165e   0x00000000   Code   RO         1990    .text               mc_w.l(iusefp.o)
    0x0802165e   0x0000006e   Code   RO         1991    .text               mf_w.l(fepilogue.o)
    0x080216cc   0x000000ba   Code   RO         1993    .text               mf_w.l(depilogue.o)
    0x08021786   0x0000002e   Code   RO         1995    .text               mf_w.l(dscalb.o)
    0x080217b4   0x000000a2   Code   RO         1997    .text               mf_w.l(dsqrt.o)
    0x08021856   0x00000002   PAD
    0x08021858   0x00000024   Code   RO         1999    .text               mc_w.l(init.o)
    0x0802187c   0x00000056   Code   RO         2009    .text               mc_w.l(__dczerorl2.o)
    0x080218d2   0x00000030   Code   RO         1941    i.__ARM_fpclassify  m_wm.l(fpclassify.o)
    0x08021902   0x00000006   PAD
    0x08021908   0x00000358   Code   RO         1771    i.__hardfp_acos     m_wm.l(acos.o)
    0x08021c60   0x000002d8   Code   RO         1799    i.__hardfp_atan     m_wm.l(atan.o)
    0x08021f38   0x000001f0   Code   RO         1813    i.__hardfp_atan2    m_wm.l(atan2.o)
    0x08022128   0x000000c8   Code   RO         1825    i.__hardfp_cos      m_wm.l(cos.o)
    0x080221f0   0x00000014   Code   RO         1837    i.__hardfp_fabs     m_wm.l(fabs.o)
    0x08022204   0x00000004   PAD
    0x08022208   0x00000c50   Code   RO         1843    i.__hardfp_pow      m_wm.l(pow.o)
    0x08022e58   0x000000c8   Code   RO         1857    i.__hardfp_sin      m_wm.l(sin.o)
    0x08022f20   0x0000007a   Code   RO         1869    i.__hardfp_sqrt     m_wm.l(sqrt.o)
    0x08022f9a   0x00000006   PAD
    0x08022fa0   0x00000080   Code   RO         1881    i.__hardfp_tan      m_wm.l(tan.o)
    0x08023020   0x00000438   Code   RO         1946    i.__ieee754_rem_pio2  m_wm.l(rred.o)
    0x08023458   0x00000170   Code   RO         1924    i.__kernel_cos      m_wm.l(cos_i.o)
    0x080235c8   0x000000f8   Code   RO         1943    i.__kernel_poly     m_wm.l(poly.o)
    0x080236c0   0x00000130   Code   RO         1951    i.__kernel_sin      m_wm.l(sin_i.o)
    0x080237f0   0x00000350   Code   RO         1957    i.__kernel_tan      m_wm.l(tan_i.o)
    0x08023b40   0x00000030   Code   RO         1927    i.__mathlib_dbl_divzero  m_wm.l(dunder.o)
    0x08023b70   0x00000014   Code   RO         1928    i.__mathlib_dbl_infnan  m_wm.l(dunder.o)
    0x08023b84   0x00000014   Code   RO         1929    i.__mathlib_dbl_infnan2  m_wm.l(dunder.o)
    0x08023b98   0x00000020   Code   RO         1930    i.__mathlib_dbl_invalid  m_wm.l(dunder.o)
    0x08023bb8   0x00000020   Code   RO         1931    i.__mathlib_dbl_overflow  m_wm.l(dunder.o)
    0x08023bd8   0x00000020   Code   RO         1933    i.__mathlib_dbl_underflow  m_wm.l(dunder.o)
    0x08023bf8   0x0000000e   Code   RO         2003    i.__scatterload_copy  mc_w.l(handlers.o)
    0x08023c06   0x00000002   Code   RO         2004    i.__scatterload_null  mc_w.l(handlers.o)
    0x08023c08   0x0000000e   Code   RO         2005    i.__scatterload_zeroinit  mc_w.l(handlers.o)
    0x08023c16   0x00000002   PAD
    0x08023c18   0x0000000c   Code   RO         1985    i.__set_errno       mc_w.l(errno.o)
    0x08023c24   0x00000010   Code   RO         1801    i.atan              m_wm.l(atan.o)
    0x08023c34   0x00000018   Code   RO         1839    i.fabs              m_wm.l(fabs.o)
    0x08023c4c   0x0000006e   Code   RO         1871    i.sqrt              m_wm.l(sqrt.o)
    0x08023cba   0x00000002   PAD
    0x08023cbc   0x00000010   Data   RO            5    .constdata          ucos_task.o
    0x08023ccc   0x00000100   Data   RO          785    .constdata          os_core.o
    0x08023dcc   0x00000090   Data   RO         1492    .constdata          leg_lib.o
    0x08023e5c   0x00000008   Data   RO         1521    .constdata          leg.o
    0x08023e64   0x00000004   PAD
    0x08023e68   0x00000058   Data   RO         1554    .constdata          brain.o
    0x08023ec0   0x00000034   Data   RO         1583    .constdata          brain_g.o
    0x08023ef4   0x00000004   PAD
    0x08023ef8   0x00000050   Data   RO         1774    .constdata          m_wm.l(acos.o)
    0x08023f48   0x00000098   Data   RO         1802    .constdata          m_wm.l(atan.o)
    0x08023fe0   0x00000088   Data   RO         1846    .constdata          m_wm.l(pow.o)
    0x08024068   0x00000030   Data   RO         1925    .constdata          m_wm.l(cos_i.o)
    0x08024098   0x00000008   Data   RO         1945    .constdata          m_wm.l(qnan.o)
    0x080240a0   0x000000c8   Data   RO         1948    .constdata          m_wm.l(rred.o)
    0x08024168   0x00000028   Data   RO         1952    .constdata          m_wm.l(sin_i.o)
    0x08024190   0x00000060   Data   RO         1958    .constdata          m_wm.l(tan_i.o)
    0x080241f0   0x00000020   Data   RO         2001    Region$$Table       anon$$obj.o


    Execution Region RW_IRAM1 (Base: 0x20000000, Size: 0x00007ab0, Max: 0x00020000, ABSOLUTE, COMPRESSED[0x000009d4])

    Base Addr    Size         Type   Attr      Idx    E Section Name        Object

    0x20000000   0x0000008f   Data   RW            6    .data               ucos_task.o
    0x2000008f   0x00000001   PAD
    0x20000090   0x0000010e   Data   RW          315    .data               main.o
    0x2000019e   0x00000001   Data   RW          354    .data               stm32f4xx_it.o
    0x2000019f   0x00000001   PAD
    0x200001a0   0x00000014   Data   RW          406    .data               system_stm32f4xx.o
    0x200001b4   0x00000004   Data   RW          439    .data               delay.o
    0x200001b8   0x00000010   Data   RW          542    .data               stm32f4xx_rcc.o
    0x200001c8   0x0000005c   Data   RW          786    .data               os_core.o
    0x20000224   0x00000006   Data   RW          989    .data               os_cpu_c.o
    0x2000022a   0x00000002   PAD
    0x2000022c   0x0000002a   Data   RW         1020    .data               flash.o
    0x20000256   0x0000000f   Data   RW         1054    .data               led_fc.o
    0x20000265   0x00000003   PAD
    0x20000268   0x00000059   Data   RW         1082    .data               pwm_out.o
    0x200002c1   0x00000003   PAD
    0x200002c4   0x00000010   Data   RW         1207    .data               bat.o
    0x200002d4   0x00000112   Data   RW         1233    .data               beep.o
    0x200003e6   0x00000002   PAD
    0x200003e8   0x00000056   Data   RW         1260    .data               usart_fc.o
    0x2000043e   0x00000002   PAD
    0x20000440   0x000000a0   Data   RW         1350    .data               hml5833l.o
    0x200004e0   0x000000a9   Data   RW         1378    .data               imu.o
    0x20000589   0x00000003   PAD
    0x2000058c   0x000002f4   Data   RW         1493    .data               leg_lib.o
    0x20000880   0x00000091   Data   RW         1522    .data               leg.o
    0x20000911   0x00000003   PAD
    0x20000914   0x000000f5   Data   RW         1555    .data               brain.o
    0x20000a09   0x00000003   PAD
    0x20000a0c   0x000000eb   Data   RW         1584    .data               brain_g.o
    0x20000af7   0x00000001   PAD
    0x20000af8   0x00000404   Data   RW         1638    .data               my_math.o
    0x20000efc   0x0000005c   Data   RW         1660    .data               sbus_oldx.lib(sbus.o)
    0x20000f58   0x00000004   Data   RW         1986    .data               mc_w.l(errno.o)
    0x20000f5c   0x00002514   Zero   RW            4    .bss                ucos_task.o
    0x20003470   0x00000500   Zero   RW          314    .bss                main.o
    0x20003970   0x00001288   Zero   RW          784    .bss                os_core.o
    0x20004bf8   0x000000c8   Zero   RW         1019    .bss                flash.o
    0x20004cc0   0x000000b4   Zero   RW         1115    .bss                time.o
    0x20004d74   0x0000001e   Zero   RW         1206    .bss                bat.o
    0x20004d92   0x00000002   PAD
    0x20004d94   0x00000ce0   Zero   RW         1259    .bss                usart_fc.o
    0x20005a74   0x00000268   Zero   RW         1287    .bss                mpu6050.o
    0x20005cdc   0x000007ae   Zero   RW         1491    .bss                leg_lib.o
    0x2000648a   0x00000006   PAD
    0x20006490   0x00001106   Zero   RW         1520    .bss                leg.o
    0x20007596   0x00000002   PAD
    0x20007598   0x00000040   Zero   RW         1553    .bss                brain.o
    0x200075d8   0x000000d2   Zero   RW         1582    .bss                brain_g.o
    0x200076aa   0x00000006   PAD
    0x200076b0   0x00000400   Zero   RW          429    STACK               startup_stm32f40_41xxx.o


==============================================================================

Image component sizes


      Code (inc. data)   RO Data    RW Data    ZI Data      Debug   Object Name

      1104        116          0         16         30       2290   bat.o
      1146        100          0        274          0       4333   beep.o
     20508        902         88        245         64      19395   brain.o
     27228        886         52        235        210      21735   brain_g.o
       264         18          0          4          0       1383   delay.o
       232          4          0          0          0       1428   dma.o
      3848        228          0         42        200       4163   flash.o
         0          0          0        160          0       2563   hml5833l.o
         0          0          0        169          0       9190   imu.o
      1072         80          0         15          0       2426   led_fc.o
     16340        516          8        145       4358      24029   leg.o
     16508        426        144        756       1966      47028   leg_lib.o
       624        128          0        270       1280       2049   main.o
       224         20          0          0          0       1785   misc.o
         0          0          0          0        616      14371   mpu6050.o
      1728        122          0       1028          0       6147   my_math.o
      2196        218        256         92       4744      15955   os_core.o
       200         32          0          0          0        308   os_cpu_a.o
       488          8          0          6          0      11743   os_cpu_c.o
      2060         42          0          0          0       7192   os_flag.o
       972         16          0          0          0       4294   os_mbox.o
      1512         30          0          0          0       5753   os_q.o
       908         18          0          0          0       4026   os_sem.o
      1988         70          0          0          0       7869   os_task.o
       432         30          0          0          0       1862   os_time.o
      1588         94          0          0          0       5713   os_tmr.o
      1588         68          0         89          0       3380   pwm_out.o
       108          0          0          0          0        993   rng.o
        36          8        392          0       1024        812   startup_stm32f40_41xxx.o
      1124         24          0          0          0      10654   stm32f4xx_adc.o
       936         32          0          0          0       6365   stm32f4xx_dma.o
      1684         28          0          0          0       9390   stm32f4xx_flash.o
       660         44          0          0          0       4129   stm32f4xx_gpio.o
        32          4          0          1          0     228787   stm32f4xx_it.o
      1628         52          0         16          0      12984   stm32f4xx_rcc.o
       160          4          0          0          0       1792   stm32f4xx_rng.o
      3234         60          0          0          0      22984   stm32f4xx_tim.o
      1108         34          0          0          0       7852   stm32f4xx_usart.o
       528         46          0         20          0       1731   system_stm32f4xx.o
       356         18          0          0        180      29341   time.o
      6840        450         16        143       9492     332724   ucos_task.o
     11316        392          0         86       3296      24858   usart_fc.o

    ----------------------------------------------------------------------
    134512       5368        996       3836      27476     927806   Object Totals
         0          0         32          0          0          0   (incl. Generated)
         4          0          8         24         16          0   (incl. Padding)

    ----------------------------------------------------------------------

      Code (inc. data)   RO Data    RW Data    ZI Data      Debug   Library Member Name

       856        118         80          0          0        288   acos.o
       744        106        152          0          0        352   atan.o
       496         64          0          0          0        192   atan2.o
       200         20          0          0          0        164   cos.o
       368         46         48          0          0        200   cos_i.o
       184         44          0          0          0        744   dunder.o
        44          0          0          0          0        248   fabs.o
        48          0          0          0          0        124   fpclassify.o
       248          0          0          0          0        152   poly.o
      3152        296        136          0          0        352   pow.o
         0          0          8          0          0          0   qnan.o
      1080        142        200          0          0        188   rred.o
       200         20          0          0          0        164   sin.o
       304         24         40          0          0        208   sin_i.o
       232          0          0          0          0        296   sqrt.o
       128         20          0          0          0        144   tan.o
       848         84         96          0          0        196   tan_i.o
        86          0          0          0          0          0   __dczerorl2.o
         0          0          0          0          0          0   entry.o
         0          0          0          0          0          0   entry10a.o
         0          0          0          0          0          0   entry11a.o
         8          4          0          0          0          0   entry2.o
         4          0          0          0          0          0   entry5.o
         0          0          0          0          0          0   entry7b.o
         0          0          0          0          0          0   entry8b.o
         8          4          0          0          0          0   entry9a.o
        12          6          0          4          0         68   errno.o
        30          0          0          0          0          0   handlers.o
        36          8          0          0          0         68   init.o
         0          0          0          0          0          0   iusefp.o
        30          0          0          0          0         68   llshl.o
        36          0          0          0          0         68   llsshr.o
        32          0          0          0          0         68   llushr.o
        36          0          0          0          0         68   memcpya.o
        36          0          0          0          0        108   memseta.o
        48          0          0          0          0         68   cdcmple.o
        48          0          0          0          0         68   cdrcmple.o
        56          0          0          0          0         88   d2f.o
       334          0          0          0          0        148   dadd.o
       222          0          0          0          0        100   ddiv.o
       186          0          0          0          0        176   depilogue.o
        62          0          0          0          0         80   dfixi.o
        34          0          0          0          0         76   dflti.o
        26          0          0          0          0         76   dfltui.o
       228          0          0          0          0         96   dmul.o
        46          0          0          0          0         80   dscalb.o
       162          0          0          0          0        100   dsqrt.o
        38          0          0          0          0         68   f2d.o
       110          0          0          0          0        168   fepilogue.o
       608         26          0         92          0     217216   sbus.o

    ----------------------------------------------------------------------
     11716       1032        760         96          0     223136   Library Totals
        22          0          0          0          0          0   (incl. Padding)

    ----------------------------------------------------------------------

      Code (inc. data)   RO Data    RW Data    ZI Data      Debug   Library Name

      9132        984        760          0          0       4012   m_wm.l
       354         22          0          4          0        516   mc_w.l
      1600          0          0          0          0       1392   mf_w.l
       608         26          0         92          0     217216   sbus_oldx.lib

    ----------------------------------------------------------------------
     11716       1032        760         96          0     223136   Library Totals

    ----------------------------------------------------------------------

==============================================================================


      Code (inc. data)   RO Data    RW Data    ZI Data      Debug   

    146228       6400       1756       3932      27476    1139490   Grand Totals
    146228       6400       1756       2516      27476    1139490   ELF Image Totals (compressed)
    146228       6400       1756       2516          0          0   ROM Totals

==============================================================================

    Total RO  Size (Code + RO Data)               147984 ( 144.52kB)
    Total RW  Size (RW Data + ZI Data)             31408 (  30.67kB)
    Total ROM Size (Code + RO Data + RW Data)     150500 ( 146.97kB)

==============================================================================

