Component: ARM Compiler 5.06 update 2 (build 183) Tool: armlink [4d35b7]

==============================================================================

Section Cross References

    ucos_task.o(.text) refers to leg.o(.text) for leg_init
    ucos_task.o(.text) refers to time.o(.text) for Get_Cycle_T
    ucos_task.o(.text) refers to mpu6050.o(.text) for MPU6050_Read
    ucos_task.o(.text) refers to hml5833l.o(.text) for ANO_AK8975_Read_Mag_Data
    ucos_task.o(.text) refers to dflt_clz.o(x$fpl$dfltu) for __aeabi_ui2d
    ucos_task.o(.text) refers to drleqf.o(x$fpl$drleqf) for __aeabi_cdrcmple
    ucos_task.o(.text) refers to imu.o(.text) for IMUupdate
    ucos_task.o(.text) refers to f2d.o(x$fpl$f2d) for __aeabi_f2d
    ucos_task.o(.text) refers to ddiv.o(x$fpl$ddiv) for __aeabi_ddiv
    ucos_task.o(.text) refers to d2f.o(x$fpl$d2f) for __aeabi_d2f
    ucos_task.o(.text) refers to fliter.o(.text) for firstOrderFilter
    ucos_task.o(.text) refers to dmul.o(x$fpl$dmul) for __aeabi_dmul
    ucos_task.o(.text) refers to delay.o(.text) for delay_ms
    ucos_task.o(.text) refers to leg.o(.bss) for leg
    ucos_task.o(.text) refers to ucos_task.o(.bss) for leg_dt
    ucos_task.o(.text) refers to ucos_task.o(.data) for cnt_init
    ucos_task.o(.text) refers to mpu6050.o(.bss) for mpu6050_fc
    ucos_task.o(.text) refers to imu.o(.data) for Yaw
    ucos_task.o(.text) refers to imu.o(.bss) for reference_vr
    ucos_task.o(.text) refers to fliter.o(.bss) for firstOrderFilters
    ucos_task.o(.text) refers to usart_fc.o(.bss) for Rc_Get_SBUS
    ucos_task.o(.text) refers to flash.o(.data) for SBUS_MAX
    ucos_task.o(.text) refers to sbus.o(.data) for channels
    ucos_task.o(.text) refers to my_math.o(.text) for my_deathzoom_rc
    ucos_task.o(.text) refers to dflt_clz.o(x$fpl$dflt) for __aeabi_i2d
    ucos_task.o(.text) refers to daddsub_clz.o(x$fpl$dadd) for __aeabi_dadd
    ucos_task.o(.text) refers to dleqf.o(x$fpl$dleqf) for __aeabi_cdcmple
    ucos_task.o(.text) refers to pow.o(i.__hardfp_pow) for __hardfp_pow
    ucos_task.o(.text) refers to sqrt.o(i.__hardfp_sqrt) for __hardfp_sqrt
    ucos_task.o(.text) refers to daddsub_clz.o(x$fpl$dsub) for __aeabi_dsub
    ucos_task.o(.text) refers to fabs.o(i.__hardfp_fabs) for __hardfp_fabs
    ucos_task.o(.text) refers to brain.o(.text) for leg_task1
    ucos_task.o(.text) refers to pwm_out.o(.text) for Set_DJ_PWM
    ucos_task.o(.text) refers to usart_fc.o(.text) for Send_LEG
    ucos_task.o(.text) refers to brain_g.o(.data) for center_control_out
    ucos_task.o(.text) refers to os_core.o(.data) for OSCPUUsage
    main.o(.text) refers to os_mbox.o(.text) for OSMboxCreate
    main.o(.text) refers to os_q.o(.text) for OSQCreate
    main.o(.text) refers to os_flag.o(.text) for OSFlagCreate
    main.o(.text) refers to os_core.o(.text) for OSStatInit
    main.o(.text) refers to os_tmr.o(.text) for OSTmrCreate
    main.o(.text) refers to os_cpu_a.o(.text) for OS_CPU_SR_Save
    main.o(.text) refers to os_task.o(.text) for OSTaskCreate
    main.o(.text) refers to misc.o(.text) for NVIC_PriorityGroupConfig
    main.o(.text) refers to delay.o(.text) for delay_init
    main.o(.text) refers to time.o(.text) for Initial_Timer_SYS
    main.o(.text) refers to rng.o(.text) for RNG_Init
    main.o(.text) refers to flash.o(.text) for READ_PARM
    main.o(.text) refers to leg_lib.o(.text) for set_lisence
    main.o(.text) refers to usart_fc.o(.text) for Usart1_Init
    main.o(.text) refers to dma.o(.text) for MYDMA_Config
    main.o(.text) refers to stm32f4xx_usart.o(.text) for USART_DMACmd
    main.o(.text) refers to led_fc.o(.text) for LED_Init
    main.o(.text) refers to spi_nrf.o(.text) for SPI2_Init1
    main.o(.text) refers to mpu9250.o(.text) for Mpu9250_Init
    main.o(.text) refers to leg.o(.text) for leg_init
    main.o(.text) refers to pwm_out.o(.text) for PWM_Out_Init
    main.o(.text) refers to main.o(.data) for msg_key
    main.o(.text) refers to main.o(.bss) for MsgGrp
    main.o(.text) refers to ucos_task.o(.text) for tmr1_callback
    main.o(.text) refers to ucos_task.o(.data) for tmr1
    main.o(.text) refers to ucos_task.o(.bss) for BRAIN_TASK_STK
    main.o(.text) refers to usart_fc.o(.bss) for SendBuff1
    main.o(.text) refers to leg.o(.bss) for leg
    stm32f4xx_it.o(.text) refers to stm32f4xx_it.o(.data) for hard_fall
    system_stm32f4xx.o(.text) refers to system_stm32f4xx.o(.data) for SystemCoreClock
    startup_stm32f40_41xxx.o(STACK) refers (Special) to heapauxi.o(.text) for __use_two_region_memory
    startup_stm32f40_41xxx.o(HEAP) refers (Special) to heapauxi.o(.text) for __use_two_region_memory
    startup_stm32f40_41xxx.o(RESET) refers (Special) to heapauxi.o(.text) for __use_two_region_memory
    startup_stm32f40_41xxx.o(RESET) refers to startup_stm32f40_41xxx.o(STACK) for __initial_sp
    startup_stm32f40_41xxx.o(RESET) refers to startup_stm32f40_41xxx.o(.text) for Reset_Handler
[...]
    OSTaskStatHook                           0x0800756d   Thumb Code     2  os_cpu_c.o(.text)
    OSTaskStkInit                            0x0800756f   Thumb Code   426  os_cpu_c.o(.text)
    OSTaskSwHook                             0x08007719   Thumb Code     2  os_cpu_c.o(.text)
    OSTCBInitHook                            0x0800771b   Thumb Code     2  os_cpu_c.o(.text)
    OSTimeTickHook                           0x0800771d   Thumb Code    30  os_cpu_c.o(.text)
    OSTaskReturnHook                         0x0800773b   Thumb Code     2  os_cpu_c.o(.text)
    STMFLASH_ReadWord                        0x08007745   Thumb Code     6  flash.o(.text)
    STMFLASH_GetFlashSector                  0x0800774b   Thumb Code   116  flash.o(.text)
    STMFLASH_Write                           0x080077bf   Thumb Code   146  flash.o(.text)
    STMFLASH_Read                            0x08007851   Thumb Code    32  flash.o(.text)
    WRITE_PARM                               0x08007871   Thumb Code  1688  flash.o(.text)
    READ_PARM                                0x08007f09   Thumb Code  1812  flash.o(.text)
    LED_Init                                 0x0800864d   Thumb Code    42  led_fc.o(.text)
    LEDRGB                                   0x08008677   Thumb Code   116  led_fc.o(.text)
    LEDRGB_STATE                             0x080086eb   Thumb Code    42  led_fc.o(.text)
    Set_DJ_PWM                               0x0800871d   Thumb Code   692  pwm_out.o(.text)
    PWM_Out_Init                             0x080089d1   Thumb Code   614  pwm_out.o(.text)
    CH_out_Mapping_Fun                       0x08008c37   Thumb Code    28  pwm_out.o(.text)
    SetPwm                                   0x08008c53   Thumb Code   192  pwm_out.o(.text)
    LEG_POWER                                0x08008d13   Thumb Code    26  pwm_out.o(.text)
    SEL_Init                                 0x08008d2d   Thumb Code    46  pwm_out.o(.text)
    PWM_Out_Init_FOR_CAL                     0x08008d5b   Thumb Code   494  pwm_out.o(.text)
    SetPwm_AUX                               0x08008f49   Thumb Code   274  pwm_out.o(.text)
    PWM_AUX_Out_Init                         0x0800905b   Thumb Code   270  pwm_out.o(.text)
    SysTick_Configuration                    0x0800918d   Thumb Code    98  time.o(.text)
    micros                                   0x080091ef   Thumb Code    10  time.o(.text)
    GetSysTime_us                            0x080091f9   Thumb Code     8  time.o(.text)
    Delay_us                                 0x08009201   Thumb Code    12  time.o(.text)
    Delay_ms                                 0x0800920d   Thumb Code    24  time.o(.text)
    Get_Cycle_T                              0x08009225   Thumb Code   118  time.o(.text)
    Cycle_Time_Init                          0x0800929b   Thumb Code    22  time.o(.text)
    Initial_Timer_SYS                        0x080092b1   Thumb Code    46  time.o(.text)
    MYDMA_Config                             0x080092f1   Thumb Code   184  dma.o(.text)
    MYDMA_Enable                             0x080093a9   Thumb Code    44  dma.o(.text)
    RNG_Init                                 0x080093d9   Thumb Code    62  rng.o(.text)
    RNG_Get_RandomNum                        0x08009417   Thumb Code    20  rng.o(.text)
    RNG_Get_RandomRange                      0x0800942b   Thumb Code    26  rng.o(.text)
    SPI_CS                                   0x08009445   Thumb Code   124  spi_nrf.o(.text)
    SPI2_Init1                               0x080094c1   Thumb Code   388  spi_nrf.o(.text)
    Spi_RW                                   0x08009645   Thumb Code    50  spi_nrf.o(.text)
    Usart1_Init                              0x08009685   Thumb Code   218  usart_fc.o(.text)
    Usart2_Init                              0x0800975f   Thumb Code   210  usart_fc.o(.text)
    Usart3_Init                              0x08009831   Thumb Code   218  usart_fc.o(.text)
    Usart4_Init                              0x0800990b   Thumb Code   218  usart_fc.o(.text)
    Uart5_Init                               0x080099e5   Thumb Code   244  usart_fc.o(.text)
    Uart6_Init                               0x08009ad9   Thumb Code   196  usart_fc.o(.text)
    UsartSend_LEG_DJ                         0x08009b9d   Thumb Code    28  usart_fc.o(.text)
    UsartSend_LEG4                           0x08009bb9   Thumb Code    28  usart_fc.o(.text)
    UsartSend_LEG3                           0x08009bd5   Thumb Code    28  usart_fc.o(.text)
    UsartSend_LEG2                           0x08009bf1   Thumb Code    28  usart_fc.o(.text)
    UsartSend_LEG1                           0x08009c0d   Thumb Code    28  usart_fc.o(.text)
    Send_IMU_TO_FLOW                         0x08009c5d   Thumb Code   118  usart_fc.o(.text)
    Send_DJ11_12                             0x08009cd3   Thumb Code   228  usart_fc.o(.text)
    Send_IMU_PARM                            0x08009db7   Thumb Code   250  usart_fc.o(.text)
    GOL_LINK_TASK                            0x08009eb1   Thumb Code    34  usart_fc.o(.text)
    my_itoa                                  0x08009f1d   Thumb Code   136  usart_fc.o(.text)
    UsartSend_LEG_BUF_BUF                    0x08009fa5   Thumb Code   378  usart_fc.o(.text)
    UsartSend_LEG_BUF_BUF_2                  0x0800a11f   Thumb Code   372  usart_fc.o(.text)
    LEG_POWER_OFF                            0x0800a293   Thumb Code   144  usart_fc.o(.text)
    Send_LEG                                 0x0800a323   Thumb Code    28  usart_fc.o(.text)
    Data_LEG_CMD                             0x0800a33f   Thumb Code   620  usart_fc.o(.text)
    Data_Receive_Anl1_RC                     0x0800a5ab   Thumb Code    74  usart_fc.o(.text)
    USART1_IRQHandler                        0x0800a5f5   Thumb Code   344  usart_fc.o(.text)
    Data_Receive_Anl                         0x0800a74d   Thumb Code   572  usart_fc.o(.text)
    Data_LEG                                 0x0800a989   Thumb Code   860  usart_fc.o(.text)
    USART2_IRQHandler                        0x0800ace5   Thumb Code   338  usart_fc.o(.text)
    USART3_IRQHandler                        0x0800ae37   Thumb Code   340  usart_fc.o(.text)
    UART4_IRQHandler                         0x0800af8b   Thumb Code   428  usart_fc.o(.text)
    UART5_IRQHandler                         0x0800b137   Thumb Code   404  usart_fc.o(.text)
    data_per_uart1                           0x0800b2cb   Thumb Code  1230  usart_fc.o(.text)
    GOL_LINK_TASK_DMA                        0x0800b799   Thumb Code    28  usart_fc.o(.text)
    clear_leg_uart                           0x0800b7b5   Thumb Code    26  usart_fc.o(.text)
    UART_UP_Put_Char                         0x0800b7cf   Thumb Code    28  usart_fc.o(.text)
    ReportMotion                             0x0800b7eb   Thumb Code   422  usart_fc.o(.text)
    ReportIMU                                0x0800b991   Thumb Code   300  usart_fc.o(.text)
    MPU6050_Read                             0x0800babd   Thumb Code     8  mpu6050.o(.text)
    MPU6050_Data_Offset                      0x0800bac5   Thumb Code  1470  mpu6050.o(.text)
    Transform                                0x0800c083   Thumb Code    14  mpu6050.o(.text)
    MPU6050_Data_Prepare                     0x0800c091   Thumb Code  1344  mpu6050.o(.text)
    MPU9250_Write_Reg                        0x0800c5e9   Thumb Code    38  mpu9250.o(.text)
    Mpu9250_Init                             0x0800c60f   Thumb Code   202  mpu9250.o(.text)
    MPU9250_Read_Reg                         0x0800c6d9   Thumb Code    38  mpu9250.o(.text)
    MPU92_Mag_WriteReg                       0x0800c6ff   Thumb Code    86  mpu9250.o(.text)
    MPU92_Mag_ReadReg                        0x0800c755   Thumb Code    84  mpu9250.o(.text)
    MPU9250_ReadValue                        0x0800c7a9   Thumb Code   204  mpu9250.o(.text)
    ANO_AK8975_CalOffset_Mag                 0x0800c88d   Thumb Code   808  hml5833l.o(.text)
    ANO_AK8975_Read_Mag_Data                 0x0800cbb5   Thumb Code   414  hml5833l.o(.text)
    AHRSupdate                               0x0800cd61   Thumb Code  1994  imu.o(.text)
    IMUupdate                                0x0800d52b   Thumb Code  3410  imu.o(.text)
    invSqrt                                  0x0800e27d   Thumb Code    56  imu.o(.text)
    calculateAccConfidence                   0x0800e2b5   Thumb Code   224  imu.o(.text)
    calculateHmlConfidence                   0x0800e395   Thumb Code   198  imu.o(.text)
    madgwick_update_new                      0x0800e45b   Thumb Code  3458  imu.o(.text)
    cal_cog_tri                              0x0800f201   Thumb Code    42  leg_lib.o(.text)
    conver_legpos_to_barin                   0x0800f22b   Thumb Code   174  leg_lib.o(.text)
    cal_dis_of_points                        0x0800f2d9   Thumb Code   160  leg_lib.o(.text)
    check_leg_near_init                      0x0800f379   Thumb Code   164  leg_lib.o(.text)
    get_next_leg_flag_in_list                0x0800f41d   Thumb Code    70  leg_lib.o(.text)
    leg_repeat_protect                       0x0800f463   Thumb Code   540  leg_lib.o(.text)
    leg_repeat_protect1                      0x0800f67f   Thumb Code   196  leg_lib.o(.text)
    check_point_front_arrow                  0x0800f743   Thumb Code   446  leg_lib.o(.text)
    cross_point_of_lines                     0x0800f901   Thumb Code   192  leg_lib.o(.text)
    line_function90_from_arrow               0x0800f9c1   Thumb Code   166  leg_lib.o(.text)
    line_function_from_arrow                 0x0800fa67   Thumb Code   150  leg_lib.o(.text)
    resize_point_with_arrow                  0x0800fafd   Thumb Code   492  leg_lib.o(.text)
    cal_jiao_of_tuo_and_line                 0x0800fce9   Thumb Code   518  leg_lib.o(.text)
    in_circle                                0x0800feef   Thumb Code   308  leg_lib.o(.text)
    limit_trig_pos_of_leg                    0x08010023   Thumb Code  1126  leg_lib.o(.text)
    limit_range_leg                          0x08010489   Thumb Code   454  leg_lib.o(.text)
    arrow_check_to_bow                       0x0801064f   Thumb Code   330  leg_lib.o(.text)
    line_function_from_two_point             0x08010799   Thumb Code   126  leg_lib.o(.text)
    check_point_on_line                      0x08010817   Thumb Code    54  leg_lib.o(.text)
    check_points_same_side                   0x0801084d   Thumb Code    64  leg_lib.o(.text)
    check_cross_arrow_line                   0x0801088d   Thumb Code   376  leg_lib.o(.text)
    check_cross_arrow90_line                 0x08010a05   Thumb Code   266  leg_lib.o(.text)
    cal_center_of_trig                       0x08010b0f   Thumb Code     2  leg_lib.o(.text)
    dis_point_to_line                        0x08010b11   Thumb Code   144  leg_lib.o(.text)
    conver_body_to_global                    0x08010ba1   Thumb Code    68  leg_lib.o(.text)
    two_point_between_arror                  0x08010be5   Thumb Code   132  leg_lib.o(.text)
    limit_move_range_tangle                  0x08010c69   Thumb Code   420  leg_lib.o(.text)
    get_min_dis_arrow_to_tangle              0x08010e0d   Thumb Code   338  leg_lib.o(.text)
    segmentsIntr                             0x08010f5f   Thumb Code   492  leg_lib.o(.text)
    inTrig                                   0x0801114b   Thumb Code   360  leg_lib.o(.text)
    inTrig2                                  0x080112b3   Thumb Code   368  leg_lib.o(.text)
    check_in_move_range_tangle               0x08011423   Thumb Code   492  leg_lib.o(.text)
    check_in_move_range                      0x0801160f   Thumb Code   334  leg_lib.o(.text)
    check_point_to_tangle                    0x0801175d   Thumb Code   856  leg_lib.o(.text)
    cal_jiao_of_range_and_line               0x08011ab5   Thumb Code   886  leg_lib.o(.text)
    cal_jiao_of_range_and_line_tangle        0x08011e2b   Thumb Code   520  leg_lib.o(.text)
    check_point_to_trig                      0x08012033   Thumb Code   636  leg_lib.o(.text)
    cal_area_trig                            0x080122cd   Thumb Code   378  leg_lib.o(.text)
    cal_steady_s                             0x08012447   Thumb Code   378  leg_lib.o(.text)
    cal_steady_s4                            0x080125c1   Thumb Code   268  leg_lib.o(.text)
    find_closet_point                        0x080126cd   Thumb Code   754  leg_lib.o(.text)
    BitToHex                                 0x080129bf   Thumb Code   146  leg_lib.o(.text)
    BitsCopy                                 0x08012a51   Thumb Code    22  leg_lib.o(.text)
    TablePermute                             0x08012a67   Thumb Code    48  leg_lib.o(.text)
    Xor                                      0x08012a97   Thumb Code    26  leg_lib.o(.text)
    ByteToBit                                0x08012ab1   Thumb Code    56  leg_lib.o(.text)
    S_Change                                 0x08012ae9   Thumb Code    78  leg_lib.o(.text)
    F_Change                                 0x08012b37   Thumb Code    50  leg_lib.o(.text)
    PlayDes                                  0x08012b69   Thumb Code   120  leg_lib.o(.text)
    LoopMove                                 0x08012be1   Thumb Code    42  leg_lib.o(.text)
    SetKey                                   0x08012c0b   Thumb Code    88  leg_lib.o(.text)
    license_check                            0x08012c63   Thumb Code   294  leg_lib.o(.text)
    cpuidGetId                               0x08012d89   Thumb Code    88  leg_lib.o(.text)
    set_lisence                              0x08012de1   Thumb Code    32  leg_lib.o(.text)
    BitToByte                                0x08012e01   Thumb Code   180  leg_lib.o(.text)
    HexToBit                                 0x08012eb5   Thumb Code   110  leg_lib.o(.text)
    KickDes                                  0x08012f23   Thumb Code   120  leg_lib.o(.text)
    des_test                                 0x08012f9b   Thumb Code   346  leg_lib.o(.text)
    READ_LEG_ID                              0x08013119   Thumb Code     8  leg.o(.text)
    leg_init                                 0x08013121   Thumb Code  1388  leg.o(.text)
    pos_range_check                          0x0801368d   Thumb Code   170  leg.o(.text)
    cal_sita_form_pos_tri_leg                0x08013737   Thumb Code  1270  leg.o(.text)
    cal_PWM_for_tri_leg                      0x08013c2d   Thumb Code   330  leg.o(.text)
    cal_sita_from_pos                        0x08013d77   Thumb Code  3896  leg.o(.text)
    cal_pos_from_sita                        0x08014caf   Thumb Code  1762  leg.o(.text)
    cal_pwm_from_sita                        0x08015391   Thumb Code   682  leg.o(.text)
    curve_cal                                0x0801563b   Thumb Code   394  leg.o(.text)
    cal_curve_from_pos                       0x080157c5   Thumb Code  1546  leg.o(.text)
    cal_pos_tar_from_curve                   0x08015dcf   Thumb Code   194  leg.o(.text)
    leg_curve_bai                            0x08015e91   Thumb Code   644  leg.o(.text)
    leg_follow_curve                         0x08016115   Thumb Code   750  leg.o(.text)
    cal_pos_tar_for_deng                     0x08016403   Thumb Code  1128  leg.o(.text)
    leg_ground_check                         0x0801686b   Thumb Code    32  leg.o(.text)
    leg_publish                              0x0801688b   Thumb Code   842  leg.o(.text)
    leg_drive                                0x08016bd5   Thumb Code   854  leg.o(.text)
    barin_init                               0x08016f55   Thumb Code  1328  brain.o(.text)
    fall_reset                               0x08017485   Thumb Code  2648  brain.o(.text)
    att_control                              0x08017edd   Thumb Code  1576  brain.o(.text)
    fall_treat_tro                           0x08018505   Thumb Code  1674  brain.o(.text)
    center_control_global_tro                0x08018b8f   Thumb Code  3458  brain.o(.text)
    leg_tar_est_global_tro                   0x08019911   Thumb Code  3610  brain.o(.text)
    check_leg_need_move_global_tro           0x0801a72b   Thumb Code  1670  brain.o(.text)
    cal_center_of_leg_ground                 0x0801adb1   Thumb Code  1896  brain.o(.text)
    estimate_center                          0x0801b519   Thumb Code   418  brain.o(.text)
    leg_task1                                0x0801b6bb   Thumb Code   402  brain.o(.text)
    state_clear                              0x0801b859   Thumb Code   152  brain_g.o(.text)
    cal_pos_global                           0x0801b8f1   Thumb Code  4820  brain_g.o(.text)
    fall_treat1                              0x0801cbc5   Thumb Code  1112  brain_g.o(.text)
    center_control_global                    0x0801d01d   Thumb Code  9490  brain_g.o(.text)
    leg_tar_est_global                       0x0801f52f   Thumb Code  3604  brain_g.o(.text)
    planner_leg_little_dog                   0x08020343   Thumb Code   944  brain_g.o(.text)
    check_leg_need_move_global               0x080206f3   Thumb Code  4668  brain_g.o(.text)
    planner_leg                              0x0802192f   Thumb Code  1262  brain_g.o(.text)
    fall_treat                               0x08021e1d   Thumb Code   692  brain_g.o(.text)
    Moving_Average                           0x080220ed   Thumb Code    94  fliter.o(.text)
    Moving_Median                            0x0802214b   Thumb Code   228  fliter.o(.text)
    IIR_I_Filter                             0x0802222f   Thumb Code   294  fliter.o(.text)
    KalmanFilter                             0x08022355   Thumb Code   272  fliter.o(.text)
    LPF_1st                                  0x08022465   Thumb Code    22  fliter.o(.text)
    simple_3d_trans                          0x0802247b   Thumb Code   316  fliter.o(.text)
    initFirstOrderFilter                     0x080225b7   Thumb Code   530  fliter.o(.text)
    firstOrderFilter                         0x080227c9   Thumb Code    90  fliter.o(.text)
    my_abs                                   0x08022875   Thumb Code    26  my_math.o(.text)
    fast_atan2                               0x0802288f   Thumb Code   350  my_math.o(.text)
    my_atan                                  0x080229ed   Thumb Code    24  my_math.o(.text)
    my_pow                                   0x08022a05   Thumb Code    10  my_math.o(.text)
    my_sqrt                                  0x08022a0f   Thumb Code    88  my_math.o(.text)
    mx_sin                                   0x08022a67   Thumb Code   292  my_math.o(.text)
    my_sin                                   0x08022b8b   Thumb Code   108  my_math.o(.text)
    my_cos                                   0x08022bf7   Thumb Code   136  my_math.o(.text)
    my_deathzoom                             0x08022c7f   Thumb Code   158  my_math.o(.text)
    my_deathzoom_2                           0x08022d1d   Thumb Code    40  my_math.o(.text)
    my_deathzoom_21                          0x08022d45   Thumb Code    40  my_math.o(.text)
    my_deathzoom_rc                          0x08022d6d   Thumb Code   216  my_math.o(.text)
    limit_mine                               0x08022e45   Thumb Code    40  my_math.o(.text)
    limit_mine2                              0x08022e6d   Thumb Code    36  my_math.o(.text)
    To_180_degrees                           0x08022e91   Thumb Code    58  my_math.o(.text)
    my_pow_2_curve                           0x08022ecb   Thumb Code    80  my_math.o(.text)
    sbus_anal_oldx                           0x08022f35   Thumb Code   462  sbus.o(.text)
    oldx_sbus_rx                             0x08023103   Thumb Code   120  sbus.o(.text)
    cycle_init_oldx                          0x08023195   Thumb Code   184  cycle_cal_oldx.o(.text)
    cycle_data_add_oldx                      0x0802324d   Thumb Code   420  cycle_cal_oldx.o(.text)
    cycle_cal_oldx                           0x080233f1   Thumb Code  1980  cycle_cal_oldx.o(.text)
    __aeabi_memcpy4                          0x08023bad   Thumb Code     0  rt_memcpy_w.o(.text)
    __aeabi_memcpy8                          0x08023bad   Thumb Code     0  rt_memcpy_w.o(.text)
    __rt_memcpy_w                            0x08023bad   Thumb Code   100  rt_memcpy_w.o(.text)
    _memcpy_lastbytes_aligned                0x08023bf5   Thumb Code     0  rt_memcpy_w.o(.text)
    __aeabi_memclr4                          0x08023c11   Thumb Code     0  rt_memclr_w.o(.text)
    __aeabi_memclr8                          0x08023c11   Thumb Code     0  rt_memclr_w.o(.text)
    __rt_memclr_w                            0x08023c11   Thumb Code    78  rt_memclr_w.o(.text)
    _memset_w                                0x08023c15   Thumb Code     0  rt_memclr_w.o(.text)
    __use_two_region_memory                  0x08023c5f   Thumb Code     2  heapauxi.o(.text)
    __rt_heap_escrow$2region                 0x08023c61   Thumb Code     2  heapauxi.o(.text)
    __rt_heap_expand$2region                 0x08023c63   Thumb Code     2  heapauxi.o(.text)
    __read_errno                             0x08023c65   Thumb Code    10  _rserrno.o(.text)
    __set_errno                              0x08023c6f   Thumb Code    12  _rserrno.o(.text)
    __aeabi_errno_addr                       0x08023c7d   Thumb Code     8  rt_errno_addr_intlibspace.o(.text)
    __errno$intlibspace                      0x08023c7d   Thumb Code     0  rt_errno_addr_intlibspace.o(.text)
    __rt_errno_addr$intlibspace              0x08023c7d   Thumb Code     0  rt_errno_addr_intlibspace.o(.text)
    __user_libspace                          0x08023c85   Thumb Code     8  libspace.o(.text)
    __user_perproc_libspace                  0x08023c85   Thumb Code     0  libspace.o(.text)
    __user_perthread_libspace                0x08023c85   Thumb Code     0  libspace.o(.text)
    __user_setup_stackheap                   0x08023c8d   Thumb Code    74  sys_stackheap_outer.o(.text)
    exit                                     0x08023cd7   Thumb Code    18  exit.o(.text)
    _sys_exit                                0x08023ce9   Thumb Code     8  sys_exit.o(.text)
    __I$use$semihosting                      0x08023cf5   Thumb Code     0  use_no_semi.o(.text)
    __use_no_semihosting_swi                 0x08023cf5   Thumb Code     2  use_no_semi.o(.text)
    __ARM_fpclassify                         0x08023cf7   Thumb Code    48  fpclassify.o(i.__ARM_fpclassify)
    __semihosting_library_function           0x08023cf7   Thumb Code     0  indicate_semi.o(.text)
    __hardfp_acos                            0x08023d29   Thumb Code   738  acos.o(i.__hardfp_acos)
    __hardfp_asin                            0x08024081   Thumb Code   770  asin.o(i.__hardfp_asin)
    __hardfp_atan                            0x080243e1   Thumb Code   622  atan.o(i.__hardfp_atan)
    __hardfp_atan2                           0x080246b9   Thumb Code   432  atan2.o(i.__hardfp_atan2)
    __hardfp_cos                             0x080248a9   Thumb Code   180  cos.o(i.__hardfp_cos)
    __hardfp_fabs                            0x08024971   Thumb Code    20  fabs.o(i.__hardfp_fabs)
    __hardfp_pow                             0x08024989   Thumb Code  3072  pow.o(i.__hardfp_pow)
    __hardfp_sin                             0x080255d9   Thumb Code   180  sin.o(i.__hardfp_sin)
    __hardfp_sqrt                            0x080256a1   Thumb Code   122  sqrt.o(i.__hardfp_sqrt)
    __hardfp_tan                             0x08025721   Thumb Code   108  tan.o(i.__hardfp_tan)
    __ieee754_rem_pio2                       0x080257a1   Thumb Code   938  rred.o(i.__ieee754_rem_pio2)
    __kernel_cos                             0x08025bd9   Thumb Code   322  cos_i.o(i.__kernel_cos)
    __kernel_poly                            0x08025d49   Thumb Code   248  poly.o(i.__kernel_poly)
    __kernel_sin                             0x08025e41   Thumb Code   280  sin_i.o(i.__kernel_sin)
    __kernel_tan                             0x08025f71   Thumb Code   764  tan_i.o(i.__kernel_tan)
    __mathlib_dbl_divzero                    0x080262c1   Thumb Code    28  dunder.o(i.__mathlib_dbl_divzero)
    __mathlib_dbl_infnan                     0x080262f1   Thumb Code    20  dunder.o(i.__mathlib_dbl_infnan)
    __mathlib_dbl_infnan2                    0x08026305   Thumb Code    20  dunder.o(i.__mathlib_dbl_infnan2)
    __mathlib_dbl_invalid                    0x08026319   Thumb Code    24  dunder.o(i.__mathlib_dbl_invalid)
    __mathlib_dbl_overflow                   0x08026339   Thumb Code    24  dunder.o(i.__mathlib_dbl_overflow)
    __mathlib_dbl_underflow                  0x08026359   Thumb Code    24  dunder.o(i.__mathlib_dbl_underflow)
    atan                                     0x08026379   Thumb Code    16  atan.o(i.atan)
    fabs                                     0x08026389   Thumb Code    24  fabs.o(i.fabs)
    sqrt                                     0x080263a1   Thumb Code   110  sqrt.o(i.sqrt)
    __aeabi_dneg                             0x0802640f   Thumb Code     0  basic.o(x$fpl$basic)
    _dneg                                    0x0802640f   Thumb Code     6  basic.o(x$fpl$basic)
    __aeabi_fneg                             0x08026415   Thumb Code     0  basic.o(x$fpl$basic)
    _fneg                                    0x08026415   Thumb Code     6  basic.o(x$fpl$basic)
    _dabs                                    0x0802641b   Thumb Code     6  basic.o(x$fpl$basic)
    _fabs                                    0x08026421   Thumb Code     6  basic.o(x$fpl$basic)
    __aeabi_d2f                              0x08026429   Thumb Code     0  d2f.o(x$fpl$d2f)
    _d2f                                     0x08026429   Thumb Code    98  d2f.o(x$fpl$d2f)
    __aeabi_dadd                             0x0802648d   Thumb Code     0  daddsub_clz.o(x$fpl$dadd)
    _dadd                                    0x0802648d   Thumb Code   332  daddsub_clz.o(x$fpl$dadd)
    __fpl_dcheck_NaN1                        0x080265dd   Thumb Code    10  dcheck1.o(x$fpl$dcheck1)
    __fpl_dcmp_Inf                           0x080265ed   Thumb Code    24  dcmpi.o(x$fpl$dcmpinf)
    __aeabi_ddiv                             0x08026605   Thumb Code     0  ddiv.o(x$fpl$ddiv)
    _ddiv                                    0x08026605   Thumb Code   552  ddiv.o(x$fpl$ddiv)
    __aeabi_d2iz                             0x080268b5   Thumb Code     0  dfix.o(x$fpl$dfix)
    _dfix                                    0x080268b5   Thumb Code    94  dfix.o(x$fpl$dfix)
    __aeabi_i2d                              0x08026913   Thumb Code     0  dflt_clz.o(x$fpl$dflt)
    _dflt                                    0x08026913   Thumb Code    46  dflt_clz.o(x$fpl$dflt)
    __aeabi_ui2d                             0x08026941   Thumb Code     0  dflt_clz.o(x$fpl$dfltu)
    _dfltu                                   0x08026941   Thumb Code    38  dflt_clz.o(x$fpl$dfltu)
    __aeabi_cdcmple                          0x08026969   Thumb Code     0  dleqf.o(x$fpl$dleqf)
    _dcmple                                  0x08026969   Thumb Code   120  dleqf.o(x$fpl$dleqf)
    __fpl_dcmple_InfNaN                      0x080269cb   Thumb Code     0  dleqf.o(x$fpl$dleqf)
    __aeabi_dmul                             0x080269e1   Thumb Code     0  dmul.o(x$fpl$dmul)
    _dmul                                    0x080269e1   Thumb Code   332  dmul.o(x$fpl$dmul)
    __fpl_dnaninf                            0x08026b35   Thumb Code   156  dnaninf.o(x$fpl$dnaninf)
    __fpl_dretinf                            0x08026bd1   Thumb Code    12  dretinf.o(x$fpl$dretinf)
    __aeabi_cdrcmple                         0x08026bdd   Thumb Code     0  drleqf.o(x$fpl$drleqf)
    _drcmple                                 0x08026bdd   Thumb Code   108  drleqf.o(x$fpl$drleqf)
    __aeabi_drsub                            0x08026c49   Thumb Code     0  daddsub_clz.o(x$fpl$drsb)
    _drsb                                    0x08026c49   Thumb Code    22  daddsub_clz.o(x$fpl$drsb)
    _dsqrt                                   0x08026c61   Thumb Code   404  dsqrt_umaal.o(x$fpl$dsqrt)
    __aeabi_dsub                             0x08026df9   Thumb Code     0  daddsub_clz.o(x$fpl$dsub)
    _dsub                                    0x08026df9   Thumb Code   464  daddsub_clz.o(x$fpl$dsub)
    __aeabi_f2d                              0x08026fcd   Thumb Code     0  f2d.o(x$fpl$f2d)
    _f2d                                     0x08026fcd   Thumb Code    86  f2d.o(x$fpl$f2d)
    __fpl_fnaninf                            0x08027023   Thumb Code   140  fnaninf.o(x$fpl$fnaninf)
    _fp_init                                 0x080270af   Thumb Code    10  fpinit.o(x$fpl$fpinit)
    __fplib_config_fpu_vfp                   0x080270b7   Thumb Code     0  fpinit.o(x$fpl$fpinit)
    __fplib_config_pureend_doubles           0x080270b7   Thumb Code     0  fpinit.o(x$fpl$fpinit)
    __fpl_fretinf                            0x080270b9   Thumb Code    10  fretinf.o(x$fpl$fretinf)
    __fpl_return_NaN                         0x080270c3   Thumb Code   100  retnan.o(x$fpl$retnan)
    __ARM_scalbn                             0x08027127   Thumb Code    92  scalbn.o(x$fpl$scalbn)
    __fpl_cmpreturn                          0x08027183   Thumb Code    48  trapv.o(x$fpl$trapveneer)
    OSUnMapTbl                               0x080271b2   Data         256  os_core.o(.constdata)
    __I$use$fp                               0x080271b2   Number         0  usenofp.o(x$fpl$usenofp)
    __mathlib_zero                           0x080275d0   Data           8  qnan.o(.constdata)
    Region$$Table$$Base                      0x08027728   Number         0  anon$$obj.o(Region$$Table)
    Region$$Table$$Limit                     0x08027748   Number         0  anon$$obj.o(Region$$Table)
    k_rc_spd                                 0x20000000   Data           4  ucos_task.o(.data)
    k_z_c                                    0x20000004   Data           4  ucos_task.o(.data)
    test                                     0x20000008   Data          20  ucos_task.o(.data)
    k_rc                                     0x2000001c   Data           8  ucos_task.o(.data)
    Yaw_set                                  0x20000024   Data           4  ucos_task.o(.data)
    kp_yaw                                   0x20000028   Data           4  ucos_task.o(.data)
    UART_UP_LOAD_SEL                         0x2000002c   Data           1  ucos_task.o(.data)
    state_v_test                             0x2000002d   Data           1  ucos_task.o(.data)
    num_need_to_check                        0x2000002e   Data           1  ucos_task.o(.data)
    tmr1                                     0x20000030   Data           4  ucos_task.o(.data)
    tmr2                                     0x20000034   Data           4  ucos_task.o(.data)
    tmr3                                     0x20000038   Data           4  ucos_task.o(.data)
    cpuusage                                 0x2000003c   Data           2  ucos_task.o(.data)
    msg_key                                  0x2000005c   Data           4  main.o(.data)
    q_msg                                    0x20000060   Data           4  main.o(.data)
    flags_key                                0x20000064   Data           4  main.o(.data)
    en_read                                  0x20000068   Data           1  main.o(.data)
    Lisence                                  0x20000069   Data         257  main.o(.data)
    hard_fall                                0x2000016a   Data           1  stm32f4xx_it.o(.data)
    SystemCoreClock                          0x2000016c   Data           4  system_stm32f4xx.o(.data)
    AHBPrescTable                            0x20000170   Data          16  system_stm32f4xx.o(.data)
    OSCtxSwCtr                               0x20000194   Data           4  os_core.o(.data)
    OSEventFreeList                          0x20000198   Data           4  os_core.o(.data)
    OSFlagFreeList                           0x2000019c   Data           4  os_core.o(.data)
    OSCPUUsage                               0x200001a0   Data           1  os_core.o(.data)
    OSIdleCtrMax                             0x200001a4   Data           4  os_core.o(.data)
    OSIdleCtrRun                             0x200001a8   Data           4  os_core.o(.data)
    OSStatRdy                                0x200001ac   Data           1  os_core.o(.data)
    OSIntNesting                             0x200001ad   Data           1  os_core.o(.data)
    OSLockNesting                            0x200001ae   Data           1  os_core.o(.data)
    OSPrioCur                                0x200001af   Data           1  os_core.o(.data)
    OSPrioHighRdy                            0x200001b0   Data           1  os_core.o(.data)
    OSRdyGrp                                 0x200001b1   Data           1  os_core.o(.data)
    OSRdyTbl                                 0x200001b2   Data           8  os_core.o(.data)
    OSRunning                                0x200001ba   Data           1  os_core.o(.data)
    OSTaskCtr                                0x200001bb   Data           1  os_core.o(.data)
    OSIdleCtr                                0x200001bc   Data           4  os_core.o(.data)
    OSTCBCur                                 0x200001c0   Data           4  os_core.o(.data)
    OSTCBFreeList                            0x200001c4   Data           4  os_core.o(.data)
    OSTCBHighRdy                             0x200001c8   Data           4  os_core.o(.data)
    OSTCBList                                0x200001cc   Data           4  os_core.o(.data)
    OSTickStepState                          0x200001d0   Data           1  os_core.o(.data)
    OSQFreeList                              0x200001d4   Data           4  os_core.o(.data)
    OSTime                                   0x200001d8   Data           4  os_core.o(.data)
    OSTmrFree                                0x200001dc   Data           2  os_core.o(.data)
    OSTmrUsed                                0x200001de   Data           2  os_core.o(.data)
    OSTmrTime                                0x200001e0   Data           4  os_core.o(.data)
    OSTmrSem                                 0x200001e4   Data           4  os_core.o(.data)
    OSTmrSemSignal                           0x200001e8   Data           4  os_core.o(.data)
    OSTmrFreeList                            0x200001ec   Data           4  os_core.o(.data)
    OSInterrputSum                           0x200001f0   Data           4  os_cpu_c.o(.data)
    k_sensitivity                            0x200001f8   Data          12  flash.o(.data)
    FLASH_SIZE                               0x20000204   Data           4  flash.o(.data)
    LENGTH_OF_DRONE                          0x20000208   Data           2  flash.o(.data)
    H_INT                                    0x2000020c   Data           4  flash.o(.data)
    SONAR_HEIGHT                             0x20000210   Data           4  flash.o(.data)
    need_init_mems                           0x20000214   Data           1  flash.o(.data)
    SBUS_MIN                                 0x20000216   Data           2  flash.o(.data)
    SBUS_MAX                                 0x20000218   Data           2  flash.o(.data)
    SBUS_MID                                 0x2000021a   Data           2  flash.o(.data)
    SBUS_MIN_A                               0x2000021c   Data           2  flash.o(.data)
    SBUS_MAX_A                               0x2000021e   Data           2  flash.o(.data)
    SBUS_MID_A                               0x20000220   Data           2  flash.o(.data)
    Rc_Pwm_Out_mine                          0x20000228   Data          32  pwm_out.o(.data)
    dj_out                                   0x20000248   Data          48  pwm_out.o(.data)
    CH_out_Mapping                           0x20000278   Data           4  pwm_out.o(.data)
    sel                                      0x2000027c   Data           1  pwm_out.o(.data)
    feed_imu_dog                             0x2000027e   Data           1  usart_fc.o(.data)
    test_leg                                 0x20000280   Data           6  usart_fc.o(.data)
    TxCounter1                               0x20000286   Data           1  usart_fc.o(.data)
    count1                                   0x20000287   Data           1  usart_fc.o(.data)
    RxState1                                 0x20000288   Data           1  usart_fc.o(.data)
    RxBufferNum1                             0x20000289   Data           1  usart_fc.o(.data)
    RxBufferCnt1                             0x2000028a   Data           1  usart_fc.o(.data)
    RxLen1                                   0x2000028b   Data           1  usart_fc.o(.data)
    set1                                     0x2000028e   Data           1  usart_fc.o(.data)
    TxCounter2                               0x2000028f   Data           1  usart_fc.o(.data)
    count2                                   0x20000290   Data           1  usart_fc.o(.data)
    RxState2                                 0x20000291   Data           1  usart_fc.o(.data)
    RxBufferNum2                             0x20000292   Data           1  usart_fc.o(.data)
    RxBufferCnt2                             0x20000293   Data           1  usart_fc.o(.data)
    RxLen2                                   0x20000294   Data           1  usart_fc.o(.data)
    TxCounter3                               0x20000297   Data           1  usart_fc.o(.data)
    count3                                   0x20000298   Data           1  usart_fc.o(.data)
    RxState3                                 0x20000299   Data           1  usart_fc.o(.data)
    RxBufferNum3                             0x2000029a   Data           1  usart_fc.o(.data)
    RxBufferCnt3                             0x2000029b   Data           1  usart_fc.o(.data)
    RxLen3                                   0x2000029c   Data           1  usart_fc.o(.data)
    TxCounter4                               0x2000029f   Data           1  usart_fc.o(.data)
    count4                                   0x200002a0   Data           1  usart_fc.o(.data)
    RxState4                                 0x200002a1   Data           1  usart_fc.o(.data)
    RxBufferNum4                             0x200002a2   Data           1  usart_fc.o(.data)
    RxBufferCnt4                             0x200002a3   Data           1  usart_fc.o(.data)
    RxLen4                                   0x200002a4   Data           1  usart_fc.o(.data)
    TxCounter5                               0x200002a7   Data           1  usart_fc.o(.data)
    count5                                   0x200002a8   Data           1  usart_fc.o(.data)
    RxState5                                 0x200002a9   Data           1  usart_fc.o(.data)
    RxBufferNum5                             0x200002aa   Data           1  usart_fc.o(.data)
    RxBufferCnt5                             0x200002ab   Data           1  usart_fc.o(.data)
    RxLen5                                   0x200002ac   Data           1  usart_fc.o(.data)
    leg_uart_cnt                             0x200002b0   Data           2  usart_fc.o(.data)
    acc_3d_step                              0x200002c8   Data           1  mpu6050.o(.data)
    mpu6050_ok                               0x200002c9   Data           1  mpu6050.o(.data)
    sum_temp_att                             0x200002cc   Data           8  mpu6050.o(.data)
    acc_sum_cnt                              0x200002d4   Data           2  mpu6050.o(.data)
    acc_sum_cnt_3d                           0x200002d6   Data           2  mpu6050.o(.data)
    acc_smple_cnt_3d                         0x200002d8   Data           2  mpu6050.o(.data)
    gyro_sum_cnt                             0x200002da   Data           2  mpu6050.o(.data)
    filter_cnt                               0x200002dc   Data           1  mpu6050.o(.data)
    filter_cnt_old                           0x200002dd   Data           1  mpu6050.o(.data)
    test_ang                                 0x200002e0   Data           4  mpu6050.o(.data)
    test_ang_old                             0x200002e4   Data           4  mpu6050.o(.data)
    test_ang_d                               0x200002e8   Data           4  mpu6050.o(.data)
    test_fli_a                               0x200002ec   Data           4  mpu6050.o(.data)
    test_i                                   0x200002f0   Data           4  mpu6050.o(.data)
    rawAccel                                 0x200002f6   Data           6  mpu9250.o(.data)
    rawGyro                                  0x200002fc   Data           6  mpu9250.o(.data)
    rawMag                                   0x20000302   Data           6  mpu9250.o(.data)
    rawMPU6050Temperature                    0x20000308   Data           2  mpu9250.o(.data)
    ak8975                                   0x20000310   Data          44  hml5833l.o(.data)
    ak8975_ok                                0x20000390   Data           1  hml5833l.o(.data)
    Mag_CALIBRATED                           0x20000391   Data           1  hml5833l.o(.data)
    Mag_CALIBRATED_R                         0x20000392   Data           1  hml5833l.o(.data)
    fly_ready                                0x200003b0   Data           1  imu.o(.data)
    Roll                                     0x200003b4   Data           4  imu.o(.data)
    Pitch                                    0x200003b8   Data           4  imu.o(.data)
    Yaw                                      0x200003bc   Data           4  imu.o(.data)
    ref_q                                    0x200003c0   Data          16  imu.o(.data)
    norm_acc                                 0x200003d0   Data           4  imu.o(.data)
    norm_q                                   0x200003d4   Data           4  imu.o(.data)
    norm_acc_lpf                             0x200003d8   Data           4  imu.o(.data)
    test_flag                                0x200003dc   Data          12  imu.o(.data)
    imu_sel                                  0x200003e8   Data           1  imu.o(.data)
    q0                                       0x200003ec   Data           4  imu.o(.data)
    q1                                       0x200003f0   Data           4  imu.o(.data)
    q2                                       0x200003f4   Data           4  imu.o(.data)
    q3                                       0x200003f8   Data           4  imu.o(.data)
    exInt                                    0x200003fc   Data           4  imu.o(.data)
    eyInt                                    0x20000400   Data           4  imu.o(.data)
    ezInt                                    0x20000404   Data           4  imu.o(.data)
    Yaw1                                     0x20000408   Data           4  imu.o(.data)
    Pitch1                                   0x2000040c   Data           4  imu.o(.data)
    Roll1                                    0x20000410   Data           4  imu.o(.data)
    mag_norm                                 0x20000414   Data           4  imu.o(.data)
    mag_norm_xyz                             0x20000418   Data           4  imu.o(.data)
    beta_start                               0x2000041c   Data           4  imu.o(.data)
    beta_end                                 0x20000420   Data           4  imu.o(.data)
    beta_step                                0x20000424   Data           4  imu.o(.data)
    beta                                     0x20000428   Data           4  imu.o(.data)
    accConfidenceDecay                       0x2000042c   Data           4  imu.o(.data)
    hmlConfidenceDecay                       0x20000430   Data           4  imu.o(.data)
    accConfidence                            0x20000434   Data           4  imu.o(.data)
    hmlConfidence                            0x20000438   Data           4  imu.o(.data)
    norm_hml_view                            0x2000043c   Data           4  imu.o(.data)
    hmlOneMAG                                0x20000440   Data           4  imu.o(.data)
    init_hml_norm                            0x20000444   Data           1  imu.o(.data)
    init_hml_norm_cnt                        0x20000446   Data           2  imu.o(.data)
    KEY_LOCK                                 0x2000045c   Data           9  leg_lib.o(.data)
    KEY_UNLOCK                               0x20000465   Data           9  leg_lib.o(.data)
    off_local                                0x20000750   Data           8  leg.o(.data)
    k_z                                      0x20000758   Data           4  leg.o(.data)
    flt_leg                                  0x2000075c   Data           4  leg.o(.data)
    SET_PWM3_OFF                             0x20000760   Data           2  leg.o(.data)
    rate_delay_kuai                          0x20000764   Data           4  leg.o(.data)
    delay_time_kuai                          0x20000768   Data           4  leg.o(.data)
    sita_test                                0x2000076c   Data          16  leg.o(.data)
    line_test                                0x2000077c   Data           4  leg.o(.data)
    force_test_mode                          0x20000780   Data           1  leg.o(.data)
    k_add_test22                             0x20000784   Data           4  leg.o(.data)
    test22                                   0x20000788   Data          36  leg.o(.data)
    trig_list_trot                           0x200007d4   Data           5  brain.o(.data)
    stop_leg                                 0x200007d9   Data           1  brain.o(.data)
    set_max_tro                              0x200007dc   Data           4  brain.o(.data)
    min_spd_tro                              0x200007e0   Data           4  brain.o(.data)
    set_trig_value_tro                       0x200007e8   Data           4  brain.o(.data)
    trot_delay                               0x200007ec   Data           4  brain.o(.data)
    per_stop                                 0x200007f0   Data           1  brain.o(.data)
    k_size_trot                              0x200007f4   Data           4  brain.o(.data)
    size_k_trot                              0x200007f8   Data           4  brain.o(.data)
    limit_deng_tro                           0x200007fc   Data           4  brain.o(.data)
    k_acc_control_trot                       0x20000800   Data           8  brain.o(.data)
    k_spd_control_trot                       0x20000808   Data           8  brain.o(.data)
    min_off_for_stable                       0x20000810   Data           4  brain.o(.data)
    kp_att                                   0x20000814   Data           4  brain.o(.data)
    ki_att                                   0x20000818   Data           4  brain.o(.data)
    kd_att                                   0x2000081c   Data           4  brain.o(.data)
    flt                                      0x20000820   Data           4  brain.o(.data)
    reset_deng                               0x20000824   Data           4  brain.o(.data)
    reset_sita                               0x20000828   Data          12  brain.o(.data)
    reset_sita1                              0x20000834   Data          12  brain.o(.data)
    reset_sita2                              0x20000840   Data          12  brain.o(.data)
    k_acc                                    0x2000084c   Data           4  brain.o(.data)
    last_move_id_tro                         0x20000850   Data           1  brain.o(.data)
    last_last_move_id_tro                    0x20000851   Data           1  brain.o(.data)
    trig_use_now_pos_tro                     0x20000852   Data           1  brain.o(.data)
    en_off_trig_tro                          0x20000853   Data           1  brain.o(.data)
    h_k2_tro                                 0x20000854   Data           4  brain.o(.data)
    k_off_tro                                0x20000858   Data           4  brain.o(.data)
    k_trig1_tro                              0x2000085c   Data           4  brain.o(.data)
    k_rad_tro                                0x20000860   Data           4  brain.o(.data)
    k_trig_tro                               0x20000864   Data           4  brain.o(.data)
    en_att_trig                              0x20000868   Data           1  brain.o(.data)
    dead_1_tro                               0x2000086c   Data           8  brain.o(.data)
    k_fall_tro                               0x20000874   Data          12  brain.o(.data)
    flt_fall_tro                             0x20000880   Data           4  brain.o(.data)
    trig_list_f                              0x200008c0   Data           5  brain_g.o(.data)
    trig_list_l                              0x200008c5   Data           5  brain_g.o(.data)
    trig_list_b                              0x200008ca   Data           5  brain_g.o(.data)
    trig_list_r                              0x200008cf   Data           5  brain_g.o(.data)
    trig_list_tr                             0x200008d4   Data           5  brain_g.o(.data)
    trig_list_tl                             0x200008d9   Data           5  brain_g.o(.data)
    side_leg                                 0x200008de   Data           5  brain_g.o(.data)
    side_leg_f                               0x200008e3   Data           5  brain_g.o(.data)
    area_protect                             0x200008e8   Data           1  brain_g.o(.data)
    repeat_protect                           0x200008e9   Data           1  brain_g.o(.data)
    out_protect                              0x200008ea   Data           1  brain_g.o(.data)
    en_leg_trig_list                         0x200008eb   Data           1  brain_g.o(.data)
    k_size                                   0x200008ec   Data           4  brain_g.o(.data)
    k_force                                  0x200008f0   Data           4  brain_g.o(.data)
    force_rate                               0x200008f4   Data           4  brain_g.o(.data)
    size_k                                   0x200008f8   Data           4  brain_g.o(.data)
    limit_deng                               0x200008fc   Data           4  brain_g.o(.data)
    k_acc_control                            0x20000900   Data           8  brain_g.o(.data)
    k_spd_control                            0x20000908   Data           8  brain_g.o(.data)
    force_stop_range                         0x20000910   Data           8  brain_g.o(.data)
    flag_acc                                 0x20000918   Data           8  brain_g.o(.data)
    k_acc1                                   0x20000920   Data           4  brain_g.o(.data)
    set_max                                  0x20000924   Data           4  brain_g.o(.data)
    min_spd                                  0x20000928   Data           4  brain_g.o(.data)
    set_trig_value                           0x20000930   Data           4  brain_g.o(.data)
    center_stable_dead                       0x20000934   Data           4  brain_g.o(.data)
    en_off_trig                              0x20000938   Data           1  brain_g.o(.data)
    trig_use_now_pos                         0x20000939   Data           1  brain_g.o(.data)
    h_k2                                     0x2000093c   Data           4  brain_g.o(.data)
    k_off                                    0x20000940   Data           4  brain_g.o(.data)
    k_trig1                                  0x20000944   Data           4  brain_g.o(.data)
    k_rad                                    0x20000948   Data           4  brain_g.o(.data)
    k_trig                                   0x2000094c   Data           4  brain_g.o(.data)
    min_steady_value_stable                  0x20000950   Data           4  brain_g.o(.data)
    max_dis_cog                              0x20000954   Data           4  brain_g.o(.data)
    ero_center                               0x20000958   Data           8  brain_g.o(.data)
    center_control_out                       0x20000960   Data           8  brain_g.o(.data)
    last_move_id                             0x20000968   Data           1  brain_g.o(.data)
    last_last_move_id                        0x20000969   Data           1  brain_g.o(.data)
    k_fall                                   0x2000096c   Data           4  brain_g.o(.data)
    k_add                                    0x20000970   Data           4  brain_g.o(.data)
    dead_1                                   0x20000974   Data           8  brain_g.o(.data)
    k_fall1                                  0x2000097c   Data          12  brain_g.o(.data)
    flt_fall1                                0x20000988   Data           4  brain_g.o(.data)
    ACC_HIGHPASS_TAU                         0x200009a4   Data           4  fliter.o(.data)
    ACC_LOWPASS_TAU                          0x200009a8   Data           4  fliter.o(.data)
    ACC_LOWPASS_SAMPLE_TIME                  0x200009ac   Data           4  fliter.o(.data)
    ACC_LOWPASS_A                            0x200009b0   Data           4  fliter.o(.data)
    ACC_LOWPASS_GX1                          0x200009b4   Data           4  fliter.o(.data)
    ACC_LOWPASS_GX2                          0x200009b8   Data           4  fliter.o(.data)
    ACC_LOWPASS_GX3                          0x200009bc   Data           4  fliter.o(.data)
    BARO_LOWPASS_TAU                         0x200009c0   Data           4  fliter.o(.data)
    BARO_LOWPASS_SAMPLE_TIME                 0x200009c4   Data           4  fliter.o(.data)
    BARO_LOWPASS_A                           0x200009c8   Data           4  fliter.o(.data)
    BARO_LOWPASS_GX1                         0x200009cc   Data           4  fliter.o(.data)
    BARO_LOWPASS_GX2                         0x200009d0   Data           4  fliter.o(.data)
    BARO_LOWPASS_GX3                         0x200009d4   Data           4  fliter.o(.data)
    FLOW_LOWPASS_TAU                         0x200009d8   Data           4  fliter.o(.data)
    FLOW_LOWPASS_SAMPLE_TIME                 0x200009dc   Data           4  fliter.o(.data)
    FLOW_LOWPASS_A                           0x200009e0   Data           4  fliter.o(.data)
    FLOW_LOWPASS_GX1                         0x200009e4   Data           4  fliter.o(.data)
    FLOW_LOWPASS_GX2                         0x200009e8   Data           4  fliter.o(.data)
    FLOW_LOWPASS_GX3                         0x200009ec   Data           4  fliter.o(.data)
    fast_atan_table                          0x20000a00   Data        1028  my_math.o(.data)
    sbus_data_i                              0x20000e04   Data          26  sbus.o(.data)
    sbus_data                                0x20000e1e   Data          26  sbus.o(.data)
    channels                                 0x20000e38   Data          36  sbus.o(.data)
    failsafe_status                          0x20000e5c   Data           1  sbus.o(.data)
    sbus_passthrough                         0x20000e5d   Data           1  sbus.o(.data)
    leg_dt                                   0x20000e60   Data          20  ucos_task.o(.bss)
    LEG1_TASK_STK                            0x20000e74   Data        1024  ucos_task.o(.bss)
    LEG2_TASK_STK                            0x20001274   Data        1024  ucos_task.o(.bss)
    LEG3_TASK_STK                            0x20001674   Data        1024  ucos_task.o(.bss)
    LEG4_TASK_STK                            0x20001a74   Data        1024  ucos_task.o(.bss)
    BRAIN_TASK_STK                           0x20001e74   Data        4352  ucos_task.o(.bss)
    UART_TASK_STK                            0x20002f74   Data        1024  ucos_task.o(.bss)
    START_TASK_STK                           0x20003380   Data         256  main.o(.bss)
    MsgGrp                                   0x20003480   Data        1024  main.o(.bss)
    OSEventTbl                               0x20003880   Data         200  os_core.o(.bss)
    OSFlagTbl                                0x20003948   Data          80  os_core.o(.bss)
    OSTaskStatStk                            0x20003998   Data         512  os_core.o(.bss)
    OSTaskIdleStk                            0x20003b98   Data         512  os_core.o(.bss)
    OSTCBPrioTbl                             0x20003d98   Data         256  os_core.o(.bss)
    OSTCBTbl                                 0x20003e98   Data        1848  os_core.o(.bss)
    OSQTbl                                   0x200045d0   Data         120  os_core.o(.bss)
    OSTmrTbl                                 0x20004648   Data         640  os_core.o(.bss)
    OSTmrTaskStk                             0x200048c8   Data         512  os_core.o(.bss)
    OSTmrWheelTbl                            0x20004ac8   Data          64  os_core.o(.bss)
    FLASH_READ_BUF                           0x20004b08   Data         100  flash.o(.bss)
    FLASH_Buffer                             0x20004b6c   Data         100  flash.o(.bss)
    Rc_Pwm_Inr_mine                          0x20004bd0   Data          32  pwm_out.o(.bss)
    Rc_Pwm_In_mine                           0x20004bf0   Data          32  pwm_out.o(.bss)
    pwmin                                    0x20004c10   Data          24  pwm_out.o(.bss)
    pwm_tem_view                             0x20004c28   Data          32  pwm_out.o(.bss)
    aux                                      0x20004c48   Data          72  pwm_out.o(.bss)
    aux1                                     0x20004c90   Data          72  pwm_out.o(.bss)
    Cycle_T                                  0x20004cd8   Data         180  time.o(.bss)
    TxBuffer1                                0x20004d8c   Data         256  usart_fc.o(.bss)
    Rx_Buf1                                  0x20004e8c   Data         256  usart_fc.o(.bss)
    RxBuffer1                                0x20004f8c   Data          50  usart_fc.o(.bss)
    TxBuffer2                                0x20004fbe   Data         256  usart_fc.o(.bss)
    Rx_Buf2                                  0x200050be   Data         256  usart_fc.o(.bss)
    RxBuffer2                                0x200051be   Data          50  usart_fc.o(.bss)
    TxBuffer3                                0x200051f0   Data         256  usart_fc.o(.bss)
    Rx_Buf3                                  0x200052f0   Data         256  usart_fc.o(.bss)
    RxBuffer3                                0x200053f0   Data          50  usart_fc.o(.bss)
    TxBuffer4                                0x20005422   Data         256  usart_fc.o(.bss)
    Rx_Buf4                                  0x20005522   Data         256  usart_fc.o(.bss)
    RxBuffer4                                0x20005622   Data          50  usart_fc.o(.bss)
    Rc_Get_PWM                               0x20005654   Data          34  usart_fc.o(.bss)
    Rc_Get_SBUS                              0x20005676   Data          34  usart_fc.o(.bss)
    TxBuffer5                                0x20005698   Data         256  usart_fc.o(.bss)
    Rx_Buf5                                  0x20005798   Data         256  usart_fc.o(.bss)
    RxBuffer5                                0x20005898   Data          50  usart_fc.o(.bss)
    SendBuff1                                0x200058ca   Data         256  usart_fc.o(.bss)
    SendBuff3                                0x200059ca   Data          32  usart_fc.o(.bss)
    mpu6050                                  0x20005a00   Data         160  mpu6050.o(.bss)
    mpu6050_fc                               0x20005aa0   Data         160  mpu6050.o(.bss)
    mpu6050_buffer                           0x20005b40   Data          14  mpu6050.o(.bss)
    sum_temp                                 0x20005b50   Data          28  mpu6050.o(.bss)
    sum_temp_3d                              0x20005b6c   Data          28  mpu6050.o(.bss)
    FILT_BUF                                 0x20005b88   Data         154  mpu6050.o(.bss)
    mpu6050_tmp                              0x20005c24   Data          28  mpu6050.o(.bss)
    mpu_fil_tmp                              0x20005c40   Data          28  mpu6050.o(.bss)
    q_nav                                    0x20005d64   Data          16  imu.o(.bss)
    q_nav_r                                  0x20005d74   Data          16  imu.o(.bss)
    reference_v                              0x20005d84   Data          12  imu.o(.bss)
    ref                                      0x20005d90   Data          60  imu.o(.bss)
    reference_vr                             0x20005dcc   Data          12  imu.o(.bss)
    mag_sim_3d                               0x20005dd8   Data          12  imu.o(.bss)
    license                                  0x20005df0   Data         129  leg_lib.o(.bss)
    MesHex_OUT                               0x20006171   Data         128  leg_lib.o(.bss)
    MyMessage_Kick                           0x200061f1   Data         125  leg_lib.o(.bss)
    leg                                      0x200065a0   Data        2560  leg.o(.bss)
    brain                                    0x20006fa0   Data         952  leg.o(.bss)
    c0                                       0x20007358   Data          60  leg.o(.bss)
    c3                                       0x20007394   Data          60  leg.o(.bss)
    c4                                       0x200073d0   Data          60  leg.o(.bss)
    c5                                       0x2000740c   Data          60  leg.o(.bss)
    c6                                       0x20007448   Data          60  leg.o(.bss)
    att_control_out                          0x200075f0   Data          20  brain.o(.bss)
    out_range_move_tro                       0x20007604   Data          10  brain.o(.bss)
    Ts                                       0x20007610   Data          12  brain.o(.bss)
    out_range_move                           0x20007630   Data          10  brain_g.o(.bss)
    med_filter_tmp                           0x2000763c   Data        2400  fliter.o(.bss)
    med_filter_out                           0x20007f9c   Data         120  fliter.o(.bss)
    med_fil_cnt                              0x20008014   Data          30  fliter.o(.bss)
    firstOrderFilters                        0x20008034   Data         400  fliter.o(.bss)
    hml_lsq                                  0x200081c4   Data         168  cycle_cal_oldx.o(.bss)
    __libspace_start                         0x2000826c   Data          96  libspace.o(.bss)
    __temporary_stack_top$libspace           0x200082cc   Data           0  libspace.o(.bss)



==============================================================================

Memory Map of the image

  Image Entry point : 0x08000189

  Load Region LR_IROM1 (Base: 0x08000000, Size: 0x000285a8, Max: 0x00100000, ABSOLUTE, COMPRESSED[0x00028070])

    Execution Region ER_IROM1 (Base: 0x08000000, Size: 0x00027748, Max: 0x00100000, ABSOLUTE)

    Base Addr    Size         Type   Attr      Idx    E Section Name        Object

    0x08000000   0x00000188   Data   RO          429    RESET               startup_stm32f40_41xxx.o
    0x08000188   0x00000008   Code   RO         1674  * !!!main             c_w.l(__main.o)
    0x08000190   0x00000034   Code   RO         2056    !!!scatter          c_w.l(__scatter.o)
    0x080001c4   0x0000005a   Code   RO         2054    !!dczerorl2         c_w.l(__dczerorl2.o)
    0x0800021e   0x00000002   PAD
    0x08000220   0x0000001c   Code   RO         2058    !!handler_zi        c_w.l(__scatter_zi.o)
    0x0800023c   0x00000002   Code   RO         1923    .ARM.Collect$$libinit$$00000000  c_w.l(libinit.o)
    0x0800023e   0x00000004   Code   RO         1928    .ARM.Collect$$libinit$$00000001  c_w.l(libinit2.o)
    0x08000242   0x00000000   Code   RO         1931    .ARM.Collect$$libinit$$00000004  c_w.l(libinit2.o)
    0x08000242   0x00000000   Code   RO         1934    .ARM.Collect$$libinit$$0000000A  c_w.l(libinit2.o)
    0x08000242   0x00000000   Code   RO         1936    .ARM.Collect$$libinit$$0000000C  c_w.l(libinit2.o)
    0x08000242   0x00000000   Code   RO         1938    .ARM.Collect$$libinit$$0000000E  c_w.l(libinit2.o)
    0x08000242   0x00000000   Code   RO         1941    .ARM.Collect$$libinit$$00000011  c_w.l(libinit2.o)
    0x08000242   0x00000000   Code   RO         1943    .ARM.Collect$$libinit$$00000013  c_w.l(libinit2.o)
    0x08000242   0x00000000   Code   RO         1945    .ARM.Collect$$libinit$$00000015  c_w.l(libinit2.o)
    0x08000242   0x00000000   Code   RO         1947    .ARM.Collect$$libinit$$00000017  c_w.l(libinit2.o)
    0x08000242   0x00000000   Code   RO         1949    .ARM.Collect$$libinit$$00000019  c_w.l(libinit2.o)
    0x08000242   0x00000000   Code   RO         1951    .ARM.Collect$$libinit$$0000001B  c_w.l(libinit2.o)
    0x08000242   0x00000000   Code   RO         1953    .ARM.Collect$$libinit$$0000001D  c_w.l(libinit2.o)
    0x08000242   0x00000000   Code   RO         1955    .ARM.Collect$$libinit$$0000001F  c_w.l(libinit2.o)
    0x08000242   0x00000000   Code   RO         1957    .ARM.Collect$$libinit$$00000021  c_w.l(libinit2.o)
    0x08000242   0x00000000   Code   RO         1959    .ARM.Collect$$libinit$$00000023  c_w.l(libinit2.o)
    0x08000242   0x00000000   Code   RO         1961    .ARM.Collect$$libinit$$00000025  c_w.l(libinit2.o)
    0x08000242   0x00000000   Code   RO         1965    .ARM.Collect$$libinit$$0000002C  c_w.l(libinit2.o)
    0x08000242   0x00000000   Code   RO         1967    .ARM.Collect$$libinit$$0000002E  c_w.l(libinit2.o)
    0x08000242   0x00000000   Code   RO         1969    .ARM.Collect$$libinit$$00000030  c_w.l(libinit2.o)
    0x08000242   0x00000000   Code   RO         1971    .ARM.Collect$$libinit$$00000032  c_w.l(libinit2.o)
    0x08000242   0x00000002   Code   RO         1972    .ARM.Collect$$libinit$$00000033  c_w.l(libinit2.o)
    0x08000244   0x00000002   Code   RO         1994    .ARM.Collect$$libshutdown$$00000000  c_w.l(libshutdown.o)
    0x08000246   0x00000000   Code   RO         2007    .ARM.Collect$$libshutdown$$00000002  c_w.l(libshutdown2.o)
    0x08000246   0x00000000   Code   RO         2009    .ARM.Collect$$libshutdown$$00000004  c_w.l(libshutdown2.o)
    0x08000246   0x00000000   Code   RO         2012    .ARM.Collect$$libshutdown$$00000007  c_w.l(libshutdown2.o)
    0x08000246   0x00000000   Code   RO         2015    .ARM.Collect$$libshutdown$$0000000A  c_w.l(libshutdown2.o)
    0x08000246   0x00000000   Code   RO         2017    .ARM.Collect$$libshutdown$$0000000C  c_w.l(libshutdown2.o)
    0x08000246   0x00000000   Code   RO         2020    .ARM.Collect$$libshutdown$$0000000F  c_w.l(libshutdown2.o)
    0x08000246   0x00000002   Code   RO         2021    .ARM.Collect$$libshutdown$$00000010  c_w.l(libshutdown2.o)
    0x08000248   0x00000000   Code   RO         1832    .ARM.Collect$$rtentry$$00000000  c_w.l(__rtentry.o)
    0x08000248   0x00000000   Code   RO         1890    .ARM.Collect$$rtentry$$00000002  c_w.l(__rtentry2.o)
    0x08000248   0x00000006   Code   RO         1902    .ARM.Collect$$rtentry$$00000004  c_w.l(__rtentry4.o)
    0x0800024e   0x00000000   Code   RO         1892    .ARM.Collect$$rtentry$$00000009  c_w.l(__rtentry2.o)
    0x0800024e   0x00000004   Code   RO         1893    .ARM.Collect$$rtentry$$0000000A  c_w.l(__rtentry2.o)
    0x08000252   0x00000000   Code   RO         1895    .ARM.Collect$$rtentry$$0000000C  c_w.l(__rtentry2.o)
    0x08000252   0x00000008   Code   RO         1896    .ARM.Collect$$rtentry$$0000000D  c_w.l(__rtentry2.o)
    0x0800025a   0x00000002   Code   RO         1926    .ARM.Collect$$rtexit$$00000000  c_w.l(rtexit.o)
    0x0800025c   0x00000000   Code   RO         1976    .ARM.Collect$$rtexit$$00000002  c_w.l(rtexit2.o)
    0x0800025c   0x00000004   Code   RO         1977    .ARM.Collect$$rtexit$$00000003  c_w.l(rtexit2.o)
    0x08000260   0x00000006   Code   RO         1978    .ARM.Collect$$rtexit$$00000004  c_w.l(rtexit2.o)
    0x08000266   0x00000002   PAD
    0x08000268   0x000014d0   Code   RO            3    .text               ucos_task.o
    0x08001738   0x00000238   Code   RO          315    .text               main.o
    0x08001970   0x00000020   Code   RO          351    .text               stm32f4xx_it.o
    0x08001990   0x00000210   Code   RO          403    .text               system_stm32f4xx.o
    0x08001ba0   0x00000040   Code   RO          430    .text               startup_stm32f40_41xxx.o
    0x08001be0   0x00000108   Code   RO          436    .text               delay.o
    0x08001ce8   0x000000e0   Code   RO          476    .text               misc.o
    0x08001dc8   0x00000294   Code   RO          496    .text               stm32f4xx_gpio.o
    0x0800205c   0x0000065c   Code   RO          539    .text               stm32f4xx_rcc.o
    0x080026b8   0x00000454   Code   RO          581    .text               stm32f4xx_usart.o
    0x08002b0c   0x00000ca2   Code   RO          601    .text               stm32f4xx_tim.o
    0x080037ae   0x00000002   PAD
    0x080037b0   0x00000694   Code   RO          621    .text               stm32f4xx_flash.o
    0x08003e44   0x00000480   Code   RO          681    .text               stm32f4xx_spi.o
    0x080042c4   0x000003a8   Code   RO          701    .text               stm32f4xx_dma.o
    0x0800466c   0x000000a0   Code   RO          721    .text               stm32f4xx_rng.o
    0x0800470c   0x00000894   Code   RO          741    .text               os_core.o
    0x08004fa0   0x0000080c   Code   RO          769    .text               os_flag.o
    0x080057ac   0x000003cc   Code   RO          789    .text               os_mbox.o
    0x08005b78   0x000005e8   Code   RO          843    .text               os_q.o
    0x08006160   0x0000038c   Code   RO          863    .text               os_sem.o
    0x080064ec   0x000007c4   Code   RO          883    .text               os_task.o
    0x08006cb0   0x000001b0   Code   RO          903    .text               os_time.o
    0x08006e60   0x00000634   Code   RO          923    .text               os_tmr.o
    0x08007494   0x000000c8   Code   RO          941    .text               os_cpu_a.o
    0x0800755c   0x000001e8   Code   RO          946    .text               os_cpu_c.o
    0x08007744   0x00000f08   Code   RO          976    .text               flash.o
    0x0800864c   0x000000d0   Code   RO         1008    .text               led_fc.o
    0x0800871c   0x00000a70   Code   RO         1029    .text               pwm_out.o
    0x0800918c   0x00000164   Code   RO         1062    .text               time.o
    0x080092f0   0x000000e8   Code   RO         1093    .text               dma.o
    0x080093d8   0x0000006c   Code   RO         1113    .text               rng.o
    0x08009444   0x00000240   Code   RO         1133    .text               spi_nrf.o
    0x08009684   0x00002438   Code   RO         1153    .text               usart_fc.o
    0x0800babc   0x00000b2c   Code   RO         1181    .text               mpu6050.o
    0x0800c5e8   0x000002a4   Code   RO         1213    .text               mpu9250.o
    0x0800c88c   0x000004d4   Code   RO         1243    .text               hml5833l.o
    0x0800cd60   0x000024a0   Code   RO         1271    .text               imu.o
    0x0800f200   0x00003f18   Code   RO         1385    .text               leg_lib.o
    0x08013118   0x00003e3c   Code   RO         1414    .text               leg.o
    0x08016f54   0x00004904   Code   RO         1447    .text               brain.o
    0x0801b858   0x00006894   Code   RO         1476    .text               brain_g.o
    0x080220ec   0x00000788   Code   RO         1505    .text               fliter.o
    0x08022874   0x000006c0   Code   RO         1532    .text               my_math.o
    0x08022f34   0x00000260   Code   RO         1554    .text               sbus_oldx.lib(sbus.o)
    0x08023194   0x00000a18   Code   RO         1644    .text               cycle_cal_oldx.lib(cycle_cal_oldx.o)
    0x08023bac   0x00000064   Code   RO         1668    .text               c_w.l(rt_memcpy_w.o)
    0x08023c10   0x0000004e   Code   RO         1670    .text               c_w.l(rt_memclr_w.o)
    0x08023c5e   0x00000006   Code   RO         1672    .text               c_w.l(heapauxi.o)
    0x08023c64   0x00000016   Code   RO         1833    .text               c_w.l(_rserrno.o)
    0x08023c7a   0x00000002   PAD
    0x08023c7c   0x00000008   Code   RO         1907    .text               c_w.l(rt_errno_addr_intlibspace.o)
    0x08023c84   0x00000008   Code   RO         1911    .text               c_w.l(libspace.o)
    0x08023c8c   0x0000004a   Code   RO         1914    .text               c_w.l(sys_stackheap_outer.o)
    0x08023cd6   0x00000012   Code   RO         1916    .text               c_w.l(exit.o)
    0x08023ce8   0x0000000c   Code   RO         1986    .text               c_w.l(sys_exit.o)
    0x08023cf4   0x00000002   Code   RO         1997    .text               c_w.l(use_no_semi.o)
    0x08023cf6   0x00000000   Code   RO         1999    .text               c_w.l(indicate_semi.o)
    0x08023cf6   0x00000030   Code   RO         1867    i.__ARM_fpclassify  m_wm.l(fpclassify.o)
    0x08023d26   0x00000002   PAD
    0x08023d28   0x00000358   Code   RO         1710    i.__hardfp_acos     m_wm.l(acos.o)
    0x08024080   0x00000360   Code   RO         1724    i.__hardfp_asin     m_wm.l(asin.o)
    0x080243e0   0x000002d8   Code   RO         1738    i.__hardfp_atan     m_wm.l(atan.o)
    0x080246b8   0x000001f0   Code   RO         1752    i.__hardfp_atan2    m_wm.l(atan2.o)
    0x080248a8   0x000000c8   Code   RO         1764    i.__hardfp_cos      m_wm.l(cos.o)
    0x08024970   0x00000014   Code   RO         1776    i.__hardfp_fabs     m_wm.l(fabs.o)
    0x08024984   0x00000004   PAD
    0x08024988   0x00000c50   Code   RO         1782    i.__hardfp_pow      m_wm.l(pow.o)
    0x080255d8   0x000000c8   Code   RO         1796    i.__hardfp_sin      m_wm.l(sin.o)
    0x080256a0   0x0000007a   Code   RO         1808    i.__hardfp_sqrt     m_wm.l(sqrt.o)
    0x0802571a   0x00000006   PAD
    0x08025720   0x00000080   Code   RO         1820    i.__hardfp_tan      m_wm.l(tan.o)
    0x080257a0   0x00000438   Code   RO         1872    i.__ieee754_rem_pio2  m_wm.l(rred.o)
    0x08025bd8   0x00000170   Code   RO         1850    i.__kernel_cos      m_wm.l(cos_i.o)
    0x08025d48   0x000000f8   Code   RO         1869    i.__kernel_poly     m_wm.l(poly.o)
    0x08025e40   0x00000130   Code   RO         1877    i.__kernel_sin      m_wm.l(sin_i.o)
    0x08025f70   0x00000350   Code   RO         1883    i.__kernel_tan      m_wm.l(tan_i.o)
    0x080262c0   0x00000030   Code   RO         1853    i.__mathlib_dbl_divzero  m_wm.l(dunder.o)
    0x080262f0   0x00000014   Code   RO         1854    i.__mathlib_dbl_infnan  m_wm.l(dunder.o)
    0x08026304   0x00000014   Code   RO         1855    i.__mathlib_dbl_infnan2  m_wm.l(dunder.o)
    0x08026318   0x00000020   Code   RO         1856    i.__mathlib_dbl_invalid  m_wm.l(dunder.o)
    0x08026338   0x00000020   Code   RO         1857    i.__mathlib_dbl_overflow  m_wm.l(dunder.o)
    0x08026358   0x00000020   Code   RO         1859    i.__mathlib_dbl_underflow  m_wm.l(dunder.o)
    0x08026378   0x00000010   Code   RO         1740    i.atan              m_wm.l(atan.o)
    0x08026388   0x00000018   Code   RO         1778    i.fabs              m_wm.l(fabs.o)
    0x080263a0   0x0000006e   Code   RO         1810    i.sqrt              m_wm.l(sqrt.o)
    0x0802640e   0x00000018   Code   RO         1676    x$fpl$basic         fz_wm.l(basic.o)
    0x08026426   0x00000002   PAD
    0x08026428   0x00000062   Code   RO         1678    x$fpl$d2f           fz_wm.l(d2f.o)
    0x0802648a   0x00000002   PAD
    0x0802648c   0x00000150   Code   RO         1680    x$fpl$dadd          fz_wm.l(daddsub_clz.o)
    0x080265dc   0x00000010   Code   RO         1909    x$fpl$dcheck1       fz_wm.l(dcheck1.o)
    0x080265ec   0x00000018   Code   RO         1835    x$fpl$dcmpinf       fz_wm.l(dcmpi.o)
    0x08026604   0x000002b0   Code   RO         1687    x$fpl$ddiv          fz_wm.l(ddiv.o)
    0x080268b4   0x0000005e   Code   RO         1692    x$fpl$dfix          fz_wm.l(dfix.o)
    0x08026912   0x0000002e   Code   RO         1697    x$fpl$dflt          fz_wm.l(dflt_clz.o)
    0x08026940   0x00000026   Code   RO         1696    x$fpl$dfltu         fz_wm.l(dflt_clz.o)
    0x08026966   0x00000002   PAD
    0x08026968   0x00000078   Code   RO         1702    x$fpl$dleqf         fz_wm.l(dleqf.o)
    0x080269e0   0x00000154   Code   RO         1704    x$fpl$dmul          fz_wm.l(dmul.o)
    0x08026b34   0x0000009c   Code   RO         1837    x$fpl$dnaninf       fz_wm.l(dnaninf.o)
    0x08026bd0   0x0000000c   Code   RO         1839    x$fpl$dretinf       fz_wm.l(dretinf.o)
    0x08026bdc   0x0000006c   Code   RO         1706    x$fpl$drleqf        fz_wm.l(drleqf.o)
    0x08026c48   0x00000016   Code   RO         1681    x$fpl$drsb          fz_wm.l(daddsub_clz.o)
    0x08026c5e   0x00000002   PAD
    0x08026c60   0x00000198   Code   RO         1841    x$fpl$dsqrt         fz_wm.l(dsqrt_umaal.o)
    0x08026df8   0x000001d4   Code   RO         1682    x$fpl$dsub          fz_wm.l(daddsub_clz.o)
    0x08026fcc   0x00000056   Code   RO         1708    x$fpl$f2d           fz_wm.l(f2d.o)
    0x08027022   0x0000008c   Code   RO         1843    x$fpl$fnaninf       fz_wm.l(fnaninf.o)
    0x080270ae   0x0000000a   Code   RO         1984    x$fpl$fpinit        fz_wm.l(fpinit.o)
    0x080270b8   0x0000000a   Code   RO         1845    x$fpl$fretinf       fz_wm.l(fretinf.o)
    0x080270c2   0x00000064   Code   RO         1924    x$fpl$retnan        fz_wm.l(retnan.o)
    0x08027126   0x0000005c   Code   RO         1847    x$fpl$scalbn        fz_wm.l(scalbn.o)
    0x08027182   0x00000030   Code   RO         1973    x$fpl$trapveneer    fz_wm.l(trapv.o)
    0x080271b2   0x00000000   Code   RO         1849    x$fpl$usenofp       fz_wm.l(usenofp.o)
    0x080271b2   0x00000100   Data   RO          743    .constdata          os_core.o
    0x080272b2   0x00000002   PAD
    0x080272b4   0x00000090   Data   RO         1387    .constdata          leg_lib.o
    0x08027344   0x00000008   Data   RO         1416    .constdata          leg.o
    0x0802734c   0x00000004   PAD
    0x08027350   0x00000058   Data   RO         1449    .constdata          brain.o
    0x080273a8   0x00000034   Data   RO         1478    .constdata          brain_g.o
    0x080273dc   0x00000004   PAD
    0x080273e0   0x00000050   Data   RO         1713    .constdata          m_wm.l(acos.o)
    0x08027430   0x00000050   Data   RO         1727    .constdata          m_wm.l(asin.o)
    0x08027480   0x00000098   Data   RO         1741    .constdata          m_wm.l(atan.o)
    0x08027518   0x00000088   Data   RO         1785    .constdata          m_wm.l(pow.o)
    0x080275a0   0x00000030   Data   RO         1851    .constdata          m_wm.l(cos_i.o)
    0x080275d0   0x00000008   Data   RO         1871    .constdata          m_wm.l(qnan.o)
    0x080275d8   0x000000c8   Data   RO         1874    .constdata          m_wm.l(rred.o)
    0x080276a0   0x00000028   Data   RO         1878    .constdata          m_wm.l(sin_i.o)
    0x080276c8   0x00000060   Data   RO         1884    .constdata          m_wm.l(tan_i.o)
    0x08027728   0x00000020   Data   RO         2052    Region$$Table       anon$$obj.o


    Execution Region RW_IRAM1 (Base: 0x20000000, Size: 0x000088d0, Max: 0x00020000, ABSOLUTE, COMPRESSED[0x00000928])

    Base Addr    Size         Type   Attr      Idx    E Section Name        Object

    0x20000000   0x00000059   Data   RW            5    .data               ucos_task.o
    0x20000059   0x00000003   PAD
    0x2000005c   0x0000010e   Data   RW          317    .data               main.o
    0x2000016a   0x00000001   Data   RW          352    .data               stm32f4xx_it.o
    0x2000016b   0x00000001   PAD
    0x2000016c   0x00000014   Data   RW          404    .data               system_stm32f4xx.o
    0x20000180   0x00000004   Data   RW          437    .data               delay.o
    0x20000184   0x00000010   Data   RW          540    .data               stm32f4xx_rcc.o
    0x20000194   0x0000005c   Data   RW          744    .data               os_core.o
    0x200001f0   0x00000006   Data   RW          947    .data               os_cpu_c.o
    0x200001f6   0x00000002   PAD
    0x200001f8   0x0000002a   Data   RW          978    .data               flash.o
    0x20000222   0x00000004   Data   RW         1009    .data               led_fc.o
    0x20000226   0x00000002   PAD
    0x20000228   0x00000056   Data   RW         1031    .data               pwm_out.o
    0x2000027e   0x0000004a   Data   RW         1155    .data               usart_fc.o
    0x200002c8   0x0000002d   Data   RW         1183    .data               mpu6050.o
    0x200002f5   0x00000001   PAD
    0x200002f6   0x00000014   Data   RW         1215    .data               mpu9250.o
    0x2000030a   0x00000006   PAD
    0x20000310   0x000000a0   Data   RW         1245    .data               hml5833l.o
    0x200003b0   0x000000a9   Data   RW         1273    .data               imu.o
    0x20000459   0x00000003   PAD
    0x2000045c   0x000002f4   Data   RW         1388    .data               leg_lib.o
    0x20000750   0x00000081   Data   RW         1417    .data               leg.o
    0x200007d1   0x00000003   PAD
    0x200007d4   0x000000e9   Data   RW         1450    .data               brain.o
    0x200008bd   0x00000003   PAD
    0x200008c0   0x000000e3   Data   RW         1479    .data               brain_g.o
    0x200009a3   0x00000001   PAD
    0x200009a4   0x00000059   Data   RW         1507    .data               fliter.o
    0x200009fd   0x00000003   PAD
    0x20000a00   0x00000404   Data   RW         1533    .data               my_math.o
    0x20000e04   0x0000005c   Data   RW         1555    .data               sbus_oldx.lib(sbus.o)
    0x20000e60   0x00002520   Zero   RW            4    .bss                ucos_task.o
    0x20003380   0x00000500   Zero   RW          316    .bss                main.o
    0x20003880   0x00001288   Zero   RW          742    .bss                os_core.o
    0x20004b08   0x000000c8   Zero   RW          977    .bss                flash.o
    0x20004bd0   0x00000108   Zero   RW         1030    .bss                pwm_out.o
    0x20004cd8   0x000000b4   Zero   RW         1063    .bss                time.o
    0x20004d8c   0x00000c72   Zero   RW         1154    .bss                usart_fc.o
    0x200059fe   0x00000002   PAD
    0x20005a00   0x00000268   Zero   RW         1182    .bss                mpu6050.o
    0x20005c68   0x000000fc   Zero   RW         1244    .bss                hml5833l.o
    0x20005d64   0x0000008c   Zero   RW         1272    .bss                imu.o
    0x20005df0   0x000007ae   Zero   RW         1386    .bss                leg_lib.o
    0x2000659e   0x00000002   PAD
    0x200065a0   0x0000104e   Zero   RW         1415    .bss                leg.o
    0x200075ee   0x00000002   PAD
    0x200075f0   0x00000040   Zero   RW         1448    .bss                brain.o
    0x20007630   0x0000000a   Zero   RW         1477    .bss                brain_g.o
    0x2000763a   0x00000002   PAD
    0x2000763c   0x00000b88   Zero   RW         1506    .bss                fliter.o
    0x200081c4   0x000000a8   Zero   RW         1645    .bss                cycle_cal_oldx.lib(cycle_cal_oldx.o)
    0x2000826c   0x00000060   Zero   RW         1912    .bss                c_w.l(libspace.o)
    0x200082cc   0x00000004   PAD
    0x200082d0   0x00000200   Zero   RW          428    HEAP                startup_stm32f40_41xxx.o
    0x200084d0   0x00000400   Zero   RW          427    STACK               startup_stm32f40_41xxx.o


==============================================================================

Image component sizes


      Code (inc. data)   RO Data    RW Data    ZI Data      Debug   Object Name

     18692        862         88        233         64      18004   brain.o
     26772        868         52        227         10      21516   brain_g.o
       264         18          0          4          0       1383   delay.o
       232          4          0          0          0       1428   dma.o
      3848        228          0         42        200       4163   flash.o
      1928        124          0         89       2952       6744   fliter.o
      1236         70          0        160        252       2735   hml5833l.o
      9376        448          0        169        140       9850   imu.o
       208          8          0          4          0        959   led_fc.o
     15932        498          8        129       4174      23924   leg.o
     16152        436        144        756       1966      46792   leg_lib.o
       568        118          0        270       1280       9422   main.o
       224         20          0          0          0       1785   misc.o
      2860        182          0         45        616      14735   mpu6050.o
       676         24          0         20          0       5331   mpu9250.o
      1728        122          0       1028          0       6147   my_math.o
      2196        218        256         92       4744      15955   os_core.o
       200         32          0          0          0        308   os_cpu_a.o
       488          8          0          6          0      11743   os_cpu_c.o
      2060         42          0          0          0       7192   os_flag.o
       972         16          0          0          0       4294   os_mbox.o
      1512         30          0          0          0       5753   os_q.o
       908         18          0          0          0       4026   os_sem.o
      1988         70          0          0          0       7869   os_task.o
       432         30          0          0          0       1862   os_time.o
      1588         94          0          0          0       5713   os_tmr.o
      2672        112          0         86        264       6551   pwm_out.o
       108          0          0          0          0        993   rng.o
       576         14          0          0          0       1283   spi_nrf.o
        64         26        392          0       1536        820   startup_stm32f40_41xxx.o
       936         32          0          0          0       6365   stm32f4xx_dma.o
      1684         28          0          0          0       9390   stm32f4xx_flash.o
       660         44          0          0          0       4129   stm32f4xx_gpio.o
        32          4          0          1          0     228787   stm32f4xx_it.o
      1628         52          0         16          0      12984   stm32f4xx_rcc.o
       160          4          0          0          0       1792   stm32f4xx_rng.o
      1152         36          0          0          0       6877   stm32f4xx_spi.o
      3234         60          0          0          0      22984   stm32f4xx_tim.o
      1108         34          0          0          0       7852   stm32f4xx_usart.o
       528         46          0         20          0       1731   system_stm32f4xx.o
       356         18          0          0        180      29341   time.o
      5328        442          0         89       9504     328087   ucos_task.o
      9272        352          0         74       3186      23227   usart_fc.o

    ----------------------------------------------------------------------
    142540       5892        982       3588      31076     932826   Object Totals
         0          0         32          0          0          0   (incl. Generated)
         2          0         10         28          8          0   (incl. Padding)

    ----------------------------------------------------------------------

      Code (inc. data)   RO Data    RW Data    ZI Data      Debug   Library Member Name

        90          0          0          0          0          0   __dczerorl2.o
         8          0          0          0          0         68   __main.o
         0          0          0          0          0          0   __rtentry.o
        12          0          0          0          0          0   __rtentry2.o
         6          0          0          0          0          0   __rtentry4.o
        52          8          0          0          0          0   __scatter.o
        28          0          0          0          0          0   __scatter_zi.o
        22          0          0          0          0        100   _rserrno.o
        18          0          0          0          0         80   exit.o
         6          0          0          0          0        152   heapauxi.o
         0          0          0          0          0          0   indicate_semi.o
         2          0          0          0          0          0   libinit.o
         6          0          0          0          0          0   libinit2.o
         2          0          0          0          0          0   libshutdown.o
         2          0          0          0          0          0   libshutdown2.o
         8          4          0          0         96         68   libspace.o
         8          4          0          0          0         68   rt_errno_addr_intlibspace.o
        78          0          0          0          0         80   rt_memclr_w.o
       100          0          0          0          0         80   rt_memcpy_w.o
         2          0          0          0          0          0   rtexit.o
        10          0          0          0          0          0   rtexit2.o
        12          4          0          0          0         68   sys_exit.o
        74          0          0          0          0         80   sys_stackheap_outer.o
         2          0          0          0          0         68   use_no_semi.o
      2584         12          0          0        168       4813   cycle_cal_oldx.o
        24          0          0          0          0        164   basic.o
        98          4          0          0          0        140   d2f.o
       826         16          0          0          0        492   daddsub_clz.o
        16          4          0          0          0        116   dcheck1.o
        24          0          0          0          0        116   dcmpi.o
       688        140          0          0          0        256   ddiv.o
        94          4          0          0          0        140   dfix.o
        84          0          0          0          0        232   dflt_clz.o
       120          4          0          0          0        140   dleqf.o
       340         12          0          0          0        152   dmul.o
       156          4          0          0          0        140   dnaninf.o
        12          0          0          0          0        116   dretinf.o
       108          0          0          0          0        128   drleqf.o
       408         56          0          0          0        168   dsqrt_umaal.o
        86          4          0          0          0        132   f2d.o
       140          4          0          0          0        132   fnaninf.o
        10          0          0          0          0        116   fpinit.o
        10          0          0          0          0        116   fretinf.o
       100          0          0          0          0        116   retnan.o
        92          0          0          0          0        116   scalbn.o
        48          0          0          0          0        116   trapv.o
         0          0          0          0          0          0   usenofp.o
       856        118         80          0          0        288   acos.o
       864         94         80          0          0        280   asin.o
       744        106        152          0          0        352   atan.o
       496         64          0          0          0        192   atan2.o
       200         20          0          0          0        164   cos.o
       368         46         48          0          0        200   cos_i.o
       184         44          0          0          0        744   dunder.o
        44          0          0          0          0        248   fabs.o
        48          0          0          0          0        124   fpclassify.o
       248          0          0          0          0        152   poly.o
      3152        296        136          0          0        352   pow.o
         0          0          8          0          0          0   qnan.o
      1080        142        200          0          0        188   rred.o
       200         20          0          0          0        164   sin.o
       304         24         40          0          0        208   sin_i.o
       232          0          0          0          0        296   sqrt.o
       128         20          0          0          0        144   tan.o
       848         84         96          0          0        196   tan_i.o
       608         26          0         92          0     217216   sbus.o

    ----------------------------------------------------------------------
     17246       1388        840         92        268     230577   Library Totals
        26          0          0          0          4          0   (incl. Padding)

    ----------------------------------------------------------------------

      Code (inc. data)   RO Data    RW Data    ZI Data      Debug   Library Name

       548         20          0          0         96        912   c_w.l
      2584         12          0          0        168       4813   cycle_cal_oldx.lib
      3484        252          0          0          0       3344   fz_wm.l
      9996       1078        840          0          0       4292   m_wm.l
       608         26          0         92          0     217216   sbus_oldx.lib

    ----------------------------------------------------------------------
     17246       1388        840         92        268     230577   Library Totals

    ----------------------------------------------------------------------

==============================================================================


      Code (inc. data)   RO Data    RW Data    ZI Data      Debug   

    159786       7280       1822       3680      31344    1148839   Grand Totals
    159786       7280       1822       2344      31344    1148839   ELF Image Totals (compressed)
    159786       7280       1822       2344          0          0   ROM Totals

==============================================================================

    Total RO  Size (Code + RO Data)               161608 ( 157.82kB)
    Total RW  Size (RW Data + ZI Data)             35024 (  34.20kB)
    Total ROM Size (Code + RO Data + RW Data)     163952 ( 160.11kB)

==============================================================================

