Component: ARM Compiler 5.06 update 2 (build 183) Tool: armlink [4d35b7]

==============================================================================

Section Cross References

    ucos_task.o(.text) refers to leg.o(.text) for leg_init
    ucos_task.o(.text) refers to time.o(.text) for Get_Cycle_T
    ucos_task.o(.text) refers to mpu6050.o(.text) for MPU6050_Read
    ucos_task.o(.text) refers to hml5833l.o(.text) for ANO_AK8975_Read_Mag_Data
    ucos_task.o(.text) refers to dflt_clz.o(x$fpl$dfltu) for __aeabi_ui2d
    ucos_task.o(.text) refers to drleqf.o(x$fpl$drleqf) for __aeabi_cdrcmple
    ucos_task.o(.text) refers to imu.o(.text) for IMUupdate
    ucos_task.o(.text) refers to f2d.o(x$fpl$f2d) for __aeabi_f2d
    ucos_task.o(.text) refers to ddiv.o(x$fpl$ddiv) for __aeabi_ddiv
    ucos_task.o(.text) refers to d2f.o(x$fpl$d2f) for __aeabi_d2f
    ucos_task.o(.text) refers to fliter.o(.text) for firstOrderFilter
    ucos_task.o(.text) refers to dmul.o(x$fpl$dmul) for __aeabi_dmul
    ucos_task.o(.text) refers to delay.o(.text) for delay_ms
    ucos_task.o(.text) refers to pwm_out.o(.text) for SetPwm_AUX
    ucos_task.o(.text) refers to leg.o(.bss) for leg
    ucos_task.o(.text) refers to ucos_task.o(.bss) for leg_dt
    ucos_task.o(.text) refers to ucos_task.o(.data) for cnt_init
    ucos_task.o(.text) refers to mpu6050.o(.bss) for mpu6050_fc
    ucos_task.o(.text) refers to imu.o(.data) for Yaw
    ucos_task.o(.text) refers to imu.o(.bss) for reference_vr
    ucos_task.o(.text) refers to fliter.o(.bss) for firstOrderFilters
    ucos_task.o(.text) refers to usart_fc.o(.bss) for Rc_Get_SBUS
    ucos_task.o(.text) refers to flash.o(.data) for SBUS_MAX
    ucos_task.o(.text) refers to sbus.o(.data) for channels
    ucos_task.o(.text) refers to my_math.o(.text) for my_deathzoom_rc
    ucos_task.o(.text) refers to dflt_clz.o(x$fpl$dflt) for __aeabi_i2d
    ucos_task.o(.text) refers to daddsub_clz.o(x$fpl$dadd) for __aeabi_dadd
    ucos_task.o(.text) refers to dleqf.o(x$fpl$dleqf) for __aeabi_cdcmple
    ucos_task.o(.text) refers to pow.o(i.__hardfp_pow) for __hardfp_pow
    ucos_task.o(.text) refers to sqrt.o(i.__hardfp_sqrt) for __hardfp_sqrt
    ucos_task.o(.text) refers to daddsub_clz.o(x$fpl$dsub) for __aeabi_dsub
    ucos_task.o(.text) refers to fabs.o(i.__hardfp_fabs) for __hardfp_fabs
    ucos_task.o(.text) refers to brain.o(.text) for leg_task1
    ucos_task.o(.text) refers to usart_fc.o(.text) for Send_LEG
    ucos_task.o(.text) refers to brain_g.o(.data) for center_control_out
    ucos_task.o(.text) refers to os_core.o(.data) for OSCPUUsage
    main.o(.text) refers to os_mbox.o(.text) for OSMboxCreate
    main.o(.text) refers to os_q.o(.text) for OSQCreate
    main.o(.text) refers to os_flag.o(.text) for OSFlagCreate
    main.o(.text) refers to os_core.o(.text) for OSStatInit
    main.o(.text) refers to os_tmr.o(.text) for OSTmrCreate
    main.o(.text) refers to os_cpu_a.o(.text) for OS_CPU_SR_Save
    main.o(.text) refers to os_task.o(.text) for OSTaskCreate
    main.o(.text) refers to misc.o(.text) for NVIC_PriorityGroupConfig
    main.o(.text) refers to delay.o(.text) for delay_init
    main.o(.text) refers to time.o(.text) for Initial_Timer_SYS
    main.o(.text) refers to rng.o(.text) for RNG_Init
    main.o(.text) refers to pwm_out.o(.text) for PWM_AUX_Out_Init
    main.o(.text) refers to flash.o(.text) for READ_PARM
    main.o(.text) refers to leg_lib.o(.text) for set_lisence
    main.o(.text) refers to usart_fc.o(.text) for Usart1_Init
    main.o(.text) refers to dma.o(.text) for MYDMA_Config
    main.o(.text) refers to stm32f4xx_usart.o(.text) for USART_DMACmd
    main.o(.text) refers to led_fc.o(.text) for LED_Init
    main.o(.text) refers to spi_nrf.o(.text) for SPI2_Init1
    main.o(.text) refers to mpu9250.o(.text) for Mpu9250_Init
    main.o(.text) refers to main.o(.data) for msg_key
    main.o(.text) refers to main.o(.bss) for MsgGrp
    main.o(.text) refers to ucos_task.o(.text) for tmr1_callback
    main.o(.text) refers to ucos_task.o(.data) for tmr1
    main.o(.text) refers to ucos_task.o(.bss) for BRAIN_TASK_STK
    main.o(.text) refers to usart_fc.o(.bss) for SendBuff1
    stm32f4xx_it.o(.text) refers to stm32f4xx_it.o(.data) for hard_fall
    system_stm32f4xx.o(.text) refers to system_stm32f4xx.o(.data) for SystemCoreClock
    startup_stm32f40_41xxx.o(STACK) refers (Special) to heapauxi.o(.text) for __use_two_region_memory
    startup_stm32f40_41xxx.o(HEAP) refers (Special) to heapauxi.o(.text) for __use_two_region_memory
    startup_stm32f40_41xxx.o(RESET) refers (Special) to heapauxi.o(.text) for __use_two_region_memory
    startup_stm32f40_41xxx.o(RESET) refers to startup_stm32f40_41xxx.o(STACK) for __initial_sp
    startup_stm32f40_41xxx.o(RESET) refers to startup_stm32f40_41xxx.o(.text) for Reset_Handler
    startup_stm32f40_41xxx.o(RESET) refers to stm32f4xx_it.o(.text) for NMI_Handler
    startup_stm32f40_41xxx.o(RESET) refers to os_cpu_a.o(.text) for PendSV_Handler
[...]
    OSTaskCreateHook                         0x08007557   Thumb Code     2  os_cpu_c.o(.text)
    OSTaskDelHook                            0x08007559   Thumb Code     2  os_cpu_c.o(.text)
    OSTaskIdleHook                           0x0800755b   Thumb Code     2  os_cpu_c.o(.text)
    OSTaskStatHook                           0x0800755d   Thumb Code     2  os_cpu_c.o(.text)
    OSTaskStkInit                            0x0800755f   Thumb Code   426  os_cpu_c.o(.text)
    OSTaskSwHook                             0x08007709   Thumb Code     2  os_cpu_c.o(.text)
    OSTCBInitHook                            0x0800770b   Thumb Code     2  os_cpu_c.o(.text)
    OSTimeTickHook                           0x0800770d   Thumb Code    30  os_cpu_c.o(.text)
    OSTaskReturnHook                         0x0800772b   Thumb Code     2  os_cpu_c.o(.text)
    STMFLASH_ReadWord                        0x08007735   Thumb Code     6  flash.o(.text)
    STMFLASH_GetFlashSector                  0x0800773b   Thumb Code   116  flash.o(.text)
    STMFLASH_Write                           0x080077af   Thumb Code   146  flash.o(.text)
    STMFLASH_Read                            0x08007841   Thumb Code    32  flash.o(.text)
    WRITE_PARM                               0x08007861   Thumb Code  1688  flash.o(.text)
    READ_PARM                                0x08007ef9   Thumb Code  1812  flash.o(.text)
    LED_Init                                 0x0800863d   Thumb Code    42  led_fc.o(.text)
    LEDRGB                                   0x08008667   Thumb Code   116  led_fc.o(.text)
    LEDRGB_STATE                             0x080086db   Thumb Code    42  led_fc.o(.text)
    PWM_Out_Init                             0x0800870d   Thumb Code   516  pwm_out.o(.text)
    CH_out_Mapping_Fun                       0x08008911   Thumb Code    28  pwm_out.o(.text)
    SetPwm                                   0x0800892d   Thumb Code   192  pwm_out.o(.text)
    LEG_POWER                                0x080089ed   Thumb Code    26  pwm_out.o(.text)
    SEL_Init                                 0x08008a07   Thumb Code    46  pwm_out.o(.text)
    PWM_Out_Init_FOR_CAL                     0x08008a35   Thumb Code   498  pwm_out.o(.text)
    SetPwm_AUX                               0x08008c27   Thumb Code   274  pwm_out.o(.text)
    PWM_AUX_Out_Init                         0x08008d39   Thumb Code   270  pwm_out.o(.text)
    SysTick_Configuration                    0x08008e75   Thumb Code    98  time.o(.text)
    micros                                   0x08008ed7   Thumb Code    10  time.o(.text)
    GetSysTime_us                            0x08008ee1   Thumb Code     8  time.o(.text)
    Delay_us                                 0x08008ee9   Thumb Code    12  time.o(.text)
    Delay_ms                                 0x08008ef5   Thumb Code    24  time.o(.text)
    Get_Cycle_T                              0x08008f0d   Thumb Code   118  time.o(.text)
    Cycle_Time_Init                          0x08008f83   Thumb Code    22  time.o(.text)
    Initial_Timer_SYS                        0x08008f99   Thumb Code    46  time.o(.text)
    MYDMA_Config                             0x08008fd9   Thumb Code   184  dma.o(.text)
    MYDMA_Enable                             0x08009091   Thumb Code    44  dma.o(.text)
    RNG_Init                                 0x080090c1   Thumb Code    62  rng.o(.text)
    RNG_Get_RandomNum                        0x080090ff   Thumb Code    20  rng.o(.text)
    RNG_Get_RandomRange                      0x08009113   Thumb Code    26  rng.o(.text)
    SPI_CS                                   0x0800912d   Thumb Code   124  spi_nrf.o(.text)
    SPI2_Init1                               0x080091a9   Thumb Code   388  spi_nrf.o(.text)
    Spi_RW                                   0x0800932d   Thumb Code    50  spi_nrf.o(.text)
    Usart1_Init                              0x0800936d   Thumb Code   218  usart_fc.o(.text)
    Usart2_Init                              0x08009447   Thumb Code   210  usart_fc.o(.text)
    Usart3_Init                              0x08009519   Thumb Code   218  usart_fc.o(.text)
    Usart4_Init                              0x080095f3   Thumb Code   218  usart_fc.o(.text)
    Uart5_Init                               0x080096cd   Thumb Code   244  usart_fc.o(.text)
    Uart6_Init                               0x080097c1   Thumb Code   196  usart_fc.o(.text)
    UsartSend_LEG_DJ                         0x08009885   Thumb Code    28  usart_fc.o(.text)
    UsartSend_LEG4                           0x080098a1   Thumb Code    28  usart_fc.o(.text)
    UsartSend_LEG3                           0x080098bd   Thumb Code    28  usart_fc.o(.text)
    UsartSend_LEG2                           0x080098d9   Thumb Code    28  usart_fc.o(.text)
    UsartSend_LEG1                           0x080098f5   Thumb Code    28  usart_fc.o(.text)
    Send_IMU_TO_FLOW                         0x0800992b   Thumb Code   118  usart_fc.o(.text)
    Send_IMU_PARM                            0x080099a1   Thumb Code   250  usart_fc.o(.text)
    GOL_LINK_TASK                            0x08009a9b   Thumb Code    34  usart_fc.o(.text)
    my_itoa                                  0x08009add   Thumb Code   136  usart_fc.o(.text)
    UsartSend_LEG_BUF_BUF                    0x08009b65   Thumb Code   424  usart_fc.o(.text)
    UsartSend_LEG_BUF_BUF_2                  0x08009d0d   Thumb Code   372  usart_fc.o(.text)
    LEG_POWER_OFF                            0x08009e81   Thumb Code   144  usart_fc.o(.text)
    Send_LEG                                 0x08009f11   Thumb Code    28  usart_fc.o(.text)
    Data_LEG_CMD                             0x08009f2d   Thumb Code   620  usart_fc.o(.text)
    Data_Receive_Anl1_RC                     0x0800a199   Thumb Code    74  usart_fc.o(.text)
    USART1_IRQHandler                        0x0800a1e3   Thumb Code   344  usart_fc.o(.text)
    Data_Receive_Anl                         0x0800a33b   Thumb Code   580  usart_fc.o(.text)
    Data_LEG                                 0x0800a57f   Thumb Code   852  usart_fc.o(.text)
    USART2_IRQHandler                        0x0800a8d3   Thumb Code   338  usart_fc.o(.text)
    USART3_IRQHandler                        0x0800aa25   Thumb Code   340  usart_fc.o(.text)
    UART4_IRQHandler                         0x0800ab79   Thumb Code   426  usart_fc.o(.text)
    UART5_IRQHandler                         0x0800ad23   Thumb Code   404  usart_fc.o(.text)
    data_per_uart1                           0x0800aeb7   Thumb Code  1222  usart_fc.o(.text)
    GOL_LINK_TASK_DMA                        0x0800b37d   Thumb Code    28  usart_fc.o(.text)
    clear_leg_uart                           0x0800b399   Thumb Code    26  usart_fc.o(.text)
    UART_UP_Put_Char                         0x0800b3b3   Thumb Code    28  usart_fc.o(.text)
    ReportMotion                             0x0800b3cf   Thumb Code   422  usart_fc.o(.text)
    ReportIMU                                0x0800b575   Thumb Code   300  usart_fc.o(.text)
    MPU6050_Read                             0x0800b6a1   Thumb Code     8  mpu6050.o(.text)
    MPU6050_Data_Offset                      0x0800b6a9   Thumb Code  1470  mpu6050.o(.text)
    Transform                                0x0800bc67   Thumb Code    14  mpu6050.o(.text)
    MPU6050_Data_Prepare                     0x0800bc75   Thumb Code  1344  mpu6050.o(.text)
    MPU9250_Write_Reg                        0x0800c1cd   Thumb Code    38  mpu9250.o(.text)
    Mpu9250_Init                             0x0800c1f3   Thumb Code   202  mpu9250.o(.text)
    MPU9250_Read_Reg                         0x0800c2bd   Thumb Code    38  mpu9250.o(.text)
    MPU92_Mag_WriteReg                       0x0800c2e3   Thumb Code    86  mpu9250.o(.text)
    MPU92_Mag_ReadReg                        0x0800c339   Thumb Code    84  mpu9250.o(.text)
    MPU9250_ReadValue                        0x0800c38d   Thumb Code   204  mpu9250.o(.text)
    ANO_AK8975_CalOffset_Mag                 0x0800c471   Thumb Code   808  hml5833l.o(.text)
    ANO_AK8975_Read_Mag_Data                 0x0800c799   Thumb Code   414  hml5833l.o(.text)
    AHRSupdate                               0x0800c945   Thumb Code  1994  imu.o(.text)
    IMUupdate                                0x0800d10f   Thumb Code  3410  imu.o(.text)
    invSqrt                                  0x0800de61   Thumb Code    56  imu.o(.text)
    calculateAccConfidence                   0x0800de99   Thumb Code   224  imu.o(.text)
    calculateHmlConfidence                   0x0800df79   Thumb Code   198  imu.o(.text)
    madgwick_update_new                      0x0800e03f   Thumb Code  3458  imu.o(.text)
    cal_cog_tri                              0x0800ede5   Thumb Code    42  leg_lib.o(.text)
    conver_legpos_to_barin                   0x0800ee0f   Thumb Code   174  leg_lib.o(.text)
    cal_dis_of_points                        0x0800eebd   Thumb Code   160  leg_lib.o(.text)
    check_leg_near_init                      0x0800ef5d   Thumb Code   164  leg_lib.o(.text)
    get_next_leg_flag_in_list                0x0800f001   Thumb Code    70  leg_lib.o(.text)
    leg_repeat_protect                       0x0800f047   Thumb Code   540  leg_lib.o(.text)
    leg_repeat_protect1                      0x0800f263   Thumb Code   196  leg_lib.o(.text)
    check_point_front_arrow                  0x0800f327   Thumb Code   446  leg_lib.o(.text)
    cross_point_of_lines                     0x0800f4e5   Thumb Code   192  leg_lib.o(.text)
    line_function90_from_arrow               0x0800f5a5   Thumb Code   166  leg_lib.o(.text)
    line_function_from_arrow                 0x0800f64b   Thumb Code   150  leg_lib.o(.text)
    resize_point_with_arrow                  0x0800f6e1   Thumb Code   492  leg_lib.o(.text)
    cal_jiao_of_tuo_and_line                 0x0800f8cd   Thumb Code   518  leg_lib.o(.text)
    in_circle                                0x0800fad3   Thumb Code   308  leg_lib.o(.text)
    limit_trig_pos_of_leg                    0x0800fc07   Thumb Code  1126  leg_lib.o(.text)
    limit_range_leg                          0x0801006d   Thumb Code   454  leg_lib.o(.text)
    arrow_check_to_bow                       0x08010233   Thumb Code   330  leg_lib.o(.text)
    line_function_from_two_point             0x0801037d   Thumb Code   126  leg_lib.o(.text)
    check_point_on_line                      0x080103fb   Thumb Code    54  leg_lib.o(.text)
    check_points_same_side                   0x08010431   Thumb Code    64  leg_lib.o(.text)
    check_cross_arrow_line                   0x08010471   Thumb Code   376  leg_lib.o(.text)
    check_cross_arrow90_line                 0x080105e9   Thumb Code   266  leg_lib.o(.text)
    cal_center_of_trig                       0x080106f3   Thumb Code     2  leg_lib.o(.text)
    dis_point_to_line                        0x080106f5   Thumb Code   144  leg_lib.o(.text)
    conver_body_to_global                    0x08010785   Thumb Code    68  leg_lib.o(.text)
    two_point_between_arror                  0x080107c9   Thumb Code   132  leg_lib.o(.text)
    limit_move_range_tangle                  0x0801084d   Thumb Code   420  leg_lib.o(.text)
    get_min_dis_arrow_to_tangle              0x080109f1   Thumb Code   338  leg_lib.o(.text)
    segmentsIntr                             0x08010b43   Thumb Code   492  leg_lib.o(.text)
    inTrig                                   0x08010d2f   Thumb Code   360  leg_lib.o(.text)
    inTrig2                                  0x08010e97   Thumb Code   368  leg_lib.o(.text)
    check_in_move_range_tangle               0x08011007   Thumb Code   492  leg_lib.o(.text)
    check_in_move_range                      0x080111f3   Thumb Code   334  leg_lib.o(.text)
    check_point_to_tangle                    0x08011341   Thumb Code   856  leg_lib.o(.text)
    cal_jiao_of_range_and_line               0x08011699   Thumb Code   886  leg_lib.o(.text)
    cal_jiao_of_range_and_line_tangle        0x08011a0f   Thumb Code   520  leg_lib.o(.text)
    check_point_to_trig                      0x08011c17   Thumb Code   636  leg_lib.o(.text)
    cal_area_trig                            0x08011eb1   Thumb Code   378  leg_lib.o(.text)
    cal_steady_s                             0x0801202b   Thumb Code   378  leg_lib.o(.text)
    cal_steady_s4                            0x080121a5   Thumb Code   268  leg_lib.o(.text)
    find_closet_point                        0x080122b1   Thumb Code   754  leg_lib.o(.text)
    BitToHex                                 0x080125a3   Thumb Code   146  leg_lib.o(.text)
    BitsCopy                                 0x08012635   Thumb Code    22  leg_lib.o(.text)
    TablePermute                             0x0801264b   Thumb Code    48  leg_lib.o(.text)
    Xor                                      0x0801267b   Thumb Code    26  leg_lib.o(.text)
    ByteToBit                                0x08012695   Thumb Code    56  leg_lib.o(.text)
    S_Change                                 0x080126cd   Thumb Code    78  leg_lib.o(.text)
    F_Change                                 0x0801271b   Thumb Code    50  leg_lib.o(.text)
    PlayDes                                  0x0801274d   Thumb Code   120  leg_lib.o(.text)
    LoopMove                                 0x080127c5   Thumb Code    42  leg_lib.o(.text)
    SetKey                                   0x080127ef   Thumb Code    88  leg_lib.o(.text)
    license_check                            0x08012847   Thumb Code   294  leg_lib.o(.text)
    cpuidGetId                               0x0801296d   Thumb Code    88  leg_lib.o(.text)
    set_lisence                              0x080129c5   Thumb Code    32  leg_lib.o(.text)
    BitToByte                                0x080129e5   Thumb Code   180  leg_lib.o(.text)
    HexToBit                                 0x08012a99   Thumb Code   110  leg_lib.o(.text)
    KickDes                                  0x08012b07   Thumb Code   120  leg_lib.o(.text)
    des_test                                 0x08012b7f   Thumb Code   346  leg_lib.o(.text)
    READ_LEG_ID                              0x08012cfd   Thumb Code     8  leg.o(.text)
    leg_init                                 0x08012d05   Thumb Code  1388  leg.o(.text)
    pos_range_check                          0x08013271   Thumb Code   170  leg.o(.text)
    cal_sita_form_pos_tri_leg                0x0801331b   Thumb Code  1270  leg.o(.text)
    cal_PWM_for_tri_leg                      0x08013811   Thumb Code   358  leg.o(.text)
    cal_sita_from_pos                        0x08013977   Thumb Code  3896  leg.o(.text)
    cal_pos_from_sita                        0x080148af   Thumb Code  1762  leg.o(.text)
    cal_pwm_from_sita                        0x08014f91   Thumb Code   682  leg.o(.text)
    curve_cal                                0x0801523b   Thumb Code   394  leg.o(.text)
    cal_curve_from_pos                       0x080153c5   Thumb Code  1546  leg.o(.text)
    cal_pos_tar_from_curve                   0x080159cf   Thumb Code   194  leg.o(.text)
    leg_curve_bai                            0x08015a91   Thumb Code   644  leg.o(.text)
    leg_follow_curve                         0x08015d15   Thumb Code   750  leg.o(.text)
    cal_pos_tar_for_deng                     0x08016003   Thumb Code  1128  leg.o(.text)
    leg_ground_check                         0x0801646b   Thumb Code    32  leg.o(.text)
    leg_publish                              0x0801648b   Thumb Code   842  leg.o(.text)
    leg_drive                                0x080167d5   Thumb Code   882  leg.o(.text)
    barin_init                               0x08016b71   Thumb Code  1328  brain.o(.text)
    fall_reset                               0x080170a1   Thumb Code  2648  brain.o(.text)
    att_control                              0x08017af9   Thumb Code  1576  brain.o(.text)
    fall_treat_tro                           0x08018121   Thumb Code  1674  brain.o(.text)
    center_control_global_tro                0x080187ab   Thumb Code  3458  brain.o(.text)
    leg_tar_est_global_tro                   0x0801952d   Thumb Code  3610  brain.o(.text)
    check_leg_need_move_global_tro           0x0801a347   Thumb Code  1670  brain.o(.text)
    cal_center_of_leg_ground                 0x0801a9cd   Thumb Code  1896  brain.o(.text)
    estimate_center                          0x0801b135   Thumb Code   418  brain.o(.text)
    leg_task1                                0x0801b2d7   Thumb Code   402  brain.o(.text)
    state_clear                              0x0801b475   Thumb Code   152  brain_g.o(.text)
    cal_pos_global                           0x0801b50d   Thumb Code  4820  brain_g.o(.text)
    fall_treat1                              0x0801c7e1   Thumb Code  1112  brain_g.o(.text)
    center_control_global                    0x0801cc39   Thumb Code  9490  brain_g.o(.text)
    leg_tar_est_global                       0x0801f14b   Thumb Code  3604  brain_g.o(.text)
    planner_leg_little_dog                   0x0801ff5f   Thumb Code   944  brain_g.o(.text)
    check_leg_need_move_global               0x0802030f   Thumb Code  4668  brain_g.o(.text)
    planner_leg                              0x0802154b   Thumb Code  1262  brain_g.o(.text)
    fall_treat                               0x08021a39   Thumb Code   692  brain_g.o(.text)
    Moving_Average                           0x08021d09   Thumb Code    94  fliter.o(.text)
    Moving_Median                            0x08021d67   Thumb Code   228  fliter.o(.text)
    IIR_I_Filter                             0x08021e4b   Thumb Code   294  fliter.o(.text)
    KalmanFilter                             0x08021f71   Thumb Code   272  fliter.o(.text)
    LPF_1st                                  0x08022081   Thumb Code    22  fliter.o(.text)
    simple_3d_trans                          0x08022097   Thumb Code   316  fliter.o(.text)
    initFirstOrderFilter                     0x080221d3   Thumb Code   530  fliter.o(.text)
    firstOrderFilter                         0x080223e5   Thumb Code    90  fliter.o(.text)
    my_abs                                   0x08022491   Thumb Code    26  my_math.o(.text)
    fast_atan2                               0x080224ab   Thumb Code   350  my_math.o(.text)
    my_atan                                  0x08022609   Thumb Code    24  my_math.o(.text)
    my_pow                                   0x08022621   Thumb Code    10  my_math.o(.text)
    my_sqrt                                  0x0802262b   Thumb Code    88  my_math.o(.text)
    mx_sin                                   0x08022683   Thumb Code   292  my_math.o(.text)
    my_sin                                   0x080227a7   Thumb Code   108  my_math.o(.text)
    my_cos                                   0x08022813   Thumb Code   136  my_math.o(.text)
    my_deathzoom                             0x0802289b   Thumb Code   158  my_math.o(.text)
    my_deathzoom_2                           0x08022939   Thumb Code    40  my_math.o(.text)
    my_deathzoom_21                          0x08022961   Thumb Code    40  my_math.o(.text)
    my_deathzoom_rc                          0x08022989   Thumb Code   216  my_math.o(.text)
    limit_mine                               0x08022a61   Thumb Code    40  my_math.o(.text)
    limit_mine2                              0x08022a89   Thumb Code    36  my_math.o(.text)
    To_180_degrees                           0x08022aad   Thumb Code    58  my_math.o(.text)
    my_pow_2_curve                           0x08022ae7   Thumb Code    80  my_math.o(.text)
    sbus_anal_oldx                           0x08022b51   Thumb Code   462  sbus.o(.text)
    oldx_sbus_rx                             0x08022d1f   Thumb Code   120  sbus.o(.text)
    cycle_init_oldx                          0x08022db1   Thumb Code   184  cycle_cal_oldx.o(.text)
    cycle_data_add_oldx                      0x08022e69   Thumb Code   420  cycle_cal_oldx.o(.text)
    cycle_cal_oldx                           0x0802300d   Thumb Code  1980  cycle_cal_oldx.o(.text)
    __aeabi_memcpy4                          0x080237c9   Thumb Code     0  rt_memcpy_w.o(.text)
    __aeabi_memcpy8                          0x080237c9   Thumb Code     0  rt_memcpy_w.o(.text)
    __rt_memcpy_w                            0x080237c9   Thumb Code   100  rt_memcpy_w.o(.text)
    _memcpy_lastbytes_aligned                0x08023811   Thumb Code     0  rt_memcpy_w.o(.text)
    __aeabi_memclr4                          0x0802382d   Thumb Code     0  rt_memclr_w.o(.text)
    __aeabi_memclr8                          0x0802382d   Thumb Code     0  rt_memclr_w.o(.text)
    __rt_memclr_w                            0x0802382d   Thumb Code    78  rt_memclr_w.o(.text)
    _memset_w                                0x08023831   Thumb Code     0  rt_memclr_w.o(.text)
    __use_two_region_memory                  0x0802387b   Thumb Code     2  heapauxi.o(.text)
    __rt_heap_escrow$2region                 0x0802387d   Thumb Code     2  heapauxi.o(.text)
    __rt_heap_expand$2region                 0x0802387f   Thumb Code     2  heapauxi.o(.text)
    __read_errno                             0x08023881   Thumb Code    10  _rserrno.o(.text)
    __set_errno                              0x0802388b   Thumb Code    12  _rserrno.o(.text)
    __aeabi_errno_addr                       0x08023899   Thumb Code     8  rt_errno_addr_intlibspace.o(.text)
    __errno$intlibspace                      0x08023899   Thumb Code     0  rt_errno_addr_intlibspace.o(.text)
    __rt_errno_addr$intlibspace              0x08023899   Thumb Code     0  rt_errno_addr_intlibspace.o(.text)
    __user_libspace                          0x080238a1   Thumb Code     8  libspace.o(.text)
    __user_perproc_libspace                  0x080238a1   Thumb Code     0  libspace.o(.text)
    __user_perthread_libspace                0x080238a1   Thumb Code     0  libspace.o(.text)
    __user_setup_stackheap                   0x080238a9   Thumb Code    74  sys_stackheap_outer.o(.text)
    exit                                     0x080238f3   Thumb Code    18  exit.o(.text)
    _sys_exit                                0x08023905   Thumb Code     8  sys_exit.o(.text)
    __I$use$semihosting                      0x08023911   Thumb Code     0  use_no_semi.o(.text)
    __use_no_semihosting_swi                 0x08023911   Thumb Code     2  use_no_semi.o(.text)
    __ARM_fpclassify                         0x08023913   Thumb Code    48  fpclassify.o(i.__ARM_fpclassify)
    __semihosting_library_function           0x08023913   Thumb Code     0  indicate_semi.o(.text)
    __hardfp_acos                            0x08023949   Thumb Code   738  acos.o(i.__hardfp_acos)
    __hardfp_asin                            0x08023ca1   Thumb Code   770  asin.o(i.__hardfp_asin)
    __hardfp_atan                            0x08024001   Thumb Code   622  atan.o(i.__hardfp_atan)
    __hardfp_atan2                           0x080242d9   Thumb Code   432  atan2.o(i.__hardfp_atan2)
    __hardfp_cos                             0x080244c9   Thumb Code   180  cos.o(i.__hardfp_cos)
    __hardfp_fabs                            0x08024591   Thumb Code    20  fabs.o(i.__hardfp_fabs)
    __hardfp_pow                             0x080245a9   Thumb Code  3072  pow.o(i.__hardfp_pow)
    __hardfp_sin                             0x080251f9   Thumb Code   180  sin.o(i.__hardfp_sin)
    __hardfp_sqrt                            0x080252c1   Thumb Code   122  sqrt.o(i.__hardfp_sqrt)
    __hardfp_tan                             0x08025341   Thumb Code   108  tan.o(i.__hardfp_tan)
    __ieee754_rem_pio2                       0x080253c1   Thumb Code   938  rred.o(i.__ieee754_rem_pio2)
    __kernel_cos                             0x080257f9   Thumb Code   322  cos_i.o(i.__kernel_cos)
    __kernel_poly                            0x08025969   Thumb Code   248  poly.o(i.__kernel_poly)
    __kernel_sin                             0x08025a61   Thumb Code   280  sin_i.o(i.__kernel_sin)
    __kernel_tan                             0x08025b91   Thumb Code   764  tan_i.o(i.__kernel_tan)
    __mathlib_dbl_divzero                    0x08025ee1   Thumb Code    28  dunder.o(i.__mathlib_dbl_divzero)
    __mathlib_dbl_infnan                     0x08025f11   Thumb Code    20  dunder.o(i.__mathlib_dbl_infnan)
    __mathlib_dbl_infnan2                    0x08025f25   Thumb Code    20  dunder.o(i.__mathlib_dbl_infnan2)
    __mathlib_dbl_invalid                    0x08025f39   Thumb Code    24  dunder.o(i.__mathlib_dbl_invalid)
    __mathlib_dbl_overflow                   0x08025f59   Thumb Code    24  dunder.o(i.__mathlib_dbl_overflow)
    __mathlib_dbl_underflow                  0x08025f79   Thumb Code    24  dunder.o(i.__mathlib_dbl_underflow)
    atan                                     0x08025f99   Thumb Code    16  atan.o(i.atan)
    fabs                                     0x08025fa9   Thumb Code    24  fabs.o(i.fabs)
    sqrt                                     0x08025fc1   Thumb Code   110  sqrt.o(i.sqrt)
    __aeabi_dneg                             0x0802602f   Thumb Code     0  basic.o(x$fpl$basic)
    _dneg                                    0x0802602f   Thumb Code     6  basic.o(x$fpl$basic)
    __aeabi_fneg                             0x08026035   Thumb Code     0  basic.o(x$fpl$basic)
    _fneg                                    0x08026035   Thumb Code     6  basic.o(x$fpl$basic)
    _dabs                                    0x0802603b   Thumb Code     6  basic.o(x$fpl$basic)
    _fabs                                    0x08026041   Thumb Code     6  basic.o(x$fpl$basic)
    __aeabi_d2f                              0x08026049   Thumb Code     0  d2f.o(x$fpl$d2f)
    _d2f                                     0x08026049   Thumb Code    98  d2f.o(x$fpl$d2f)
    __aeabi_dadd                             0x080260ad   Thumb Code     0  daddsub_clz.o(x$fpl$dadd)
    _dadd                                    0x080260ad   Thumb Code   332  daddsub_clz.o(x$fpl$dadd)
    __fpl_dcheck_NaN1                        0x080261fd   Thumb Code    10  dcheck1.o(x$fpl$dcheck1)
    __fpl_dcmp_Inf                           0x0802620d   Thumb Code    24  dcmpi.o(x$fpl$dcmpinf)
    __aeabi_ddiv                             0x08026225   Thumb Code     0  ddiv.o(x$fpl$ddiv)
    _ddiv                                    0x08026225   Thumb Code   552  ddiv.o(x$fpl$ddiv)
    __aeabi_d2iz                             0x080264d5   Thumb Code     0  dfix.o(x$fpl$dfix)
    _dfix                                    0x080264d5   Thumb Code    94  dfix.o(x$fpl$dfix)
    __aeabi_i2d                              0x08026533   Thumb Code     0  dflt_clz.o(x$fpl$dflt)
    _dflt                                    0x08026533   Thumb Code    46  dflt_clz.o(x$fpl$dflt)
    __aeabi_ui2d                             0x08026561   Thumb Code     0  dflt_clz.o(x$fpl$dfltu)
    _dfltu                                   0x08026561   Thumb Code    38  dflt_clz.o(x$fpl$dfltu)
    __aeabi_cdcmple                          0x08026589   Thumb Code     0  dleqf.o(x$fpl$dleqf)
    _dcmple                                  0x08026589   Thumb Code   120  dleqf.o(x$fpl$dleqf)
    __fpl_dcmple_InfNaN                      0x080265eb   Thumb Code     0  dleqf.o(x$fpl$dleqf)
    __aeabi_dmul                             0x08026601   Thumb Code     0  dmul.o(x$fpl$dmul)
    _dmul                                    0x08026601   Thumb Code   332  dmul.o(x$fpl$dmul)
    __fpl_dnaninf                            0x08026755   Thumb Code   156  dnaninf.o(x$fpl$dnaninf)
    __fpl_dretinf                            0x080267f1   Thumb Code    12  dretinf.o(x$fpl$dretinf)
    __aeabi_cdrcmple                         0x080267fd   Thumb Code     0  drleqf.o(x$fpl$drleqf)
    _drcmple                                 0x080267fd   Thumb Code   108  drleqf.o(x$fpl$drleqf)
    __aeabi_drsub                            0x08026869   Thumb Code     0  daddsub_clz.o(x$fpl$drsb)
    _drsb                                    0x08026869   Thumb Code    22  daddsub_clz.o(x$fpl$drsb)
    _dsqrt                                   0x08026881   Thumb Code   404  dsqrt_umaal.o(x$fpl$dsqrt)
    __aeabi_dsub                             0x08026a19   Thumb Code     0  daddsub_clz.o(x$fpl$dsub)
    _dsub                                    0x08026a19   Thumb Code   464  daddsub_clz.o(x$fpl$dsub)
    __aeabi_f2d                              0x08026bed   Thumb Code     0  f2d.o(x$fpl$f2d)
    _f2d                                     0x08026bed   Thumb Code    86  f2d.o(x$fpl$f2d)
    __fpl_fnaninf                            0x08026c43   Thumb Code   140  fnaninf.o(x$fpl$fnaninf)
    _fp_init                                 0x08026ccf   Thumb Code    10  fpinit.o(x$fpl$fpinit)
    __fplib_config_fpu_vfp                   0x08026cd7   Thumb Code     0  fpinit.o(x$fpl$fpinit)
    __fplib_config_pureend_doubles           0x08026cd7   Thumb Code     0  fpinit.o(x$fpl$fpinit)
    __fpl_fretinf                            0x08026cd9   Thumb Code    10  fretinf.o(x$fpl$fretinf)
    __fpl_return_NaN                         0x08026ce3   Thumb Code   100  retnan.o(x$fpl$retnan)
    __ARM_scalbn                             0x08026d47   Thumb Code    92  scalbn.o(x$fpl$scalbn)
    __fpl_cmpreturn                          0x08026da3   Thumb Code    48  trapv.o(x$fpl$trapveneer)
    OSUnMapTbl                               0x08026dd2   Data         256  os_core.o(.constdata)
    __I$use$fp                               0x08026dd2   Number         0  usenofp.o(x$fpl$usenofp)
    __mathlib_zero                           0x080271f0   Data           8  qnan.o(.constdata)
    Region$$Table$$Base                      0x08027348   Number         0  anon$$obj.o(Region$$Table)
    Region$$Table$$Limit                     0x08027368   Number         0  anon$$obj.o(Region$$Table)
    k_rc_spd                                 0x20000000   Data           4  ucos_task.o(.data)
    k_z_c                                    0x20000004   Data           4  ucos_task.o(.data)
    test                                     0x20000008   Data          20  ucos_task.o(.data)
    k_rc                                     0x2000001c   Data           8  ucos_task.o(.data)
    Yaw_set                                  0x20000024   Data           4  ucos_task.o(.data)
    kp_yaw                                   0x20000028   Data           4  ucos_task.o(.data)
    UART_UP_LOAD_SEL                         0x2000002c   Data           1  ucos_task.o(.data)
    state_v_test                             0x2000002d   Data           1  ucos_task.o(.data)
    num_need_to_check                        0x2000002e   Data           1  ucos_task.o(.data)
    tmr1                                     0x20000030   Data           4  ucos_task.o(.data)
    tmr2                                     0x20000034   Data           4  ucos_task.o(.data)
    tmr3                                     0x20000038   Data           4  ucos_task.o(.data)
    cpuusage                                 0x2000003c   Data           2  ucos_task.o(.data)
    msg_key                                  0x2000005c   Data           4  main.o(.data)
    q_msg                                    0x20000060   Data           4  main.o(.data)
    flags_key                                0x20000064   Data           4  main.o(.data)
    en_read                                  0x20000068   Data           1  main.o(.data)
    Lisence                                  0x20000069   Data         257  main.o(.data)
    hard_fall                                0x2000016a   Data           1  stm32f4xx_it.o(.data)
    SystemCoreClock                          0x2000016c   Data           4  system_stm32f4xx.o(.data)
    AHBPrescTable                            0x20000170   Data          16  system_stm32f4xx.o(.data)
    OSCtxSwCtr                               0x20000194   Data           4  os_core.o(.data)
    OSEventFreeList                          0x20000198   Data           4  os_core.o(.data)
    OSFlagFreeList                           0x2000019c   Data           4  os_core.o(.data)
    OSCPUUsage                               0x200001a0   Data           1  os_core.o(.data)
    OSIdleCtrMax                             0x200001a4   Data           4  os_core.o(.data)
    OSIdleCtrRun                             0x200001a8   Data           4  os_core.o(.data)
    OSStatRdy                                0x200001ac   Data           1  os_core.o(.data)
    OSIntNesting                             0x200001ad   Data           1  os_core.o(.data)
    OSLockNesting                            0x200001ae   Data           1  os_core.o(.data)
    OSPrioCur                                0x200001af   Data           1  os_core.o(.data)
    OSPrioHighRdy                            0x200001b0   Data           1  os_core.o(.data)
    OSRdyGrp                                 0x200001b1   Data           1  os_core.o(.data)
    OSRdyTbl                                 0x200001b2   Data           8  os_core.o(.data)
    OSRunning                                0x200001ba   Data           1  os_core.o(.data)
    OSTaskCtr                                0x200001bb   Data           1  os_core.o(.data)
    OSIdleCtr                                0x200001bc   Data           4  os_core.o(.data)
    OSTCBCur                                 0x200001c0   Data           4  os_core.o(.data)
    OSTCBFreeList                            0x200001c4   Data           4  os_core.o(.data)
    OSTCBHighRdy                             0x200001c8   Data           4  os_core.o(.data)
    OSTCBList                                0x200001cc   Data           4  os_core.o(.data)
    OSTickStepState                          0x200001d0   Data           1  os_core.o(.data)
    OSQFreeList                              0x200001d4   Data           4  os_core.o(.data)
    OSTime                                   0x200001d8   Data           4  os_core.o(.data)
    OSTmrFree                                0x200001dc   Data           2  os_core.o(.data)
    OSTmrUsed                                0x200001de   Data           2  os_core.o(.data)
    OSTmrTime                                0x200001e0   Data           4  os_core.o(.data)
    OSTmrSem                                 0x200001e4   Data           4  os_core.o(.data)
    OSTmrSemSignal                           0x200001e8   Data           4  os_core.o(.data)
    OSTmrFreeList                            0x200001ec   Data           4  os_core.o(.data)
    OSInterrputSum                           0x200001f0   Data           4  os_cpu_c.o(.data)
    k_sensitivity                            0x200001f8   Data          12  flash.o(.data)
    FLASH_SIZE                               0x20000204   Data           4  flash.o(.data)
    LENGTH_OF_DRONE                          0x20000208   Data           2  flash.o(.data)
    H_INT                                    0x2000020c   Data           4  flash.o(.data)
    SONAR_HEIGHT                             0x20000210   Data           4  flash.o(.data)
    need_init_mems                           0x20000214   Data           1  flash.o(.data)
    SBUS_MIN                                 0x20000216   Data           2  flash.o(.data)
    SBUS_MAX                                 0x20000218   Data           2  flash.o(.data)
    SBUS_MID                                 0x2000021a   Data           2  flash.o(.data)
    SBUS_MIN_A                               0x2000021c   Data           2  flash.o(.data)
    SBUS_MAX_A                               0x2000021e   Data           2  flash.o(.data)
    SBUS_MID_A                               0x20000220   Data           2  flash.o(.data)
    Rc_Pwm_Out_mine                          0x20000228   Data          32  pwm_out.o(.data)
    CH_out_Mapping                           0x20000248   Data           4  pwm_out.o(.data)
    sel                                      0x2000024c   Data           1  pwm_out.o(.data)
    feed_imu_dog                             0x2000024e   Data           1  usart_fc.o(.data)
    test_leg                                 0x20000250   Data           6  usart_fc.o(.data)
    TxCounter1                               0x20000256   Data           1  usart_fc.o(.data)
    count1                                   0x20000257   Data           1  usart_fc.o(.data)
    RxState1                                 0x20000258   Data           1  usart_fc.o(.data)
    RxBufferNum1                             0x20000259   Data           1  usart_fc.o(.data)
    RxBufferCnt1                             0x2000025a   Data           1  usart_fc.o(.data)
    RxLen1                                   0x2000025b   Data           1  usart_fc.o(.data)
    set1                                     0x2000025e   Data           1  usart_fc.o(.data)
    TxCounter2                               0x2000025f   Data           1  usart_fc.o(.data)
    count2                                   0x20000260   Data           1  usart_fc.o(.data)
    RxState2                                 0x20000261   Data           1  usart_fc.o(.data)
    RxBufferNum2                             0x20000262   Data           1  usart_fc.o(.data)
    RxBufferCnt2                             0x20000263   Data           1  usart_fc.o(.data)
    RxLen2                                   0x20000264   Data           1  usart_fc.o(.data)
    TxCounter3                               0x20000267   Data           1  usart_fc.o(.data)
    count3                                   0x20000268   Data           1  usart_fc.o(.data)
    RxState3                                 0x20000269   Data           1  usart_fc.o(.data)
    RxBufferNum3                             0x2000026a   Data           1  usart_fc.o(.data)
    RxBufferCnt3                             0x2000026b   Data           1  usart_fc.o(.data)
    RxLen3                                   0x2000026c   Data           1  usart_fc.o(.data)
    TxCounter4                               0x2000026f   Data           1  usart_fc.o(.data)
    count4                                   0x20000270   Data           1  usart_fc.o(.data)
    RxState4                                 0x20000271   Data           1  usart_fc.o(.data)
    RxBufferNum4                             0x20000272   Data           1  usart_fc.o(.data)
    RxBufferCnt4                             0x20000273   Data           1  usart_fc.o(.data)
    RxLen4                                   0x20000274   Data           1  usart_fc.o(.data)
    TxCounter5                               0x20000277   Data           1  usart_fc.o(.data)
    count5                                   0x20000278   Data           1  usart_fc.o(.data)
    RxState5                                 0x20000279   Data           1  usart_fc.o(.data)
    RxBufferNum5                             0x2000027a   Data           1  usart_fc.o(.data)
    RxBufferCnt5                             0x2000027b   Data           1  usart_fc.o(.data)
    RxLen5                                   0x2000027c   Data           1  usart_fc.o(.data)
    leg_uart_cnt                             0x20000280   Data           2  usart_fc.o(.data)
    acc_3d_step                              0x20000298   Data           1  mpu6050.o(.data)
    mpu6050_ok                               0x20000299   Data           1  mpu6050.o(.data)
    sum_temp_att                             0x2000029c   Data           8  mpu6050.o(.data)
    acc_sum_cnt                              0x200002a4   Data           2  mpu6050.o(.data)
    acc_sum_cnt_3d                           0x200002a6   Data           2  mpu6050.o(.data)
    acc_smple_cnt_3d                         0x200002a8   Data           2  mpu6050.o(.data)
    gyro_sum_cnt                             0x200002aa   Data           2  mpu6050.o(.data)
    filter_cnt                               0x200002ac   Data           1  mpu6050.o(.data)
    filter_cnt_old                           0x200002ad   Data           1  mpu6050.o(.data)
    test_ang                                 0x200002b0   Data           4  mpu6050.o(.data)
    test_ang_old                             0x200002b4   Data           4  mpu6050.o(.data)
    test_ang_d                               0x200002b8   Data           4  mpu6050.o(.data)
    test_fli_a                               0x200002bc   Data           4  mpu6050.o(.data)
    test_i                                   0x200002c0   Data           4  mpu6050.o(.data)
    rawAccel                                 0x200002c6   Data           6  mpu9250.o(.data)
    rawGyro                                  0x200002cc   Data           6  mpu9250.o(.data)
    rawMag                                   0x200002d2   Data           6  mpu9250.o(.data)
    rawMPU6050Temperature                    0x200002d8   Data           2  mpu9250.o(.data)
    ak8975                                   0x200002e0   Data          44  hml5833l.o(.data)
    ak8975_ok                                0x20000360   Data           1  hml5833l.o(.data)
    Mag_CALIBRATED                           0x20000361   Data           1  hml5833l.o(.data)
    Mag_CALIBRATED_R                         0x20000362   Data           1  hml5833l.o(.data)
    fly_ready                                0x20000380   Data           1  imu.o(.data)
    Roll                                     0x20000384   Data           4  imu.o(.data)
    Pitch                                    0x20000388   Data           4  imu.o(.data)
    Yaw                                      0x2000038c   Data           4  imu.o(.data)
    ref_q                                    0x20000390   Data          16  imu.o(.data)
    norm_acc                                 0x200003a0   Data           4  imu.o(.data)
    norm_q                                   0x200003a4   Data           4  imu.o(.data)
    norm_acc_lpf                             0x200003a8   Data           4  imu.o(.data)
    test_flag                                0x200003ac   Data          12  imu.o(.data)
    imu_sel                                  0x200003b8   Data           1  imu.o(.data)
    q0                                       0x200003bc   Data           4  imu.o(.data)
    q1                                       0x200003c0   Data           4  imu.o(.data)
    q2                                       0x200003c4   Data           4  imu.o(.data)
    q3                                       0x200003c8   Data           4  imu.o(.data)
    exInt                                    0x200003cc   Data           4  imu.o(.data)
    eyInt                                    0x200003d0   Data           4  imu.o(.data)
    ezInt                                    0x200003d4   Data           4  imu.o(.data)
    Yaw1                                     0x200003d8   Data           4  imu.o(.data)
    Pitch1                                   0x200003dc   Data           4  imu.o(.data)
    Roll1                                    0x200003e0   Data           4  imu.o(.data)
    mag_norm                                 0x200003e4   Data           4  imu.o(.data)
    mag_norm_xyz                             0x200003e8   Data           4  imu.o(.data)
    beta_start                               0x200003ec   Data           4  imu.o(.data)
    beta_end                                 0x200003f0   Data           4  imu.o(.data)
    beta_step                                0x200003f4   Data           4  imu.o(.data)
    beta                                     0x200003f8   Data           4  imu.o(.data)
    accConfidenceDecay                       0x200003fc   Data           4  imu.o(.data)
    hmlConfidenceDecay                       0x20000400   Data           4  imu.o(.data)
    accConfidence                            0x20000404   Data           4  imu.o(.data)
    hmlConfidence                            0x20000408   Data           4  imu.o(.data)
    norm_hml_view                            0x2000040c   Data           4  imu.o(.data)
    hmlOneMAG                                0x20000410   Data           4  imu.o(.data)
    init_hml_norm                            0x20000414   Data           1  imu.o(.data)
    init_hml_norm_cnt                        0x20000416   Data           2  imu.o(.data)
    KEY_LOCK                                 0x2000042c   Data           9  leg_lib.o(.data)
    KEY_UNLOCK                               0x20000435   Data           9  leg_lib.o(.data)
    off_local                                0x20000720   Data           8  leg.o(.data)
    k_z                                      0x20000728   Data           4  leg.o(.data)
    flt_leg                                  0x2000072c   Data           4  leg.o(.data)
    SET_PWM3_OFF                             0x20000730   Data           2  leg.o(.data)
    rate_delay_kuai                          0x20000734   Data           4  leg.o(.data)
    delay_time_kuai                          0x20000738   Data           4  leg.o(.data)
    sita_test                                0x2000073c   Data          16  leg.o(.data)
    line_test                                0x2000074c   Data           4  leg.o(.data)
    force_test_mode                          0x20000750   Data           1  leg.o(.data)
    k_add_test22                             0x20000754   Data           4  leg.o(.data)
    test22                                   0x20000758   Data          36  leg.o(.data)
    trig_list_trot                           0x200007a4   Data           5  brain.o(.data)
    stop_leg                                 0x200007a9   Data           1  brain.o(.data)
    set_max_tro                              0x200007ac   Data           4  brain.o(.data)
    min_spd_tro                              0x200007b0   Data           4  brain.o(.data)
    set_trig_value_tro                       0x200007b8   Data           4  brain.o(.data)
    trot_delay                               0x200007bc   Data           4  brain.o(.data)
    per_stop                                 0x200007c0   Data           1  brain.o(.data)
    k_size_trot                              0x200007c4   Data           4  brain.o(.data)
    size_k_trot                              0x200007c8   Data           4  brain.o(.data)
    limit_deng_tro                           0x200007cc   Data           4  brain.o(.data)
    k_acc_control_trot                       0x200007d0   Data           8  brain.o(.data)
    k_spd_control_trot                       0x200007d8   Data           8  brain.o(.data)
    min_off_for_stable                       0x200007e0   Data           4  brain.o(.data)
    kp_att                                   0x200007e4   Data           4  brain.o(.data)
    ki_att                                   0x200007e8   Data           4  brain.o(.data)
    kd_att                                   0x200007ec   Data           4  brain.o(.data)
    flt                                      0x200007f0   Data           4  brain.o(.data)
    reset_deng                               0x200007f4   Data           4  brain.o(.data)
    reset_sita                               0x200007f8   Data          12  brain.o(.data)
    reset_sita1                              0x20000804   Data          12  brain.o(.data)
    reset_sita2                              0x20000810   Data          12  brain.o(.data)
    k_acc                                    0x2000081c   Data           4  brain.o(.data)
    last_move_id_tro                         0x20000820   Data           1  brain.o(.data)
    last_last_move_id_tro                    0x20000821   Data           1  brain.o(.data)
    trig_use_now_pos_tro                     0x20000822   Data           1  brain.o(.data)
    en_off_trig_tro                          0x20000823   Data           1  brain.o(.data)
    h_k2_tro                                 0x20000824   Data           4  brain.o(.data)
    k_off_tro                                0x20000828   Data           4  brain.o(.data)
    k_trig1_tro                              0x2000082c   Data           4  brain.o(.data)
    k_rad_tro                                0x20000830   Data           4  brain.o(.data)
    k_trig_tro                               0x20000834   Data           4  brain.o(.data)
    en_att_trig                              0x20000838   Data           1  brain.o(.data)
    dead_1_tro                               0x2000083c   Data           8  brain.o(.data)
    k_fall_tro                               0x20000844   Data          12  brain.o(.data)
    flt_fall_tro                             0x20000850   Data           4  brain.o(.data)
    trig_list_f                              0x20000890   Data           5  brain_g.o(.data)
    trig_list_l                              0x20000895   Data           5  brain_g.o(.data)
    trig_list_b                              0x2000089a   Data           5  brain_g.o(.data)
    trig_list_r                              0x2000089f   Data           5  brain_g.o(.data)
    trig_list_tr                             0x200008a4   Data           5  brain_g.o(.data)
    trig_list_tl                             0x200008a9   Data           5  brain_g.o(.data)
    side_leg                                 0x200008ae   Data           5  brain_g.o(.data)
    side_leg_f                               0x200008b3   Data           5  brain_g.o(.data)
    area_protect                             0x200008b8   Data           1  brain_g.o(.data)
    repeat_protect                           0x200008b9   Data           1  brain_g.o(.data)
    out_protect                              0x200008ba   Data           1  brain_g.o(.data)
    en_leg_trig_list                         0x200008bb   Data           1  brain_g.o(.data)
    k_size                                   0x200008bc   Data           4  brain_g.o(.data)
    k_force                                  0x200008c0   Data           4  brain_g.o(.data)
    force_rate                               0x200008c4   Data           4  brain_g.o(.data)
    size_k                                   0x200008c8   Data           4  brain_g.o(.data)
    limit_deng                               0x200008cc   Data           4  brain_g.o(.data)
    k_acc_control                            0x200008d0   Data           8  brain_g.o(.data)
    k_spd_control                            0x200008d8   Data           8  brain_g.o(.data)
    force_stop_range                         0x200008e0   Data           8  brain_g.o(.data)
    flag_acc                                 0x200008e8   Data           8  brain_g.o(.data)
    k_acc1                                   0x200008f0   Data           4  brain_g.o(.data)
    set_max                                  0x200008f4   Data           4  brain_g.o(.data)
    min_spd                                  0x200008f8   Data           4  brain_g.o(.data)
    set_trig_value                           0x20000900   Data           4  brain_g.o(.data)
    center_stable_dead                       0x20000904   Data           4  brain_g.o(.data)
    en_off_trig                              0x20000908   Data           1  brain_g.o(.data)
    trig_use_now_pos                         0x20000909   Data           1  brain_g.o(.data)
    h_k2                                     0x2000090c   Data           4  brain_g.o(.data)
    k_off                                    0x20000910   Data           4  brain_g.o(.data)
    k_trig1                                  0x20000914   Data           4  brain_g.o(.data)
    k_rad                                    0x20000918   Data           4  brain_g.o(.data)
    k_trig                                   0x2000091c   Data           4  brain_g.o(.data)
    min_steady_value_stable                  0x20000920   Data           4  brain_g.o(.data)
    max_dis_cog                              0x20000924   Data           4  brain_g.o(.data)
    ero_center                               0x20000928   Data           8  brain_g.o(.data)
    center_control_out                       0x20000930   Data           8  brain_g.o(.data)
    last_move_id                             0x20000938   Data           1  brain_g.o(.data)
    last_last_move_id                        0x20000939   Data           1  brain_g.o(.data)
    k_fall                                   0x2000093c   Data           4  brain_g.o(.data)
    k_add                                    0x20000940   Data           4  brain_g.o(.data)
    dead_1                                   0x20000944   Data           8  brain_g.o(.data)
    k_fall1                                  0x2000094c   Data          12  brain_g.o(.data)
    flt_fall1                                0x20000958   Data           4  brain_g.o(.data)
    ACC_HIGHPASS_TAU                         0x20000974   Data           4  fliter.o(.data)
    ACC_LOWPASS_TAU                          0x20000978   Data           4  fliter.o(.data)
    ACC_LOWPASS_SAMPLE_TIME                  0x2000097c   Data           4  fliter.o(.data)
    ACC_LOWPASS_A                            0x20000980   Data           4  fliter.o(.data)
    ACC_LOWPASS_GX1                          0x20000984   Data           4  fliter.o(.data)
    ACC_LOWPASS_GX2                          0x20000988   Data           4  fliter.o(.data)
    ACC_LOWPASS_GX3                          0x2000098c   Data           4  fliter.o(.data)
    BARO_LOWPASS_TAU                         0x20000990   Data           4  fliter.o(.data)
    BARO_LOWPASS_SAMPLE_TIME                 0x20000994   Data           4  fliter.o(.data)
    BARO_LOWPASS_A                           0x20000998   Data           4  fliter.o(.data)
    BARO_LOWPASS_GX1                         0x2000099c   Data           4  fliter.o(.data)
    BARO_LOWPASS_GX2                         0x200009a0   Data           4  fliter.o(.data)
    BARO_LOWPASS_GX3                         0x200009a4   Data           4  fliter.o(.data)
    FLOW_LOWPASS_TAU                         0x200009a8   Data           4  fliter.o(.data)
    FLOW_LOWPASS_SAMPLE_TIME                 0x200009ac   Data           4  fliter.o(.data)
    FLOW_LOWPASS_A                           0x200009b0   Data           4  fliter.o(.data)
    FLOW_LOWPASS_GX1                         0x200009b4   Data           4  fliter.o(.data)
    FLOW_LOWPASS_GX2                         0x200009b8   Data           4  fliter.o(.data)
    FLOW_LOWPASS_GX3                         0x200009bc   Data           4  fliter.o(.data)
    fast_atan_table                          0x200009d0   Data        1028  my_math.o(.data)
    sbus_data_i                              0x20000dd4   Data          26  sbus.o(.data)
    sbus_data                                0x20000dee   Data          26  sbus.o(.data)
    channels                                 0x20000e08   Data          36  sbus.o(.data)
    failsafe_status                          0x20000e2c   Data           1  sbus.o(.data)
    sbus_passthrough                         0x20000e2d   Data           1  sbus.o(.data)
    leg_dt                                   0x20000e30   Data          20  ucos_task.o(.bss)
    LEG1_TASK_STK                            0x20000e44   Data        1024  ucos_task.o(.bss)
    LEG2_TASK_STK                            0x20001244   Data        1024  ucos_task.o(.bss)
    LEG3_TASK_STK                            0x20001644   Data        1024  ucos_task.o(.bss)
    LEG4_TASK_STK                            0x20001a44   Data        1024  ucos_task.o(.bss)
    BRAIN_TASK_STK                           0x20001e44   Data        4352  ucos_task.o(.bss)
    UART_TASK_STK                            0x20002f44   Data        1024  ucos_task.o(.bss)
    START_TASK_STK                           0x20003350   Data         256  main.o(.bss)
    MsgGrp                                   0x20003450   Data        1024  main.o(.bss)
    OSEventTbl                               0x20003850   Data         200  os_core.o(.bss)
    OSFlagTbl                                0x20003918   Data          80  os_core.o(.bss)
    OSTaskStatStk                            0x20003968   Data         512  os_core.o(.bss)
    OSTaskIdleStk                            0x20003b68   Data         512  os_core.o(.bss)
    OSTCBPrioTbl                             0x20003d68   Data         256  os_core.o(.bss)
    OSTCBTbl                                 0x20003e68   Data        1848  os_core.o(.bss)
    OSQTbl                                   0x200045a0   Data         120  os_core.o(.bss)
    OSTmrTbl                                 0x20004618   Data         640  os_core.o(.bss)
    OSTmrTaskStk                             0x20004898   Data         512  os_core.o(.bss)
    OSTmrWheelTbl                            0x20004a98   Data          64  os_core.o(.bss)
    FLASH_READ_BUF                           0x20004ad8   Data         100  flash.o(.bss)
    FLASH_Buffer                             0x20004b3c   Data         100  flash.o(.bss)
    Rc_Pwm_Inr_mine                          0x20004ba0   Data          32  pwm_out.o(.bss)
    Rc_Pwm_In_mine                           0x20004bc0   Data          32  pwm_out.o(.bss)
    pwmin                                    0x20004be0   Data          24  pwm_out.o(.bss)
    pwm_tem_view                             0x20004bf8   Data          32  pwm_out.o(.bss)
    aux                                      0x20004c18   Data          72  pwm_out.o(.bss)
    aux1                                     0x20004c60   Data          72  pwm_out.o(.bss)
    Cycle_T                                  0x20004ca8   Data         180  time.o(.bss)
    TxBuffer1                                0x20004d5c   Data         256  usart_fc.o(.bss)
    Rx_Buf1                                  0x20004e5c   Data         256  usart_fc.o(.bss)
    RxBuffer1                                0x20004f5c   Data          50  usart_fc.o(.bss)
    TxBuffer2                                0x20004f8e   Data         256  usart_fc.o(.bss)
    Rx_Buf2                                  0x2000508e   Data         256  usart_fc.o(.bss)
    RxBuffer2                                0x2000518e   Data          50  usart_fc.o(.bss)
    TxBuffer3                                0x200051c0   Data         256  usart_fc.o(.bss)
    Rx_Buf3                                  0x200052c0   Data         256  usart_fc.o(.bss)
    RxBuffer3                                0x200053c0   Data          50  usart_fc.o(.bss)
    TxBuffer4                                0x200053f2   Data         256  usart_fc.o(.bss)
    Rx_Buf4                                  0x200054f2   Data         256  usart_fc.o(.bss)
    RxBuffer4                                0x200055f2   Data          50  usart_fc.o(.bss)
    Rc_Get_PWM                               0x20005624   Data          34  usart_fc.o(.bss)
    Rc_Get_SBUS                              0x20005646   Data          34  usart_fc.o(.bss)
    TxBuffer5                                0x20005668   Data         256  usart_fc.o(.bss)
    Rx_Buf5                                  0x20005768   Data         256  usart_fc.o(.bss)
    RxBuffer5                                0x20005868   Data          50  usart_fc.o(.bss)
    SendBuff1                                0x2000589a   Data         256  usart_fc.o(.bss)
    SendBuff3                                0x2000599a   Data          32  usart_fc.o(.bss)
    mpu6050                                  0x200059d0   Data         160  mpu6050.o(.bss)
    mpu6050_fc                               0x20005a70   Data         160  mpu6050.o(.bss)
    mpu6050_buffer                           0x20005b10   Data          14  mpu6050.o(.bss)
    sum_temp                                 0x20005b20   Data          28  mpu6050.o(.bss)
    sum_temp_3d                              0x20005b3c   Data          28  mpu6050.o(.bss)
    FILT_BUF                                 0x20005b58   Data         154  mpu6050.o(.bss)
    mpu6050_tmp                              0x20005bf4   Data          28  mpu6050.o(.bss)
    mpu_fil_tmp                              0x20005c10   Data          28  mpu6050.o(.bss)
    q_nav                                    0x20005d34   Data          16  imu.o(.bss)
    q_nav_r                                  0x20005d44   Data          16  imu.o(.bss)
    reference_v                              0x20005d54   Data          12  imu.o(.bss)
    ref                                      0x20005d60   Data          60  imu.o(.bss)
    reference_vr                             0x20005d9c   Data          12  imu.o(.bss)
    mag_sim_3d                               0x20005da8   Data          12  imu.o(.bss)
    license                                  0x20005dc0   Data         129  leg_lib.o(.bss)
    MesHex_OUT                               0x20006141   Data         128  leg_lib.o(.bss)
    MyMessage_Kick                           0x200061c1   Data         125  leg_lib.o(.bss)
    leg                                      0x20006570   Data        2560  leg.o(.bss)
    brain                                    0x20006f70   Data         952  leg.o(.bss)
    c0                                       0x20007328   Data          60  leg.o(.bss)
    c3                                       0x20007364   Data          60  leg.o(.bss)
    c4                                       0x200073a0   Data          60  leg.o(.bss)
    c5                                       0x200073dc   Data          60  leg.o(.bss)
    c6                                       0x20007418   Data          60  leg.o(.bss)
    att_control_out                          0x200075c0   Data          20  brain.o(.bss)
    out_range_move_tro                       0x200075d4   Data          10  brain.o(.bss)
    Ts                                       0x200075e0   Data          12  brain.o(.bss)
    out_range_move                           0x20007600   Data          10  brain_g.o(.bss)
    med_filter_tmp                           0x2000760c   Data        2400  fliter.o(.bss)
    med_filter_out                           0x20007f6c   Data         120  fliter.o(.bss)
    med_fil_cnt                              0x20007fe4   Data          30  fliter.o(.bss)
    firstOrderFilters                        0x20008004   Data         400  fliter.o(.bss)
    hml_lsq                                  0x20008194   Data         168  cycle_cal_oldx.o(.bss)
    __libspace_start                         0x2000823c   Data          96  libspace.o(.bss)
    __temporary_stack_top$libspace           0x2000829c   Data           0  libspace.o(.bss)



==============================================================================

Memory Map of the image

  Image Entry point : 0x08000189

  Load Region LR_IROM1 (Base: 0x08000000, Size: 0x00028198, Max: 0x00100000, ABSOLUTE, COMPRESSED[0x00027c90])

    Execution Region ER_IROM1 (Base: 0x08000000, Size: 0x00027368, Max: 0x00100000, ABSOLUTE)

    Base Addr    Size         Type   Attr      Idx    E Section Name        Object

    0x08000000   0x00000188   Data   RO          429    RESET               startup_stm32f40_41xxx.o
    0x08000188   0x00000008   Code   RO         1674  * !!!main             c_w.l(__main.o)
    0x08000190   0x00000034   Code   RO         2056    !!!scatter          c_w.l(__scatter.o)
    0x080001c4   0x0000005a   Code   RO         2054    !!dczerorl2         c_w.l(__dczerorl2.o)
    0x0800021e   0x00000002   PAD
    0x08000220   0x0000001c   Code   RO         2058    !!handler_zi        c_w.l(__scatter_zi.o)
    0x0800023c   0x00000002   Code   RO         1923    .ARM.Collect$$libinit$$00000000  c_w.l(libinit.o)
    0x0800023e   0x00000004   Code   RO         1928    .ARM.Collect$$libinit$$00000001  c_w.l(libinit2.o)
    0x08000242   0x00000000   Code   RO         1931    .ARM.Collect$$libinit$$00000004  c_w.l(libinit2.o)
    0x08000242   0x00000000   Code   RO         1934    .ARM.Collect$$libinit$$0000000A  c_w.l(libinit2.o)
    0x08000242   0x00000000   Code   RO         1936    .ARM.Collect$$libinit$$0000000C  c_w.l(libinit2.o)
    0x08000242   0x00000000   Code   RO         1938    .ARM.Collect$$libinit$$0000000E  c_w.l(libinit2.o)
    0x08000242   0x00000000   Code   RO         1941    .ARM.Collect$$libinit$$00000011  c_w.l(libinit2.o)
    0x08000242   0x00000000   Code   RO         1943    .ARM.Collect$$libinit$$00000013  c_w.l(libinit2.o)
    0x08000242   0x00000000   Code   RO         1945    .ARM.Collect$$libinit$$00000015  c_w.l(libinit2.o)
    0x08000242   0x00000000   Code   RO         1947    .ARM.Collect$$libinit$$00000017  c_w.l(libinit2.o)
    0x08000242   0x00000000   Code   RO         1949    .ARM.Collect$$libinit$$00000019  c_w.l(libinit2.o)
    0x08000242   0x00000000   Code   RO         1951    .ARM.Collect$$libinit$$0000001B  c_w.l(libinit2.o)
    0x08000242   0x00000000   Code   RO         1953    .ARM.Collect$$libinit$$0000001D  c_w.l(libinit2.o)
    0x08000242   0x00000000   Code   RO         1955    .ARM.Collect$$libinit$$0000001F  c_w.l(libinit2.o)
    0x08000242   0x00000000   Code   RO         1957    .ARM.Collect$$libinit$$00000021  c_w.l(libinit2.o)
    0x08000242   0x00000000   Code   RO         1959    .ARM.Collect$$libinit$$00000023  c_w.l(libinit2.o)
    0x08000242   0x00000000   Code   RO         1961    .ARM.Collect$$libinit$$00000025  c_w.l(libinit2.o)
    0x08000242   0x00000000   Code   RO         1965    .ARM.Collect$$libinit$$0000002C  c_w.l(libinit2.o)
    0x08000242   0x00000000   Code   RO         1967    .ARM.Collect$$libinit$$0000002E  c_w.l(libinit2.o)
    0x08000242   0x00000000   Code   RO         1969    .ARM.Collect$$libinit$$00000030  c_w.l(libinit2.o)
    0x08000242   0x00000000   Code   RO         1971    .ARM.Collect$$libinit$$00000032  c_w.l(libinit2.o)
    0x08000242   0x00000002   Code   RO         1972    .ARM.Collect$$libinit$$00000033  c_w.l(libinit2.o)
    0x08000244   0x00000002   Code   RO         1994    .ARM.Collect$$libshutdown$$00000000  c_w.l(libshutdown.o)
    0x08000246   0x00000000   Code   RO         2007    .ARM.Collect$$libshutdown$$00000002  c_w.l(libshutdown2.o)
    0x08000246   0x00000000   Code   RO         2009    .ARM.Collect$$libshutdown$$00000004  c_w.l(libshutdown2.o)
    0x08000246   0x00000000   Code   RO         2012    .ARM.Collect$$libshutdown$$00000007  c_w.l(libshutdown2.o)
    0x08000246   0x00000000   Code   RO         2015    .ARM.Collect$$libshutdown$$0000000A  c_w.l(libshutdown2.o)
    0x08000246   0x00000000   Code   RO         2017    .ARM.Collect$$libshutdown$$0000000C  c_w.l(libshutdown2.o)
    0x08000246   0x00000000   Code   RO         2020    .ARM.Collect$$libshutdown$$0000000F  c_w.l(libshutdown2.o)
    0x08000246   0x00000002   Code   RO         2021    .ARM.Collect$$libshutdown$$00000010  c_w.l(libshutdown2.o)
    0x08000248   0x00000000   Code   RO         1832    .ARM.Collect$$rtentry$$00000000  c_w.l(__rtentry.o)
    0x08000248   0x00000000   Code   RO         1890    .ARM.Collect$$rtentry$$00000002  c_w.l(__rtentry2.o)
    0x08000248   0x00000006   Code   RO         1902    .ARM.Collect$$rtentry$$00000004  c_w.l(__rtentry4.o)
    0x0800024e   0x00000000   Code   RO         1892    .ARM.Collect$$rtentry$$00000009  c_w.l(__rtentry2.o)
    0x0800024e   0x00000004   Code   RO         1893    .ARM.Collect$$rtentry$$0000000A  c_w.l(__rtentry2.o)
    0x08000252   0x00000000   Code   RO         1895    .ARM.Collect$$rtentry$$0000000C  c_w.l(__rtentry2.o)
    0x08000252   0x00000008   Code   RO         1896    .ARM.Collect$$rtentry$$0000000D  c_w.l(__rtentry2.o)
    0x0800025a   0x00000002   Code   RO         1926    .ARM.Collect$$rtexit$$00000000  c_w.l(rtexit.o)
    0x0800025c   0x00000000   Code   RO         1976    .ARM.Collect$$rtexit$$00000002  c_w.l(rtexit2.o)
    0x0800025c   0x00000004   Code   RO         1977    .ARM.Collect$$rtexit$$00000003  c_w.l(rtexit2.o)
    0x08000260   0x00000006   Code   RO         1978    .ARM.Collect$$rtexit$$00000004  c_w.l(rtexit2.o)
    0x08000266   0x00000002   PAD
    0x08000268   0x000014f8   Code   RO            3    .text               ucos_task.o
    0x08001760   0x00000200   Code   RO          315    .text               main.o
    0x08001960   0x00000020   Code   RO          351    .text               stm32f4xx_it.o
    0x08001980   0x00000210   Code   RO          403    .text               system_stm32f4xx.o
    0x08001b90   0x00000040   Code   RO          430    .text               startup_stm32f40_41xxx.o
    0x08001bd0   0x00000108   Code   RO          436    .text               delay.o
    0x08001cd8   0x000000e0   Code   RO          476    .text               misc.o
    0x08001db8   0x00000294   Code   RO          496    .text               stm32f4xx_gpio.o
    0x0800204c   0x0000065c   Code   RO          539    .text               stm32f4xx_rcc.o
    0x080026a8   0x00000454   Code   RO          581    .text               stm32f4xx_usart.o
    0x08002afc   0x00000ca2   Code   RO          601    .text               stm32f4xx_tim.o
    0x0800379e   0x00000002   PAD
    0x080037a0   0x00000694   Code   RO          621    .text               stm32f4xx_flash.o
    0x08003e34   0x00000480   Code   RO          681    .text               stm32f4xx_spi.o
    0x080042b4   0x000003a8   Code   RO          701    .text               stm32f4xx_dma.o
    0x0800465c   0x000000a0   Code   RO          721    .text               stm32f4xx_rng.o
    0x080046fc   0x00000894   Code   RO          741    .text               os_core.o
    0x08004f90   0x0000080c   Code   RO          769    .text               os_flag.o
    0x0800579c   0x000003cc   Code   RO          789    .text               os_mbox.o
    0x08005b68   0x000005e8   Code   RO          843    .text               os_q.o
    0x08006150   0x0000038c   Code   RO          863    .text               os_sem.o
    0x080064dc   0x000007c4   Code   RO          883    .text               os_task.o
    0x08006ca0   0x000001b0   Code   RO          903    .text               os_time.o
    0x08006e50   0x00000634   Code   RO          923    .text               os_tmr.o
    0x08007484   0x000000c8   Code   RO          941    .text               os_cpu_a.o
    0x0800754c   0x000001e8   Code   RO          946    .text               os_cpu_c.o
    0x08007734   0x00000f08   Code   RO          976    .text               flash.o
    0x0800863c   0x000000d0   Code   RO         1008    .text               led_fc.o
    0x0800870c   0x00000768   Code   RO         1029    .text               pwm_out.o
    0x08008e74   0x00000164   Code   RO         1062    .text               time.o
    0x08008fd8   0x000000e8   Code   RO         1093    .text               dma.o
    0x080090c0   0x0000006c   Code   RO         1113    .text               rng.o
    0x0800912c   0x00000240   Code   RO         1133    .text               spi_nrf.o
    0x0800936c   0x00002334   Code   RO         1153    .text               usart_fc.o
    0x0800b6a0   0x00000b2c   Code   RO         1181    .text               mpu6050.o
    0x0800c1cc   0x000002a4   Code   RO         1213    .text               mpu9250.o
    0x0800c470   0x000004d4   Code   RO         1243    .text               hml5833l.o
    0x0800c944   0x000024a0   Code   RO         1271    .text               imu.o
    0x0800ede4   0x00003f18   Code   RO         1385    .text               leg_lib.o
    0x08012cfc   0x00003e74   Code   RO         1414    .text               leg.o
    0x08016b70   0x00004904   Code   RO         1447    .text               brain.o
    0x0801b474   0x00006894   Code   RO         1476    .text               brain_g.o
    0x08021d08   0x00000788   Code   RO         1505    .text               fliter.o
    0x08022490   0x000006c0   Code   RO         1532    .text               my_math.o
    0x08022b50   0x00000260   Code   RO         1554    .text               sbus_oldx.lib(sbus.o)
    0x08022db0   0x00000a18   Code   RO         1644    .text               cycle_cal_oldx.lib(cycle_cal_oldx.o)
    0x080237c8   0x00000064   Code   RO         1668    .text               c_w.l(rt_memcpy_w.o)
    0x0802382c   0x0000004e   Code   RO         1670    .text               c_w.l(rt_memclr_w.o)
    0x0802387a   0x00000006   Code   RO         1672    .text               c_w.l(heapauxi.o)
    0x08023880   0x00000016   Code   RO         1833    .text               c_w.l(_rserrno.o)
    0x08023896   0x00000002   PAD
    0x08023898   0x00000008   Code   RO         1907    .text               c_w.l(rt_errno_addr_intlibspace.o)
    0x080238a0   0x00000008   Code   RO         1911    .text               c_w.l(libspace.o)
    0x080238a8   0x0000004a   Code   RO         1914    .text               c_w.l(sys_stackheap_outer.o)
    0x080238f2   0x00000012   Code   RO         1916    .text               c_w.l(exit.o)
    0x08023904   0x0000000c   Code   RO         1986    .text               c_w.l(sys_exit.o)
    0x08023910   0x00000002   Code   RO         1997    .text               c_w.l(use_no_semi.o)
    0x08023912   0x00000000   Code   RO         1999    .text               c_w.l(indicate_semi.o)
    0x08023912   0x00000030   Code   RO         1867    i.__ARM_fpclassify  m_wm.l(fpclassify.o)
    0x08023942   0x00000006   PAD
    0x08023948   0x00000358   Code   RO         1710    i.__hardfp_acos     m_wm.l(acos.o)
    0x08023ca0   0x00000360   Code   RO         1724    i.__hardfp_asin     m_wm.l(asin.o)
    0x08024000   0x000002d8   Code   RO         1738    i.__hardfp_atan     m_wm.l(atan.o)
    0x080242d8   0x000001f0   Code   RO         1752    i.__hardfp_atan2    m_wm.l(atan2.o)
    0x080244c8   0x000000c8   Code   RO         1764    i.__hardfp_cos      m_wm.l(cos.o)
    0x08024590   0x00000014   Code   RO         1776    i.__hardfp_fabs     m_wm.l(fabs.o)
    0x080245a4   0x00000004   PAD
    0x080245a8   0x00000c50   Code   RO         1782    i.__hardfp_pow      m_wm.l(pow.o)
    0x080251f8   0x000000c8   Code   RO         1796    i.__hardfp_sin      m_wm.l(sin.o)
    0x080252c0   0x0000007a   Code   RO         1808    i.__hardfp_sqrt     m_wm.l(sqrt.o)
    0x0802533a   0x00000006   PAD
    0x08025340   0x00000080   Code   RO         1820    i.__hardfp_tan      m_wm.l(tan.o)
    0x080253c0   0x00000438   Code   RO         1872    i.__ieee754_rem_pio2  m_wm.l(rred.o)
    0x080257f8   0x00000170   Code   RO         1850    i.__kernel_cos      m_wm.l(cos_i.o)
    0x08025968   0x000000f8   Code   RO         1869    i.__kernel_poly     m_wm.l(poly.o)
    0x08025a60   0x00000130   Code   RO         1877    i.__kernel_sin      m_wm.l(sin_i.o)
    0x08025b90   0x00000350   Code   RO         1883    i.__kernel_tan      m_wm.l(tan_i.o)
    0x08025ee0   0x00000030   Code   RO         1853    i.__mathlib_dbl_divzero  m_wm.l(dunder.o)
    0x08025f10   0x00000014   Code   RO         1854    i.__mathlib_dbl_infnan  m_wm.l(dunder.o)
    0x08025f24   0x00000014   Code   RO         1855    i.__mathlib_dbl_infnan2  m_wm.l(dunder.o)
    0x08025f38   0x00000020   Code   RO         1856    i.__mathlib_dbl_invalid  m_wm.l(dunder.o)
    0x08025f58   0x00000020   Code   RO         1857    i.__mathlib_dbl_overflow  m_wm.l(dunder.o)
    0x08025f78   0x00000020   Code   RO         1859    i.__mathlib_dbl_underflow  m_wm.l(dunder.o)
    0x08025f98   0x00000010   Code   RO         1740    i.atan              m_wm.l(atan.o)
    0x08025fa8   0x00000018   Code   RO         1778    i.fabs              m_wm.l(fabs.o)
    0x08025fc0   0x0000006e   Code   RO         1810    i.sqrt              m_wm.l(sqrt.o)
    0x0802602e   0x00000018   Code   RO         1676    x$fpl$basic         fz_wm.l(basic.o)
    0x08026046   0x00000002   PAD
    0x08026048   0x00000062   Code   RO         1678    x$fpl$d2f           fz_wm.l(d2f.o)
    0x080260aa   0x00000002   PAD
    0x080260ac   0x00000150   Code   RO         1680    x$fpl$dadd          fz_wm.l(daddsub_clz.o)
    0x080261fc   0x00000010   Code   RO         1909    x$fpl$dcheck1       fz_wm.l(dcheck1.o)
    0x0802620c   0x00000018   Code   RO         1835    x$fpl$dcmpinf       fz_wm.l(dcmpi.o)
    0x08026224   0x000002b0   Code   RO         1687    x$fpl$ddiv          fz_wm.l(ddiv.o)
    0x080264d4   0x0000005e   Code   RO         1692    x$fpl$dfix          fz_wm.l(dfix.o)
    0x08026532   0x0000002e   Code   RO         1697    x$fpl$dflt          fz_wm.l(dflt_clz.o)
    0x08026560   0x00000026   Code   RO         1696    x$fpl$dfltu         fz_wm.l(dflt_clz.o)
    0x08026586   0x00000002   PAD
    0x08026588   0x00000078   Code   RO         1702    x$fpl$dleqf         fz_wm.l(dleqf.o)
    0x08026600   0x00000154   Code   RO         1704    x$fpl$dmul          fz_wm.l(dmul.o)
    0x08026754   0x0000009c   Code   RO         1837    x$fpl$dnaninf       fz_wm.l(dnaninf.o)
    0x080267f0   0x0000000c   Code   RO         1839    x$fpl$dretinf       fz_wm.l(dretinf.o)
    0x080267fc   0x0000006c   Code   RO         1706    x$fpl$drleqf        fz_wm.l(drleqf.o)
    0x08026868   0x00000016   Code   RO         1681    x$fpl$drsb          fz_wm.l(daddsub_clz.o)
    0x0802687e   0x00000002   PAD
    0x08026880   0x00000198   Code   RO         1841    x$fpl$dsqrt         fz_wm.l(dsqrt_umaal.o)
    0x08026a18   0x000001d4   Code   RO         1682    x$fpl$dsub          fz_wm.l(daddsub_clz.o)
    0x08026bec   0x00000056   Code   RO         1708    x$fpl$f2d           fz_wm.l(f2d.o)
    0x08026c42   0x0000008c   Code   RO         1843    x$fpl$fnaninf       fz_wm.l(fnaninf.o)
    0x08026cce   0x0000000a   Code   RO         1984    x$fpl$fpinit        fz_wm.l(fpinit.o)
    0x08026cd8   0x0000000a   Code   RO         1845    x$fpl$fretinf       fz_wm.l(fretinf.o)
    0x08026ce2   0x00000064   Code   RO         1924    x$fpl$retnan        fz_wm.l(retnan.o)
    0x08026d46   0x0000005c   Code   RO         1847    x$fpl$scalbn        fz_wm.l(scalbn.o)
    0x08026da2   0x00000030   Code   RO         1973    x$fpl$trapveneer    fz_wm.l(trapv.o)
    0x08026dd2   0x00000000   Code   RO         1849    x$fpl$usenofp       fz_wm.l(usenofp.o)
    0x08026dd2   0x00000100   Data   RO          743    .constdata          os_core.o
    0x08026ed2   0x00000002   PAD
    0x08026ed4   0x00000090   Data   RO         1387    .constdata          leg_lib.o
    0x08026f64   0x00000008   Data   RO         1416    .constdata          leg.o
    0x08026f6c   0x00000004   PAD
    0x08026f70   0x00000058   Data   RO         1449    .constdata          brain.o
    0x08026fc8   0x00000034   Data   RO         1478    .constdata          brain_g.o
    0x08026ffc   0x00000004   PAD
    0x08027000   0x00000050   Data   RO         1713    .constdata          m_wm.l(acos.o)
    0x08027050   0x00000050   Data   RO         1727    .constdata          m_wm.l(asin.o)
    0x080270a0   0x00000098   Data   RO         1741    .constdata          m_wm.l(atan.o)
    0x08027138   0x00000088   Data   RO         1785    .constdata          m_wm.l(pow.o)
    0x080271c0   0x00000030   Data   RO         1851    .constdata          m_wm.l(cos_i.o)
    0x080271f0   0x00000008   Data   RO         1871    .constdata          m_wm.l(qnan.o)
    0x080271f8   0x000000c8   Data   RO         1874    .constdata          m_wm.l(rred.o)
    0x080272c0   0x00000028   Data   RO         1878    .constdata          m_wm.l(sin_i.o)
    0x080272e8   0x00000060   Data   RO         1884    .constdata          m_wm.l(tan_i.o)
    0x08027348   0x00000020   Data   RO         2052    Region$$Table       anon$$obj.o


    Execution Region RW_IRAM1 (Base: 0x20000000, Size: 0x000088a0, Max: 0x00020000, ABSOLUTE, COMPRESSED[0x00000928])

    Base Addr    Size         Type   Attr      Idx    E Section Name        Object

    0x20000000   0x00000059   Data   RW            5    .data               ucos_task.o
    0x20000059   0x00000003   PAD
    0x2000005c   0x0000010e   Data   RW          317    .data               main.o
    0x2000016a   0x00000001   Data   RW          352    .data               stm32f4xx_it.o
    0x2000016b   0x00000001   PAD
    0x2000016c   0x00000014   Data   RW          404    .data               system_stm32f4xx.o
    0x20000180   0x00000004   Data   RW          437    .data               delay.o
    0x20000184   0x00000010   Data   RW          540    .data               stm32f4xx_rcc.o
    0x20000194   0x0000005c   Data   RW          744    .data               os_core.o
    0x200001f0   0x00000006   Data   RW          947    .data               os_cpu_c.o
    0x200001f6   0x00000002   PAD
    0x200001f8   0x0000002a   Data   RW          978    .data               flash.o
    0x20000222   0x00000004   Data   RW         1009    .data               led_fc.o
    0x20000226   0x00000002   PAD
    0x20000228   0x00000026   Data   RW         1031    .data               pwm_out.o
    0x2000024e   0x0000004a   Data   RW         1155    .data               usart_fc.o
    0x20000298   0x0000002d   Data   RW         1183    .data               mpu6050.o
    0x200002c5   0x00000001   PAD
    0x200002c6   0x00000014   Data   RW         1215    .data               mpu9250.o
    0x200002da   0x00000006   PAD
    0x200002e0   0x000000a0   Data   RW         1245    .data               hml5833l.o
    0x20000380   0x000000a9   Data   RW         1273    .data               imu.o
    0x20000429   0x00000003   PAD
    0x2000042c   0x000002f4   Data   RW         1388    .data               leg_lib.o
    0x20000720   0x00000081   Data   RW         1417    .data               leg.o
    0x200007a1   0x00000003   PAD
    0x200007a4   0x000000e9   Data   RW         1450    .data               brain.o
    0x2000088d   0x00000003   PAD
    0x20000890   0x000000e3   Data   RW         1479    .data               brain_g.o
    0x20000973   0x00000001   PAD
    0x20000974   0x00000059   Data   RW         1507    .data               fliter.o
    0x200009cd   0x00000003   PAD
    0x200009d0   0x00000404   Data   RW         1533    .data               my_math.o
    0x20000dd4   0x0000005c   Data   RW         1555    .data               sbus_oldx.lib(sbus.o)
    0x20000e30   0x00002520   Zero   RW            4    .bss                ucos_task.o
    0x20003350   0x00000500   Zero   RW          316    .bss                main.o
    0x20003850   0x00001288   Zero   RW          742    .bss                os_core.o
    0x20004ad8   0x000000c8   Zero   RW          977    .bss                flash.o
    0x20004ba0   0x00000108   Zero   RW         1030    .bss                pwm_out.o
    0x20004ca8   0x000000b4   Zero   RW         1063    .bss                time.o
    0x20004d5c   0x00000c72   Zero   RW         1154    .bss                usart_fc.o
    0x200059ce   0x00000002   PAD
    0x200059d0   0x00000268   Zero   RW         1182    .bss                mpu6050.o
    0x20005c38   0x000000fc   Zero   RW         1244    .bss                hml5833l.o
    0x20005d34   0x0000008c   Zero   RW         1272    .bss                imu.o
    0x20005dc0   0x000007ae   Zero   RW         1386    .bss                leg_lib.o
    0x2000656e   0x00000002   PAD
    0x20006570   0x0000104e   Zero   RW         1415    .bss                leg.o
    0x200075be   0x00000002   PAD
    0x200075c0   0x00000040   Zero   RW         1448    .bss                brain.o
    0x20007600   0x0000000a   Zero   RW         1477    .bss                brain_g.o
    0x2000760a   0x00000002   PAD
    0x2000760c   0x00000b88   Zero   RW         1506    .bss                fliter.o
    0x20008194   0x000000a8   Zero   RW         1645    .bss                cycle_cal_oldx.lib(cycle_cal_oldx.o)
    0x2000823c   0x00000060   Zero   RW         1912    .bss                c_w.l(libspace.o)
    0x2000829c   0x00000004   PAD
    0x200082a0   0x00000200   Zero   RW          428    HEAP                startup_stm32f40_41xxx.o
    0x200084a0   0x00000400   Zero   RW          427    STACK               startup_stm32f40_41xxx.o


==============================================================================

Image component sizes


      Code (inc. data)   RO Data    RW Data    ZI Data      Debug   Object Name

     18692        862         88        233         64      17972   brain.o
     26772        868         52        227         10      21484   brain_g.o
       264         18          0          4          0       1383   delay.o
       232          4          0          0          0       1428   dma.o
      3848        228          0         42        200       4163   flash.o
      1928        124          0         89       2952       6744   fliter.o
      1236         70          0        160        252       2735   hml5833l.o
      9376        448          0        169        140       9850   imu.o
       208          8          0          4          0        959   led_fc.o
     15988        502          8        129       4174      23904   leg.o
     16152        436        144        756       1966      46760   leg_lib.o
       512        100          0        270       1280       9402   main.o
       224         20          0          0          0       1785   misc.o
      2860        182          0         45        616      14735   mpu6050.o
       676         24          0         20          0       5331   mpu9250.o
      1728        122          0       1028          0       6147   my_math.o
      2196        218        256         92       4744      15955   os_core.o
       200         32          0          0          0        308   os_cpu_a.o
       488          8          0          6          0      11743   os_cpu_c.o
      2060         42          0          0          0       7192   os_flag.o
       972         16          0          0          0       4294   os_mbox.o
      1512         30          0          0          0       5753   os_q.o
       908         18          0          0          0       4026   os_sem.o
      1988         70          0          0          0       7869   os_task.o
       432         30          0          0          0       1862   os_time.o
      1588         94          0          0          0       5713   os_tmr.o
      1896         80          0         38        264       6061   pwm_out.o
       108          0          0          0          0        993   rng.o
       576         14          0          0          0       1283   spi_nrf.o
        64         26        392          0       1536        820   startup_stm32f40_41xxx.o
       936         32          0          0          0       6365   stm32f4xx_dma.o
      1684         28          0          0          0       9390   stm32f4xx_flash.o
       660         44          0          0          0       4129   stm32f4xx_gpio.o
        32          4          0          1          0     228787   stm32f4xx_it.o
      1628         52          0         16          0      12984   stm32f4xx_rcc.o
       160          4          0          0          0       1792   stm32f4xx_rng.o
      1152         36          0          0          0       6877   stm32f4xx_spi.o
      3234         60          0          0          0      22984   stm32f4xx_tim.o
      1108         34          0          0          0       7852   stm32f4xx_usart.o
       528         46          0         20          0       1731   system_stm32f4xx.o
       356         18          0          0        180      29341   time.o
      5368        442          0         89       9504     328103   ucos_task.o
      9012        348          0         74       3186      22614   usart_fc.o

    ----------------------------------------------------------------------
    141544       5842        982       3540      31076     931603   Object Totals
         0          0         32          0          0          0   (incl. Generated)
         2          0         10         28          8          0   (incl. Padding)

    ----------------------------------------------------------------------

      Code (inc. data)   RO Data    RW Data    ZI Data      Debug   Library Member Name

        90          0          0          0          0          0   __dczerorl2.o
         8          0          0          0          0         68   __main.o
         0          0          0          0          0          0   __rtentry.o
        12          0          0          0          0          0   __rtentry2.o
         6          0          0          0          0          0   __rtentry4.o
        52          8          0          0          0          0   __scatter.o
        28          0          0          0          0          0   __scatter_zi.o
        22          0          0          0          0        100   _rserrno.o
        18          0          0          0          0         80   exit.o
         6          0          0          0          0        152   heapauxi.o
         0          0          0          0          0          0   indicate_semi.o
         2          0          0          0          0          0   libinit.o
         6          0          0          0          0          0   libinit2.o
         2          0          0          0          0          0   libshutdown.o
         2          0          0          0          0          0   libshutdown2.o
         8          4          0          0         96         68   libspace.o
         8          4          0          0          0         68   rt_errno_addr_intlibspace.o
        78          0          0          0          0         80   rt_memclr_w.o
       100          0          0          0          0         80   rt_memcpy_w.o
         2          0          0          0          0          0   rtexit.o
        10          0          0          0          0          0   rtexit2.o
        12          4          0          0          0         68   sys_exit.o
        74          0          0          0          0         80   sys_stackheap_outer.o
         2          0          0          0          0         68   use_no_semi.o
      2584         12          0          0        168       4813   cycle_cal_oldx.o
        24          0          0          0          0        164   basic.o
        98          4          0          0          0        140   d2f.o
       826         16          0          0          0        492   daddsub_clz.o
        16          4          0          0          0        116   dcheck1.o
        24          0          0          0          0        116   dcmpi.o
       688        140          0          0          0        256   ddiv.o
        94          4          0          0          0        140   dfix.o
        84          0          0          0          0        232   dflt_clz.o
       120          4          0          0          0        140   dleqf.o
       340         12          0          0          0        152   dmul.o
       156          4          0          0          0        140   dnaninf.o
        12          0          0          0          0        116   dretinf.o
       108          0          0          0          0        128   drleqf.o
       408         56          0          0          0        168   dsqrt_umaal.o
        86          4          0          0          0        132   f2d.o
       140          4          0          0          0        132   fnaninf.o
        10          0          0          0          0        116   fpinit.o
        10          0          0          0          0        116   fretinf.o
       100          0          0          0          0        116   retnan.o
        92          0          0          0          0        116   scalbn.o
        48          0          0          0          0        116   trapv.o
         0          0          0          0          0          0   usenofp.o
       856        118         80          0          0        288   acos.o
       864         94         80          0          0        280   asin.o
       744        106        152          0          0        352   atan.o
       496         64          0          0          0        192   atan2.o
       200         20          0          0          0        164   cos.o
       368         46         48          0          0        200   cos_i.o
       184         44          0          0          0        744   dunder.o
        44          0          0          0          0        248   fabs.o
        48          0          0          0          0        124   fpclassify.o
       248          0          0          0          0        152   poly.o
      3152        296        136          0          0        352   pow.o
         0          0          8          0          0          0   qnan.o
      1080        142        200          0          0        188   rred.o
       200         20          0          0          0        164   sin.o
       304         24         40          0          0        208   sin_i.o
       232          0          0          0          0        296   sqrt.o
       128         20          0          0          0        144   tan.o
       848         84         96          0          0        196   tan_i.o
       608         26          0         92          0     217216   sbus.o

    ----------------------------------------------------------------------
     17250       1388        840         92        268     230577   Library Totals
        30          0          0          0          4          0   (incl. Padding)

    ----------------------------------------------------------------------

      Code (inc. data)   RO Data    RW Data    ZI Data      Debug   Library Name

       548         20          0          0         96        912   c_w.l
      2584         12          0          0        168       4813   cycle_cal_oldx.lib
      3484        252          0          0          0       3344   fz_wm.l
      9996       1078        840          0          0       4292   m_wm.l
       608         26          0         92          0     217216   sbus_oldx.lib

    ----------------------------------------------------------------------
     17250       1388        840         92        268     230577   Library Totals

    ----------------------------------------------------------------------

==============================================================================


      Code (inc. data)   RO Data    RW Data    ZI Data      Debug   

    158794       7230       1822       3632      31344    1147616   Grand Totals
    158794       7230       1822       2344      31344    1147616   ELF Image Totals (compressed)
    158794       7230       1822       2344          0          0   ROM Totals

==============================================================================

    Total RO  Size (Code + RO Data)               160616 ( 156.85kB)
    Total RW  Size (RW Data + ZI Data)             34976 (  34.16kB)
    Total ROM Size (Code + RO Data + RW Data)     162960 ( 159.14kB)

==============================================================================

