<html>
<body>
<pre>
<h1>µVision Build Log</h1>
<h2>Project:</h2>
D:\·É¿Ø\OLDX_FC2.0\4LEG\PWM12_13\Project\STM32_DEMO.uvproj
Project File Date:  11/29/2017

<h2>Output:</h2>
Build target 'Target 1'
compiling main.c...
linking...
Program Size: Code=8584 RO-data=268 RW-data=68 ZI-data=1940  
FromELF: creating hex file...
"STM32_DEMO.axf" - 0 Error(s), 0 Warning(s).
Build target 'Target 1'
compiling main.c...
linking...
Program Size: Code=8644 RO-data=268 RW-data=68 ZI-data=1940  
FromELF: creating hex file...
"STM32_DEMO.axf" - 0 Error(s), 0 Warning(s).
Load "D:\\·É¿Ø\\OLDX_FC2.0\\4LEG\\PWM12_13\\Project\\STM32_DEMO.AXF" 
Erase Done.
Programming Done.
Verify OK.
Application running ...
Build target 'Target 1'
compiling main.c...
linking...
Program Size: Code=8672 RO-data=268 RW-data=68 ZI-data=1940  
FromELF: creating hex file...
"STM32_DEMO.axf" - 0 Error(s), 0 Warning(s).
Build target 'Target 1'
linking...
Program Size: Code=8672 RO-data=268 RW-data=68 ZI-data=1940  
FromELF: creating hex file...
"STM32_DEMO.axf" - 0 Error(s), 0 Warning(s).
Build target 'Target 1'
compiling main.c...
linking...
Program Size: Code=8688 RO-data=268 RW-data=68 ZI-data=1940  
FromELF: creating hex file...
"STM32_DEMO.axf" - 0 Error(s), 0 Warning(s).
Load "D:\\·É¿Ø\\OLDX_FC2.0\\4LEG\\PWM12_13\\Project\\STM32_DEMO.AXF" 
Erase Done.
Programming Done.
Verify OK.
Application running ...
Build target 'Target 1'
compiling main.c...
linking...
Program Size: Code=8672 RO-data=268 RW-data=68 ZI-data=1940  
FromELF: creating hex file...
"STM32_DEMO.axf" - 0 Error(s), 0 Warning(s).
Load "D:\\·É¿Ø\\OLDX_FC2.0\\4LEG\\PWM12_13\\Project\\STM32_DEMO.AXF" 
Erase Done.
Programming Done.
Verify OK.
Application running ...
